warning: loc(fused["gradient for tower_final_bn/multiplication"("(mpsFileLoc): /AppleInternal/Library/BuildRoots/4~CYf0ugAFA2MHVp9fguae4KUVbl8-CIxgGlWKSUA/Library/Caches/com.apple.xbs/TemporaryDirectory.p76yMP/Sources/MetalPerformanceShadersGraph/mpsgraph/MetalPerformanceShadersGraph/Core/Files/MPSGraphUtilities.mm":234:0), "ane_validation_message"("Incompatible element type for ANE: expected fp16, f8E4M3, si8, ui8, si16, or ui16":0:0)]): Reached maxReorderingDistance 10
warning: loc(fused["gradient for tower_final_bn/multiplication"("(mpsFileLoc): /AppleInternal/Library/BuildRoots/4~CYf0ugAFA2MHVp9fguae4KUVbl8-CIxgGlWKSUA/Library/Caches/com.apple.xbs/TemporaryDirectory.p76yMP/Sources/MetalPerformanceShadersGraph/mpsgraph/MetalPerformanceShadersGraph/Core/Files/MPSGraphUtilities.mm":234:0), "ane_validation_message"("Incompatible element type for ANE: expected fp16, f8E4M3, si8, ui8, si16, or ui16":0:0)]): Reached maxReorderingDistance 10
warning: loc(fused["mps_add_23"("(mpsFileLoc): /AppleInternal/Library/BuildRoots/4~CYf0ugAFA2MHVp9fguae4KUVbl8-CIxgGlWKSUA/Library/Caches/com.apple.xbs/TemporaryDirectory.p76yMP/Sources/MetalPerformanceShadersGraph/mpsgraph/MetalPerformanceShadersGraph/Core/Files/MPSGraphUtilities.mm":234:0), "ane_validation_message"("Incompatible element type for ANE: expected fp16, f8E4M3, si8, ui8, si16, or ui16":0:0)]): Reached maxReorderingDistance 10
warning: loc(fused["mps_add_23"("(mpsFileLoc): /AppleInternal/Library/BuildRoots/4~CYf0ugAFA2MHVp9fguae4KUVbl8-CIxgGlWKSUA/Library/Caches/com.apple.xbs/TemporaryDirectory.p76yMP/Sources/MetalPerformanceShadersGraph/mpsgraph/MetalPerformanceShadersGraph/Core/Files/MPSGraphUtilities.mm":234:0), "ane_validation_message"("Incompatible element type for ANE: expected fp16, f8E4M3, si8, ui8, si16, or ui16":0:0)]): Reached maxReorderingDistance 10
warning: loc(fused["mps_add_33"("(mpsFileLoc): /AppleInternal/Library/BuildRoots/4~CYf0ugAFA2MHVp9fguae4KUVbl8-CIxgGlWKSUA/Library/Caches/com.apple.xbs/TemporaryDirectory.p76yMP/Sources/MetalPerformanceShadersGraph/mpsgraph/MetalPerformanceShadersGraph/Core/Files/MPSGraphUtilities.mm":234:0), "ane_validation_message"("Incompatible element type for ANE: expected fp16, f8E4M3, si8, ui8, si16, or ui16":0:0)]): Reached maxReorderingDistance 10
warning: loc(fused["mps_add_33"("(mpsFileLoc): /AppleInternal/Library/BuildRoots/4~CYf0ugAFA2MHVp9fguae4KUVbl8-CIxgGlWKSUA/Library/Caches/com.apple.xbs/TemporaryDirectory.p76yMP/Sources/MetalPerformanceShadersGraph/mpsgraph/MetalPerformanceShadersGraph/Core/Files/MPSGraphUtilities.mm":234:0), "ane_validation_message"("Incompatible element type for ANE: expected fp16, f8E4M3, si8, ui8, si16, or ui16":0:0)]): Reached maxReorderingDistance 10
warning: loc(fused["mps_add_43"("(mpsFileLoc): /AppleInternal/Library/BuildRoots/4~CYf0ugAFA2MHVp9fguae4KUVbl8-CIxgGlWKSUA/Library/Caches/com.apple.xbs/TemporaryDirectory.p76yMP/Sources/MetalPerformanceShadersGraph/mpsgraph/MetalPerformanceShadersGraph/Core/Files/MPSGraphUtilities.mm":234:0), "ane_validation_message"("Incompatible element type for ANE: expected fp16, f8E4M3, si8, ui8, si16, or ui16":0:0)]): Reached maxReorderingDistance 10
warning: loc(fused["gradient for tower_final_bn/multiplication"("(mpsFileLoc): /AppleInternal/Library/BuildRoots/4~CYf0ugAFA2MHVp9fguae4KUVbl8-CIxgGlWKSUA/Library/Caches/com.apple.xbs/TemporaryDirectory.p76yMP/Sources/MetalPerformanceShadersGraph/mpsgraph/MetalPerformanceShadersGraph/Core/Files/MPSGraphUtilities.mm":234:0), "ane_validation_message"("Incompatible element type for ANE: expected fp16, f8E4M3, si8, ui8, si16, or ui16":0:0)]): Reached maxReorderingDistance 10
warning: loc(fused["gradient for tower_final_bn/multiplication"("(mpsFileLoc): /AppleInternal/Library/BuildRoots/4~CYf0ugAFA2MHVp9fguae4KUVbl8-CIxgGlWKSUA/Library/Caches/com.apple.xbs/TemporaryDirectory.p76yMP/Sources/MetalPerformanceShadersGraph/mpsgraph/MetalPerformanceShadersGraph/Core/Files/MPSGraphUtilities.mm":234:0), "ane_validation_message"("Incompatible element type for ANE: expected fp16, f8E4M3, si8, ui8, si16, or ui16":0:0)]): Reached maxReorderingDistance 10
warning: loc(fused["mps_add_23"("(mpsFileLoc): /AppleInternal/Library/BuildRoots/4~CYf0ugAFA2MHVp9fguae4KUVbl8-CIxgGlWKSUA/Library/Caches/com.apple.xbs/TemporaryDirectory.p76yMP/Sources/MetalPerformanceShadersGraph/mpsgraph/MetalPerformanceShadersGraph/Core/Files/MPSGraphUtilities.mm":234:0), "ane_validation_message"("Incompatible element type for ANE: expected fp16, f8E4M3, si8, ui8, si16, or ui16":0:0)]): Reached maxReorderingDistance 10
warning: loc(fused["mps_add_23"("(mpsFileLoc): /AppleInternal/Library/BuildRoots/4~CYf0ugAFA2MHVp9fguae4KUVbl8-CIxgGlWKSUA/Library/Caches/com.apple.xbs/TemporaryDirectory.p76yMP/Sources/MetalPerformanceShadersGraph/mpsgraph/MetalPerformanceShadersGraph/Core/Files/MPSGraphUtilities.mm":234:0), "ane_validation_message"("Incompatible element type for ANE: expected fp16, f8E4M3, si8, ui8, si16, or ui16":0:0)]): Reached maxReorderingDistance 10
warning: loc(fused["mps_add_33"("(mpsFileLoc): /AppleInternal/Library/BuildRoots/4~CYf0ugAFA2MHVp9fguae4KUVbl8-CIxgGlWKSUA/Library/Caches/com.apple.xbs/TemporaryDirectory.p76yMP/Sources/MetalPerformanceShadersGraph/mpsgraph/MetalPerformanceShadersGraph/Core/Files/MPSGraphUtilities.mm":234:0), "ane_validation_message"("Incompatible element type for ANE: expected fp16, f8E4M3, si8, ui8, si16, or ui16":0:0)]): Reached maxReorderingDistance 10
warning: loc(fused["mps_add_33"("(mpsFileLoc): /AppleInternal/Library/BuildRoots/4~CYf0ugAFA2MHVp9fguae4KUVbl8-CIxgGlWKSUA/Library/Caches/com.apple.xbs/TemporaryDirectory.p76yMP/Sources/MetalPerformanceShadersGraph/mpsgraph/MetalPerformanceShadersGraph/Core/Files/MPSGraphUtilities.mm":234:0), "ane_validation_message"("Incompatible element type for ANE: expected fp16, f8E4M3, si8, ui8, si16, or ui16":0:0)]): Reached maxReorderingDistance 10
warning: loc(fused["mps_add_43"("(mpsFileLoc): /AppleInternal/Library/BuildRoots/4~CYf0ugAFA2MHVp9fguae4KUVbl8-CIxgGlWKSUA/Library/Caches/com.apple.xbs/TemporaryDirectory.p76yMP/Sources/MetalPerformanceShadersGraph/mpsgraph/MetalPerformanceShadersGraph/Core/Files/MPSGraphUtilities.mm":234:0), "ane_validation_message"("Incompatible element type for ANE: expected fp16, f8E4M3, si8, ui8, si16, or ui16":0:0)]): Reached maxReorderingDistance 10
warning: loc(fused["gradient for tower_final_bn/multiplication"("(mpsFileLoc): /AppleInternal/Library/BuildRoots/4~CYf0ugAFA2MHVp9fguae4KUVbl8-CIxgGlWKSUA/Library/Caches/com.apple.xbs/TemporaryDirectory.p76yMP/Sources/MetalPerformanceShadersGraph/mpsgraph/MetalPerformanceShadersGraph/Core/Files/MPSGraphUtilities.mm":234:0), "ane_validation_message"("Incompatible element type for ANE: expected fp16, f8E4M3, si8, ui8, si16, or ui16":0:0)]): Reached maxReorderingDistance 10
warning: loc(fused["gradient for tower_final_bn/multiplication"("(mpsFileLoc): /AppleInternal/Library/BuildRoots/4~CYf0ugAFA2MHVp9fguae4KUVbl8-CIxgGlWKSUA/Library/Caches/com.apple.xbs/TemporaryDirectory.p76yMP/Sources/MetalPerformanceShadersGraph/mpsgraph/MetalPerformanceShadersGraph/Core/Files/MPSGraphUtilities.mm":234:0), "ane_validation_message"("Incompatible element type for ANE: expected fp16, f8E4M3, si8, ui8, si16, or ui16":0:0)]): Reached maxReorderingDistance 10
warning: loc(fused["mps_add_23"("(mpsFileLoc): /AppleInternal/Library/BuildRoots/4~CYf0ugAFA2MHVp9fguae4KUVbl8-CIxgGlWKSUA/Library/Caches/com.apple.xbs/TemporaryDirectory.p76yMP/Sources/MetalPerformanceShadersGraph/mpsgraph/MetalPerformanceShadersGraph/Core/Files/MPSGraphUtilities.mm":234:0), "ane_validation_message"("Incompatible element type for ANE: expected fp16, f8E4M3, si8, ui8, si16, or ui16":0:0)]): Reached maxReorderingDistance 10
warning: loc(fused["mps_add_23"("(mpsFileLoc): /AppleInternal/Library/BuildRoots/4~CYf0ugAFA2MHVp9fguae4KUVbl8-CIxgGlWKSUA/Library/Caches/com.apple.xbs/TemporaryDirectory.p76yMP/Sources/MetalPerformanceShadersGraph/mpsgraph/MetalPerformanceShadersGraph/Core/Files/MPSGraphUtilities.mm":234:0), "ane_validation_message"("Incompatible element type for ANE: expected fp16, f8E4M3, si8, ui8, si16, or ui16":0:0)]): Reached maxReorderingDistance 10
warning: loc(fused["mps_add_33"("(mpsFileLoc): /AppleInternal/Library/BuildRoots/4~CYf0ugAFA2MHVp9fguae4KUVbl8-CIxgGlWKSUA/Library/Caches/com.apple.xbs/TemporaryDirectory.p76yMP/Sources/MetalPerformanceShadersGraph/mpsgraph/MetalPerformanceShadersGraph/Core/Files/MPSGraphUtilities.mm":234:0), "ane_validation_message"("Incompatible element type for ANE: expected fp16, f8E4M3, si8, ui8, si16, or ui16":0:0)]): Reached maxReorderingDistance 10
warning: loc(fused["mps_add_33"("(mpsFileLoc): /AppleInternal/Library/BuildRoots/4~CYf0ugAFA2MHVp9fguae4KUVbl8-CIxgGlWKSUA/Library/Caches/com.apple.xbs/TemporaryDirectory.p76yMP/Sources/MetalPerformanceShadersGraph/mpsgraph/MetalPerformanceShadersGraph/Core/Files/MPSGraphUtilities.mm":234:0), "ane_validation_message"("Incompatible element type for ANE: expected fp16, f8E4M3, si8, ui8, si16, or ui16":0:0)]): Reached maxReorderingDistance 10
warning: loc(fused["mps_add_43"("(mpsFileLoc): /AppleInternal/Library/BuildRoots/4~CYf0ugAFA2MHVp9fguae4KUVbl8-CIxgGlWKSUA/Library/Caches/com.apple.xbs/TemporaryDirectory.p76yMP/Sources/MetalPerformanceShadersGraph/mpsgraph/MetalPerformanceShadersGraph/Core/Files/MPSGraphUtilities.mm":234:0), "ane_validation_message"("Incompatible element type for ANE: expected fp16, f8E4M3, si8, ui8, si16, or ui16":0:0)]): Reached maxReorderingDistance 10
warning: loc(fused["gradient for tower_final_bn/multiplication"("(mpsFileLoc): /AppleInternal/Library/BuildRoots/4~CYf0ugAFA2MHVp9fguae4KUVbl8-CIxgGlWKSUA/Library/Caches/com.apple.xbs/TemporaryDirectory.p76yMP/Sources/MetalPerformanceShadersGraph/mpsgraph/MetalPerformanceShadersGraph/Core/Files/MPSGraphUtilities.mm":234:0), "ane_validation_message"("Incompatible element type for ANE: expected fp16, f8E4M3, si8, ui8, si16, or ui16":0:0)]): Reached maxReorderingDistance 10
warning: loc(fused["gradient for tower_final_bn/multiplication"("(mpsFileLoc): /AppleInternal/Library/BuildRoots/4~CYf0ugAFA2MHVp9fguae4KUVbl8-CIxgGlWKSUA/Library/Caches/com.apple.xbs/TemporaryDirectory.p76yMP/Sources/MetalPerformanceShadersGraph/mpsgraph/MetalPerformanceShadersGraph/Core/Files/MPSGraphUtilities.mm":234:0), "ane_validation_message"("Incompatible element type for ANE: expected fp16, f8E4M3, si8, ui8, si16, or ui16":0:0)]): Reached maxReorderingDistance 10
warning: loc(fused["mps_add_23"("(mpsFileLoc): /AppleInternal/Library/BuildRoots/4~CYf0ugAFA2MHVp9fguae4KUVbl8-CIxgGlWKSUA/Library/Caches/com.apple.xbs/TemporaryDirectory.p76yMP/Sources/MetalPerformanceShadersGraph/mpsgraph/MetalPerformanceShadersGraph/Core/Files/MPSGraphUtilities.mm":234:0), "ane_validation_message"("Incompatible element type for ANE: expected fp16, f8E4M3, si8, ui8, si16, or ui16":0:0)]): Reached maxReorderingDistance 10
warning: loc(fused["mps_add_23"("(mpsFileLoc): /AppleInternal/Library/BuildRoots/4~CYf0ugAFA2MHVp9fguae4KUVbl8-CIxgGlWKSUA/Library/Caches/com.apple.xbs/TemporaryDirectory.p76yMP/Sources/MetalPerformanceShadersGraph/mpsgraph/MetalPerformanceShadersGraph/Core/Files/MPSGraphUtilities.mm":234:0), "ane_validation_message"("Incompatible element type for ANE: expected fp16, f8E4M3, si8, ui8, si16, or ui16":0:0)]): Reached maxReorderingDistance 10
warning: loc(fused["mps_add_33"("(mpsFileLoc): /AppleInternal/Library/BuildRoots/4~CYf0ugAFA2MHVp9fguae4KUVbl8-CIxgGlWKSUA/Library/Caches/com.apple.xbs/TemporaryDirectory.p76yMP/Sources/MetalPerformanceShadersGraph/mpsgraph/MetalPerformanceShadersGraph/Core/Files/MPSGraphUtilities.mm":234:0), "ane_validation_message"("Incompatible element type for ANE: expected fp16, f8E4M3, si8, ui8, si16, or ui16":0:0)]): Reached maxReorderingDistance 10
warning: loc(fused["mps_add_33"("(mpsFileLoc): /AppleInternal/Library/BuildRoots/4~CYf0ugAFA2MHVp9fguae4KUVbl8-CIxgGlWKSUA/Library/Caches/com.apple.xbs/TemporaryDirectory.p76yMP/Sources/MetalPerformanceShadersGraph/mpsgraph/MetalPerformanceShadersGraph/Core/Files/MPSGraphUtilities.mm":234:0), "ane_validation_message"("Incompatible element type for ANE: expected fp16, f8E4M3, si8, ui8, si16, or ui16":0:0)]): Reached maxReorderingDistance 10
warning: loc(fused["mps_add_43"("(mpsFileLoc): /AppleInternal/Library/BuildRoots/4~CYf0ugAFA2MHVp9fguae4KUVbl8-CIxgGlWKSUA/Library/Caches/com.apple.xbs/TemporaryDirectory.p76yMP/Sources/MetalPerformanceShadersGraph/mpsgraph/MetalPerformanceShadersGraph/Core/Files/MPSGraphUtilities.mm":234:0), "ane_validation_message"("Incompatible element type for ANE: expected fp16, f8E4M3, si8, ui8, si16, or ui16":0:0)]): Reached maxReorderingDistance 10
[REPLAY] starting offline corpus replay over 1 corpus path(s)
[REPLAY] start-model: 20261005-lrB-cyc1-replay-latest.safetensors modelID=20261005-24-qx7x encoding=basic24
[RESUME-NUMERICS] policy_tail_precision=fp32_from_pre_bn matches the checkpoint
[REPLAY-ARCH] (start-model) v5 . in basic24(24) -> stem 128 (7x7) . 3x[7x7+7x7 @128, no-SE, relu/pre, clean_add, no-ReZero, out:layer_norm, drop*1] . act relu . policy intermediate_conv(4864) . value WDL(16->FC128) . bfloat16 . 5,132,687 params
[REPLAY-HPARAMS] lr=0.001 batch=4096 wd=0.0003 momentum=0.9 gradClip=15 entropyBonus=0 drawPenalty=0 policyW=1 valueW=1 illegalW=1 pLabelSmooth=0.1 pLabelSmoothMode=fixed_total pLabelSmoothPerMove=0.0033 pLabelSmoothPerMoveCap=0.5 vLabelSmooth=0.013 dropout=0 lrWarmup=1000 bufCap=500000 replayRatio=0.48 minPrefill=250000 complementCE=on sqrtBatchLR=on batchStats=10 klProbe=100 sampling=(maxPerGame=400 maxDrawPct=100 targetLen=0 stratify=off applied=on)
[REPLAY] trainer-model output: /Users/andrew/Library/Application Support/DrewsChessMachine/Models/20261005-lrB-cyc1-r1-replay-latest.safetensors (new file)
[REPLAY] enumerated checkpoints: /Users/andrew/Library/Application Support/DrewsChessMachine/Models/20261005-lrB-cyc1-r1-replay-seg1-step1000.safetensors and siblings (never overwritten)
[REPLAY] corpus 20260624-192615-w3aA5b: 46 sealed shard(s)
[RESUME] EXACT
[PARAM] random_seed_mode and random_seed=0 not used: an exact resume keeps the run's seed
[REPLAY] building network + trainer (encoding=basic24)
[NUMERICS] policy_tail_precision=fp32_from_pre_bn source=flag (affects bf16 / fp16 models only)
[RESUME] rng: sampler=restored
[RESUME] rng: dropout stream=restored
[REPLAY] start-model trainer state restored exactly (fp32 masters, velocity, trainerStep=36000) + feeder net (base tensors=61)
[REPLAY-CYCLE] lr=[trough 1.00e-03,peak 1.00e+00]^10000st cnt=0 inv=true mom=[0.75,0.90]^1000st cnt=0 inv=false decay=[peak->1.00e-04 trough->1.00e-05 over 10000000st] momFollow=[low 0.850->0.900 high 0.950->0.950] origin=trainerStep 36000 cycleStep 35000 cycleLR=9.8401e-04 cycleMom=0.9500 (exact resume of 20261005-24-qx7x)
[RUN] path=replay run=9249756B-D845-4102-BE55-1C94D88BE5BB seg=1 (exact resume of 20261005-24-qx7x sha=a0648711f431) build=2320 git=1ab52554 dirty=true device="Apple M5 Max" vm=false os="Version 27.2 (Build 26B5091g)" seed=20261005 mode=resumed(configured) derivation=v1 params_sha=b6cb733707db cum_step=36000 cum_games=4638717 cum_train_sec=54205.71630132198 argv="/Users/andrew/Library/Application Support/DrewsChessMachine/FrozenBuilds/DCM-2320-1ab52554.app/Contents/MacOS/DrewsChessMachine --replay-corpus 20260624-192615-w3aA5b --start-model /Users/andrew/Library/Application Support/DrewsChessMachine/Models/20261005-lrB-cyc1-replay-latest.safetensors --resume-exact --out-model /Users/andrew/Library/Application Support/DrewsChessMachine/Models/20261005-lrB-cyc1-r1-replay-latest.safetensors --parameters /Users/andrew/cursor/drews-chess-machine/experiments/20261005-lr-schedule-ab/parameters-B.json --epochs 12 --training-step-limit 4000 --enumerate-checkpoints --policy-tail-precision fp32_from_pre_bn --seed 20261005"
[REPLAY] batchSize=4096 reuse=0.48 K=8533 minPrefill=250000 stepLimit=4000 epochLimit=12
[REPLAY] pre-filled: bufCount=500000 positionsFed=752680 gamesFed=11325 rejected=0 skipped=0
[REPLAY] step=1 loss=3.4813 pLoss=2.6904 vLoss=0.7896 pEnt=-- pIllM=0.0014 playedP=-- pW=-- pD=-- pL=-- vAbs=-- pLogitMean=-- vLogitMean=-- gNorm=0.252 lr=0.000984 ms=1998.4 buf=500000 plies=761213 games=11462 rejected=0 skipped=0 epoch=0 mom=0.9500 lrCyc[pk=9.7e-01,tr=9.8e-04] trainerStep=36001
[LAYER-HEALTH] live trainerStep=36001 scope=batch_norm_state_only reluSites=9/10 ch=1040 dead=6 off=6 alwaysOn=0 worst=value.bn(dead 6 off 1 on 0) maxBetaOverGamma=+1.99@policy.pre_bn[60] minBetaOverGamma=-10.63@value.bn[7] rvMaxOverMedian=34.7@blocks.1.bn1[14] rezero=none nonFinite=0
[REPLAY] step=50 loss=3.4691 pLoss=2.6713 vLoss=0.7966 pEnt=2.851 pIllM=0.0012 playedP=0.181 pW=0.47 pD=0.07 pL=0.46 vAbs=0.243 pLogitMean=-10.7334 vLogitMean=0.5940 gNorm=0.254 lr=0.000986 ms=1550.2 buf=500000 plies=1179371 games=17805 rejected=0 skipped=0 epoch=0 mom=0.9500 lrCyc[pk=9.7e-01,tr=9.8e-04] trainerStep=36050
[LAYER-HEALTH] live trainerStep=36050 scope=batch_norm_state_only reluSites=9/10 ch=1040 dead=6 off=6 alwaysOn=0 worst=value.bn(dead 6 off 1 on 0) maxBetaOverGamma=+1.99@policy.pre_bn[60] minBetaOverGamma=-10.63@value.bn[7] rvMaxOverMedian=34.7@blocks.1.bn1[14] rezero=none nonFinite=0
[REPLAY] step=100 loss=3.5106 pLoss=2.6904 vLoss=0.8188 pEnt=2.840 pIllM=0.0014 playedP=0.185 pW=0.47 pD=0.07 pL=0.46 vAbs=0.239 pLogitMean=-10.7347 vLogitMean=0.5941 gNorm=0.235 lr=0.000991 ms=1409.8 buf=500000 plies=1606062 games=24263 rejected=0 skipped=0 epoch=0 mom=0.9499 lrCyc[pk=9.7e-01,tr=9.8e-04] trainerStep=36100
[LAYER-HEALTH] live trainerStep=36100 scope=batch_norm_state_only reluSites=9/10 ch=1040 dead=6 off=6 alwaysOn=0 worst=value.bn(dead 6 off 1 on 0) maxBetaOverGamma=+1.99@policy.pre_bn[60] minBetaOverGamma=-10.63@value.bn[7] rvMaxOverMedian=34.6@blocks.1.bn1[14] rezero=none nonFinite=0
[REPLAY] step=150 loss=3.5129 pLoss=2.7119 vLoss=0.7998 pEnt=2.853 pIllM=0.0012 playedP=0.181 pW=0.47 pD=0.07 pL=0.46 vAbs=0.231 pLogitMean=-10.7355 vLogitMean=0.5929 gNorm=0.241 lr=0.000999 ms=1425.2 buf=500000 plies=2032629 games=30724 rejected=0 skipped=0 epoch=0 mom=0.9498 lrCyc[pk=9.7e-01,tr=9.8e-04] trainerStep=36150
[LAYER-HEALTH] live trainerStep=36150 scope=batch_norm_state_only reluSites=9/10 ch=1040 dead=6 off=6 alwaysOn=0 worst=value.bn(dead 6 off 1 on 0) maxBetaOverGamma=+1.99@policy.pre_bn[60] minBetaOverGamma=-10.63@value.bn[7] rvMaxOverMedian=34.5@blocks.1.bn1[14] rezero=none nonFinite=0
[REPLAY] step=200 loss=3.5083 pLoss=2.7012 vLoss=0.8058 pEnt=2.857 pIllM=0.0012 playedP=0.179 pW=0.47 pD=0.07 pL=0.47 vAbs=0.240 pLogitMean=-10.7372 vLogitMean=0.5955 gNorm=0.247 lr=0.00101 ms=1252.1 buf=500000 plies=2459316 games=37185 rejected=0 skipped=0 epoch=0 mom=0.9496 lrCyc[pk=9.7e-01,tr=9.8e-04] trainerStep=36200
[LAYER-HEALTH] live trainerStep=36200 scope=batch_norm_state_only reluSites=9/10 ch=1040 dead=6 off=6 alwaysOn=0 worst=value.bn(dead 6 off 1 on 0) maxBetaOverGamma=+1.99@policy.pre_bn[60] minBetaOverGamma=-10.63@value.bn[7] rvMaxOverMedian=34.4@blocks.1.bn1[14] rezero=none nonFinite=0
[REPLAY] step=250 loss=3.4947 pLoss=2.6896 vLoss=0.8037 pEnt=2.839 pIllM=0.0014 playedP=0.181 pW=0.47 pD=0.07 pL=0.47 vAbs=0.240 pLogitMean=-10.7380 vLogitMean=0.5954 gNorm=0.241 lr=0.00103 ms=1527.8 buf=500000 plies=2885950 games=43663 rejected=0 skipped=0 epoch=0 mom=0.9494 lrCyc[pk=9.7e-01,tr=9.8e-04] trainerStep=36250
[LAYER-HEALTH] live trainerStep=36250 scope=batch_norm_state_only reluSites=9/10 ch=1040 dead=6 off=6 alwaysOn=0 worst=value.bn(dead 6 off 1 on 0) maxBetaOverGamma=+1.99@policy.pre_bn[60] minBetaOverGamma=-10.63@value.bn[7] rvMaxOverMedian=34.4@blocks.1.bn1[14] rezero=none nonFinite=0
[REPLAY] step=300 loss=3.4924 pLoss=2.7009 vLoss=0.7901 pEnt=2.858 pIllM=0.0013 playedP=0.179 pW=0.47 pD=0.07 pL=0.46 vAbs=0.245 pLogitMean=-10.7350 vLogitMean=0.5928 gNorm=0.247 lr=0.00105 ms=1335.6 buf=500000 plies=3312605 games=50164 rejected=0 skipped=0 epoch=0 mom=0.9491 lrCyc[pk=9.7e-01,tr=9.8e-04] trainerStep=36300
[LAYER-HEALTH] live trainerStep=36300 scope=batch_norm_state_only reluSites=9/10 ch=1040 dead=6 off=6 alwaysOn=0 worst=value.bn(dead 6 off 1 on 0) maxBetaOverGamma=+1.99@policy.pre_bn[60] minBetaOverGamma=-10.63@value.bn[7] rvMaxOverMedian=34.6@blocks.1.bn1[14] rezero=none nonFinite=0
[REPLAY] step=350 loss=3.5364 pLoss=2.7140 vLoss=0.8212 pEnt=2.848 pIllM=0.0013 playedP=0.181 pW=0.47 pD=0.07 pL=0.46 vAbs=0.237 pLogitMean=-10.7355 vLogitMean=0.5931 gNorm=0.250 lr=0.00107 ms=1230.5 buf=500000 plies=3739244 games=56623 rejected=0 skipped=0 epoch=0 mom=0.9488 lrCyc[pk=9.7e-01,tr=9.8e-04] trainerStep=36350
[LAYER-HEALTH] live trainerStep=36350 scope=batch_norm_state_only reluSites=9/10 ch=1040 dead=6 off=6 alwaysOn=0 worst=value.bn(dead 6 off 1 on 0) maxBetaOverGamma=+1.99@policy.pre_bn[60] minBetaOverGamma=-10.63@value.bn[7] rvMaxOverMedian=34.6@blocks.1.bn1[14] rezero=none nonFinite=0
[REPLAY] step=400 loss=3.4823 pLoss=2.6769 vLoss=0.8041 pEnt=2.851 pIllM=0.0013 playedP=0.182 pW=0.47 pD=0.07 pL=0.46 vAbs=0.235 pLogitMean=-10.7353 vLogitMean=0.5919 gNorm=0.255 lr=0.0011 ms=1460.2 buf=500000 plies=4165887 games=63057 rejected=0 skipped=0 epoch=0 mom=0.9484 lrCyc[pk=9.7e-01,tr=9.8e-04] trainerStep=36400
[LAYER-HEALTH] live trainerStep=36400 scope=batch_norm_state_only reluSites=9/10 ch=1040 dead=6 off=6 alwaysOn=0 worst=value.bn(dead 6 off 1 on 0) maxBetaOverGamma=+1.99@policy.pre_bn[60] minBetaOverGamma=-10.63@value.bn[7] rvMaxOverMedian=34.6@blocks.1.bn1[14] rezero=none nonFinite=0
[REPLAY] step=450 loss=3.4955 pLoss=2.6960 vLoss=0.7981 pEnt=2.853 pIllM=0.0014 playedP=0.180 pW=0.47 pD=0.07 pL=0.46 vAbs=0.243 pLogitMean=-10.7359 vLogitMean=0.5943 gNorm=0.249 lr=0.00113 ms=1361.1 buf=500000 plies=4592587 games=69508 rejected=0 skipped=0 epoch=0 mom=0.9480 lrCyc[pk=9.7e-01,tr=9.8e-04] trainerStep=36450
[LAYER-HEALTH] live trainerStep=36450 scope=batch_norm_state_only reluSites=9/10 ch=1040 dead=6 off=6 alwaysOn=0 worst=value.bn(dead 6 off 1 on 0) maxBetaOverGamma=+1.99@policy.pre_bn[60] minBetaOverGamma=-10.63@value.bn[7] rvMaxOverMedian=34.5@blocks.1.bn1[14] rezero=none nonFinite=0
[REPLAY] step=500 loss=3.5102 pLoss=2.7072 vLoss=0.8017 pEnt=2.855 pIllM=0.0013 playedP=0.180 pW=0.47 pD=0.06 pL=0.47 vAbs=0.244 pLogitMean=-10.7368 vLogitMean=0.5956 gNorm=0.236 lr=0.00116 ms=1353.9 buf=500000 plies=5019186 games=75985 rejected=0 skipped=0 epoch=0 mom=0.9476 lrCyc[pk=9.7e-01,tr=9.8e-04] trainerStep=36500
[LAYER-HEALTH] live trainerStep=36500 scope=batch_norm_state_only reluSites=9/10 ch=1040 dead=6 off=6 alwaysOn=0 worst=value.bn(dead 6 off 1 on 0) maxBetaOverGamma=+1.99@policy.pre_bn[60] minBetaOverGamma=-10.63@value.bn[7] rvMaxOverMedian=34.6@blocks.1.bn1[14] rezero=none nonFinite=0
[REPLAY] step=550 loss=3.4831 pLoss=2.6815 vLoss=0.8004 pEnt=2.846 pIllM=0.0012 playedP=0.182 pW=0.47 pD=0.07 pL=0.46 vAbs=0.252 pLogitMean=-10.7347 vLogitMean=0.5939 gNorm=0.233 lr=0.00121 ms=1354.5 buf=500000 plies=5445835 games=82378 rejected=0 skipped=0 epoch=0 mom=0.9470 lrCyc[pk=9.7e-01,tr=9.8e-04] trainerStep=36550
[LAYER-HEALTH] live trainerStep=36550 scope=batch_norm_state_only reluSites=9/10 ch=1040 dead=6 off=6 alwaysOn=0 worst=value.bn(dead 6 off 1 on 0) maxBetaOverGamma=+1.98@policy.pre_bn[60] minBetaOverGamma=-10.63@value.bn[7] rvMaxOverMedian=34.6@blocks.1.bn1[14] rezero=none nonFinite=0
[REPLAY] step=600 loss=3.4933 pLoss=2.6740 vLoss=0.8180 pEnt=2.851 pIllM=0.0013 playedP=0.180 pW=0.47 pD=0.07 pL=0.46 vAbs=0.240 pLogitMean=-10.7363 vLogitMean=0.5928 gNorm=0.247 lr=0.00125 ms=1352.3 buf=500000 plies=5872477 games=88751 rejected=0 skipped=0 epoch=0 mom=0.9465 lrCyc[pk=9.7e-01,tr=9.8e-04] trainerStep=36600
[LAYER-HEALTH] live trainerStep=36600 scope=batch_norm_state_only reluSites=9/10 ch=1040 dead=6 off=6 alwaysOn=0 worst=value.bn(dead 6 off 1 on 0) maxBetaOverGamma=+1.99@policy.pre_bn[60] minBetaOverGamma=-10.63@value.bn[7] rvMaxOverMedian=34.5@blocks.1.bn1[14] rezero=none nonFinite=0
[REPLAY] step=650 loss=3.5316 pLoss=2.7154 vLoss=0.8150 pEnt=2.879 pIllM=0.0012 playedP=0.175 pW=0.47 pD=0.07 pL=0.46 vAbs=0.239 pLogitMean=-10.7388 vLogitMean=0.5920 gNorm=0.253 lr=0.00131 ms=1337.9 buf=500000 plies=6299243 games=95163 rejected=0 skipped=0 epoch=0 mom=0.9459 lrCyc[pk=9.7e-01,tr=9.8e-04] trainerStep=36650
[LAYER-HEALTH] live trainerStep=36650 scope=batch_norm_state_only reluSites=9/10 ch=1040 dead=6 off=6 alwaysOn=0 worst=value.bn(dead 6 off 1 on 0) maxBetaOverGamma=+1.99@policy.pre_bn[60] minBetaOverGamma=-10.63@value.bn[7] rvMaxOverMedian=34.5@blocks.1.bn1[14] rezero=none nonFinite=0
[REPLAY] step=700 loss=3.4860 pLoss=2.6840 vLoss=0.8007 pEnt=2.857 pIllM=0.0013 playedP=0.181 pW=0.47 pD=0.07 pL=0.46 vAbs=0.233 pLogitMean=-10.7384 vLogitMean=0.5933 gNorm=0.244 lr=0.00137 ms=1372.0 buf=500000 plies=6725841 games=101560 rejected=0 skipped=0 epoch=0 mom=0.9452 lrCyc[pk=9.7e-01,tr=9.8e-04] trainerStep=36700
[LAYER-HEALTH] live trainerStep=36700 scope=batch_norm_state_only reluSites=9/10 ch=1040 dead=6 off=6 alwaysOn=0 worst=value.bn(dead 6 off 1 on 0) maxBetaOverGamma=+1.98@policy.pre_bn[60] minBetaOverGamma=-10.63@value.bn[7] rvMaxOverMedian=34.5@blocks.1.bn1[14] rezero=none nonFinite=0
[REPLAY] step=750 loss=3.4750 pLoss=2.6710 vLoss=0.8028 pEnt=2.852 pIllM=0.0013 playedP=0.179 pW=0.47 pD=0.07 pL=0.46 vAbs=0.236 pLogitMean=-10.7376 vLogitMean=0.5955 gNorm=0.238 lr=0.00143 ms=1352.1 buf=500000 plies=7152425 games=108016 rejected=0 skipped=0 epoch=0 mom=0.9446 lrCyc[pk=9.7e-01,tr=9.8e-04] trainerStep=36750
[LAYER-HEALTH] live trainerStep=36750 scope=batch_norm_state_only reluSites=9/10 ch=1040 dead=6 off=6 alwaysOn=0 worst=value.bn(dead 6 off 1 on 0) maxBetaOverGamma=+1.98@policy.pre_bn[60] minBetaOverGamma=-10.63@value.bn[7] rvMaxOverMedian=34.6@blocks.1.bn1[14] rezero=none nonFinite=0
[REPLAY] step=800 loss=3.4996 pLoss=2.7002 vLoss=0.7981 pEnt=2.856 pIllM=0.0013 playedP=0.177 pW=0.47 pD=0.07 pL=0.46 vAbs=0.233 pLogitMean=-10.7383 vLogitMean=0.5931 gNorm=0.254 lr=0.00151 ms=1492.8 buf=500000 plies=7579122 games=114456 rejected=0 skipped=0 epoch=0 mom=0.9438 lrCyc[pk=9.7e-01,tr=9.8e-04] trainerStep=36800
[LAYER-HEALTH] live trainerStep=36800 scope=batch_norm_state_only reluSites=9/10 ch=1040 dead=6 off=6 alwaysOn=0 worst=value.bn(dead 6 off 1 on 0) maxBetaOverGamma=+1.99@policy.pre_bn[60] minBetaOverGamma=-10.63@value.bn[7] rvMaxOverMedian=34.6@blocks.1.bn1[14] rezero=none nonFinite=0
[REPLAY] step=850 loss=3.4941 pLoss=2.6819 vLoss=0.8110 pEnt=2.870 pIllM=0.0012 playedP=0.181 pW=0.47 pD=0.07 pL=0.47 vAbs=0.246 pLogitMean=-10.7379 vLogitMean=0.5953 gNorm=0.246 lr=0.00159 ms=1386.0 buf=500000 plies=8005733 games=120892 rejected=0 skipped=0 epoch=0 mom=0.9430 lrCyc[pk=9.7e-01,tr=9.8e-04] trainerStep=36850
[LAYER-HEALTH] live trainerStep=36850 scope=batch_norm_state_only reluSites=9/10 ch=1040 dead=6 off=6 alwaysOn=0 worst=value.bn(dead 6 off 1 on 0) maxBetaOverGamma=+1.99@policy.pre_bn[60] minBetaOverGamma=-10.63@value.bn[7] rvMaxOverMedian=34.5@blocks.1.bn1[14] rezero=none nonFinite=0
[REPLAY] step=900 loss=3.4908 pLoss=2.6766 vLoss=0.8128 pEnt=2.848 pIllM=0.0014 playedP=0.182 pW=0.47 pD=0.07 pL=0.46 vAbs=0.242 pLogitMean=-10.7387 vLogitMean=0.5939 gNorm=0.245 lr=0.00168 ms=1356.5 buf=500000 plies=8432422 games=127343 rejected=0 skipped=0 epoch=0 mom=0.9422 lrCyc[pk=9.7e-01,tr=9.8e-04] trainerStep=36900
[LAYER-HEALTH] live trainerStep=36900 scope=batch_norm_state_only reluSites=9/10 ch=1040 dead=6 off=6 alwaysOn=0 worst=value.bn(dead 6 off 1 on 0) maxBetaOverGamma=+1.99@policy.pre_bn[60] minBetaOverGamma=-10.63@value.bn[7] rvMaxOverMedian=34.6@blocks.1.bn1[14] rezero=none nonFinite=0
[REPLAY] step=950 loss=3.5013 pLoss=2.6865 vLoss=0.8136 pEnt=2.846 pIllM=0.0012 playedP=0.185 pW=0.47 pD=0.07 pL=0.46 vAbs=0.239 pLogitMean=-10.7380 vLogitMean=0.5919 gNorm=0.250 lr=0.00178 ms=1349.5 buf=500000 plies=8859027 games=133707 rejected=0 skipped=0 epoch=0 mom=0.9414 lrCyc[pk=9.7e-01,tr=9.8e-04] trainerStep=36950
[LAYER-HEALTH] live trainerStep=36950 scope=batch_norm_state_only reluSites=9/10 ch=1040 dead=6 off=6 alwaysOn=0 worst=value.bn(dead 6 off 1 on 0) maxBetaOverGamma=+1.99@policy.pre_bn[60] minBetaOverGamma=-10.63@value.bn[7] rvMaxOverMedian=34.5@blocks.1.bn1[14] rezero=none nonFinite=0
[REPLAY] step=1000 loss=3.5196 pLoss=2.7086 vLoss=0.8097 pEnt=2.864 pIllM=0.0013 playedP=0.179 pW=0.47 pD=0.07 pL=0.46 vAbs=0.237 pLogitMean=-10.7402 vLogitMean=0.5930 gNorm=0.251 lr=0.0019 ms=1367.7 buf=500000 plies=9285723 games=140229 rejected=0 skipped=0 epoch=0 mom=0.9405 lrCyc[pk=9.7e-01,tr=9.8e-04] trainerStep=37000
[LAYER-HEALTH] live trainerStep=37000 scope=batch_norm_state_only reluSites=9/10 ch=1040 dead=6 off=6 alwaysOn=0 worst=value.bn(dead 6 off 1 on 0) maxBetaOverGamma=+1.99@policy.pre_bn[60] minBetaOverGamma=-10.63@value.bn[7] rvMaxOverMedian=34.5@blocks.1.bn1[14] rezero=none nonFinite=0
[REPLAY] saved trainer model (autosave) step=1000 trainerStep=37000 nextGame=4767621 shard=10 epoch=0 -> 20261005-lrB-cyc1-r1-replay-latest.safetensors
[LAYER-HEALTH] checkpoint replay-autosave step=1000 trainerStep=37000 scope=all_tensors reluSites=9/10 ch=1040 dead=6 off=6 alwaysOn=0 worst=value.bn(dead 6 off 1 on 0) maxBetaOverGamma=+1.99@policy.pre_bn[60] minBetaOverGamma=-10.63@value.bn[7] rvMaxOverMedian=34.5@blocks.1.bn1[14] rezero=none nonFinite=0 seZeroVel=none valueFC1ZeroVel=29/128 maxAbs=9.004@blocks.0.bn2.running_var
[LAYER-HEALTH]   batch-norm sites — β/|γ|: dead < -3.00, mostly off < -2.00, always on > +3.00; classified for relu/leaky_relu only
[LAYER-HEALTH]     site            act            ch   dead    off     on  zeroγ nonfin  min β/|γ| [ch]     max β/|γ| [ch]     rv max/median [ch]
[LAYER-HEALTH]     stem.bn         -             128    n/a    n/a    n/a      0      0     -1.55 [103]        +0.86 [51]            5.7 [74]
[LAYER-HEALTH]     blocks.0.bn1    relu          128      0      0      0      0      0     -1.16 [62]         +0.61 [18]            9.1 [12]
[LAYER-HEALTH]     blocks.0.bn2    relu          128      0      0      0      0      0     -1.66 [53]         -0.41 [78]            4.4 [64]
[LAYER-HEALTH]     blocks.1.bn1    relu          128      0      0      0      0      0     -1.52 [52]         -0.18 [12]           34.5 [14]
[LAYER-HEALTH]     blocks.1.bn2    relu          128      0      0      0      0      0     -1.97 [29]         -0.50 [33]            7.5 [33]
[LAYER-HEALTH]     blocks.2.bn1    relu          128      0      5      0      0      0     -2.56 [40]         +1.33 [31]           31.5 [125]
[LAYER-HEALTH]     blocks.2.bn2    relu          128      0      0      0      0      0     -1.99 [85]         -0.16 [37]            3.8 [122]
[LAYER-HEALTH]     tower_final_bn  relu          128      0      0      0      0      0     -0.71 [108]        +1.73 [55]            5.6 [31]
[LAYER-HEALTH]     policy.pre_bn   relu          128      0      0      0      0      0     -1.18 [7]          +1.99 [60]            4.4 [22]
[LAYER-HEALTH]     value.bn        relu           16      6      1      0      0      0    -10.63 [7]          -0.32 [1]             3.3 [14]
[LAYER-HEALTH]   FC hidden-unit velocity — zero: every weight-velocity entry exactly 0; low: nonzero but < 5% of the layer's p90 unit norm
[LAYER-HEALTH]     value.fc1.weight  relu  units 128  zero 29 [0,10,18,22,25,28,29,36,41,49,53,54,55,60,64,68,…]  low 13  median unit norm 0.005029
[LAYER-HEALTH]     (no SE blocks)
[LAYER-HEALTH]   ReZero: none
[LAYER-HEALTH]   non-finite: 0 values in 0 of 102 tensors (10263038 values examined)
[LAYER-HEALTH]   largest |value|: blocks.0.bn2.running_var 9.004, policy.conv.bias 5.941, blocks.1.bn2.running_var 5.368, blocks.0.bn1.running_var 5.279, policy.pre_bn.running_var 4.655
[REPLAY] enumerated checkpoint -> 20261005-lrB-cyc1-r1-replay-seg1-step1000.safetensors
[REPLAY] step=1050 loss=3.4621 pLoss=2.6580 vLoss=0.8028 pEnt=2.840 pIllM=0.0013 playedP=0.183 pW=0.47 pD=0.07 pL=0.46 vAbs=0.242 pLogitMean=-10.7405 vLogitMean=0.5904 gNorm=0.243 lr=0.00203 ms=1426.5 buf=500000 plies=9712370 games=146657 rejected=0 skipped=0 epoch=0 mom=0.9395 lrCyc[pk=9.7e-01,tr=9.8e-04] trainerStep=37050
[LAYER-HEALTH] live trainerStep=37050 scope=batch_norm_state_only reluSites=9/10 ch=1040 dead=6 off=6 alwaysOn=0 worst=value.bn(dead 6 off 1 on 0) maxBetaOverGamma=+1.99@policy.pre_bn[60] minBetaOverGamma=-10.63@value.bn[7] rvMaxOverMedian=34.6@blocks.1.bn1[14] rezero=none nonFinite=0
[REPLAY] step=1100 loss=3.4740 pLoss=2.6841 vLoss=0.7887 pEnt=2.848 pIllM=0.0013 playedP=0.181 pW=0.47 pD=0.06 pL=0.47 vAbs=0.250 pLogitMean=-10.7399 vLogitMean=0.5941 gNorm=0.233 lr=0.00217 ms=1453.9 buf=500000 plies=10138980 games=153136 rejected=0 skipped=0 epoch=0 mom=0.9385 lrCyc[pk=9.7e-01,tr=9.8e-04] trainerStep=37100
[LAYER-HEALTH] live trainerStep=37100 scope=batch_norm_state_only reluSites=9/10 ch=1040 dead=6 off=6 alwaysOn=0 worst=value.bn(dead 6 off 1 on 0) maxBetaOverGamma=+1.99@policy.pre_bn[60] minBetaOverGamma=-10.63@value.bn[7] rvMaxOverMedian=34.6@blocks.1.bn1[14] rezero=none nonFinite=0
[REPLAY] step=1150 loss=3.5037 pLoss=2.6863 vLoss=0.8157 pEnt=2.860 pIllM=0.0017 playedP=0.177 pW=0.47 pD=0.06 pL=0.47 vAbs=0.247 pLogitMean=-10.7400 vLogitMean=0.5928 gNorm=0.234 lr=0.00233 ms=1545.4 buf=500000 plies=10565635 games=159563 rejected=0 skipped=0 epoch=0 mom=0.9375 lrCyc[pk=9.7e-01,tr=9.8e-04] trainerStep=37150
[LAYER-HEALTH] live trainerStep=37150 scope=batch_norm_state_only reluSites=9/10 ch=1040 dead=6 off=6 alwaysOn=0 worst=value.bn(dead 6 off 1 on 0) maxBetaOverGamma=+1.99@policy.pre_bn[60] minBetaOverGamma=-10.63@value.bn[7] rvMaxOverMedian=34.5@blocks.1.bn1[14] rezero=none nonFinite=0
[REPLAY] step=1200 loss=3.5187 pLoss=2.7077 vLoss=0.8096 pEnt=2.848 pIllM=0.0013 playedP=0.182 pW=0.47 pD=0.07 pL=0.46 vAbs=0.241 pLogitMean=-10.7411 vLogitMean=0.5929 gNorm=0.248 lr=0.0025 ms=1364.9 buf=500000 plies=10992357 games=165978 rejected=0 skipped=0 epoch=0 mom=0.9365 lrCyc[pk=9.7e-01,tr=9.8e-04] trainerStep=37200
[LAYER-HEALTH] live trainerStep=37200 scope=batch_norm_state_only reluSites=9/10 ch=1040 dead=6 off=6 alwaysOn=0 worst=value.bn(dead 6 off 1 on 0) maxBetaOverGamma=+1.99@policy.pre_bn[60] minBetaOverGamma=-10.63@value.bn[7] rvMaxOverMedian=34.4@blocks.1.bn1[14] rezero=none nonFinite=0
[REPLAY] step=1250 loss=3.4764 pLoss=2.6824 vLoss=0.7927 pEnt=2.835 pIllM=0.0013 playedP=0.186 pW=0.47 pD=0.07 pL=0.46 vAbs=0.236 pLogitMean=-10.7402 vLogitMean=0.5941 gNorm=0.243 lr=0.0027 ms=1378.9 buf=500000 plies=11418995 games=172417 rejected=0 skipped=0 epoch=0 mom=0.9354 lrCyc[pk=9.7e-01,tr=9.8e-04] trainerStep=37250
[LAYER-HEALTH] live trainerStep=37250 scope=batch_norm_state_only reluSites=9/10 ch=1040 dead=6 off=6 alwaysOn=0 worst=value.bn(dead 6 off 1 on 0) maxBetaOverGamma=+1.99@policy.pre_bn[60] minBetaOverGamma=-10.63@value.bn[7] rvMaxOverMedian=34.4@blocks.1.bn1[14] rezero=none nonFinite=0
[REPLAY] step=1300 loss=3.5126 pLoss=2.7049 vLoss=0.8064 pEnt=2.860 pIllM=0.0012 playedP=0.177 pW=0.47 pD=0.07 pL=0.46 vAbs=0.235 pLogitMean=-10.7404 vLogitMean=0.5918 gNorm=0.252 lr=0.00292 ms=1443.0 buf=500000 plies=11845580 games=178867 rejected=0 skipped=0 epoch=0 mom=0.9343 lrCyc[pk=9.7e-01,tr=9.8e-04] trainerStep=37300
[LAYER-HEALTH] live trainerStep=37300 scope=batch_norm_state_only reluSites=9/10 ch=1040 dead=6 off=6 alwaysOn=0 worst=value.bn(dead 6 off 1 on 0) maxBetaOverGamma=+1.99@policy.pre_bn[60] minBetaOverGamma=-10.63@value.bn[7] rvMaxOverMedian=34.4@blocks.1.bn1[14] rezero=none nonFinite=0
[REPLAY] step=1350 loss=3.5210 pLoss=2.7159 vLoss=0.8038 pEnt=2.878 pIllM=0.0013 playedP=0.175 pW=0.47 pD=0.07 pL=0.46 vAbs=0.238 pLogitMean=-10.7400 vLogitMean=0.5933 gNorm=0.245 lr=0.00316 ms=1455.1 buf=500000 plies=12272253 games=185204 rejected=0 skipped=0 epoch=0 mom=0.9331 lrCyc[pk=9.7e-01,tr=9.8e-04] trainerStep=37350
[LAYER-HEALTH] live trainerStep=37350 scope=batch_norm_state_only reluSites=9/10 ch=1040 dead=6 off=6 alwaysOn=0 worst=value.bn(dead 6 off 1 on 0) maxBetaOverGamma=+1.99@policy.pre_bn[60] minBetaOverGamma=-10.63@value.bn[7] rvMaxOverMedian=34.4@blocks.1.bn1[14] rezero=none nonFinite=0
[REPLAY] step=1400 loss=3.5347 pLoss=2.7183 vLoss=0.8151 pEnt=2.866 pIllM=0.0012 playedP=0.178 pW=0.47 pD=0.07 pL=0.46 vAbs=0.232 pLogitMean=-10.7403 vLogitMean=0.5918 gNorm=0.240 lr=0.00343 ms=1432.9 buf=500000 plies=12698888 games=191676 rejected=0 skipped=0 epoch=0 mom=0.9319 lrCyc[pk=9.7e-01,tr=9.8e-04] trainerStep=37400
[LAYER-HEALTH] live trainerStep=37400 scope=batch_norm_state_only reluSites=9/10 ch=1040 dead=6 off=6 alwaysOn=0 worst=value.bn(dead 6 off 1 on 0) maxBetaOverGamma=+1.99@policy.pre_bn[60] minBetaOverGamma=-10.63@value.bn[7] rvMaxOverMedian=34.5@blocks.1.bn1[14] rezero=none nonFinite=0
[REPLAY] step=1450 loss=3.5327 pLoss=2.7021 vLoss=0.8294 pEnt=2.850 pIllM=0.0013 playedP=0.178 pW=0.47 pD=0.07 pL=0.46 vAbs=0.225 pLogitMean=-10.7423 vLogitMean=0.5945 gNorm=0.234 lr=0.00373 ms=1449.2 buf=500000 plies=13125562 games=198044 rejected=0 skipped=0 epoch=0 mom=0.9307 lrCyc[pk=9.7e-01,tr=9.8e-04] trainerStep=37450
[LAYER-HEALTH] live trainerStep=37450 scope=batch_norm_state_only reluSites=9/10 ch=1040 dead=6 off=6 alwaysOn=0 worst=value.bn(dead 6 off 1 on 0) maxBetaOverGamma=+1.99@policy.pre_bn[60] minBetaOverGamma=-10.63@value.bn[7] rvMaxOverMedian=34.5@blocks.1.bn1[14] rezero=none nonFinite=0
[REPLAY] step=1500 loss=3.5516 pLoss=2.7414 vLoss=0.8090 pEnt=2.849 pIllM=0.0012 playedP=0.179 pW=0.47 pD=0.07 pL=0.46 vAbs=0.232 pLogitMean=-10.7413 vLogitMean=0.5931 gNorm=0.260 lr=0.00407 ms=1219.7 buf=500000 plies=13552192 games=204487 rejected=0 skipped=0 epoch=0 mom=0.9294 lrCyc[pk=9.7e-01,tr=9.8e-04] trainerStep=37500
[LAYER-HEALTH] live trainerStep=37500 scope=batch_norm_state_only reluSites=9/10 ch=1040 dead=6 off=6 alwaysOn=0 worst=value.bn(dead 6 off 1 on 0) maxBetaOverGamma=+1.99@policy.pre_bn[60] minBetaOverGamma=-10.63@value.bn[7] rvMaxOverMedian=34.6@blocks.1.bn1[14] rezero=none nonFinite=0
[REPLAY] step=1550 loss=3.5310 pLoss=2.7200 vLoss=0.8097 pEnt=2.862 pIllM=0.0013 playedP=0.177 pW=0.47 pD=0.07 pL=0.46 vAbs=0.217 pLogitMean=-10.7404 vLogitMean=0.5927 gNorm=0.250 lr=0.00445 ms=1403.2 buf=500000 plies=13978892 games=210936 rejected=0 skipped=0 epoch=0 mom=0.9281 lrCyc[pk=9.7e-01,tr=9.8e-04] trainerStep=37550
[LAYER-HEALTH] live trainerStep=37550 scope=batch_norm_state_only reluSites=9/10 ch=1040 dead=6 off=6 alwaysOn=0 worst=value.bn(dead 6 off 1 on 0) maxBetaOverGamma=+1.99@policy.pre_bn[60] minBetaOverGamma=-10.63@value.bn[7] rvMaxOverMedian=34.7@blocks.1.bn1[14] rezero=none nonFinite=0
[REPLAY] step=1600 loss=3.4913 pLoss=2.6854 vLoss=0.8045 pEnt=2.836 pIllM=0.0013 playedP=0.181 pW=0.47 pD=0.07 pL=0.46 vAbs=0.237 pLogitMean=-10.7411 vLogitMean=0.5941 gNorm=0.235 lr=0.00487 ms=1481.6 buf=500000 plies=14405501 games=217383 rejected=0 skipped=0 epoch=0 mom=0.9268 lrCyc[pk=9.7e-01,tr=9.8e-04] trainerStep=37600
[LAYER-HEALTH] live trainerStep=37600 scope=batch_norm_state_only reluSites=9/10 ch=1040 dead=6 off=6 alwaysOn=0 worst=value.bn(dead 6 off 1 on 0) maxBetaOverGamma=+1.99@policy.pre_bn[60] minBetaOverGamma=-10.63@value.bn[7] rvMaxOverMedian=34.8@blocks.1.bn1[14] rezero=none nonFinite=0
[REPLAY] step=1650 loss=3.5130 pLoss=2.7095 vLoss=0.8021 pEnt=2.861 pIllM=0.0014 playedP=0.177 pW=0.47 pD=0.06 pL=0.47 vAbs=0.244 pLogitMean=-10.7397 vLogitMean=0.5942 gNorm=0.243 lr=0.00534 ms=1422.2 buf=500000 plies=14832299 games=223849 rejected=0 skipped=0 epoch=0 mom=0.9255 lrCyc[pk=9.7e-01,tr=9.8e-04] trainerStep=37650
[LAYER-HEALTH] live trainerStep=37650 scope=batch_norm_state_only reluSites=9/10 ch=1040 dead=6 off=6 alwaysOn=0 worst=value.bn(dead 6 off 1 on 0) maxBetaOverGamma=+1.99@policy.pre_bn[60] minBetaOverGamma=-10.63@value.bn[7] rvMaxOverMedian=34.8@blocks.1.bn1[14] rezero=none nonFinite=0
[REPLAY] step=1700 loss=3.4611 pLoss=2.6543 vLoss=0.8054 pEnt=2.838 pIllM=0.0013 playedP=0.183 pW=0.47 pD=0.07 pL=0.46 vAbs=0.257 pLogitMean=-10.7409 vLogitMean=0.5944 gNorm=0.232 lr=0.00586 ms=1410.1 buf=500000 plies=15258824 games=230243 rejected=0 skipped=0 epoch=0 mom=0.9241 lrCyc[pk=9.7e-01,tr=9.8e-04] trainerStep=37700
[LAYER-HEALTH] live trainerStep=37700 scope=batch_norm_state_only reluSites=9/10 ch=1040 dead=6 off=6 alwaysOn=0 worst=value.bn(dead 6 off 1 on 0) maxBetaOverGamma=+1.99@policy.pre_bn[60] minBetaOverGamma=-10.63@value.bn[7] rvMaxOverMedian=34.6@blocks.1.bn1[14] rezero=none nonFinite=0
[REPLAY] step=1750 loss=3.5117 pLoss=2.7104 vLoss=0.8001 pEnt=2.841 pIllM=0.0013 playedP=0.179 pW=0.47 pD=0.07 pL=0.46 vAbs=0.236 pLogitMean=-10.7416 vLogitMean=0.5920 gNorm=0.243 lr=0.00645 ms=1409.3 buf=500000 plies=15685424 games=236632 rejected=0 skipped=0 epoch=0 mom=0.9227 lrCyc[pk=9.7e-01,tr=9.8e-04] trainerStep=37750
[LAYER-HEALTH] live trainerStep=37750 scope=batch_norm_state_only reluSites=9/10 ch=1040 dead=6 off=6 alwaysOn=0 worst=value.bn(dead 6 off 1 on 0) maxBetaOverGamma=+2.00@policy.pre_bn[60] minBetaOverGamma=-10.63@value.bn[7] rvMaxOverMedian=34.7@blocks.1.bn1[14] rezero=none nonFinite=0
[REPLAY] step=1800 loss=3.4754 pLoss=2.6816 vLoss=0.7924 pEnt=2.850 pIllM=0.0014 playedP=0.178 pW=0.47 pD=0.07 pL=0.46 vAbs=0.243 pLogitMean=-10.7408 vLogitMean=0.5928 gNorm=0.247 lr=0.00711 ms=1213.7 buf=500000 plies=16112104 games=243053 rejected=0 skipped=0 epoch=0 mom=0.9213 lrCyc[pk=9.7e-01,tr=9.8e-04] trainerStep=37800
[LAYER-HEALTH] live trainerStep=37800 scope=batch_norm_state_only reluSites=9/10 ch=1040 dead=6 off=6 alwaysOn=0 worst=value.bn(dead 6 off 1 on 0) maxBetaOverGamma=+2.00@policy.pre_bn[60] minBetaOverGamma=-10.63@value.bn[7] rvMaxOverMedian=34.7@blocks.1.bn1[14] rezero=none nonFinite=0
[REPLAY] step=1850 loss=3.4938 pLoss=2.6966 vLoss=0.7958 pEnt=2.852 pIllM=0.0013 playedP=0.181 pW=0.47 pD=0.06 pL=0.47 vAbs=0.243 pLogitMean=-10.7417 vLogitMean=0.5924 gNorm=0.233 lr=0.00785 ms=1364.3 buf=500000 plies=16538787 games=249504 rejected=0 skipped=0 epoch=0 mom=0.9199 lrCyc[pk=9.7e-01,tr=9.8e-04] trainerStep=37850
[LAYER-HEALTH] live trainerStep=37850 scope=batch_norm_state_only reluSites=9/10 ch=1040 dead=6 off=6 alwaysOn=0 worst=value.bn(dead 6 off 1 on 0) maxBetaOverGamma=+1.99@policy.pre_bn[60] minBetaOverGamma=-10.63@value.bn[7] rvMaxOverMedian=34.6@blocks.1.bn1[14] rezero=none nonFinite=0
[REPLAY] step=1900 loss=3.5146 pLoss=2.7084 vLoss=0.8049 pEnt=2.866 pIllM=0.0013 playedP=0.180 pW=0.47 pD=0.07 pL=0.46 vAbs=0.247 pLogitMean=-10.7389 vLogitMean=0.5944 gNorm=0.254 lr=0.00867 ms=1410.2 buf=500000 plies=16965434 games=255975 rejected=0 skipped=0 epoch=0 mom=0.9185 lrCyc[pk=9.7e-01,tr=9.8e-04] trainerStep=37900
[LAYER-HEALTH] live trainerStep=37900 scope=batch_norm_state_only reluSites=9/10 ch=1040 dead=6 off=6 alwaysOn=0 worst=value.bn(dead 6 off 1 on 0) maxBetaOverGamma=+1.99@policy.pre_bn[60] minBetaOverGamma=-10.63@value.bn[7] rvMaxOverMedian=34.5@blocks.1.bn1[14] rezero=none nonFinite=0
[REPLAY] step=1950 loss=3.5491 pLoss=2.7278 vLoss=0.8199 pEnt=2.854 pIllM=0.0014 playedP=0.178 pW=0.47 pD=0.07 pL=0.46 vAbs=0.238 pLogitMean=-10.7401 vLogitMean=0.5944 gNorm=0.267 lr=0.0096 ms=1406.1 buf=500000 plies=17392032 games=262377 rejected=0 skipped=0 epoch=0 mom=0.9170 lrCyc[pk=9.7e-01,tr=9.8e-04] trainerStep=37950
[LAYER-HEALTH] live trainerStep=37950 scope=batch_norm_state_only reluSites=9/10 ch=1040 dead=6 off=6 alwaysOn=0 worst=value.bn(dead 6 off 1 on 0) maxBetaOverGamma=+1.99@policy.pre_bn[60] minBetaOverGamma=-10.63@value.bn[7] rvMaxOverMedian=34.4@blocks.1.bn1[14] rezero=none nonFinite=0
[REPLAY] step=2000 loss=3.4962 pLoss=2.6926 vLoss=0.8023 pEnt=2.858 pIllM=0.0013 playedP=0.179 pW=0.47 pD=0.07 pL=0.47 vAbs=0.234 pLogitMean=-10.7411 vLogitMean=0.5927 gNorm=0.240 lr=0.0106 ms=1388.5 buf=500000 plies=17818749 games=268833 rejected=0 skipped=0 epoch=0 mom=0.9155 lrCyc[pk=9.7e-01,tr=9.8e-04] trainerStep=38000
[LAYER-HEALTH] live trainerStep=38000 scope=batch_norm_state_only reluSites=9/10 ch=1040 dead=6 off=6 alwaysOn=0 worst=value.bn(dead 6 off 1 on 0) maxBetaOverGamma=+1.99@policy.pre_bn[60] minBetaOverGamma=-10.63@value.bn[7] rvMaxOverMedian=34.3@blocks.1.bn1[14] rezero=none nonFinite=0
[REPLAY] saved trainer model (autosave) step=2000 trainerStep=38000 nextGame=4896225 shard=10 epoch=0 -> 20261005-lrB-cyc1-r1-replay-latest.safetensors
[LAYER-HEALTH] checkpoint replay-autosave step=2000 trainerStep=38000 scope=all_tensors reluSites=9/10 ch=1040 dead=6 off=6 alwaysOn=0 worst=value.bn(dead 6 off 1 on 0) maxBetaOverGamma=+1.99@policy.pre_bn[60] minBetaOverGamma=-10.63@value.bn[7] rvMaxOverMedian=34.3@blocks.1.bn1[14] rezero=none nonFinite=0 seZeroVel=none valueFC1ZeroVel=28/128 maxAbs=8.983@blocks.0.bn2.running_var
[LAYER-HEALTH]   batch-norm sites — β/|γ|: dead < -3.00, mostly off < -2.00, always on > +3.00; classified for relu/leaky_relu only
[LAYER-HEALTH]     site            act            ch   dead    off     on  zeroγ nonfin  min β/|γ| [ch]     max β/|γ| [ch]     rv max/median [ch]
[LAYER-HEALTH]     stem.bn         -             128    n/a    n/a    n/a      0      0     -1.56 [103]        +0.86 [51]            5.7 [74]
[LAYER-HEALTH]     blocks.0.bn1    relu          128      0      0      0      0      0     -1.16 [62]         +0.61 [18]            9.2 [12]
[LAYER-HEALTH]     blocks.0.bn2    relu          128      0      0      0      0      0     -1.66 [53]         -0.40 [78]            4.5 [64]
[LAYER-HEALTH]     blocks.1.bn1    relu          128      0      0      0      0      0     -1.53 [52]         -0.19 [12]           34.3 [14]
[LAYER-HEALTH]     blocks.1.bn2    relu          128      0      0      0      0      0     -1.96 [29]         -0.50 [33]            7.5 [33]
[LAYER-HEALTH]     blocks.2.bn1    relu          128      0      5      0      0      0     -2.56 [40]         +1.34 [31]           31.7 [125]
[LAYER-HEALTH]     blocks.2.bn2    relu          128      0      0      0      0      0     -1.98 [85]         -0.16 [37]            3.8 [122]
[LAYER-HEALTH]     tower_final_bn  relu          128      0      0      0      0      0     -0.71 [108]        +1.73 [55]            5.7 [31]
[LAYER-HEALTH]     policy.pre_bn   relu          128      0      0      0      0      0     -1.18 [7]          +1.99 [60]            4.4 [22]
[LAYER-HEALTH]     value.bn        relu           16      6      1      0      0      0    -10.63 [7]          -0.33 [1]             3.3 [14]
[LAYER-HEALTH]   FC hidden-unit velocity — zero: every weight-velocity entry exactly 0; low: nonzero but < 5% of the layer's p90 unit norm
[LAYER-HEALTH]     value.fc1.weight  relu  units 128  zero 28 [0,10,18,22,25,28,29,36,41,49,53,54,55,60,64,68,…]  low 16  median unit norm 0.003153
[LAYER-HEALTH]     (no SE blocks)
[LAYER-HEALTH]   ReZero: none
[LAYER-HEALTH]   non-finite: 0 values in 0 of 102 tensors (10263038 values examined)
[LAYER-HEALTH]   largest |value|: blocks.0.bn2.running_var 8.983, policy.conv.bias 5.946, blocks.1.bn2.running_var 5.354, blocks.0.bn1.running_var 5.279, policy.pre_bn.running_var 4.651
[REPLAY] enumerated checkpoint -> 20261005-lrB-cyc1-r1-replay-seg1-step2000.safetensors
[REPLAY] step=2050 loss=3.5086 pLoss=2.7036 vLoss=0.8036 pEnt=2.851 pIllM=0.0014 playedP=0.181 pW=0.47 pD=0.07 pL=0.46 vAbs=0.237 pLogitMean=-10.7392 vLogitMean=0.5956 gNorm=0.241 lr=0.0118 ms=1388.3 buf=500000 plies=18245402 games=275300 rejected=0 skipped=0 epoch=0 mom=0.9140 lrCyc[pk=9.7e-01,tr=9.8e-04] trainerStep=38050
[LAYER-HEALTH] live trainerStep=38050 scope=batch_norm_state_only reluSites=9/10 ch=1040 dead=6 off=6 alwaysOn=0 worst=value.bn(dead 6 off 1 on 0) maxBetaOverGamma=+1.98@policy.pre_bn[60] minBetaOverGamma=-10.63@value.bn[7] rvMaxOverMedian=34.3@blocks.1.bn1[14] rezero=none nonFinite=0
[REPLAY] step=2100 loss=3.4719 pLoss=2.6670 vLoss=0.8038 pEnt=2.859 pIllM=0.0012 playedP=0.180 pW=0.47 pD=0.07 pL=0.46 vAbs=0.242 pLogitMean=-10.7436 vLogitMean=0.5955 gNorm=0.244 lr=0.0131 ms=1221.2 buf=500000 plies=18671978 games=281697 rejected=0 skipped=0 epoch=0 mom=0.9125 lrCyc[pk=9.7e-01,tr=9.8e-04] trainerStep=38100
[LAYER-HEALTH] live trainerStep=38100 scope=batch_norm_state_only reluSites=9/10 ch=1040 dead=6 off=6 alwaysOn=0 worst=value.bn(dead 6 off 1 on 0) maxBetaOverGamma=+1.99@policy.pre_bn[60] minBetaOverGamma=-10.63@value.bn[7] rvMaxOverMedian=34.4@blocks.1.bn1[14] rezero=none nonFinite=0
[REPLAY] step=2150 loss=3.4658 pLoss=2.6547 vLoss=0.8099 pEnt=2.848 pIllM=0.0012 playedP=0.182 pW=0.46 pD=0.07 pL=0.46 vAbs=0.245 pLogitMean=-10.7391 vLogitMean=0.5948 gNorm=0.264 lr=0.0145 ms=1223.8 buf=500000 plies=19098639 games=288098 rejected=0 skipped=0 epoch=0 mom=0.9110 lrCyc[pk=9.7e-01,tr=9.8e-04] trainerStep=38150
[LAYER-HEALTH] live trainerStep=38150 scope=batch_norm_state_only reluSites=9/10 ch=1040 dead=6 off=6 alwaysOn=0 worst=value.bn(dead 6 off 1 on 0) maxBetaOverGamma=+1.99@policy.pre_bn[60] minBetaOverGamma=-10.63@value.bn[7] rvMaxOverMedian=34.5@blocks.1.bn1[14] rezero=none nonFinite=0
[REPLAY] step=2200 loss=3.4832 pLoss=2.6832 vLoss=0.7984 pEnt=2.859 pIllM=0.0015 playedP=0.180 pW=0.47 pD=0.06 pL=0.47 vAbs=0.247 pLogitMean=-10.7416 vLogitMean=0.5915 gNorm=0.255 lr=0.0162 ms=1359.8 buf=500000 plies=19525280 games=294537 rejected=0 skipped=0 epoch=0 mom=0.9094 lrCyc[pk=9.7e-01,tr=9.8e-04] trainerStep=38200
[LAYER-HEALTH] live trainerStep=38200 scope=batch_norm_state_only reluSites=9/10 ch=1040 dead=6 off=6 alwaysOn=0 worst=value.bn(dead 6 off 1 on 0) maxBetaOverGamma=+1.99@policy.pre_bn[60] minBetaOverGamma=-10.63@value.bn[7] rvMaxOverMedian=34.9@blocks.1.bn1[14] rezero=none nonFinite=0
[REPLAY] step=2250 loss=3.4680 pLoss=2.6619 vLoss=0.8049 pEnt=2.843 pIllM=0.0012 playedP=0.183 pW=0.47 pD=0.07 pL=0.46 vAbs=0.252 pLogitMean=-10.7387 vLogitMean=0.5917 gNorm=0.261 lr=0.018 ms=1373.4 buf=500000 plies=19951959 games=300886 rejected=0 skipped=0 epoch=0 mom=0.9079 lrCyc[pk=9.7e-01,tr=9.8e-04] trainerStep=38250
[LAYER-HEALTH] live trainerStep=38250 scope=batch_norm_state_only reluSites=9/10 ch=1040 dead=6 off=6 alwaysOn=0 worst=value.bn(dead 6 off 1 on 0) maxBetaOverGamma=+2.00@policy.pre_bn[60] minBetaOverGamma=-10.63@value.bn[7] rvMaxOverMedian=35.2@blocks.1.bn1[14] rezero=none nonFinite=0
[REPLAY] step=2300 loss=3.4937 pLoss=2.7017 vLoss=0.7907 pEnt=2.849 pIllM=0.0012 playedP=0.178 pW=0.47 pD=0.06 pL=0.47 vAbs=0.247 pLogitMean=-10.7377 vLogitMean=0.5938 gNorm=0.261 lr=0.02 ms=1408.4 buf=500000 plies=20378609 games=307219 rejected=0 skipped=0 epoch=0 mom=0.9063 lrCyc[pk=9.7e-01,tr=9.8e-04] trainerStep=38300
[LAYER-HEALTH] live trainerStep=38300 scope=batch_norm_state_only reluSites=9/10 ch=1040 dead=6 off=6 alwaysOn=0 worst=value.bn(dead 6 off 1 on 0) maxBetaOverGamma=+2.00@policy.pre_bn[60] minBetaOverGamma=-10.63@value.bn[7] rvMaxOverMedian=35.2@blocks.1.bn1[14] rezero=none nonFinite=0
[REPLAY] step=2350 loss=3.5076 pLoss=2.7045 vLoss=0.8016 pEnt=2.849 pIllM=0.0015 playedP=0.179 pW=0.47 pD=0.07 pL=0.46 vAbs=0.242 pLogitMean=-10.7377 vLogitMean=0.5941 gNorm=0.250 lr=0.0223 ms=1362.7 buf=500000 plies=20805300 games=313584 rejected=0 skipped=0 epoch=0 mom=0.9048 lrCyc[pk=9.7e-01,tr=9.8e-04] trainerStep=38350
[LAYER-HEALTH] live trainerStep=38350 scope=batch_norm_state_only reluSites=9/10 ch=1040 dead=6 off=6 alwaysOn=0 worst=value.bn(dead 6 off 1 on 0) maxBetaOverGamma=+2.01@policy.pre_bn[60] minBetaOverGamma=-10.63@value.bn[7] rvMaxOverMedian=35.0@blocks.1.bn1[14] rezero=none nonFinite=0
[REPLAY] step=2400 loss=3.5094 pLoss=2.7023 vLoss=0.8059 pEnt=2.859 pIllM=0.0012 playedP=0.180 pW=0.48 pD=0.07 pL=0.45 vAbs=0.247 pLogitMean=-10.7367 vLogitMean=0.5915 gNorm=0.256 lr=0.0248 ms=1459.9 buf=500000 plies=21231883 games=320063 rejected=0 skipped=0 epoch=0 mom=0.9032 lrCyc[pk=9.7e-01,tr=9.8e-04] trainerStep=38400
[LAYER-HEALTH] live trainerStep=38400 scope=batch_norm_state_only reluSites=9/10 ch=1040 dead=6 off=6 alwaysOn=0 worst=value.bn(dead 6 off 1 on 0) maxBetaOverGamma=+2.01@policy.pre_bn[60] minBetaOverGamma=-10.63@value.bn[7] rvMaxOverMedian=34.8@blocks.1.bn1[14] rezero=none nonFinite=0
[REPLAY] step=2450 loss=3.4968 pLoss=2.6996 vLoss=0.7959 pEnt=2.880 pIllM=0.0013 playedP=0.177 pW=0.48 pD=0.06 pL=0.46 vAbs=0.248 pLogitMean=-10.7347 vLogitMean=0.5936 gNorm=0.251 lr=0.0277 ms=1324.2 buf=500000 plies=21658533 games=326516 rejected=0 skipped=0 epoch=0 mom=0.9017 lrCyc[pk=9.7e-01,tr=9.8e-04] trainerStep=38450
[LAYER-HEALTH] live trainerStep=38450 scope=batch_norm_state_only reluSites=9/10 ch=1040 dead=6 off=6 alwaysOn=0 worst=value.bn(dead 6 off 1 on 0) maxBetaOverGamma=+2.01@policy.pre_bn[60] minBetaOverGamma=-10.63@value.bn[7] rvMaxOverMedian=34.9@blocks.1.bn1[14] rezero=none nonFinite=0
[REPLAY] step=2500 loss=3.4856 pLoss=2.6932 vLoss=0.7910 pEnt=2.852 pIllM=0.0013 playedP=0.182 pW=0.47 pD=0.07 pL=0.47 vAbs=0.246 pLogitMean=-10.7321 vLogitMean=0.5915 gNorm=0.264 lr=0.0308 ms=1360.3 buf=500000 plies=22085199 games=332937 rejected=0 skipped=0 epoch=0 mom=0.9001 lrCyc[pk=9.7e-01,tr=9.8e-04] trainerStep=38500
[LAYER-HEALTH] live trainerStep=38500 scope=batch_norm_state_only reluSites=9/10 ch=1040 dead=6 off=6 alwaysOn=0 worst=value.bn(dead 6 off 1 on 0) maxBetaOverGamma=+2.02@policy.pre_bn[60] minBetaOverGamma=-10.63@value.bn[7] rvMaxOverMedian=35.1@blocks.1.bn1[14] rezero=none nonFinite=0
[REPLAY] step=2550 loss=3.5403 pLoss=2.7308 vLoss=0.8083 pEnt=2.861 pIllM=0.0013 playedP=0.179 pW=0.48 pD=0.07 pL=0.45 vAbs=0.230 pLogitMean=-10.7278 vLogitMean=0.5924 gNorm=0.268 lr=0.0343 ms=1474.0 buf=500000 plies=22511862 games=339342 rejected=0 skipped=0 epoch=0 mom=0.8985 lrCyc[pk=9.7e-01,tr=9.8e-04] trainerStep=38550
[LAYER-HEALTH] live trainerStep=38550 scope=batch_norm_state_only reluSites=9/10 ch=1040 dead=6 off=6 alwaysOn=0 worst=value.bn(dead 6 off 1 on 0) maxBetaOverGamma=+2.04@policy.pre_bn[60] minBetaOverGamma=-10.63@value.bn[7] rvMaxOverMedian=35.2@blocks.1.bn1[14] rezero=none nonFinite=0
[REPLAY] step=2600 loss=3.4795 pLoss=2.6947 vLoss=0.7836 pEnt=2.849 pIllM=0.0012 playedP=0.179 pW=0.48 pD=0.06 pL=0.46 vAbs=0.248 pLogitMean=-10.7271 vLogitMean=0.5924 gNorm=0.257 lr=0.0383 ms=1417.7 buf=500000 plies=22938480 games=345736 rejected=0 skipped=0 epoch=0 mom=0.8970 lrCyc[pk=9.7e-01,tr=9.8e-04] trainerStep=38600
[LAYER-HEALTH] live trainerStep=38600 scope=batch_norm_state_only reluSites=9/10 ch=1040 dead=6 off=6 alwaysOn=0 worst=value.bn(dead 6 off 1 on 0) maxBetaOverGamma=+2.02@policy.pre_bn[60] minBetaOverGamma=-10.63@value.bn[7] rvMaxOverMedian=35.4@blocks.1.bn1[14] rezero=none nonFinite=0
[REPLAY] step=2650 loss=3.5000 pLoss=2.7027 vLoss=0.7959 pEnt=2.843 pIllM=0.0014 playedP=0.183 pW=0.48 pD=0.06 pL=0.46 vAbs=0.238 pLogitMean=-10.7256 vLogitMean=0.5929 gNorm=0.275 lr=0.0426 ms=1387.3 buf=500000 plies=23365168 games=352138 rejected=0 skipped=0 epoch=0 mom=0.8954 lrCyc[pk=9.7e-01,tr=9.8e-04] trainerStep=38650
[LAYER-HEALTH] live trainerStep=38650 scope=batch_norm_state_only reluSites=9/10 ch=1040 dead=6 off=6 alwaysOn=0 worst=value.bn(dead 6 off 1 on 0) maxBetaOverGamma=+2.02@policy.pre_bn[60] minBetaOverGamma=-10.63@value.bn[7] rvMaxOverMedian=35.4@blocks.1.bn1[14] rezero=none nonFinite=0
[REPLAY] step=2700 loss=3.5436 pLoss=2.7162 vLoss=0.8264 pEnt=2.851 pIllM=0.0011 playedP=0.181 pW=0.48 pD=0.07 pL=0.45 vAbs=0.234 pLogitMean=-10.7280 vLogitMean=0.5937 gNorm=0.258 lr=0.0474 ms=1363.6 buf=500000 plies=23791838 games=358540 rejected=0 skipped=0 epoch=0 mom=0.8938 lrCyc[pk=9.7e-01,tr=9.8e-04] trainerStep=38700
[LAYER-HEALTH] live trainerStep=38700 scope=batch_norm_state_only reluSites=9/10 ch=1040 dead=6 off=6 alwaysOn=0 worst=value.bn(dead 6 off 1 on 0) maxBetaOverGamma=+2.01@policy.pre_bn[60] minBetaOverGamma=-10.63@value.bn[7] rvMaxOverMedian=34.6@blocks.1.bn1[14] rezero=none nonFinite=0
[REPLAY] step=2750 loss=3.4968 pLoss=2.6975 vLoss=0.7979 pEnt=2.832 pIllM=0.0014 playedP=0.183 pW=0.46 pD=0.07 pL=0.47 vAbs=0.235 pLogitMean=-10.7184 vLogitMean=0.5928 gNorm=0.263 lr=0.0528 ms=1322.6 buf=500000 plies=24218430 games=364952 rejected=0 skipped=0 epoch=0 mom=0.8923 lrCyc[pk=9.7e-01,tr=9.8e-04] trainerStep=38750
[LAYER-HEALTH] live trainerStep=38750 scope=batch_norm_state_only reluSites=9/10 ch=1040 dead=6 off=6 alwaysOn=0 worst=value.bn(dead 6 off 1 on 0) maxBetaOverGamma=+2.02@policy.pre_bn[60] minBetaOverGamma=-10.63@value.bn[7] rvMaxOverMedian=34.1@blocks.1.bn1[14] rezero=none nonFinite=0
[REPLAY] step=2800 loss=3.5018 pLoss=2.7001 vLoss=0.8005 pEnt=2.839 pIllM=0.0013 playedP=0.185 pW=0.46 pD=0.07 pL=0.47 vAbs=0.239 pLogitMean=-10.7164 vLogitMean=0.5921 gNorm=0.268 lr=0.0588 ms=1275.1 buf=500000 plies=24645117 games=371353 rejected=0 skipped=0 epoch=0 mom=0.8907 lrCyc[pk=9.7e-01,tr=9.8e-04] trainerStep=38800
[LAYER-HEALTH] live trainerStep=38800 scope=batch_norm_state_only reluSites=9/10 ch=1040 dead=6 off=6 alwaysOn=0 worst=value.bn(dead 6 off 1 on 0) maxBetaOverGamma=+2.02@policy.pre_bn[60] minBetaOverGamma=-10.63@value.bn[7] rvMaxOverMedian=34.9@blocks.1.bn1[14] rezero=none nonFinite=0
[REPLAY] step=2850 loss=3.4703 pLoss=2.6679 vLoss=0.8009 pEnt=2.834 pIllM=0.0015 playedP=0.188 pW=0.47 pD=0.06 pL=0.46 vAbs=0.240 pLogitMean=-10.7162 vLogitMean=0.5935 gNorm=0.268 lr=0.0653 ms=1437.8 buf=500000 plies=25071738 games=377755 rejected=0 skipped=0 epoch=0 mom=0.8892 lrCyc[pk=9.7e-01,tr=9.8e-04] trainerStep=38850
[LAYER-HEALTH] live trainerStep=38850 scope=batch_norm_state_only reluSites=9/10 ch=1040 dead=6 off=6 alwaysOn=0 worst=value.bn(dead 6 off 1 on 0) maxBetaOverGamma=+2.00@policy.pre_bn[60] minBetaOverGamma=-10.63@value.bn[7] rvMaxOverMedian=35.9@blocks.1.bn1[14] rezero=none nonFinite=0
[REPLAY] step=2900 loss=3.5017 pLoss=2.6985 vLoss=0.8020 pEnt=2.850 pIllM=0.0012 playedP=0.180 pW=0.47 pD=0.07 pL=0.46 vAbs=0.231 pLogitMean=-10.7059 vLogitMean=0.5944 gNorm=0.261 lr=0.0726 ms=1331.0 buf=500000 plies=25498445 games=384181 rejected=0 skipped=0 epoch=0 mom=0.8877 lrCyc[pk=9.7e-01,tr=9.8e-04] trainerStep=38900
[LAYER-HEALTH] live trainerStep=38900 scope=batch_norm_state_only reluSites=9/10 ch=1040 dead=6 off=6 alwaysOn=0 worst=value.bn(dead 6 off 1 on 0) maxBetaOverGamma=+2.02@policy.pre_bn[60] minBetaOverGamma=-10.63@value.bn[7] rvMaxOverMedian=36.4@blocks.1.bn1[14] rezero=none nonFinite=0
[REPLAY] step=2950 loss=3.4841 pLoss=2.6791 vLoss=0.8037 pEnt=2.865 pIllM=0.0014 playedP=0.174 pW=0.47 pD=0.06 pL=0.46 vAbs=0.254 pLogitMean=-10.6946 vLogitMean=0.5928 gNorm=0.259 lr=0.0805 ms=1512.2 buf=500000 plies=25925035 games=390584 rejected=0 skipped=0 epoch=0 mom=0.8862 lrCyc[pk=9.7e-01,tr=9.8e-04] trainerStep=38950
[LAYER-HEALTH] live trainerStep=38950 scope=batch_norm_state_only reluSites=9/10 ch=1040 dead=6 off=6 alwaysOn=0 worst=value.bn(dead 6 off 1 on 0) maxBetaOverGamma=+2.02@policy.pre_bn[60] minBetaOverGamma=-10.63@value.bn[7] rvMaxOverMedian=36.6@blocks.1.bn1[14] rezero=none nonFinite=0
[REPLAY] step=3000 loss=3.4879 pLoss=2.6759 vLoss=0.8104 pEnt=2.845 pIllM=0.0016 playedP=0.181 pW=0.46 pD=0.07 pL=0.46 vAbs=0.243 pLogitMean=-10.6839 vLogitMean=0.5936 gNorm=0.256 lr=0.0893 ms=1314.9 buf=500000 plies=26351767 games=397000 rejected=0 skipped=0 epoch=0 mom=0.8847 lrCyc[pk=9.7e-01,tr=9.8e-04] trainerStep=39000
[LAYER-HEALTH] live trainerStep=39000 scope=batch_norm_state_only reluSites=9/10 ch=1040 dead=6 off=6 alwaysOn=0 worst=value.bn(dead 6 off 1 on 0) maxBetaOverGamma=+2.05@policy.pre_bn[60] minBetaOverGamma=-10.63@value.bn[7] rvMaxOverMedian=36.7@blocks.1.bn1[14] rezero=none nonFinite=0
[REPLAY] saved trainer model (autosave) step=3000 trainerStep=39000 nextGame=5024392 shard=11 epoch=0 -> 20261005-lrB-cyc1-r1-replay-latest.safetensors
[LAYER-HEALTH] checkpoint replay-autosave step=3000 trainerStep=39000 scope=all_tensors reluSites=9/10 ch=1040 dead=6 off=6 alwaysOn=0 worst=value.bn(dead 6 off 1 on 0) maxBetaOverGamma=+2.05@policy.pre_bn[60] minBetaOverGamma=-10.63@value.bn[7] rvMaxOverMedian=36.7@blocks.1.bn1[14] rezero=none nonFinite=0 seZeroVel=none valueFC1ZeroVel=29/128 maxAbs=8.807@blocks.0.bn2.running_var
[LAYER-HEALTH]   batch-norm sites — β/|γ|: dead < -3.00, mostly off < -2.00, always on > +3.00; classified for relu/leaky_relu only
[LAYER-HEALTH]     site            act            ch   dead    off     on  zeroγ nonfin  min β/|γ| [ch]     max β/|γ| [ch]     rv max/median [ch]
[LAYER-HEALTH]     stem.bn         -             128    n/a    n/a    n/a      0      0     -1.56 [103]        +0.87 [51]            5.7 [74]
[LAYER-HEALTH]     blocks.0.bn1    relu          128      0      0      0      0      0     -1.17 [62]         +0.61 [18]            9.2 [12]
[LAYER-HEALTH]     blocks.0.bn2    relu          128      0      0      0      0      0     -1.65 [53]         -0.39 [78]            4.5 [64]
[LAYER-HEALTH]     blocks.1.bn1    relu          128      0      0      0      0      0     -1.53 [52]         -0.18 [12]           36.7 [14]
[LAYER-HEALTH]     blocks.1.bn2    relu          128      0      0      0      0      0     -1.97 [29]         -0.51 [33]            7.3 [33]
[LAYER-HEALTH]     blocks.2.bn1    relu          128      0      5      0      0      0     -2.56 [40]         +1.37 [31]           31.3 [125]
[LAYER-HEALTH]     blocks.2.bn2    relu          128      0      0      0      0      0     -1.96 [85]         -0.15 [37]            3.8 [122]
[LAYER-HEALTH]     tower_final_bn  relu          128      0      0      0      0      0     -0.71 [108]        +1.74 [55]            5.7 [31]
[LAYER-HEALTH]     policy.pre_bn   relu          128      0      0      0      0      0     -1.20 [7]          +2.05 [60]            4.3 [22]
[LAYER-HEALTH]     value.bn        relu           16      6      1      0      0      0    -10.63 [7]          -0.32 [1]             3.2 [14]
[LAYER-HEALTH]   FC hidden-unit velocity — zero: every weight-velocity entry exactly 0; low: nonzero but < 5% of the layer's p90 unit norm
[LAYER-HEALTH]     value.fc1.weight  relu  units 128  zero 29 [0,10,18,22,25,28,29,36,41,49,53,54,55,60,64,68,…]  low 15  median unit norm 0.002307
[LAYER-HEALTH]     (no SE blocks)
[LAYER-HEALTH]   ReZero: none
[LAYER-HEALTH]   non-finite: 0 values in 0 of 102 tensors (10263038 values examined)
[LAYER-HEALTH]   largest |value|: blocks.0.bn2.running_var 8.807, policy.conv.bias 5.958, blocks.0.bn1.running_var 5.278, blocks.1.bn2.running_var 5.066, policy.pre_bn.bias 4.526
[REPLAY] enumerated checkpoint -> 20261005-lrB-cyc1-r1-replay-seg1-step3000.safetensors
[REPLAY] step=3050 loss=3.5181 pLoss=2.7155 vLoss=0.8013 pEnt=2.834 pIllM=0.0014 playedP=0.183 pW=0.48 pD=0.07 pL=0.45 vAbs=0.244 pLogitMean=-10.6826 vLogitMean=0.5900 gNorm=0.290 lr=0.0989 ms=1373.3 buf=500000 plies=26778405 games=403392 rejected=0 skipped=0 epoch=0 mom=0.8832 lrCyc[pk=9.7e-01,tr=9.8e-04] trainerStep=39050
[LAYER-HEALTH] live trainerStep=39050 scope=batch_norm_state_only reluSites=9/10 ch=1040 dead=6 off=6 alwaysOn=0 worst=value.bn(dead 6 off 1 on 0) maxBetaOverGamma=+2.04@policy.pre_bn[60] minBetaOverGamma=-10.63@value.bn[7] rvMaxOverMedian=36.2@blocks.1.bn1[14] rezero=none nonFinite=0
[REPLAY] step=3100 loss=3.4943 pLoss=2.6791 vLoss=0.8138 pEnt=2.852 pIllM=0.0015 playedP=0.182 pW=0.47 pD=0.07 pL=0.46 vAbs=0.242 pLogitMean=-10.6819 vLogitMean=0.5962 gNorm=0.269 lr=0.109 ms=1405.7 buf=500000 plies=27205019 games=409730 rejected=0 skipped=0 epoch=0 mom=0.8817 lrCyc[pk=9.7e-01,tr=9.8e-04] trainerStep=39100
[LAYER-HEALTH] live trainerStep=39100 scope=batch_norm_state_only reluSites=9/10 ch=1040 dead=6 off=6 alwaysOn=0 worst=value.bn(dead 6 off 1 on 0) maxBetaOverGamma=+2.06@policy.pre_bn[60] minBetaOverGamma=-10.63@value.bn[7] rvMaxOverMedian=36.5@blocks.1.bn1[14] rezero=none nonFinite=0
[REPLAY] step=3150 loss=3.5232 pLoss=2.7058 vLoss=0.8161 pEnt=2.870 pIllM=0.0013 playedP=0.171 pW=0.47 pD=0.07 pL=0.46 vAbs=0.235 pLogitMean=-10.6748 vLogitMean=0.5940 gNorm=0.300 lr=0.121 ms=1212.2 buf=500000 plies=27631655 games=416156 rejected=0 skipped=0 epoch=0 mom=0.8803 lrCyc[pk=9.7e-01,tr=9.8e-04] trainerStep=39150
[LAYER-HEALTH] live trainerStep=39150 scope=batch_norm_state_only reluSites=9/10 ch=1040 dead=6 off=6 alwaysOn=0 worst=value.bn(dead 6 off 1 on 0) maxBetaOverGamma=+2.10@policy.pre_bn[60] minBetaOverGamma=-10.63@value.bn[7] rvMaxOverMedian=36.4@blocks.1.bn1[14] rezero=none nonFinite=0
[REPLAY] step=3200 loss=3.5056 pLoss=2.7011 vLoss=0.8025 pEnt=2.851 pIllM=0.0020 playedP=0.180 pW=0.46 pD=0.07 pL=0.47 vAbs=0.235 pLogitMean=-10.6525 vLogitMean=0.5912 gNorm=0.299 lr=0.134 ms=1531.4 buf=500000 plies=28058325 games=422595 rejected=0 skipped=0 epoch=0 mom=0.8788 lrCyc[pk=9.7e-01,tr=9.8e-04] trainerStep=39200
[LAYER-HEALTH] live trainerStep=39200 scope=batch_norm_state_only reluSites=9/10 ch=1040 dead=6 off=6 alwaysOn=0 worst=value.bn(dead 6 off 1 on 0) maxBetaOverGamma=+2.09@policy.pre_bn[60] minBetaOverGamma=-10.63@value.bn[7] rvMaxOverMedian=36.8@blocks.1.bn1[14] rezero=none nonFinite=0
[REPLAY] step=3250 loss=3.5075 pLoss=2.6941 vLoss=0.8120 pEnt=2.871 pIllM=0.0014 playedP=0.174 pW=0.47 pD=0.06 pL=0.47 vAbs=0.231 pLogitMean=-10.6406 vLogitMean=0.5921 gNorm=0.291 lr=0.147 ms=1532.8 buf=500000 plies=28484946 games=428979 rejected=0 skipped=0 epoch=0 mom=0.8774 lrCyc[pk=9.7e-01,tr=9.8e-04] trainerStep=39250
[LAYER-HEALTH] live trainerStep=39250 scope=batch_norm_state_only reluSites=9/10 ch=1040 dead=6 off=6 alwaysOn=0 worst=value.bn(dead 6 off 1 on 0) maxBetaOverGamma=+2.13@policy.pre_bn[60] minBetaOverGamma=-10.63@value.bn[7] rvMaxOverMedian=36.5@blocks.1.bn1[14] rezero=none nonFinite=0
[REPLAY] step=3300 loss=3.5108 pLoss=2.7002 vLoss=0.8092 pEnt=2.820 pIllM=0.0014 playedP=0.185 pW=0.47 pD=0.07 pL=0.46 vAbs=0.255 pLogitMean=-10.6373 vLogitMean=0.5916 gNorm=0.296 lr=0.162 ms=1372.1 buf=500000 plies=28911658 games=435433 rejected=0 skipped=0 epoch=0 mom=0.8761 lrCyc[pk=9.7e-01,tr=9.8e-04] trainerStep=39300
[LAYER-HEALTH] live trainerStep=39300 scope=batch_norm_state_only reluSites=9/10 ch=1040 dead=6 off=6 alwaysOn=0 worst=value.bn(dead 6 off 1 on 0) maxBetaOverGamma=+2.14@policy.pre_bn[60] minBetaOverGamma=-10.63@value.bn[7] rvMaxOverMedian=35.4@blocks.1.bn1[14] rezero=none nonFinite=0
[REPLAY] step=3350 loss=3.5528 pLoss=2.7568 vLoss=0.7945 pEnt=2.855 pIllM=0.0014 playedP=0.179 pW=0.47 pD=0.06 pL=0.46 vAbs=0.255 pLogitMean=-10.6141 vLogitMean=0.5914 gNorm=0.284 lr=0.178 ms=1515.5 buf=500000 plies=29338226 games=441862 rejected=0 skipped=0 epoch=0 mom=0.8747 lrCyc[pk=9.7e-01,tr=9.8e-04] trainerStep=39350
[LAYER-HEALTH] live trainerStep=39350 scope=batch_norm_state_only reluSites=9/10 ch=1040 dead=6 off=6 alwaysOn=0 worst=value.bn(dead 6 off 1 on 0) maxBetaOverGamma=+2.07@policy.pre_bn[60] minBetaOverGamma=-10.63@value.bn[7] rvMaxOverMedian=35.2@blocks.1.bn1[14] rezero=none nonFinite=0
[REPLAY] step=3400 loss=3.5014 pLoss=2.6779 vLoss=0.8219 pEnt=2.857 pIllM=0.0016 playedP=0.180 pW=0.46 pD=0.07 pL=0.47 vAbs=0.246 pLogitMean=-10.5981 vLogitMean=0.5939 gNorm=0.316 lr=0.195 ms=1511.2 buf=500000 plies=29764917 games=448252 rejected=0 skipped=0 epoch=0 mom=0.8734 lrCyc[pk=9.7e-01,tr=9.8e-04] trainerStep=39400
[LAYER-HEALTH] live trainerStep=39400 scope=batch_norm_state_only reluSites=9/10 ch=1040 dead=6 off=6 alwaysOn=0 worst=value.bn(dead 6 off 1 on 0) maxBetaOverGamma=+2.08@policy.pre_bn[60] minBetaOverGamma=-10.63@value.bn[7] rvMaxOverMedian=34.9@blocks.1.bn1[14] rezero=none nonFinite=0
[REPLAY] step=3450 loss=3.5455 pLoss=2.7391 vLoss=0.8046 pEnt=2.865 pIllM=0.0019 playedP=0.176 pW=0.48 pD=0.07 pL=0.46 vAbs=0.232 pLogitMean=-10.5796 vLogitMean=0.5939 gNorm=0.320 lr=0.214 ms=1495.1 buf=500000 plies=30191538 games=454664 rejected=0 skipped=0 epoch=0 mom=0.8720 lrCyc[pk=9.7e-01,tr=9.8e-04] trainerStep=39450
[LAYER-HEALTH] live trainerStep=39450 scope=batch_norm_state_only reluSites=9/10 ch=1040 dead=6 off=6 alwaysOn=0 worst=value.bn(dead 6 off 1 on 0) maxBetaOverGamma=+2.00@policy.pre_bn[60] minBetaOverGamma=-10.63@value.bn[7] rvMaxOverMedian=35.9@blocks.1.bn1[14] rezero=none nonFinite=0
[REPLAY] step=3500 loss=3.5001 pLoss=2.7129 vLoss=0.7855 pEnt=2.847 pIllM=0.0017 playedP=0.181 pW=0.49 pD=0.06 pL=0.46 vAbs=0.251 pLogitMean=-10.5640 vLogitMean=0.5929 gNorm=0.294 lr=0.233 ms=1378.2 buf=500000 plies=30618201 games=461126 rejected=0 skipped=0 epoch=0 mom=0.8708 lrCyc[pk=9.7e-01,tr=9.8e-04] trainerStep=39500
[LAYER-HEALTH] live trainerStep=39500 scope=batch_norm_state_only reluSites=9/10 ch=1040 dead=6 off=5 alwaysOn=0 worst=value.bn(dead 6 off 0 on 0) maxBetaOverGamma=+1.97@policy.pre_bn[60] minBetaOverGamma=-10.63@value.bn[7] rvMaxOverMedian=34.6@blocks.1.bn1[14] rezero=none nonFinite=0
[REPLAY] step=3550 loss=3.4830 pLoss=2.6706 vLoss=0.8105 pEnt=2.853 pIllM=0.0019 playedP=0.177 pW=0.47 pD=0.07 pL=0.47 vAbs=0.257 pLogitMean=-10.5516 vLogitMean=0.5927 gNorm=0.325 lr=0.254 ms=1456.1 buf=500000 plies=31044860 games=467546 rejected=0 skipped=0 epoch=0 mom=0.8695 lrCyc[pk=9.7e-01,tr=9.8e-04] trainerStep=39550
[LAYER-HEALTH] live trainerStep=39550 scope=batch_norm_state_only reluSites=9/10 ch=1040 dead=6 off=5 alwaysOn=0 worst=value.bn(dead 6 off 0 on 0) maxBetaOverGamma=+1.97@policy.pre_bn[60] minBetaOverGamma=-10.63@value.bn[7] rvMaxOverMedian=34.2@blocks.1.bn1[14] rezero=none nonFinite=0
[REPLAY] step=3600 loss=3.4438 pLoss=2.6402 vLoss=0.8014 pEnt=2.863 pIllM=0.0021 playedP=0.176 pW=0.47 pD=0.06 pL=0.47 vAbs=0.278 pLogitMean=-10.5235 vLogitMean=0.5928 gNorm=0.292 lr=0.277 ms=1366.9 buf=500000 plies=31471493 games=473954 rejected=0 skipped=0 epoch=0 mom=0.8683 lrCyc[pk=9.7e-01,tr=9.8e-04] trainerStep=39600
[LAYER-HEALTH] live trainerStep=39600 scope=batch_norm_state_only reluSites=9/10 ch=1040 dead=6 off=5 alwaysOn=0 worst=value.bn(dead 6 off 0 on 0) maxBetaOverGamma=+2.02@policy.pre_bn[60] minBetaOverGamma=-10.63@value.bn[7] rvMaxOverMedian=34.7@blocks.1.bn1[14] rezero=none nonFinite=0
[REPLAY] step=3650 loss=3.4741 pLoss=2.6848 vLoss=0.7873 pEnt=2.836 pIllM=0.0020 playedP=0.180 pW=0.47 pD=0.06 pL=0.46 vAbs=0.280 pLogitMean=-10.5135 vLogitMean=0.5933 gNorm=0.312 lr=0.3 ms=1459.4 buf=500000 plies=31898194 games=480311 rejected=0 skipped=0 epoch=0 mom=0.8671 lrCyc[pk=9.7e-01,tr=9.8e-04] trainerStep=39650
[LAYER-HEALTH] live trainerStep=39650 scope=batch_norm_state_only reluSites=9/10 ch=1040 dead=6 off=6 alwaysOn=0 worst=value.bn(dead 6 off 1 on 0) maxBetaOverGamma=+2.05@policy.pre_bn[60] minBetaOverGamma=-10.63@value.bn[7] rvMaxOverMedian=36.1@blocks.1.bn1[14] rezero=none nonFinite=0
[REPLAY] step=3700 loss=3.5054 pLoss=2.6926 vLoss=0.8106 pEnt=2.864 pIllM=0.0022 playedP=0.174 pW=0.47 pD=0.07 pL=0.46 vAbs=0.239 pLogitMean=-10.4876 vLogitMean=0.5955 gNorm=0.287 lr=0.326 ms=1403.1 buf=500000 plies=32324810 games=486712 rejected=0 skipped=0 epoch=0 mom=0.8659 lrCyc[pk=9.6e-01,tr=9.8e-04] trainerStep=39700
[LAYER-HEALTH] live trainerStep=39700 scope=batch_norm_state_only reluSites=9/10 ch=1040 dead=6 off=5 alwaysOn=0 worst=value.bn(dead 6 off 0 on 0) maxBetaOverGamma=+2.11@policy.pre_bn[60] minBetaOverGamma=-10.63@value.bn[7] rvMaxOverMedian=36.0@blocks.1.bn1[14] rezero=none nonFinite=0
[REPLAY] step=3750 loss=3.4651 pLoss=2.6691 vLoss=0.7935 pEnt=2.845 pIllM=0.0025 playedP=0.179 pW=0.45 pD=0.06 pL=0.49 vAbs=0.239 pLogitMean=-10.4844 vLogitMean=0.5945 gNorm=0.321 lr=0.352 ms=1328.3 buf=500000 plies=32751439 games=493107 rejected=0 skipped=0 epoch=0 mom=0.8648 lrCyc[pk=9.6e-01,tr=9.8e-04] trainerStep=39750
[LAYER-HEALTH] live trainerStep=39750 scope=batch_norm_state_only reluSites=9/10 ch=1040 dead=6 off=5 alwaysOn=0 worst=value.bn(dead 6 off 0 on 0) maxBetaOverGamma=+2.02@policy.pre_bn[60] minBetaOverGamma=-10.63@value.bn[7] rvMaxOverMedian=36.2@blocks.1.bn1[14] rezero=none nonFinite=0
[REPLAY] step=3800 loss=3.5228 pLoss=2.7143 vLoss=0.8058 pEnt=2.849 pIllM=0.0027 playedP=0.174 pW=0.48 pD=0.07 pL=0.45 vAbs=0.251 pLogitMean=-10.4544 vLogitMean=0.5929 gNorm=0.312 lr=0.379 ms=1409.4 buf=500000 plies=33178077 games=499566 rejected=0 skipped=0 epoch=0 mom=0.8637 lrCyc[pk=9.6e-01,tr=9.8e-04] trainerStep=39800
[LAYER-HEALTH] live trainerStep=39800 scope=batch_norm_state_only reluSites=9/10 ch=1040 dead=6 off=5 alwaysOn=0 worst=value.bn(dead 6 off 0 on 0) maxBetaOverGamma=+1.96@policy.pre_bn[60] minBetaOverGamma=-10.63@value.bn[7] rvMaxOverMedian=36.2@blocks.1.bn1[14] rezero=none nonFinite=0
[REPLAY] step=3850 loss=3.5073 pLoss=2.7166 vLoss=0.7882 pEnt=2.846 pIllM=0.0025 playedP=0.177 pW=0.48 pD=0.06 pL=0.46 vAbs=0.253 pLogitMean=-10.4473 vLogitMean=0.5904 gNorm=0.350 lr=0.408 ms=1344.3 buf=500000 plies=33604794 games=505933 rejected=0 skipped=0 epoch=0 mom=0.8627 lrCyc[pk=9.6e-01,tr=9.8e-04] trainerStep=39850
[LAYER-HEALTH] live trainerStep=39850 scope=batch_norm_state_only reluSites=9/10 ch=1040 dead=6 off=5 alwaysOn=0 worst=value.bn(dead 6 off 0 on 0) maxBetaOverGamma=+1.98@policy.pre_bn[60] minBetaOverGamma=-10.63@value.bn[7] rvMaxOverMedian=35.2@blocks.1.bn1[14] rezero=none nonFinite=0
[REPLAY] step=3900 loss=3.5095 pLoss=2.6979 vLoss=0.8088 pEnt=2.868 pIllM=0.0028 playedP=0.176 pW=0.45 pD=0.07 pL=0.48 vAbs=0.223 pLogitMean=-10.4369 vLogitMean=0.5941 gNorm=0.376 lr=0.438 ms=1367.6 buf=500000 plies=34031378 games=512332 rejected=0 skipped=0 epoch=0 mom=0.8616 lrCyc[pk=9.6e-01,tr=9.8e-04] trainerStep=39900
[LAYER-HEALTH] live trainerStep=39900 scope=batch_norm_state_only reluSites=9/10 ch=1040 dead=6 off=5 alwaysOn=0 worst=value.bn(dead 6 off 0 on 0) maxBetaOverGamma=+2.04@policy.pre_bn[60] minBetaOverGamma=-10.63@value.bn[7] rvMaxOverMedian=35.9@blocks.1.bn1[14] rezero=none nonFinite=0
[REPLAY] step=3950 loss=3.5200 pLoss=2.7325 vLoss=0.7844 pEnt=2.850 pIllM=0.0032 playedP=0.172 pW=0.48 pD=0.07 pL=0.46 vAbs=0.255 pLogitMean=-10.4219 vLogitMean=0.5951 gNorm=0.321 lr=0.468 ms=1335.1 buf=500000 plies=34458149 games=518729 rejected=0 skipped=0 epoch=0 mom=0.8607 lrCyc[pk=9.6e-01,tr=9.8e-04] trainerStep=39950
[LAYER-HEALTH] live trainerStep=39950 scope=batch_norm_state_only reluSites=9/10 ch=1040 dead=6 off=5 alwaysOn=0 worst=value.bn(dead 6 off 0 on 0) maxBetaOverGamma=+2.14@policy.pre_bn[60] minBetaOverGamma=-10.63@value.bn[7] rvMaxOverMedian=36.4@blocks.1.bn1[14] rezero=none nonFinite=0
[REPLAY] step=4000 loss=3.5089 pLoss=2.7144 vLoss=0.7910 pEnt=2.813 pIllM=0.0034 playedP=0.181 pW=0.48 pD=0.07 pL=0.45 vAbs=0.252 pLogitMean=-10.4163 vLogitMean=0.5929 gNorm=0.348 lr=0.5 ms=785.3 buf=500000 plies=34884752 games=525088 rejected=0 skipped=0 epoch=0 mom=0.8597 lrCyc[pk=9.6e-01,tr=9.8e-04] trainerStep=40000
[LAYER-HEALTH] live trainerStep=40000 scope=batch_norm_state_only reluSites=9/10 ch=1040 dead=6 off=5 alwaysOn=0 worst=value.bn(dead 6 off 0 on 0) maxBetaOverGamma=+2.02@policy.pre_bn[60] minBetaOverGamma=-10.63@value.bn[7] rvMaxOverMedian=37.1@blocks.1.bn1[14] rezero=none nonFinite=0
[REPLAY] saved trainer model (autosave) step=4000 trainerStep=40000 nextGame=5152480 shard=11 epoch=0 -> 20261005-lrB-cyc1-r1-replay-latest.safetensors
[LAYER-HEALTH] checkpoint replay-autosave step=4000 trainerStep=40000 scope=all_tensors reluSites=9/10 ch=1040 dead=6 off=5 alwaysOn=0 worst=value.bn(dead 6 off 0 on 0) maxBetaOverGamma=+2.02@policy.pre_bn[60] minBetaOverGamma=-10.63@value.bn[7] rvMaxOverMedian=37.1@blocks.1.bn1[14] rezero=none nonFinite=0 seZeroVel=none valueFC1ZeroVel=27/128 maxAbs=7.347@blocks.0.bn2.running_var
[LAYER-HEALTH]   batch-norm sites — β/|γ|: dead < -3.00, mostly off < -2.00, always on > +3.00; classified for relu/leaky_relu only
[LAYER-HEALTH]     site            act            ch   dead    off     on  zeroγ nonfin  min β/|γ| [ch]     max β/|γ| [ch]     rv max/median [ch]
[LAYER-HEALTH]     stem.bn         -             128    n/a    n/a    n/a      0      0     -1.67 [103]        +0.93 [51]            3.5 [74]
[LAYER-HEALTH]     blocks.0.bn1    relu          128      0      0      0      0      0     -1.18 [62]         +0.65 [18]            9.4 [12]
[LAYER-HEALTH]     blocks.0.bn2    relu          128      0      0      0      0      0     -1.61 [53]         -0.37 [78]            4.5 [64]
[LAYER-HEALTH]     blocks.1.bn1    relu          128      0      0      0      0      0     -1.60 [52]         -0.20 [12]           37.1 [14]
[LAYER-HEALTH]     blocks.1.bn2    relu          128      0      0      0      0      0     -1.92 [29]         -0.48 [33]            7.5 [33]
[LAYER-HEALTH]     blocks.2.bn1    relu          128      0      5      0      0      0     -2.53 [40]         +1.16 [31]           32.6 [125]
[LAYER-HEALTH]     blocks.2.bn2    relu          128      0      0      0      0      0     -1.99 [85]         -0.20 [37]            3.7 [122]
[LAYER-HEALTH]     tower_final_bn  relu          128      0      0      0      0      0     -0.73 [108]        +1.74 [55]            5.8 [31]
[LAYER-HEALTH]     policy.pre_bn   relu          128      0      0      0      0      0     -1.22 [7]          +2.02 [60]            4.3 [22]
[LAYER-HEALTH]     value.bn        relu           16      6      0      0      0      0    -10.63 [7]          -0.50 [1]             3.1 [14]
[LAYER-HEALTH]   FC hidden-unit velocity — zero: every weight-velocity entry exactly 0; low: nonzero but < 5% of the layer's p90 unit norm
[LAYER-HEALTH]     value.fc1.weight  relu  units 128  zero 27 [10,18,22,25,28,29,36,41,49,53,54,55,60,64,68,70,…]  low 10  median unit norm 0.002619
[LAYER-HEALTH]     (no SE blocks)
[LAYER-HEALTH]   ReZero: none
[LAYER-HEALTH]   non-finite: 0 values in 0 of 102 tensors (10263038 values examined)
[LAYER-HEALTH]   largest |value|: blocks.0.bn2.running_var 7.347, policy.conv.bias 5.89, blocks.0.bn1.running_var 5.217, blocks.1.bn2.running_var 4.625, policy.pre_bn.bias 4.549
[REPLAY] enumerated checkpoint -> 20261005-lrB-cyc1-r1-replay-seg1-step4000.safetensors
[REPLAY] saved trainer model (final) step=4000 trainerStep=40000 nextGame=5152480 shard=11 epoch=0 -> 20261005-lrB-cyc1-r1-replay-latest.safetensors
[LAYER-HEALTH] checkpoint replay-final step=4000 trainerStep=40000 scope=all_tensors reluSites=9/10 ch=1040 dead=6 off=5 alwaysOn=0 worst=value.bn(dead 6 off 0 on 0) maxBetaOverGamma=+2.02@policy.pre_bn[60] minBetaOverGamma=-10.63@value.bn[7] rvMaxOverMedian=37.1@blocks.1.bn1[14] rezero=none nonFinite=0 seZeroVel=none valueFC1ZeroVel=27/128 maxAbs=7.347@blocks.0.bn2.running_var
[LAYER-HEALTH]   batch-norm sites — β/|γ|: dead < -3.00, mostly off < -2.00, always on > +3.00; classified for relu/leaky_relu only
[LAYER-HEALTH]     site            act            ch   dead    off     on  zeroγ nonfin  min β/|γ| [ch]     max β/|γ| [ch]     rv max/median [ch]
[LAYER-HEALTH]     stem.bn         -             128    n/a    n/a    n/a      0      0     -1.67 [103]        +0.93 [51]            3.5 [74]
[LAYER-HEALTH]     blocks.0.bn1    relu          128      0      0      0      0      0     -1.18 [62]         +0.65 [18]            9.4 [12]
[LAYER-HEALTH]     blocks.0.bn2    relu          128      0      0      0      0      0     -1.61 [53]         -0.37 [78]            4.5 [64]
[LAYER-HEALTH]     blocks.1.bn1    relu          128      0      0      0      0      0     -1.60 [52]         -0.20 [12]           37.1 [14]
[LAYER-HEALTH]     blocks.1.bn2    relu          128      0      0      0      0      0     -1.92 [29]         -0.48 [33]            7.5 [33]
[LAYER-HEALTH]     blocks.2.bn1    relu          128      0      5      0      0      0     -2.53 [40]         +1.16 [31]           32.6 [125]
[LAYER-HEALTH]     blocks.2.bn2    relu          128      0      0      0      0      0     -1.99 [85]         -0.20 [37]            3.7 [122]
[LAYER-HEALTH]     tower_final_bn  relu          128      0      0      0      0      0     -0.73 [108]        +1.74 [55]            5.8 [31]
[LAYER-HEALTH]     policy.pre_bn   relu          128      0      0      0      0      0     -1.22 [7]          +2.02 [60]            4.3 [22]
[LAYER-HEALTH]     value.bn        relu           16      6      0      0      0      0    -10.63 [7]          -0.50 [1]             3.1 [14]
[LAYER-HEALTH]   FC hidden-unit velocity — zero: every weight-velocity entry exactly 0; low: nonzero but < 5% of the layer's p90 unit norm
[LAYER-HEALTH]     value.fc1.weight  relu  units 128  zero 27 [10,18,22,25,28,29,36,41,49,53,54,55,60,64,68,70,…]  low 10  median unit norm 0.002619
[LAYER-HEALTH]     (no SE blocks)
[LAYER-HEALTH]   ReZero: none
[LAYER-HEALTH]   non-finite: 0 values in 0 of 102 tensors (10263038 values examined)
[LAYER-HEALTH]   largest |value|: blocks.0.bn2.running_var 7.347, policy.conv.bias 5.89, blocks.0.bn1.running_var 5.217, blocks.1.bn2.running_var 4.625, policy.pre_bn.bias 4.549
[REPLAY] enumerated checkpoint -> 20261005-lrB-cyc1-r1-replay-seg1-step4000.safetensors (replaced this run's own earlier save of step 4000)
[REPLAY] done: steps=4000 positionsFed=34884752 gamesFed=525088 rejected=0 skipped=0 epochs=0
