warning: loc(fused["mps_add_18"("(mpsFileLoc): /AppleInternal/Library/BuildRoots/4~CYf0ugAFA2MHVp9fguae4KUVbl8-CIxgGlWKSUA/Library/Caches/com.apple.xbs/TemporaryDirectory.p76yMP/Sources/MetalPerformanceShadersGraph/mpsgraph/MetalPerformanceShadersGraph/Core/Files/MPSGraphUtilities.mm":234:0), "ane_validation_message"("Incompatible element type for ANE: expected fp16, f8E4M3, si8, ui8, si16, or ui16":0:0)]): Reached maxReorderingDistance 10
warning: loc(fused["mps_add_18"("(mpsFileLoc): /AppleInternal/Library/BuildRoots/4~CYf0ugAFA2MHVp9fguae4KUVbl8-CIxgGlWKSUA/Library/Caches/com.apple.xbs/TemporaryDirectory.p76yMP/Sources/MetalPerformanceShadersGraph/mpsgraph/MetalPerformanceShadersGraph/Core/Files/MPSGraphUtilities.mm":234:0), "ane_validation_message"("Incompatible element type for ANE: expected fp16, f8E4M3, si8, ui8, si16, or ui16":0:0)]): Reached maxReorderingDistance 10
warning: loc(fused["mps_add_24"("(mpsFileLoc): /AppleInternal/Library/BuildRoots/4~CYf0ugAFA2MHVp9fguae4KUVbl8-CIxgGlWKSUA/Library/Caches/com.apple.xbs/TemporaryDirectory.p76yMP/Sources/MetalPerformanceShadersGraph/mpsgraph/MetalPerformanceShadersGraph/Core/Files/MPSGraphUtilities.mm":234:0), "ane_validation_message"("Incompatible element type for ANE: expected fp16, f8E4M3, si8, ui8, si16, or ui16":0:0)]): Reached maxReorderingDistance 10
warning: loc(fused["mps_add_24"("(mpsFileLoc): /AppleInternal/Library/BuildRoots/4~CYf0ugAFA2MHVp9fguae4KUVbl8-CIxgGlWKSUA/Library/Caches/com.apple.xbs/TemporaryDirectory.p76yMP/Sources/MetalPerformanceShadersGraph/mpsgraph/MetalPerformanceShadersGraph/Core/Files/MPSGraphUtilities.mm":234:0), "ane_validation_message"("Incompatible element type for ANE: expected fp16, f8E4M3, si8, ui8, si16, or ui16":0:0)]): Reached maxReorderingDistance 10
warning: loc(fused["mps_add_36"("(mpsFileLoc): /AppleInternal/Library/BuildRoots/4~CYf0ugAFA2MHVp9fguae4KUVbl8-CIxgGlWKSUA/Library/Caches/com.apple.xbs/TemporaryDirectory.p76yMP/Sources/MetalPerformanceShadersGraph/mpsgraph/MetalPerformanceShadersGraph/Core/Files/MPSGraphUtilities.mm":234:0), "ane_validation_message"("Incompatible element type for ANE: expected fp16, f8E4M3, si8, ui8, si16, or ui16":0:0)]): Reached maxReorderingDistance 10
warning: loc(fused["mps_add_36"("(mpsFileLoc): /AppleInternal/Library/BuildRoots/4~CYf0ugAFA2MHVp9fguae4KUVbl8-CIxgGlWKSUA/Library/Caches/com.apple.xbs/TemporaryDirectory.p76yMP/Sources/MetalPerformanceShadersGraph/mpsgraph/MetalPerformanceShadersGraph/Core/Files/MPSGraphUtilities.mm":234:0), "ane_validation_message"("Incompatible element type for ANE: expected fp16, f8E4M3, si8, ui8, si16, or ui16":0:0)]): Reached maxReorderingDistance 10
warning: loc(fused["mps_add_48"("(mpsFileLoc): /AppleInternal/Library/BuildRoots/4~CYf0ugAFA2MHVp9fguae4KUVbl8-CIxgGlWKSUA/Library/Caches/com.apple.xbs/TemporaryDirectory.p76yMP/Sources/MetalPerformanceShadersGraph/mpsgraph/MetalPerformanceShadersGraph/Core/Files/MPSGraphUtilities.mm":234:0), "ane_validation_message"("Incompatible element type for ANE: expected fp16, f8E4M3, si8, ui8, si16, or ui16":0:0)]): Reached maxReorderingDistance 10
warning: loc(fused["mps_add_18"("(mpsFileLoc): /AppleInternal/Library/BuildRoots/4~CYf0ugAFA2MHVp9fguae4KUVbl8-CIxgGlWKSUA/Library/Caches/com.apple.xbs/TemporaryDirectory.p76yMP/Sources/MetalPerformanceShadersGraph/mpsgraph/MetalPerformanceShadersGraph/Core/Files/MPSGraphUtilities.mm":234:0), "ane_validation_message"("Incompatible element type for ANE: expected fp16, f8E4M3, si8, ui8, si16, or ui16":0:0)]): Reached maxReorderingDistance 10
warning: loc(fused["mps_add_18"("(mpsFileLoc): /AppleInternal/Library/BuildRoots/4~CYf0ugAFA2MHVp9fguae4KUVbl8-CIxgGlWKSUA/Library/Caches/com.apple.xbs/TemporaryDirectory.p76yMP/Sources/MetalPerformanceShadersGraph/mpsgraph/MetalPerformanceShadersGraph/Core/Files/MPSGraphUtilities.mm":234:0), "ane_validation_message"("Incompatible element type for ANE: expected fp16, f8E4M3, si8, ui8, si16, or ui16":0:0)]): Reached maxReorderingDistance 10
warning: loc(fused["mps_add_24"("(mpsFileLoc): /AppleInternal/Library/BuildRoots/4~CYf0ugAFA2MHVp9fguae4KUVbl8-CIxgGlWKSUA/Library/Caches/com.apple.xbs/TemporaryDirectory.p76yMP/Sources/MetalPerformanceShadersGraph/mpsgraph/MetalPerformanceShadersGraph/Core/Files/MPSGraphUtilities.mm":234:0), "ane_validation_message"("Incompatible element type for ANE: expected fp16, f8E4M3, si8, ui8, si16, or ui16":0:0)]): Reached maxReorderingDistance 10
warning: loc(fused["mps_add_24"("(mpsFileLoc): /AppleInternal/Library/BuildRoots/4~CYf0ugAFA2MHVp9fguae4KUVbl8-CIxgGlWKSUA/Library/Caches/com.apple.xbs/TemporaryDirectory.p76yMP/Sources/MetalPerformanceShadersGraph/mpsgraph/MetalPerformanceShadersGraph/Core/Files/MPSGraphUtilities.mm":234:0), "ane_validation_message"("Incompatible element type for ANE: expected fp16, f8E4M3, si8, ui8, si16, or ui16":0:0)]): Reached maxReorderingDistance 10
warning: loc(fused["mps_add_36"("(mpsFileLoc): /AppleInternal/Library/BuildRoots/4~CYf0ugAFA2MHVp9fguae4KUVbl8-CIxgGlWKSUA/Library/Caches/com.apple.xbs/TemporaryDirectory.p76yMP/Sources/MetalPerformanceShadersGraph/mpsgraph/MetalPerformanceShadersGraph/Core/Files/MPSGraphUtilities.mm":234:0), "ane_validation_message"("Incompatible element type for ANE: expected fp16, f8E4M3, si8, ui8, si16, or ui16":0:0)]): Reached maxReorderingDistance 10
warning: loc(fused["mps_add_36"("(mpsFileLoc): /AppleInternal/Library/BuildRoots/4~CYf0ugAFA2MHVp9fguae4KUVbl8-CIxgGlWKSUA/Library/Caches/com.apple.xbs/TemporaryDirectory.p76yMP/Sources/MetalPerformanceShadersGraph/mpsgraph/MetalPerformanceShadersGraph/Core/Files/MPSGraphUtilities.mm":234:0), "ane_validation_message"("Incompatible element type for ANE: expected fp16, f8E4M3, si8, ui8, si16, or ui16":0:0)]): Reached maxReorderingDistance 10
warning: loc(fused["mps_add_48"("(mpsFileLoc): /AppleInternal/Library/BuildRoots/4~CYf0ugAFA2MHVp9fguae4KUVbl8-CIxgGlWKSUA/Library/Caches/com.apple.xbs/TemporaryDirectory.p76yMP/Sources/MetalPerformanceShadersGraph/mpsgraph/MetalPerformanceShadersGraph/Core/Files/MPSGraphUtilities.mm":234:0), "ane_validation_message"("Incompatible element type for ANE: expected fp16, f8E4M3, si8, ui8, si16, or ui16":0:0)]): Reached maxReorderingDistance 10
warning: loc(fused["mps_add_18"("(mpsFileLoc): /AppleInternal/Library/BuildRoots/4~CYf0ugAFA2MHVp9fguae4KUVbl8-CIxgGlWKSUA/Library/Caches/com.apple.xbs/TemporaryDirectory.p76yMP/Sources/MetalPerformanceShadersGraph/mpsgraph/MetalPerformanceShadersGraph/Core/Files/MPSGraphUtilities.mm":234:0), "ane_validation_message"("Incompatible element type for ANE: expected fp16, f8E4M3, si8, ui8, si16, or ui16":0:0)]): Reached maxReorderingDistance 10
warning: loc(fused["mps_add_18"("(mpsFileLoc): /AppleInternal/Library/BuildRoots/4~CYf0ugAFA2MHVp9fguae4KUVbl8-CIxgGlWKSUA/Library/Caches/com.apple.xbs/TemporaryDirectory.p76yMP/Sources/MetalPerformanceShadersGraph/mpsgraph/MetalPerformanceShadersGraph/Core/Files/MPSGraphUtilities.mm":234:0), "ane_validation_message"("Incompatible element type for ANE: expected fp16, f8E4M3, si8, ui8, si16, or ui16":0:0)]): Reached maxReorderingDistance 10
warning: loc(fused["mps_add_24"("(mpsFileLoc): /AppleInternal/Library/BuildRoots/4~CYf0ugAFA2MHVp9fguae4KUVbl8-CIxgGlWKSUA/Library/Caches/com.apple.xbs/TemporaryDirectory.p76yMP/Sources/MetalPerformanceShadersGraph/mpsgraph/MetalPerformanceShadersGraph/Core/Files/MPSGraphUtilities.mm":234:0), "ane_validation_message"("Incompatible element type for ANE: expected fp16, f8E4M3, si8, ui8, si16, or ui16":0:0)]): Reached maxReorderingDistance 10
warning: loc(fused["mps_add_24"("(mpsFileLoc): /AppleInternal/Library/BuildRoots/4~CYf0ugAFA2MHVp9fguae4KUVbl8-CIxgGlWKSUA/Library/Caches/com.apple.xbs/TemporaryDirectory.p76yMP/Sources/MetalPerformanceShadersGraph/mpsgraph/MetalPerformanceShadersGraph/Core/Files/MPSGraphUtilities.mm":234:0), "ane_validation_message"("Incompatible element type for ANE: expected fp16, f8E4M3, si8, ui8, si16, or ui16":0:0)]): Reached maxReorderingDistance 10
warning: loc(fused["mps_add_36"("(mpsFileLoc): /AppleInternal/Library/BuildRoots/4~CYf0ugAFA2MHVp9fguae4KUVbl8-CIxgGlWKSUA/Library/Caches/com.apple.xbs/TemporaryDirectory.p76yMP/Sources/MetalPerformanceShadersGraph/mpsgraph/MetalPerformanceShadersGraph/Core/Files/MPSGraphUtilities.mm":234:0), "ane_validation_message"("Incompatible element type for ANE: expected fp16, f8E4M3, si8, ui8, si16, or ui16":0:0)]): Reached maxReorderingDistance 10
warning: loc(fused["mps_add_36"("(mpsFileLoc): /AppleInternal/Library/BuildRoots/4~CYf0ugAFA2MHVp9fguae4KUVbl8-CIxgGlWKSUA/Library/Caches/com.apple.xbs/TemporaryDirectory.p76yMP/Sources/MetalPerformanceShadersGraph/mpsgraph/MetalPerformanceShadersGraph/Core/Files/MPSGraphUtilities.mm":234:0), "ane_validation_message"("Incompatible element type for ANE: expected fp16, f8E4M3, si8, ui8, si16, or ui16":0:0)]): Reached maxReorderingDistance 10
warning: loc(fused["mps_add_48"("(mpsFileLoc): /AppleInternal/Library/BuildRoots/4~CYf0ugAFA2MHVp9fguae4KUVbl8-CIxgGlWKSUA/Library/Caches/com.apple.xbs/TemporaryDirectory.p76yMP/Sources/MetalPerformanceShadersGraph/mpsgraph/MetalPerformanceShadersGraph/Core/Files/MPSGraphUtilities.mm":234:0), "ane_validation_message"("Incompatible element type for ANE: expected fp16, f8E4M3, si8, ui8, si16, or ui16":0:0)]): Reached maxReorderingDistance 10
warning: loc(fused["mps_add_18"("(mpsFileLoc): /AppleInternal/Library/BuildRoots/4~CYf0ugAFA2MHVp9fguae4KUVbl8-CIxgGlWKSUA/Library/Caches/com.apple.xbs/TemporaryDirectory.p76yMP/Sources/MetalPerformanceShadersGraph/mpsgraph/MetalPerformanceShadersGraph/Core/Files/MPSGraphUtilities.mm":234:0), "ane_validation_message"("Incompatible element type for ANE: expected fp16, f8E4M3, si8, ui8, si16, or ui16":0:0)]): Reached maxReorderingDistance 10
warning: loc(fused["mps_add_18"("(mpsFileLoc): /AppleInternal/Library/BuildRoots/4~CYf0ugAFA2MHVp9fguae4KUVbl8-CIxgGlWKSUA/Library/Caches/com.apple.xbs/TemporaryDirectory.p76yMP/Sources/MetalPerformanceShadersGraph/mpsgraph/MetalPerformanceShadersGraph/Core/Files/MPSGraphUtilities.mm":234:0), "ane_validation_message"("Incompatible element type for ANE: expected fp16, f8E4M3, si8, ui8, si16, or ui16":0:0)]): Reached maxReorderingDistance 10
warning: loc(fused["mps_add_24"("(mpsFileLoc): /AppleInternal/Library/BuildRoots/4~CYf0ugAFA2MHVp9fguae4KUVbl8-CIxgGlWKSUA/Library/Caches/com.apple.xbs/TemporaryDirectory.p76yMP/Sources/MetalPerformanceShadersGraph/mpsgraph/MetalPerformanceShadersGraph/Core/Files/MPSGraphUtilities.mm":234:0), "ane_validation_message"("Incompatible element type for ANE: expected fp16, f8E4M3, si8, ui8, si16, or ui16":0:0)]): Reached maxReorderingDistance 10
warning: loc(fused["mps_add_24"("(mpsFileLoc): /AppleInternal/Library/BuildRoots/4~CYf0ugAFA2MHVp9fguae4KUVbl8-CIxgGlWKSUA/Library/Caches/com.apple.xbs/TemporaryDirectory.p76yMP/Sources/MetalPerformanceShadersGraph/mpsgraph/MetalPerformanceShadersGraph/Core/Files/MPSGraphUtilities.mm":234:0), "ane_validation_message"("Incompatible element type for ANE: expected fp16, f8E4M3, si8, ui8, si16, or ui16":0:0)]): Reached maxReorderingDistance 10
warning: loc(fused["mps_add_36"("(mpsFileLoc): /AppleInternal/Library/BuildRoots/4~CYf0ugAFA2MHVp9fguae4KUVbl8-CIxgGlWKSUA/Library/Caches/com.apple.xbs/TemporaryDirectory.p76yMP/Sources/MetalPerformanceShadersGraph/mpsgraph/MetalPerformanceShadersGraph/Core/Files/MPSGraphUtilities.mm":234:0), "ane_validation_message"("Incompatible element type for ANE: expected fp16, f8E4M3, si8, ui8, si16, or ui16":0:0)]): Reached maxReorderingDistance 10
warning: loc(fused["mps_add_36"("(mpsFileLoc): /AppleInternal/Library/BuildRoots/4~CYf0ugAFA2MHVp9fguae4KUVbl8-CIxgGlWKSUA/Library/Caches/com.apple.xbs/TemporaryDirectory.p76yMP/Sources/MetalPerformanceShadersGraph/mpsgraph/MetalPerformanceShadersGraph/Core/Files/MPSGraphUtilities.mm":234:0), "ane_validation_message"("Incompatible element type for ANE: expected fp16, f8E4M3, si8, ui8, si16, or ui16":0:0)]): Reached maxReorderingDistance 10
warning: loc(fused["mps_add_48"("(mpsFileLoc): /AppleInternal/Library/BuildRoots/4~CYf0ugAFA2MHVp9fguae4KUVbl8-CIxgGlWKSUA/Library/Caches/com.apple.xbs/TemporaryDirectory.p76yMP/Sources/MetalPerformanceShadersGraph/mpsgraph/MetalPerformanceShadersGraph/Core/Files/MPSGraphUtilities.mm":234:0), "ane_validation_message"("Incompatible element type for ANE: expected fp16, f8E4M3, si8, ui8, si16, or ui16":0:0)]): Reached maxReorderingDistance 10
[REPLAY] starting offline corpus replay over 1 corpus path(s)
[REPLAY] start-model: 20261005-lrBsilu-cyc1-replay-step18000.safetensors modelID=20261006-44-8ipq encoding=basic24
[RESUME-NUMERICS] policy_tail_precision=fp32_from_pre_bn matches the checkpoint
[REPLAY-ARCH] (start-model) v5 . in basic24(24) -> stem 128 (7x7) . 3x[7x7+7x7 @128, no-SE, silu/pre, clean_add, no-ReZero, out:layer_norm, drop*1] . act tower_end silu, policy leaky_relu, value_conv leaky_relu, value_fc1_hidden leaky_relu . policy intermediate_conv(4864) . value WDL(16->FC128) . bfloat16 . 5,132,687 params
[REPLAY-HPARAMS] lr=0.001 batch=4096 wd=0.0003 momentum=0.9 gradClip=2 entropyBonus=0 drawPenalty=0 policyW=1 valueW=1 illegalW=1 pLabelSmooth=0.1 pLabelSmoothMode=fixed_total pLabelSmoothPerMove=0.0033 pLabelSmoothPerMoveCap=0.5 vLabelSmooth=0.013 dropout=0 lrWarmup=1000 bufCap=500000 replayRatio=0.48 minPrefill=250000 complementCE=on sqrtBatchLR=on batchStats=10 klProbe=100 sampling=(maxPerGame=400 maxDrawPct=100 targetLen=0 stratify=off applied=on)
[REPLAY] trainer-model output: /Users/andrew/Library/Application Support/DrewsChessMachine/Models/20261006-lrBsilu-clip2-replay-latest.safetensors (new file)
[REPLAY] enumerated checkpoints: /Users/andrew/Library/Application Support/DrewsChessMachine/Models/20261006-lrBsilu-clip2-replay-seg1-step1000.safetensors and siblings (never overwritten)
[REPLAY] corpus 20260624-192615-w3aA5b: 46 sealed shard(s)
[RESUME] EXACT
[PARAM] random_seed_mode and random_seed=0 not used: an exact resume keeps the run's seed
[REPLAY] building network + trainer (encoding=basic24)
[NUMERICS] policy_tail_precision=fp32_from_pre_bn source=flag (affects bf16 / fp16 models only)
[RESUME] rng: sampler=restored
[RESUME] rng: dropout stream=restored
[REPLAY] start-model trainer state restored exactly (fp32 masters, velocity, trainerStep=18000) + feeder net (base tensors=61)
[REPLAY-CYCLE] lr=[trough 1.00e-03,peak 1.00e+00]^10000st cnt=0 inv=true mom=[0.75,0.90]^1000st cnt=0 inv=false decay=[peak->1.00e-04 trough->1.00e-05 over 10000000st] momFollow=[low 0.850->0.900 high 0.950->0.950] origin=trainerStep 18000 cycleStep 17000 cycleLR=1.0762e-02 cycleMom=0.9155 (exact resume of 20261006-44-8ipq)
[RUN] path=replay run=085EF48A-CD92-47F9-AE00-512F86091177 seg=1 (exact resume of 20261006-44-8ipq sha=4697674c64a7) build=2330 git=4e70c615 dirty=true device="Apple M5 Max" vm=false os="Version 27.2 (Build 26B5091g)" seed=20261005 mode=resumed(configured) derivation=v1 params_sha=7f1fb868a62c cum_step=18000 cum_games=2323995 cum_train_sec=40841.48844122887 argv="/Users/andrew/Library/Application Support/DrewsChessMachine/FrozenBuilds/DCM-2331-4e70c615-p1headact.app/Contents/MacOS/DrewsChessMachine --replay-corpus 20260624-192615-w3aA5b --start-model /Users/andrew/Library/Application Support/DrewsChessMachine/Models/20261005-lrBsilu-cyc1-replay-step18000.safetensors --resume-exact --accept-inexact params --out-model /Users/andrew/Library/Application Support/DrewsChessMachine/Models/20261006-lrBsilu-clip2-replay-latest.safetensors --parameters /Users/andrew/cursor/drews-chess-machine/experiments/20261005-lr-schedule-ab/parameters-Bsilu-clip2.json --epochs 12 --training-step-limit 5000 --enumerate-checkpoints --policy-tail-precision fp32_from_pre_bn --seed 20261005"
[REPLAY] batchSize=4096 reuse=0.48 K=8533 minPrefill=250000 stepLimit=5000 epochLimit=12
[REPLAY] pre-filled: bufCount=500000 positionsFed=757384 gamesFed=11325 rejected=0 skipped=0
[REPLAY] step=1 loss=3.5164 pLoss=2.7190 vLoss=0.7954 pEnt=-- pIllM=0.0021 playedP=-- pW=-- pD=-- pL=-- vAbs=-- pLogitMean=-- vLogitMean=-- gNorm=0.249 lr=0.0108 ms=1278.1 buf=500000 plies=765925 games=11447 rejected=0 skipped=0 epoch=0 mom=0.9155 lrCyc[pk=9.8e-01,tr=9.9e-04] trainerStep=18001
[LAYER-HEALTH] live trainerStep=18001 scope=batch_norm_state_only reluSites=2/10 ch=144 dead=0 off=0 alwaysOn=0 worst=none maxBetaOverGamma=+2.06@policy.pre_bn[103] minBetaOverGamma=-1.97@value.bn[4] rvMaxOverMedian=59.8@blocks.2.bn1[31] rezero=none nonFinite=0
[REPLAY] step=50 loss=3.5098 pLoss=2.7017 vLoss=0.8056 pEnt=2.855 pIllM=0.0025 playedP=0.174 pW=0.47 pD=0.07 pL=0.46 vAbs=0.240 pLogitMean=-9.7952 vLogitMean=0.5972 gNorm=0.262 lr=0.0119 ms=1381.9 buf=500000 plies=1184017 games=17656 rejected=0 skipped=0 epoch=0 mom=0.9140 lrCyc[pk=9.8e-01,tr=9.9e-04] trainerStep=18050
[LAYER-HEALTH] live trainerStep=18050 scope=batch_norm_state_only reluSites=2/10 ch=144 dead=0 off=0 alwaysOn=0 worst=none maxBetaOverGamma=+2.06@policy.pre_bn[103] minBetaOverGamma=-1.97@value.bn[4] rvMaxOverMedian=59.6@blocks.2.bn1[31] rezero=none nonFinite=0
[REPLAY] step=100 loss=3.5507 pLoss=2.7368 vLoss=0.8112 pEnt=2.870 pIllM=0.0026 playedP=0.171 pW=0.47 pD=0.07 pL=0.46 vAbs=0.232 pLogitMean=-9.7979 vLogitMean=0.5937 gNorm=0.254 lr=0.0133 ms=1377.4 buf=500000 plies=1610702 games=24121 rejected=0 skipped=0 epoch=0 mom=0.9125 lrCyc[pk=9.8e-01,tr=9.9e-04] trainerStep=18100
[LAYER-HEALTH] live trainerStep=18100 scope=batch_norm_state_only reluSites=2/10 ch=144 dead=0 off=0 alwaysOn=0 worst=none maxBetaOverGamma=+2.06@policy.pre_bn[103] minBetaOverGamma=-1.97@value.bn[4] rvMaxOverMedian=59.6@blocks.2.bn1[31] rezero=none nonFinite=0
[REPLAY] step=150 loss=3.5091 pLoss=2.7138 vLoss=0.7931 pEnt=2.857 pIllM=0.0022 playedP=0.176 pW=0.47 pD=0.06 pL=0.47 vAbs=0.249 pLogitMean=-9.7961 vLogitMean=0.5949 gNorm=0.274 lr=0.0147 ms=1693.0 buf=500000 plies=2037317 games=30561 rejected=0 skipped=0 epoch=0 mom=0.9109 lrCyc[pk=9.8e-01,tr=9.9e-04] trainerStep=18150
[LAYER-HEALTH] live trainerStep=18150 scope=batch_norm_state_only reluSites=2/10 ch=144 dead=0 off=0 alwaysOn=0 worst=none maxBetaOverGamma=+2.05@policy.pre_bn[103] minBetaOverGamma=-1.97@value.bn[4] rvMaxOverMedian=59.7@blocks.2.bn1[31] rezero=none nonFinite=0
[REPLAY] step=200 loss=3.5102 pLoss=2.7157 vLoss=0.7924 pEnt=2.858 pIllM=0.0022 playedP=0.176 pW=0.47 pD=0.06 pL=0.46 vAbs=0.241 pLogitMean=-9.7960 vLogitMean=0.5944 gNorm=0.252 lr=0.0164 ms=1521.5 buf=500000 plies=2463986 games=36896 rejected=0 skipped=0 epoch=0 mom=0.9094 lrCyc[pk=9.8e-01,tr=9.9e-04] trainerStep=18200
[LAYER-HEALTH] live trainerStep=18200 scope=batch_norm_state_only reluSites=2/10 ch=144 dead=0 off=0 alwaysOn=0 worst=none maxBetaOverGamma=+2.05@policy.pre_bn[103] minBetaOverGamma=-1.97@value.bn[4] rvMaxOverMedian=59.8@blocks.2.bn1[31] rezero=none nonFinite=0
[REPLAY] step=250 loss=3.5722 pLoss=2.7613 vLoss=0.8087 pEnt=2.864 pIllM=0.0022 playedP=0.174 pW=0.48 pD=0.07 pL=0.46 vAbs=0.231 pLogitMean=-9.7963 vLogitMean=0.5950 gNorm=0.278 lr=0.0182 ms=1428.4 buf=500000 plies=2890609 games=43288 rejected=0 skipped=0 epoch=0 mom=0.9079 lrCyc[pk=9.8e-01,tr=9.9e-04] trainerStep=18250
[LAYER-HEALTH] live trainerStep=18250 scope=batch_norm_state_only reluSites=2/10 ch=144 dead=0 off=0 alwaysOn=0 worst=none maxBetaOverGamma=+2.05@policy.pre_bn[103] minBetaOverGamma=-1.97@value.bn[4] rvMaxOverMedian=60.1@blocks.2.bn1[31] rezero=none nonFinite=0
[REPLAY] step=300 loss=3.5301 pLoss=2.7249 vLoss=0.8028 pEnt=2.845 pIllM=0.0024 playedP=0.178 pW=0.47 pD=0.07 pL=0.46 vAbs=0.234 pLogitMean=-9.7974 vLogitMean=0.5966 gNorm=0.260 lr=0.0203 ms=1340.9 buf=500000 plies=3317265 games=49688 rejected=0 skipped=0 epoch=0 mom=0.9063 lrCyc[pk=9.8e-01,tr=9.9e-04] trainerStep=18300
[LAYER-HEALTH] live trainerStep=18300 scope=batch_norm_state_only reluSites=2/10 ch=144 dead=0 off=0 alwaysOn=0 worst=none maxBetaOverGamma=+2.05@policy.pre_bn[103] minBetaOverGamma=-1.97@value.bn[4] rvMaxOverMedian=60.5@blocks.2.bn1[31] rezero=none nonFinite=0
[REPLAY] step=350 loss=3.5224 pLoss=2.7132 vLoss=0.8071 pEnt=2.874 pIllM=0.0020 playedP=0.173 pW=0.47 pD=0.07 pL=0.46 vAbs=0.239 pLogitMean=-9.7957 vLogitMean=0.5958 gNorm=0.278 lr=0.0226 ms=1373.3 buf=500000 plies=3743919 games=56030 rejected=0 skipped=0 epoch=0 mom=0.9047 lrCyc[pk=9.8e-01,tr=9.9e-04] trainerStep=18350
[LAYER-HEALTH] live trainerStep=18350 scope=batch_norm_state_only reluSites=2/10 ch=144 dead=0 off=0 alwaysOn=0 worst=none maxBetaOverGamma=+2.05@policy.pre_bn[103] minBetaOverGamma=-1.97@value.bn[4] rvMaxOverMedian=60.8@blocks.2.bn1[31] rezero=none nonFinite=0
[REPLAY] step=400 loss=3.4946 pLoss=2.6852 vLoss=0.8070 pEnt=2.864 pIllM=0.0024 playedP=0.173 pW=0.47 pD=0.07 pL=0.46 vAbs=0.248 pLogitMean=-9.7972 vLogitMean=0.5942 gNorm=0.292 lr=0.0252 ms=1552.5 buf=500000 plies=4170605 games=62456 rejected=0 skipped=0 epoch=0 mom=0.9032 lrCyc[pk=9.8e-01,tr=9.9e-04] trainerStep=18400
[LAYER-HEALTH] live trainerStep=18400 scope=batch_norm_state_only reluSites=2/10 ch=144 dead=0 off=0 alwaysOn=0 worst=none maxBetaOverGamma=+2.05@policy.pre_bn[103] minBetaOverGamma=-1.97@value.bn[9] rvMaxOverMedian=60.9@blocks.2.bn1[31] rezero=none nonFinite=0
[REPLAY] step=450 loss=3.5376 pLoss=2.7229 vLoss=0.8125 pEnt=2.871 pIllM=0.0021 playedP=0.176 pW=0.47 pD=0.07 pL=0.46 vAbs=0.240 pLogitMean=-9.7966 vLogitMean=0.5921 gNorm=0.281 lr=0.028 ms=1561.3 buf=500000 plies=4597244 games=68778 rejected=0 skipped=0 epoch=0 mom=0.9016 lrCyc[pk=9.8e-01,tr=9.9e-04] trainerStep=18450
[LAYER-HEALTH] live trainerStep=18450 scope=batch_norm_state_only reluSites=2/10 ch=144 dead=0 off=0 alwaysOn=0 worst=none maxBetaOverGamma=+2.05@policy.pre_bn[103] minBetaOverGamma=-1.98@value.bn[4] rvMaxOverMedian=60.6@blocks.2.bn1[31] rezero=none nonFinite=0
[REPLAY] step=500 loss=3.5117 pLoss=2.7084 vLoss=0.8012 pEnt=2.862 pIllM=0.0021 playedP=0.173 pW=0.47 pD=0.06 pL=0.46 vAbs=0.237 pLogitMean=-9.7979 vLogitMean=0.5957 gNorm=0.263 lr=0.0312 ms=1396.0 buf=500000 plies=5023873 games=75124 rejected=0 skipped=0 epoch=0 mom=0.9000 lrCyc[pk=9.8e-01,tr=9.9e-04] trainerStep=18500
[LAYER-HEALTH] live trainerStep=18500 scope=batch_norm_state_only reluSites=2/10 ch=144 dead=0 off=0 alwaysOn=0 worst=none maxBetaOverGamma=+2.05@policy.pre_bn[103] minBetaOverGamma=-1.99@value.bn[4] rvMaxOverMedian=60.8@blocks.2.bn1[31] rezero=none nonFinite=0
[REPLAY] step=550 loss=3.5149 pLoss=2.6999 vLoss=0.8128 pEnt=2.859 pIllM=0.0023 playedP=0.176 pW=0.47 pD=0.07 pL=0.47 vAbs=0.233 pLogitMean=-9.7941 vLogitMean=0.5945 gNorm=0.268 lr=0.0348 ms=1705.7 buf=500000 plies=5450512 games=81514 rejected=0 skipped=0 epoch=0 mom=0.8985 lrCyc[pk=9.8e-01,tr=9.9e-04] trainerStep=18550
[LAYER-HEALTH] live trainerStep=18550 scope=batch_norm_state_only reluSites=2/10 ch=144 dead=0 off=0 alwaysOn=0 worst=none maxBetaOverGamma=+2.05@policy.pre_bn[103] minBetaOverGamma=-1.98@value.bn[4] rvMaxOverMedian=60.6@blocks.2.bn1[31] rezero=none nonFinite=0
[REPLAY] step=600 loss=3.5433 pLoss=2.7240 vLoss=0.8169 pEnt=2.855 pIllM=0.0024 playedP=0.174 pW=0.47 pD=0.07 pL=0.46 vAbs=0.235 pLogitMean=-9.7929 vLogitMean=0.5957 gNorm=0.259 lr=0.0388 ms=1690.9 buf=500000 plies=5877203 games=87851 rejected=0 skipped=0 epoch=0 mom=0.8969 lrCyc[pk=9.8e-01,tr=9.9e-04] trainerStep=18600
[LAYER-HEALTH] live trainerStep=18600 scope=batch_norm_state_only reluSites=2/10 ch=144 dead=0 off=0 alwaysOn=0 worst=none maxBetaOverGamma=+2.05@policy.pre_bn[103] minBetaOverGamma=-1.97@value.bn[4] rvMaxOverMedian=60.8@blocks.2.bn1[31] rezero=none nonFinite=0
[REPLAY] step=650 loss=3.5379 pLoss=2.7350 vLoss=0.8001 pEnt=2.860 pIllM=0.0027 playedP=0.173 pW=0.47 pD=0.07 pL=0.46 vAbs=0.235 pLogitMean=-9.7989 vLogitMean=0.5952 gNorm=0.271 lr=0.0432 ms=1824.4 buf=500000 plies=6303816 games=94224 rejected=0 skipped=0 epoch=0 mom=0.8953 lrCyc[pk=9.8e-01,tr=9.9e-04] trainerStep=18650
[LAYER-HEALTH] live trainerStep=18650 scope=batch_norm_state_only reluSites=2/10 ch=144 dead=0 off=0 alwaysOn=0 worst=none maxBetaOverGamma=+2.05@policy.pre_bn[103] minBetaOverGamma=-1.99@value.bn[4] rvMaxOverMedian=61.0@blocks.2.bn1[31] rezero=none nonFinite=0
[REPLAY] step=700 loss=3.4832 pLoss=2.6763 vLoss=0.8048 pEnt=2.836 pIllM=0.0021 playedP=0.177 pW=0.47 pD=0.07 pL=0.46 vAbs=0.242 pLogitMean=-9.7959 vLogitMean=0.5926 gNorm=0.256 lr=0.0481 ms=1477.6 buf=500000 plies=6730473 games=100589 rejected=0 skipped=0 epoch=0 mom=0.8938 lrCyc[pk=9.8e-01,tr=9.9e-04] trainerStep=18700
[LAYER-HEALTH] live trainerStep=18700 scope=batch_norm_state_only reluSites=2/10 ch=144 dead=0 off=1 alwaysOn=0 worst=value.bn(dead 0 off 1 on 0) maxBetaOverGamma=+2.05@policy.pre_bn[103] minBetaOverGamma=-2.01@value.bn[4] rvMaxOverMedian=61.0@blocks.2.bn1[31] rezero=none nonFinite=0
[REPLAY] step=750 loss=3.5449 pLoss=2.7307 vLoss=0.8119 pEnt=2.852 pIllM=0.0023 playedP=0.178 pW=0.48 pD=0.07 pL=0.46 vAbs=0.235 pLogitMean=-9.7909 vLogitMean=0.5943 gNorm=0.281 lr=0.0536 ms=1527.0 buf=500000 plies=7157118 games=106962 rejected=0 skipped=0 epoch=0 mom=0.8922 lrCyc[pk=9.8e-01,tr=9.9e-04] trainerStep=18750
[LAYER-HEALTH] live trainerStep=18750 scope=batch_norm_state_only reluSites=2/10 ch=144 dead=0 off=1 alwaysOn=0 worst=value.bn(dead 0 off 1 on 0) maxBetaOverGamma=+2.05@policy.pre_bn[103] minBetaOverGamma=-2.00@value.bn[4] rvMaxOverMedian=61.1@blocks.2.bn1[31] rezero=none nonFinite=0
[REPLAY] step=800 loss=3.4842 pLoss=2.6823 vLoss=0.7995 pEnt=2.848 pIllM=0.0024 playedP=0.179 pW=0.47 pD=0.07 pL=0.46 vAbs=0.250 pLogitMean=-9.7844 vLogitMean=0.5923 gNorm=0.275 lr=0.0596 ms=1635.0 buf=500000 plies=7583788 games=113391 rejected=0 skipped=0 epoch=0 mom=0.8907 lrCyc[pk=9.8e-01,tr=9.9e-04] trainerStep=18800
[LAYER-HEALTH] live trainerStep=18800 scope=batch_norm_state_only reluSites=2/10 ch=144 dead=0 off=0 alwaysOn=0 worst=none maxBetaOverGamma=+2.05@policy.pre_bn[103] minBetaOverGamma=-2.00@value.bn[9] rvMaxOverMedian=61.2@blocks.2.bn1[31] rezero=none nonFinite=0
[REPLAY] step=850 loss=3.5047 pLoss=2.7004 vLoss=0.8017 pEnt=2.851 pIllM=0.0026 playedP=0.175 pW=0.47 pD=0.07 pL=0.47 vAbs=0.249 pLogitMean=-9.7838 vLogitMean=0.5953 gNorm=0.269 lr=0.0663 ms=1572.2 buf=500000 plies=8010413 games=119788 rejected=0 skipped=0 epoch=0 mom=0.8891 lrCyc[pk=9.8e-01,tr=9.9e-04] trainerStep=18850
[LAYER-HEALTH] live trainerStep=18850 scope=batch_norm_state_only reluSites=2/10 ch=144 dead=0 off=0 alwaysOn=0 worst=none maxBetaOverGamma=+2.06@policy.pre_bn[103] minBetaOverGamma=-1.99@value.bn[9] rvMaxOverMedian=61.4@blocks.2.bn1[31] rezero=none nonFinite=0
[REPLAY] step=900 loss=3.5382 pLoss=2.7380 vLoss=0.7981 pEnt=2.871 pIllM=0.0022 playedP=0.171 pW=0.47 pD=0.07 pL=0.46 vAbs=0.228 pLogitMean=-9.7803 vLogitMean=0.5920 gNorm=0.268 lr=0.0737 ms=1550.3 buf=500000 plies=8437055 games=126198 rejected=0 skipped=0 epoch=0 mom=0.8876 lrCyc[pk=9.8e-01,tr=9.9e-04] trainerStep=18900
[LAYER-HEALTH] live trainerStep=18900 scope=batch_norm_state_only reluSites=2/10 ch=144 dead=0 off=0 alwaysOn=0 worst=none maxBetaOverGamma=+2.07@policy.pre_bn[103] minBetaOverGamma=-1.99@value.bn[4] rvMaxOverMedian=61.4@blocks.2.bn1[31] rezero=none nonFinite=0
[REPLAY] step=950 loss=3.5110 pLoss=2.7008 vLoss=0.8077 pEnt=2.862 pIllM=0.0025 playedP=0.173 pW=0.46 pD=0.07 pL=0.47 vAbs=0.239 pLogitMean=-9.7760 vLogitMean=0.5938 gNorm=0.275 lr=0.0818 ms=1309.2 buf=500000 plies=8863714 games=132569 rejected=0 skipped=0 epoch=0 mom=0.8861 lrCyc[pk=9.8e-01,tr=9.9e-04] trainerStep=18950
[LAYER-HEALTH] live trainerStep=18950 scope=batch_norm_state_only reluSites=2/10 ch=144 dead=0 off=0 alwaysOn=0 worst=none maxBetaOverGamma=+2.07@policy.pre_bn[103] minBetaOverGamma=-1.98@value.bn[4] rvMaxOverMedian=61.7@blocks.2.bn1[31] rezero=none nonFinite=0
[REPLAY] step=1000 loss=3.4656 pLoss=2.6726 vLoss=0.7906 pEnt=2.840 pIllM=0.0023 playedP=0.181 pW=0.47 pD=0.07 pL=0.47 vAbs=0.248 pLogitMean=-9.7721 vLogitMean=0.5934 gNorm=0.288 lr=0.0907 ms=1360.8 buf=500000 plies=9290411 games=138927 rejected=0 skipped=0 epoch=0 mom=0.8846 lrCyc[pk=9.8e-01,tr=9.9e-04] trainerStep=19000
[LAYER-HEALTH] live trainerStep=19000 scope=batch_norm_state_only reluSites=2/10 ch=144 dead=0 off=0 alwaysOn=0 worst=none maxBetaOverGamma=+2.07@policy.pre_bn[103] minBetaOverGamma=-2.00@value.bn[4] rvMaxOverMedian=61.9@blocks.2.bn1[31] rezero=none nonFinite=0
[REPLAY] saved trainer model (autosave) step=1000 trainerStep=19000 nextGame=2451597 shard=5 epoch=0 -> 20261006-lrBsilu-clip2-replay-latest.safetensors
[LAYER-HEALTH] checkpoint replay-autosave step=1000 trainerStep=19000 scope=all_tensors reluSites=2/10 ch=144 dead=0 off=0 alwaysOn=0 worst=none maxBetaOverGamma=+2.07@policy.pre_bn[103] minBetaOverGamma=-2.00@value.bn[4] rvMaxOverMedian=61.9@blocks.2.bn1[31] rezero=none nonFinite=0 seZeroVel=none valueFC1ZeroVel=0/128 maxAbs=21.64@blocks.2.bn1.running_var
[LAYER-HEALTH]   batch-norm sites — β/|γ|: dead < -3.00, mostly off < -2.00, always on > +3.00; classified for relu/leaky_relu only
[LAYER-HEALTH]     site            act            ch   dead    off     on  zeroγ nonfin  min β/|γ| [ch]     max β/|γ| [ch]     rv max/median [ch]
[LAYER-HEALTH]     stem.bn         -             128    n/a    n/a    n/a      0      0     -0.48 [104]        +0.26 [20]            5.4 [5]
[LAYER-HEALTH]     blocks.0.bn1    silu          128    n/a    n/a    n/a      0      0     -0.67 [5]          +0.14 [103]           3.1 [14]
[LAYER-HEALTH]     blocks.0.bn2    silu          128    n/a    n/a    n/a      0      0     -1.02 [53]         +1.04 [48]            5.2 [79]
[LAYER-HEALTH]     blocks.1.bn1    silu          128    n/a    n/a    n/a      0      0     -1.23 [17]         +0.05 [31]           59.9 [31]
[LAYER-HEALTH]     blocks.1.bn2    silu          128    n/a    n/a    n/a      0      0     -1.24 [120]        -0.05 [101]           8.9 [70]
[LAYER-HEALTH]     blocks.2.bn1    silu          128    n/a    n/a    n/a      0      0     -1.91 [17]         +1.31 [31]           61.9 [31]
[LAYER-HEALTH]     blocks.2.bn2    silu          128    n/a    n/a    n/a      0      0     -1.54 [78]         +0.03 [16]            3.7 [26]
[LAYER-HEALTH]     tower_final_bn  silu          128    n/a    n/a    n/a      0      0     -0.45 [90]         +0.79 [6]             8.2 [31]
[LAYER-HEALTH]     policy.pre_bn   leaky_relu    128      0      0      0      0      0     -0.77 [26]         +2.07 [103]           2.7 [53]
[LAYER-HEALTH]     value.bn        leaky_relu     16      0      0      0      0      0     -2.00 [4]          -0.73 [13]            2.2 [11]
[LAYER-HEALTH]   FC hidden-unit velocity — zero: every weight-velocity entry exactly 0; low: nonzero but < 5% of the layer's p90 unit norm
[LAYER-HEALTH]     value.fc1.weight  leaky_relu  units 128  zero 0  low 13  median unit norm 0.003812
[LAYER-HEALTH]     (no SE blocks)
[LAYER-HEALTH]   ReZero: none
[LAYER-HEALTH]   non-finite: 0 values in 0 of 102 tensors (10263038 values examined)
[LAYER-HEALTH]   largest |value|: blocks.2.bn1.running_var 21.64, blocks.1.bn1.running_var 18.99, blocks.1.bn2.running_var 12.35, blocks.0.bn2.running_var 9.45, blocks.2.bn2.running_var 7.114
[REPLAY] enumerated checkpoint -> 20261006-lrBsilu-clip2-replay-seg1-step1000.safetensors
[REPLAY] step=1050 loss=3.5118 pLoss=2.7213 vLoss=0.7881 pEnt=2.849 pIllM=0.0024 playedP=0.177 pW=0.46 pD=0.07 pL=0.47 vAbs=0.238 pLogitMean=-9.7624 vLogitMean=0.5895 gNorm=0.281 lr=0.1 ms=1427.0 buf=500000 plies=9717035 games=145246 rejected=0 skipped=0 epoch=0 mom=0.8831 lrCyc[pk=9.8e-01,tr=9.9e-04] trainerStep=19050
[LAYER-HEALTH] live trainerStep=19050 scope=batch_norm_state_only reluSites=2/10 ch=144 dead=0 off=1 alwaysOn=0 worst=value.bn(dead 0 off 1 on 0) maxBetaOverGamma=+2.07@policy.pre_bn[103] minBetaOverGamma=-2.03@value.bn[4] rvMaxOverMedian=62.1@blocks.2.bn1[31] rezero=none nonFinite=0
[REPLAY] step=1100 loss=3.4999 pLoss=2.7125 vLoss=0.7849 pEnt=2.879 pIllM=0.0025 playedP=0.170 pW=0.46 pD=0.06 pL=0.48 vAbs=0.241 pLogitMean=-9.7577 vLogitMean=0.5932 gNorm=0.275 lr=0.111 ms=1402.3 buf=500000 plies=10143690 games=151726 rejected=0 skipped=0 epoch=0 mom=0.8817 lrCyc[pk=9.8e-01,tr=9.9e-04] trainerStep=19100
[LAYER-HEALTH] live trainerStep=19100 scope=batch_norm_state_only reluSites=2/10 ch=144 dead=0 off=1 alwaysOn=0 worst=value.bn(dead 0 off 1 on 0) maxBetaOverGamma=+2.06@policy.pre_bn[103] minBetaOverGamma=-2.01@value.bn[4] rvMaxOverMedian=61.9@blocks.2.bn1[31] rezero=none nonFinite=0
[REPLAY] step=1150 loss=3.5412 pLoss=2.7196 vLoss=0.8191 pEnt=2.851 pIllM=0.0025 playedP=0.177 pW=0.47 pD=0.07 pL=0.46 vAbs=0.222 pLogitMean=-9.7440 vLogitMean=0.5933 gNorm=0.303 lr=0.123 ms=1305.7 buf=500000 plies=10570323 games=158105 rejected=0 skipped=0 epoch=0 mom=0.8802 lrCyc[pk=9.8e-01,tr=9.9e-04] trainerStep=19150
[LAYER-HEALTH] live trainerStep=19150 scope=batch_norm_state_only reluSites=2/10 ch=144 dead=0 off=0 alwaysOn=0 worst=none maxBetaOverGamma=+2.07@policy.pre_bn[103] minBetaOverGamma=-2.00@value.bn[4] rvMaxOverMedian=62.0@blocks.2.bn1[31] rezero=none nonFinite=0
[REPLAY] step=1200 loss=3.4824 pLoss=2.6735 vLoss=0.8066 pEnt=2.850 pIllM=0.0024 playedP=0.178 pW=0.47 pD=0.07 pL=0.46 vAbs=0.256 pLogitMean=-9.7393 vLogitMean=0.5941 gNorm=0.291 lr=0.136 ms=1369.0 buf=500000 plies=10996992 games=164469 rejected=0 skipped=0 epoch=0 mom=0.8788 lrCyc[pk=9.8e-01,tr=9.9e-04] trainerStep=19200
[LAYER-HEALTH] live trainerStep=19200 scope=batch_norm_state_only reluSites=2/10 ch=144 dead=0 off=1 alwaysOn=0 worst=value.bn(dead 0 off 1 on 0) maxBetaOverGamma=+2.06@policy.pre_bn[103] minBetaOverGamma=-2.00@value.bn[4] rvMaxOverMedian=61.6@blocks.2.bn1[31] rezero=none nonFinite=0
[REPLAY] step=1250 loss=3.5530 pLoss=2.7423 vLoss=0.8082 pEnt=2.882 pIllM=0.0025 playedP=0.168 pW=0.48 pD=0.07 pL=0.45 vAbs=0.240 pLogitMean=-9.7350 vLogitMean=0.5960 gNorm=0.300 lr=0.15 ms=1313.7 buf=500000 plies=11423631 games=170800 rejected=0 skipped=0 epoch=0 mom=0.8774 lrCyc[pk=9.8e-01,tr=9.9e-04] trainerStep=19250
[LAYER-HEALTH] live trainerStep=19250 scope=batch_norm_state_only reluSites=2/10 ch=144 dead=0 off=1 alwaysOn=0 worst=value.bn(dead 0 off 1 on 0) maxBetaOverGamma=+2.05@policy.pre_bn[103] minBetaOverGamma=-2.04@value.bn[4] rvMaxOverMedian=61.3@blocks.2.bn1[31] rezero=none nonFinite=0
[REPLAY] step=1300 loss=3.5211 pLoss=2.7012 vLoss=0.8173 pEnt=2.862 pIllM=0.0027 playedP=0.171 pW=0.48 pD=0.07 pL=0.46 vAbs=0.253 pLogitMean=-9.7275 vLogitMean=0.5964 gNorm=0.338 lr=0.165 ms=1414.4 buf=500000 plies=11850259 games=177110 rejected=0 skipped=0 epoch=0 mom=0.8760 lrCyc[pk=9.8e-01,tr=9.9e-04] trainerStep=19300
[LAYER-HEALTH] live trainerStep=19300 scope=batch_norm_state_only reluSites=2/10 ch=144 dead=0 off=1 alwaysOn=0 worst=value.bn(dead 0 off 1 on 0) maxBetaOverGamma=+2.04@policy.pre_bn[103] minBetaOverGamma=-2.00@value.bn[4] rvMaxOverMedian=62.2@blocks.2.bn1[31] rezero=none nonFinite=0
[REPLAY] step=1350 loss=3.5016 pLoss=2.6927 vLoss=0.8065 pEnt=2.854 pIllM=0.0024 playedP=0.176 pW=0.47 pD=0.07 pL=0.46 vAbs=0.241 pLogitMean=-9.7054 vLogitMean=0.5955 gNorm=0.291 lr=0.181 ms=1250.5 buf=500000 plies=12276972 games=183445 rejected=0 skipped=0 epoch=0 mom=0.8746 lrCyc[pk=9.8e-01,tr=9.9e-04] trainerStep=19350
[LAYER-HEALTH] live trainerStep=19350 scope=batch_norm_state_only reluSites=2/10 ch=144 dead=0 off=0 alwaysOn=0 worst=none maxBetaOverGamma=+2.08@policy.pre_bn[103] minBetaOverGamma=-1.98@value.bn[9] rvMaxOverMedian=62.6@blocks.2.bn1[31] rezero=none nonFinite=0
[REPLAY] step=1400 loss=3.4958 pLoss=2.6998 vLoss=0.7934 pEnt=2.863 pIllM=0.0027 playedP=0.176 pW=0.47 pD=0.07 pL=0.47 vAbs=0.231 pLogitMean=-9.6909 vLogitMean=0.5986 gNorm=0.319 lr=0.198 ms=1412.7 buf=500000 plies=12703563 games=189819 rejected=0 skipped=0 epoch=0 mom=0.8733 lrCyc[pk=9.8e-01,tr=9.9e-04] trainerStep=19400
[LAYER-HEALTH] live trainerStep=19400 scope=batch_norm_state_only reluSites=2/10 ch=144 dead=0 off=1 alwaysOn=0 worst=value.bn(dead 0 off 1 on 0) maxBetaOverGamma=+2.07@policy.pre_bn[103] minBetaOverGamma=-2.02@value.bn[9] rvMaxOverMedian=61.9@blocks.2.bn1[31] rezero=none nonFinite=0
[REPLAY] step=1450 loss=3.5210 pLoss=2.7184 vLoss=0.7998 pEnt=2.874 pIllM=0.0028 playedP=0.172 pW=0.47 pD=0.06 pL=0.47 vAbs=0.246 pLogitMean=-9.6707 vLogitMean=0.5977 gNorm=0.299 lr=0.217 ms=1333.4 buf=500000 plies=13130310 games=196233 rejected=0 skipped=0 epoch=0 mom=0.8720 lrCyc[pk=9.8e-01,tr=9.9e-04] trainerStep=19450
[LAYER-HEALTH] live trainerStep=19450 scope=batch_norm_state_only reluSites=2/10 ch=144 dead=0 off=1 alwaysOn=0 worst=value.bn(dead 0 off 1 on 0) maxBetaOverGamma=+2.09@policy.pre_bn[103] minBetaOverGamma=-2.03@value.bn[9] rvMaxOverMedian=61.8@blocks.2.bn1[31] rezero=none nonFinite=0
[REPLAY] step=1500 loss=3.5213 pLoss=2.7082 vLoss=0.8103 pEnt=2.841 pIllM=0.0028 playedP=0.178 pW=0.47 pD=0.07 pL=0.45 vAbs=0.230 pLogitMean=-9.6672 vLogitMean=0.5910 gNorm=0.295 lr=0.237 ms=1261.6 buf=500000 plies=13556862 games=202597 rejected=0 skipped=0 epoch=0 mom=0.8707 lrCyc[pk=9.8e-01,tr=9.9e-04] trainerStep=19500
[LAYER-HEALTH] live trainerStep=19500 scope=batch_norm_state_only reluSites=2/10 ch=144 dead=0 off=1 alwaysOn=0 worst=value.bn(dead 0 off 1 on 0) maxBetaOverGamma=+2.11@policy.pre_bn[103] minBetaOverGamma=-2.05@value.bn[9] rvMaxOverMedian=62.4@blocks.2.bn1[31] rezero=none nonFinite=0
[REPLAY] step=1550 loss=3.5110 pLoss=2.7044 vLoss=0.8038 pEnt=2.849 pIllM=0.0028 playedP=0.174 pW=0.45 pD=0.07 pL=0.49 vAbs=0.232 pLogitMean=-9.6613 vLogitMean=0.5888 gNorm=0.331 lr=0.259 ms=1294.9 buf=500000 plies=13983576 games=208992 rejected=0 skipped=0 epoch=0 mom=0.8694 lrCyc[pk=9.8e-01,tr=9.9e-04] trainerStep=19550
[LAYER-HEALTH] live trainerStep=19550 scope=batch_norm_state_only reluSites=2/10 ch=144 dead=0 off=1 alwaysOn=0 worst=value.bn(dead 0 off 1 on 0) maxBetaOverGamma=+2.09@policy.pre_bn[103] minBetaOverGamma=-2.01@value.bn[9] rvMaxOverMedian=63.0@blocks.2.bn1[31] rezero=none nonFinite=0
[REPLAY] step=1600 loss=3.5609 pLoss=2.7333 vLoss=0.8247 pEnt=2.881 pIllM=0.0029 playedP=0.167 pW=0.46 pD=0.08 pL=0.46 vAbs=0.234 pLogitMean=-9.6384 vLogitMean=0.5879 gNorm=0.331 lr=0.281 ms=1242.2 buf=500000 plies=14410165 games=215360 rejected=0 skipped=0 epoch=0 mom=0.8682 lrCyc[pk=9.8e-01,tr=9.9e-04] trainerStep=19600
[LAYER-HEALTH] live trainerStep=19600 scope=batch_norm_state_only reluSites=2/10 ch=144 dead=0 off=1 alwaysOn=0 worst=value.bn(dead 0 off 1 on 0) maxBetaOverGamma=+2.08@policy.pre_bn[103] minBetaOverGamma=-2.04@value.bn[9] rvMaxOverMedian=63.4@blocks.2.bn1[31] rezero=none nonFinite=0
[REPLAY] step=1650 loss=3.5581 pLoss=2.7424 vLoss=0.8125 pEnt=2.833 pIllM=0.0032 playedP=0.179 pW=0.47 pD=0.07 pL=0.46 vAbs=0.221 pLogitMean=-9.6195 vLogitMean=0.5896 gNorm=0.327 lr=0.306 ms=1275.7 buf=500000 plies=14836856 games=221700 rejected=0 skipped=0 epoch=0 mom=0.8670 lrCyc[pk=9.8e-01,tr=9.9e-04] trainerStep=19650
[LAYER-HEALTH] live trainerStep=19650 scope=batch_norm_state_only reluSites=2/10 ch=144 dead=0 off=1 alwaysOn=0 worst=value.bn(dead 0 off 1 on 0) maxBetaOverGamma=+2.11@policy.pre_bn[103] minBetaOverGamma=-2.02@value.bn[9] rvMaxOverMedian=63.4@blocks.2.bn1[31] rezero=none nonFinite=0
[REPLAY] step=1700 loss=3.5525 pLoss=2.7621 vLoss=0.7868 pEnt=2.840 pIllM=0.0036 playedP=0.178 pW=0.48 pD=0.06 pL=0.46 vAbs=0.268 pLogitMean=-9.6112 vLogitMean=0.5992 gNorm=0.353 lr=0.331 ms=1351.6 buf=500000 plies=15263522 games=228128 rejected=0 skipped=0 epoch=0 mom=0.8659 lrCyc[pk=9.8e-01,tr=9.9e-04] trainerStep=19700
[LAYER-HEALTH] live trainerStep=19700 scope=batch_norm_state_only reluSites=2/10 ch=144 dead=0 off=1 alwaysOn=0 worst=value.bn(dead 0 off 1 on 0) maxBetaOverGamma=+2.09@policy.pre_bn[103] minBetaOverGamma=-2.04@value.bn[9] rvMaxOverMedian=62.6@blocks.2.bn1[31] rezero=none nonFinite=0
[REPLAY] step=1750 loss=3.5110 pLoss=2.7281 vLoss=0.7792 pEnt=2.873 pIllM=0.0036 playedP=0.168 pW=0.47 pD=0.06 pL=0.47 vAbs=0.250 pLogitMean=-9.5964 vLogitMean=0.5999 gNorm=0.327 lr=0.358 ms=1312.9 buf=500000 plies=15690155 games=234508 rejected=0 skipped=0 epoch=0 mom=0.8647 lrCyc[pk=9.8e-01,tr=9.9e-04] trainerStep=19750
[LAYER-HEALTH] live trainerStep=19750 scope=batch_norm_state_only reluSites=2/10 ch=144 dead=0 off=0 alwaysOn=0 worst=none maxBetaOverGamma=+2.12@policy.pre_bn[103] minBetaOverGamma=-1.99@value.bn[4] rvMaxOverMedian=61.7@blocks.2.bn1[31] rezero=none nonFinite=0
[REPLAY] step=1800 loss=3.5374 pLoss=2.7286 vLoss=0.8048 pEnt=2.855 pIllM=0.0040 playedP=0.175 pW=0.46 pD=0.07 pL=0.48 vAbs=0.231 pLogitMean=-9.5884 vLogitMean=0.5936 gNorm=0.330 lr=0.386 ms=1821.4 buf=500000 plies=16116810 games=240926 rejected=0 skipped=0 epoch=0 mom=0.8636 lrCyc[pk=9.8e-01,tr=9.9e-04] trainerStep=19800
[LAYER-HEALTH] live trainerStep=19800 scope=batch_norm_state_only reluSites=2/10 ch=144 dead=0 off=0 alwaysOn=0 worst=none maxBetaOverGamma=+2.15@policy.pre_bn[103] minBetaOverGamma=-1.92@value.bn[4] rvMaxOverMedian=59.6@blocks.1.bn1[31] rezero=none nonFinite=0
[REPLAY] step=1850 loss=3.5612 pLoss=2.7615 vLoss=0.7955 pEnt=2.871 pIllM=0.0042 playedP=0.166 pW=0.48 pD=0.06 pL=0.45 vAbs=0.257 pLogitMean=-9.5809 vLogitMean=0.5997 gNorm=0.333 lr=0.415 ms=1405.6 buf=500000 plies=16543443 games=247269 rejected=0 skipped=0 epoch=0 mom=0.8626 lrCyc[pk=9.8e-01,tr=9.9e-04] trainerStep=19850
[LAYER-HEALTH] live trainerStep=19850 scope=batch_norm_state_only reluSites=2/10 ch=144 dead=0 off=0 alwaysOn=0 worst=none maxBetaOverGamma=+2.11@policy.pre_bn[103] minBetaOverGamma=-1.92@value.bn[4] rvMaxOverMedian=71.0@blocks.2.bn1[76] rezero=none nonFinite=0
[REPLAY] step=1900 loss=3.5239 pLoss=2.7126 vLoss=0.8070 pEnt=2.856 pIllM=0.0043 playedP=0.168 pW=0.46 pD=0.07 pL=0.47 vAbs=0.248 pLogitMean=-9.5698 vLogitMean=0.5937 gNorm=0.364 lr=0.445 ms=1408.1 buf=500000 plies=16970101 games=253605 rejected=0 skipped=0 epoch=0 mom=0.8616 lrCyc[pk=9.8e-01,tr=9.9e-04] trainerStep=19900
[LAYER-HEALTH] live trainerStep=19900 scope=batch_norm_state_only reluSites=2/10 ch=144 dead=0 off=0 alwaysOn=0 worst=none maxBetaOverGamma=+2.15@policy.pre_bn[103] minBetaOverGamma=-1.92@value.bn[4] rvMaxOverMedian=104.9@blocks.2.bn1[76] rezero=none nonFinite=0
[REPLAY] step=1950 loss=3.5334 pLoss=2.7407 vLoss=0.7878 pEnt=2.815 pIllM=0.0049 playedP=0.178 pW=0.48 pD=0.07 pL=0.46 vAbs=0.251 pLogitMean=-9.5854 vLogitMean=0.6018 gNorm=0.363 lr=0.476 ms=1377.1 buf=500000 plies=17396737 games=260006 rejected=0 skipped=0 epoch=0 mom=0.8606 lrCyc[pk=9.8e-01,tr=9.9e-04] trainerStep=19950
[LAYER-HEALTH] live trainerStep=19950 scope=batch_norm_state_only reluSites=2/10 ch=144 dead=0 off=0 alwaysOn=0 worst=none maxBetaOverGamma=+2.14@policy.pre_bn[103] minBetaOverGamma=-1.85@value.bn[9] rvMaxOverMedian=122.5@blocks.2.bn1[76] rezero=none nonFinite=0
[REPLAY] step=2000 loss=3.5298 pLoss=2.7282 vLoss=0.7972 pEnt=2.816 pIllM=0.0045 playedP=0.179 pW=0.47 pD=0.06 pL=0.47 vAbs=0.238 pLogitMean=-9.5672 vLogitMean=0.6062 gNorm=0.355 lr=0.508 ms=1233.8 buf=500000 plies=17823366 games=266440 rejected=0 skipped=0 epoch=0 mom=0.8596 lrCyc[pk=9.8e-01,tr=9.9e-04] trainerStep=20000
[LAYER-HEALTH] live trainerStep=20000 scope=batch_norm_state_only reluSites=2/10 ch=144 dead=0 off=0 alwaysOn=0 worst=none maxBetaOverGamma=+2.13@policy.pre_bn[103] minBetaOverGamma=-1.85@value.bn[9] rvMaxOverMedian=129.5@blocks.2.bn1[76] rezero=none nonFinite=0
[REPLAY] saved trainer model (autosave) step=2000 trainerStep=20000 nextGame=2579110 shard=5 epoch=0 -> 20261006-lrBsilu-clip2-replay-latest.safetensors
[LAYER-HEALTH] checkpoint replay-autosave step=2000 trainerStep=20000 scope=all_tensors reluSites=2/10 ch=144 dead=0 off=0 alwaysOn=0 worst=none maxBetaOverGamma=+2.13@policy.pre_bn[103] minBetaOverGamma=-1.85@value.bn[9] rvMaxOverMedian=129.5@blocks.2.bn1[76] rezero=none nonFinite=0 seZeroVel=none valueFC1ZeroVel=0/128 maxAbs=47.74@blocks.2.bn1.running_var
[LAYER-HEALTH]   batch-norm sites — β/|γ|: dead < -3.00, mostly off < -2.00, always on > +3.00; classified for relu/leaky_relu only
[LAYER-HEALTH]     site            act            ch   dead    off     on  zeroγ nonfin  min β/|γ| [ch]     max β/|γ| [ch]     rv max/median [ch]
[LAYER-HEALTH]     stem.bn         -             128    n/a    n/a    n/a      0      0     -0.49 [104]        +0.27 [20]            5.0 [79]
[LAYER-HEALTH]     blocks.0.bn1    silu          128    n/a    n/a    n/a      0      0     -0.67 [21]         +0.13 [103]           3.1 [14]
[LAYER-HEALTH]     blocks.0.bn2    silu          128    n/a    n/a    n/a      0      0     -1.02 [53]         +1.11 [48]            5.1 [79]
[LAYER-HEALTH]     blocks.1.bn1    silu          128    n/a    n/a    n/a      0      0     -1.22 [17]         +0.02 [31]           63.5 [31]
[LAYER-HEALTH]     blocks.1.bn2    silu          128    n/a    n/a    n/a      0      0     -1.24 [120]        -0.06 [101]           9.9 [70]
[LAYER-HEALTH]     blocks.2.bn1    silu          128    n/a    n/a    n/a      0      0     -1.94 [17]         +1.34 [31]          129.5 [76]
[LAYER-HEALTH]     blocks.2.bn2    silu          128    n/a    n/a    n/a      0      0     -1.53 [78]         +0.03 [16]            3.7 [26]
[LAYER-HEALTH]     tower_final_bn  silu          128    n/a    n/a    n/a      0      0     -0.47 [90]         +0.83 [6]            13.4 [76]
[LAYER-HEALTH]     policy.pre_bn   leaky_relu    128      0      0      0      0      0     -0.81 [26]         +2.13 [103]           2.7 [53]
[LAYER-HEALTH]     value.bn        leaky_relu     16      0      0      0      0      0     -1.85 [9]          -0.63 [13]            2.5 [11]
[LAYER-HEALTH]   FC hidden-unit velocity — zero: every weight-velocity entry exactly 0; low: nonzero but < 5% of the layer's p90 unit norm
[LAYER-HEALTH]     value.fc1.weight  leaky_relu  units 128  zero 0  low 6  median unit norm 0.004251
[LAYER-HEALTH]     (no SE blocks)
[LAYER-HEALTH]   ReZero: none
[LAYER-HEALTH]   non-finite: 0 values in 0 of 102 tensors (10263038 values examined)
[LAYER-HEALTH]   largest |value|: blocks.2.bn1.running_var 47.74, blocks.1.bn1.running_var 20.26, blocks.1.bn2.running_var 12.38, blocks.0.bn2.running_var 8.462, tower_final_bn.running_var 7.161
[REPLAY] enumerated checkpoint -> 20261006-lrBsilu-clip2-replay-seg1-step2000.safetensors
[REPLAY] step=2050 loss=3.5708 pLoss=2.7689 vLoss=0.7975 pEnt=2.847 pIllM=0.0044 playedP=0.173 pW=0.49 pD=0.06 pL=0.45 vAbs=0.246 pLogitMean=-9.5678 vLogitMean=0.6045 gNorm=0.312 lr=0.541 ms=1300.0 buf=500000 plies=18250020 games=272815 rejected=0 skipped=0 epoch=0 mom=0.8587 lrCyc[pk=9.8e-01,tr=9.9e-04] trainerStep=20050
[LAYER-HEALTH] live trainerStep=20050 scope=batch_norm_state_only reluSites=2/10 ch=144 dead=0 off=0 alwaysOn=0 worst=none maxBetaOverGamma=+2.15@policy.pre_bn[103] minBetaOverGamma=-1.79@value.bn[4] rvMaxOverMedian=134.7@blocks.2.bn1[76] rezero=none nonFinite=0
[REPLAY] step=2100 loss=3.4931 pLoss=2.7045 vLoss=0.7833 pEnt=2.865 pIllM=0.0053 playedP=0.169 pW=0.46 pD=0.06 pL=0.48 vAbs=0.262 pLogitMean=-9.5725 vLogitMean=0.6011 gNorm=0.337 lr=0.574 ms=1276.9 buf=500000 plies=18676745 games=279189 rejected=0 skipped=0 epoch=0 mom=0.8579 lrCyc[pk=9.8e-01,tr=9.9e-04] trainerStep=20100
[LAYER-HEALTH] live trainerStep=20100 scope=batch_norm_state_only reluSites=2/10 ch=144 dead=0 off=0 alwaysOn=0 worst=none maxBetaOverGamma=+2.20@policy.pre_bn[103] minBetaOverGamma=-1.85@value.bn[4] rvMaxOverMedian=137.6@blocks.2.bn1[76] rezero=none nonFinite=0
[REPLAY] step=2150 loss=3.5138 pLoss=2.7263 vLoss=0.7816 pEnt=2.821 pIllM=0.0059 playedP=0.177 pW=0.46 pD=0.06 pL=0.47 vAbs=0.251 pLogitMean=-9.5584 vLogitMean=0.6023 gNorm=0.390 lr=0.608 ms=1265.4 buf=500000 plies=19103304 games=285510 rejected=0 skipped=0 epoch=0 mom=0.8571 lrCyc[pk=9.8e-01,tr=9.9e-04] trainerStep=20150
[LAYER-HEALTH] live trainerStep=20150 scope=batch_norm_state_only reluSites=2/10 ch=144 dead=0 off=0 alwaysOn=0 worst=none maxBetaOverGamma=+2.19@policy.pre_bn[103] minBetaOverGamma=-1.81@value.bn[8] rvMaxOverMedian=139.1@blocks.2.bn1[76] rezero=none nonFinite=0
[REPLAY] step=2200 loss=3.5529 pLoss=2.7529 vLoss=0.7935 pEnt=2.872 pIllM=0.0066 playedP=0.168 pW=0.48 pD=0.07 pL=0.45 vAbs=0.268 pLogitMean=-9.5479 vLogitMean=0.6047 gNorm=0.357 lr=0.641 ms=1382.8 buf=500000 plies=19530012 games=291869 rejected=0 skipped=0 epoch=0 mom=0.8563 lrCyc[pk=9.8e-01,tr=9.9e-04] trainerStep=20200
[LAYER-HEALTH] live trainerStep=20200 scope=batch_norm_state_only reluSites=2/10 ch=144 dead=0 off=0 alwaysOn=0 worst=none maxBetaOverGamma=+2.25@policy.pre_bn[103] minBetaOverGamma=-1.64@value.bn[4] rvMaxOverMedian=137.5@blocks.2.bn1[76] rezero=none nonFinite=0
[REPLAY] step=2250 loss=3.5778 pLoss=2.7773 vLoss=0.7952 pEnt=2.828 pIllM=0.0053 playedP=0.168 pW=0.48 pD=0.06 pL=0.46 vAbs=0.240 pLogitMean=-9.5991 vLogitMean=0.5969 gNorm=0.427 lr=0.675 ms=1355.1 buf=500000 plies=19956645 games=298231 rejected=0 skipped=0 epoch=0 mom=0.8555 lrCyc[pk=9.8e-01,tr=9.9e-04] trainerStep=20250
[LAYER-HEALTH] live trainerStep=20250 scope=batch_norm_state_only reluSites=2/10 ch=144 dead=0 off=0 alwaysOn=0 worst=none maxBetaOverGamma=+2.27@policy.pre_bn[103] minBetaOverGamma=-1.55@value.bn[9] rvMaxOverMedian=134.9@blocks.2.bn1[76] rezero=none nonFinite=0
[REPLAY] step=2300 loss=3.5243 pLoss=2.7282 vLoss=0.7898 pEnt=2.842 pIllM=0.0063 playedP=0.171 pW=0.46 pD=0.07 pL=0.47 vAbs=0.236 pLogitMean=-9.6465 vLogitMean=0.5829 gNorm=0.391 lr=0.707 ms=1371.7 buf=500000 plies=20383323 games=304635 rejected=0 skipped=0 epoch=0 mom=0.8549 lrCyc[pk=9.8e-01,tr=9.9e-04] trainerStep=20300
[LAYER-HEALTH] live trainerStep=20300 scope=batch_norm_state_only reluSites=2/10 ch=144 dead=0 off=0 alwaysOn=0 worst=none maxBetaOverGamma=+2.23@policy.pre_bn[103] minBetaOverGamma=-1.57@value.bn[9] rvMaxOverMedian=132.5@blocks.2.bn1[76] rezero=none nonFinite=0
[REPLAY] step=2350 loss=3.5388 pLoss=2.7506 vLoss=0.7818 pEnt=2.861 pIllM=0.0063 playedP=0.167 pW=0.49 pD=0.06 pL=0.45 vAbs=0.253 pLogitMean=-9.6584 vLogitMean=0.5799 gNorm=0.345 lr=0.74 ms=1365.0 buf=500000 plies=20809955 games=311062 rejected=0 skipped=0 epoch=0 mom=0.8542 lrCyc[pk=9.8e-01,tr=9.9e-04] trainerStep=20350
[LAYER-HEALTH] live trainerStep=20350 scope=batch_norm_state_only reluSites=2/10 ch=144 dead=0 off=0 alwaysOn=0 worst=none maxBetaOverGamma=+2.18@policy.pre_bn[103] minBetaOverGamma=-1.52@value.bn[9] rvMaxOverMedian=132.9@blocks.2.bn1[76] rezero=none nonFinite=0
[REPLAY] step=2400 loss=3.4789 pLoss=2.6871 vLoss=0.7849 pEnt=2.870 pIllM=0.0069 playedP=0.162 pW=0.44 pD=0.06 pL=0.50 vAbs=0.256 pLogitMean=-9.6514 vLogitMean=0.5782 gNorm=0.366 lr=0.771 ms=1273.0 buf=500000 plies=21236573 games=317351 rejected=0 skipped=0 epoch=0 mom=0.8536 lrCyc[pk=9.8e-01,tr=9.9e-04] trainerStep=20400
[LAYER-HEALTH] live trainerStep=20400 scope=batch_norm_state_only reluSites=2/10 ch=144 dead=0 off=0 alwaysOn=0 worst=none maxBetaOverGamma=+2.37@policy.pre_bn[103] minBetaOverGamma=-1.47@value.bn[6] rvMaxOverMedian=132.1@blocks.2.bn1[76] rezero=none nonFinite=0
[REPLAY] step=2450 loss=3.5527 pLoss=2.7476 vLoss=0.7980 pEnt=2.863 pIllM=0.0071 playedP=0.170 pW=0.49 pD=0.08 pL=0.43 vAbs=0.243 pLogitMean=-9.7147 vLogitMean=0.5822 gNorm=0.378 lr=0.801 ms=1201.9 buf=500000 plies=21663203 games=323727 rejected=0 skipped=0 epoch=0 mom=0.8531 lrCyc[pk=9.8e-01,tr=9.9e-04] trainerStep=20450
[LAYER-HEALTH] live trainerStep=20450 scope=batch_norm_state_only reluSites=2/10 ch=144 dead=0 off=0 alwaysOn=0 worst=none maxBetaOverGamma=+2.22@policy.pre_bn[103] minBetaOverGamma=-1.56@value.bn[4] rvMaxOverMedian=131.6@blocks.2.bn1[76] rezero=none nonFinite=0
[REPLAY] step=2500 loss=3.5182 pLoss=2.7209 vLoss=0.7898 pEnt=2.838 pIllM=0.0075 playedP=0.169 pW=0.48 pD=0.07 pL=0.46 vAbs=0.273 pLogitMean=-9.7505 vLogitMean=0.5820 gNorm=0.399 lr=0.83 ms=1274.6 buf=500000 plies=22089894 games=330089 rejected=0 skipped=0 epoch=0 mom=0.8525 lrCyc[pk=9.8e-01,tr=9.9e-04] trainerStep=20500
[LAYER-HEALTH] live trainerStep=20500 scope=batch_norm_state_only reluSites=2/10 ch=144 dead=0 off=0 alwaysOn=0 worst=none maxBetaOverGamma=+2.17@policy.pre_bn[103] minBetaOverGamma=-1.57@value.bn[9] rvMaxOverMedian=129.0@blocks.2.bn1[76] rezero=none nonFinite=0
[REPLAY] step=2550 loss=3.5525 pLoss=2.7387 vLoss=0.8079 pEnt=2.820 pIllM=0.0059 playedP=0.169 pW=0.47 pD=0.07 pL=0.47 vAbs=0.251 pLogitMean=-9.8413 vLogitMean=0.5822 gNorm=0.407 lr=0.856 ms=1360.5 buf=500000 plies=22516561 games=336487 rejected=0 skipped=0 epoch=0 mom=0.8521 lrCyc[pk=9.8e-01,tr=9.9e-04] trainerStep=20550
[LAYER-HEALTH] live trainerStep=20550 scope=batch_norm_state_only reluSites=2/10 ch=144 dead=0 off=0 alwaysOn=0 worst=none maxBetaOverGamma=+2.22@policy.pre_bn[103] minBetaOverGamma=-1.64@value.bn[4] rvMaxOverMedian=126.5@blocks.2.bn1[76] rezero=none nonFinite=0
[REPLAY] step=2600 loss=3.5899 pLoss=2.7841 vLoss=0.7990 pEnt=2.816 pIllM=0.0068 playedP=0.171 pW=0.48 pD=0.06 pL=0.46 vAbs=0.258 pLogitMean=-9.8577 vLogitMean=0.5865 gNorm=0.403 lr=0.881 ms=1269.9 buf=500000 plies=22943200 games=342853 rejected=0 skipped=0 epoch=0 mom=0.8517 lrCyc[pk=9.8e-01,tr=9.9e-04] trainerStep=20600
[LAYER-HEALTH] live trainerStep=20600 scope=batch_norm_state_only reluSites=2/10 ch=144 dead=0 off=0 alwaysOn=0 worst=none maxBetaOverGamma=+2.25@policy.pre_bn[103] minBetaOverGamma=-1.67@value.bn[4] rvMaxOverMedian=123.0@blocks.2.bn1[76] rezero=none nonFinite=0
[REPLAY] step=2650 loss=3.5141 pLoss=2.7275 vLoss=0.7785 pEnt=2.831 pIllM=0.0080 playedP=0.167 pW=0.47 pD=0.06 pL=0.46 vAbs=0.248 pLogitMean=-9.8986 vLogitMean=0.5873 gNorm=0.372 lr=0.904 ms=1270.8 buf=500000 plies=23369849 games=349241 rejected=0 skipped=0 epoch=0 mom=0.8513 lrCyc[pk=9.8e-01,tr=9.9e-04] trainerStep=20650
[LAYER-HEALTH] live trainerStep=20650 scope=batch_norm_state_only reluSites=2/10 ch=144 dead=0 off=0 alwaysOn=0 worst=none maxBetaOverGamma=+2.27@policy.pre_bn[103] minBetaOverGamma=-1.55@value.bn[4] rvMaxOverMedian=121.5@blocks.2.bn1[76] rezero=none nonFinite=0
[REPLAY] step=2700 loss=3.5224 pLoss=2.7320 vLoss=0.7822 pEnt=2.872 pIllM=0.0082 playedP=0.161 pW=0.48 pD=0.06 pL=0.46 vAbs=0.254 pLogitMean=-9.9864 vLogitMean=0.5855 gNorm=0.374 lr=0.924 ms=1257.9 buf=500000 plies=23796470 games=355629 rejected=0 skipped=0 epoch=0 mom=0.8510 lrCyc[pk=9.8e-01,tr=9.9e-04] trainerStep=20700
[LAYER-HEALTH] live trainerStep=20700 scope=batch_norm_state_only reluSites=2/10 ch=144 dead=0 off=0 alwaysOn=0 worst=none maxBetaOverGamma=+2.22@policy.pre_bn[103] minBetaOverGamma=-1.56@value.bn[4] rvMaxOverMedian=125.2@blocks.2.bn1[76] rezero=none nonFinite=0
[REPLAY] step=2750 loss=3.5196 pLoss=2.7265 vLoss=0.7856 pEnt=2.867 pIllM=0.0074 playedP=0.162 pW=0.47 pD=0.06 pL=0.48 vAbs=0.249 pLogitMean=-10.0544 vLogitMean=0.5896 gNorm=0.406 lr=0.941 ms=1367.1 buf=500000 plies=24223108 games=361993 rejected=0 skipped=0 epoch=0 mom=0.8507 lrCyc[pk=9.8e-01,tr=9.9e-04] trainerStep=20750
[LAYER-HEALTH] live trainerStep=20750 scope=batch_norm_state_only reluSites=2/10 ch=144 dead=0 off=0 alwaysOn=0 worst=none maxBetaOverGamma=+2.28@policy.pre_bn[103] minBetaOverGamma=-1.53@value.bn[4] rvMaxOverMedian=123.8@blocks.2.bn1[76] rezero=none nonFinite=0
[REPLAY] step=2800 loss=3.5844 pLoss=2.7881 vLoss=0.7879 pEnt=2.842 pIllM=0.0084 playedP=0.167 pW=0.48 pD=0.06 pL=0.45 vAbs=0.245 pLogitMean=-10.0823 vLogitMean=0.5920 gNorm=0.359 lr=0.956 ms=1272.5 buf=500000 plies=24649805 games=368407 rejected=0 skipped=0 epoch=0 mom=0.8505 lrCyc[pk=9.8e-01,tr=9.9e-04] trainerStep=20800
[LAYER-HEALTH] live trainerStep=20800 scope=batch_norm_state_only reluSites=2/10 ch=144 dead=0 off=0 alwaysOn=0 worst=none maxBetaOverGamma=+2.17@policy.pre_bn[103] minBetaOverGamma=-1.54@value.bn[2] rvMaxOverMedian=123.5@blocks.2.bn1[76] rezero=none nonFinite=0
[REPLAY] step=2850 loss=3.5066 pLoss=2.7127 vLoss=0.7865 pEnt=2.830 pIllM=0.0073 playedP=0.168 pW=0.48 pD=0.07 pL=0.45 vAbs=0.258 pLogitMean=-10.1453 vLogitMean=0.5959 gNorm=0.394 lr=0.967 ms=1348.2 buf=500000 plies=25076431 games=374781 rejected=0 skipped=0 epoch=0 mom=0.8503 lrCyc[pk=9.8e-01,tr=9.9e-04] trainerStep=20850
[LAYER-HEALTH] live trainerStep=20850 scope=batch_norm_state_only reluSites=2/10 ch=144 dead=0 off=0 alwaysOn=0 worst=none maxBetaOverGamma=+2.18@policy.pre_bn[103] minBetaOverGamma=-1.51@value.bn[4] rvMaxOverMedian=122.2@blocks.2.bn1[76] rezero=none nonFinite=0
[REPLAY] step=2900 loss=3.5369 pLoss=2.7466 vLoss=0.7824 pEnt=2.835 pIllM=0.0079 playedP=0.171 pW=0.52 pD=0.06 pL=0.42 vAbs=0.288 pLogitMean=-10.1585 vLogitMean=0.5922 gNorm=0.427 lr=0.975 ms=1343.5 buf=500000 plies=25503135 games=381123 rejected=0 skipped=0 epoch=0 mom=0.8502 lrCyc[pk=9.8e-01,tr=9.9e-04] trainerStep=20900
[LAYER-HEALTH] live trainerStep=20900 scope=batch_norm_state_only reluSites=2/10 ch=144 dead=0 off=0 alwaysOn=0 worst=none maxBetaOverGamma=+2.32@policy.pre_bn[103] minBetaOverGamma=-1.62@value.bn[9] rvMaxOverMedian=122.0@blocks.2.bn1[76] rezero=none nonFinite=0
[REPLAY] step=2950 loss=3.5167 pLoss=2.7283 vLoss=0.7818 pEnt=2.859 pIllM=0.0066 playedP=0.165 pW=0.48 pD=0.06 pL=0.46 vAbs=0.278 pLogitMean=-10.2528 vLogitMean=0.5938 gNorm=0.329 lr=0.98 ms=1386.5 buf=500000 plies=25929789 games=387522 rejected=0 skipped=0 epoch=0 mom=0.8501 lrCyc[pk=9.8e-01,tr=9.9e-04] trainerStep=20950
[LAYER-HEALTH] live trainerStep=20950 scope=batch_norm_state_only reluSites=2/10 ch=144 dead=0 off=0 alwaysOn=0 worst=none maxBetaOverGamma=+2.26@policy.pre_bn[103] minBetaOverGamma=-1.51@value.bn[9] rvMaxOverMedian=120.0@blocks.2.bn1[76] rezero=none nonFinite=0
[REPLAY] step=3000 loss=3.5434 pLoss=2.7618 vLoss=0.7750 pEnt=2.844 pIllM=0.0065 playedP=0.167 pW=0.50 pD=0.06 pL=0.45 vAbs=0.263 pLogitMean=-10.2918 vLogitMean=0.5979 gNorm=0.346 lr=0.982 ms=1409.9 buf=500000 plies=26356383 games=393888 rejected=0 skipped=0 epoch=0 mom=0.8501 lrCyc[pk=9.8e-01,tr=9.9e-04] trainerStep=21000
[LAYER-HEALTH] live trainerStep=21000 scope=batch_norm_state_only reluSites=2/10 ch=144 dead=0 off=0 alwaysOn=0 worst=none maxBetaOverGamma=+2.26@policy.pre_bn[103] minBetaOverGamma=-1.70@value.bn[6] rvMaxOverMedian=116.6@blocks.2.bn1[76] rezero=none nonFinite=0
[REPLAY] saved trainer model (autosave) step=3000 trainerStep=21000 nextGame=2706558 shard=5 epoch=0 -> 20261006-lrBsilu-clip2-replay-latest.safetensors
[LAYER-HEALTH] checkpoint replay-autosave step=3000 trainerStep=21000 scope=all_tensors reluSites=2/10 ch=144 dead=0 off=0 alwaysOn=0 worst=none maxBetaOverGamma=+2.26@policy.pre_bn[103] minBetaOverGamma=-1.70@value.bn[6] rvMaxOverMedian=116.6@blocks.2.bn1[76] rezero=none nonFinite=0 seZeroVel=none valueFC1ZeroVel=0/128 maxAbs=44.5@blocks.2.bn1.running_var
[LAYER-HEALTH]   batch-norm sites — β/|γ|: dead < -3.00, mostly off < -2.00, always on > +3.00; classified for relu/leaky_relu only
[LAYER-HEALTH]     site            act            ch   dead    off     on  zeroγ nonfin  min β/|γ| [ch]     max β/|γ| [ch]     rv max/median [ch]
[LAYER-HEALTH]     stem.bn         -             128    n/a    n/a    n/a      0      0     -0.56 [104]        +0.29 [95]            4.2 [101]
[LAYER-HEALTH]     blocks.0.bn1    silu          128    n/a    n/a    n/a      0      0     -0.75 [21]         +0.11 [64]            3.5 [76]
[LAYER-HEALTH]     blocks.0.bn2    silu          128    n/a    n/a    n/a      0      0     -1.09 [53]         +2.03 [48]            4.6 [94]
[LAYER-HEALTH]     blocks.1.bn1    silu          128    n/a    n/a    n/a      0      0     -1.22 [17]         -0.02 [31]           78.6 [31]
[LAYER-HEALTH]     blocks.1.bn2    silu          128    n/a    n/a    n/a      0      0     -1.31 [120]        -0.13 [101]           9.9 [70]
[LAYER-HEALTH]     blocks.2.bn1    silu          128    n/a    n/a    n/a      0      0     -2.15 [17]         +1.80 [31]          116.6 [76]
[LAYER-HEALTH]     blocks.2.bn2    silu          128    n/a    n/a    n/a      0      0     -1.62 [78]         -0.03 [16]            3.6 [26]
[LAYER-HEALTH]     tower_final_bn  silu          128    n/a    n/a    n/a      0      0     -0.55 [90]         +0.94 [111]          11.1 [76]
[LAYER-HEALTH]     policy.pre_bn   leaky_relu    128      0      0      0      0      0     -0.87 [7]          +2.26 [103]           2.7 [120]
[LAYER-HEALTH]     value.bn        leaky_relu     16      0      0      0      0      0     -1.70 [6]          -0.92 [13]            2.2 [11]
[LAYER-HEALTH]   FC hidden-unit velocity — zero: every weight-velocity entry exactly 0; low: nonzero but < 5% of the layer's p90 unit norm
[LAYER-HEALTH]     value.fc1.weight  leaky_relu  units 128  zero 0  low 3  median unit norm 0.006241
[LAYER-HEALTH]     (no SE blocks)
[LAYER-HEALTH]   ReZero: none
[LAYER-HEALTH]   non-finite: 0 values in 0 of 102 tensors (10263038 values examined)
[LAYER-HEALTH]   largest |value|: blocks.2.bn1.running_var 44.5, blocks.1.bn1.running_var 27.33, blocks.1.bn2.running_var 15.62, blocks.0.bn2.running_var 8.632, tower_final_bn.running_var 6.685
[REPLAY] enumerated checkpoint -> 20261006-lrBsilu-clip2-replay-seg1-step3000.safetensors
[REPLAY] step=3050 loss=3.5297 pLoss=2.7375 vLoss=0.7846 pEnt=2.846 pIllM=0.0076 playedP=0.164 pW=0.46 pD=0.06 pL=0.48 vAbs=0.251 pLogitMean=-10.3593 vLogitMean=0.5893 gNorm=0.397 lr=0.98 ms=1370.9 buf=500000 plies=26783017 games=400224 rejected=0 skipped=0 epoch=0 mom=0.8501 lrCyc[pk=9.8e-01,tr=9.9e-04] trainerStep=21050
[LAYER-HEALTH] live trainerStep=21050 scope=batch_norm_state_only reluSites=2/10 ch=144 dead=0 off=0 alwaysOn=0 worst=none maxBetaOverGamma=+2.19@policy.pre_bn[103] minBetaOverGamma=-1.65@value.bn[2] rvMaxOverMedian=116.8@blocks.2.bn1[76] rezero=none nonFinite=0
[REPLAY] step=3100 loss=3.5209 pLoss=2.7315 vLoss=0.7825 pEnt=2.851 pIllM=0.0069 playedP=0.168 pW=0.46 pD=0.06 pL=0.48 vAbs=0.260 pLogitMean=-10.3699 vLogitMean=0.5971 gNorm=0.355 lr=0.975 ms=1263.4 buf=500000 plies=27209698 games=406611 rejected=0 skipped=0 epoch=0 mom=0.8502 lrCyc[pk=9.8e-01,tr=9.9e-04] trainerStep=21100
[LAYER-HEALTH] live trainerStep=21100 scope=batch_norm_state_only reluSites=2/10 ch=144 dead=0 off=0 alwaysOn=0 worst=none maxBetaOverGamma=+2.34@policy.pre_bn[103] minBetaOverGamma=-1.61@value.bn[2] rvMaxOverMedian=115.0@blocks.2.bn1[76] rezero=none nonFinite=0
[REPLAY] step=3150 loss=3.4798 pLoss=2.6996 vLoss=0.7729 pEnt=2.874 pIllM=0.0073 playedP=0.161 pW=0.47 pD=0.07 pL=0.46 vAbs=0.275 pLogitMean=-10.4226 vLogitMean=0.5915 gNorm=0.367 lr=0.967 ms=1306.3 buf=500000 plies=27636345 games=412923 rejected=0 skipped=0 epoch=0 mom=0.8503 lrCyc[pk=9.8e-01,tr=9.9e-04] trainerStep=21150
[LAYER-HEALTH] live trainerStep=21150 scope=batch_norm_state_only reluSites=2/10 ch=144 dead=0 off=0 alwaysOn=0 worst=none maxBetaOverGamma=+2.21@policy.pre_bn[103] minBetaOverGamma=-1.59@value.bn[2] rvMaxOverMedian=117.6@blocks.2.bn1[76] rezero=none nonFinite=0
[REPLAY] step=3200 loss=3.4973 pLoss=2.7079 vLoss=0.7816 pEnt=2.880 pIllM=0.0079 playedP=0.162 pW=0.45 pD=0.07 pL=0.48 vAbs=0.257 pLogitMean=-10.4318 vLogitMean=0.5953 gNorm=0.329 lr=0.955 ms=1341.5 buf=500000 plies=28063024 games=419309 rejected=0 skipped=0 epoch=0 mom=0.8505 lrCyc[pk=9.8e-01,tr=9.9e-04] trainerStep=21200
[LAYER-HEALTH] live trainerStep=21200 scope=batch_norm_state_only reluSites=2/10 ch=144 dead=0 off=0 alwaysOn=0 worst=none maxBetaOverGamma=+2.19@policy.pre_bn[103] minBetaOverGamma=-1.59@value.bn[10] rvMaxOverMedian=119.5@blocks.2.bn1[76] rezero=none nonFinite=0
[REPLAY] step=3250 loss=3.4755 pLoss=2.6926 vLoss=0.7758 pEnt=2.824 pIllM=0.0071 playedP=0.174 pW=0.48 pD=0.07 pL=0.45 vAbs=0.277 pLogitMean=-10.4712 vLogitMean=0.5973 gNorm=0.344 lr=0.941 ms=1437.7 buf=500000 plies=28489616 games=425699 rejected=0 skipped=0 epoch=0 mom=0.8507 lrCyc[pk=9.8e-01,tr=9.9e-04] trainerStep=21250
[LAYER-HEALTH] live trainerStep=21250 scope=batch_norm_state_only reluSites=2/10 ch=144 dead=0 off=0 alwaysOn=0 worst=none maxBetaOverGamma=+2.23@policy.pre_bn[103] minBetaOverGamma=-1.56@value.bn[10] rvMaxOverMedian=118.1@blocks.2.bn1[76] rezero=none nonFinite=0
[REPLAY] step=3300 loss=3.5237 pLoss=2.7256 vLoss=0.7911 pEnt=2.843 pIllM=0.0070 playedP=0.169 pW=0.46 pD=0.07 pL=0.47 vAbs=0.239 pLogitMean=-10.5111 vLogitMean=0.5915 gNorm=0.396 lr=0.923 ms=1359.9 buf=500000 plies=28916277 games=432116 rejected=0 skipped=0 epoch=0 mom=0.8510 lrCyc[pk=9.8e-01,tr=9.9e-04] trainerStep=21300
[LAYER-HEALTH] live trainerStep=21300 scope=batch_norm_state_only reluSites=2/10 ch=144 dead=0 off=0 alwaysOn=0 worst=none maxBetaOverGamma=+2.25@policy.pre_bn[103] minBetaOverGamma=-1.63@value.bn[2] rvMaxOverMedian=117.4@blocks.2.bn1[76] rezero=none nonFinite=0
[REPLAY] step=3350 loss=3.5293 pLoss=2.7469 vLoss=0.7756 pEnt=2.802 pIllM=0.0068 playedP=0.177 pW=0.48 pD=0.06 pL=0.46 vAbs=0.259 pLogitMean=-10.5491 vLogitMean=0.5921 gNorm=0.453 lr=0.903 ms=1464.3 buf=500000 plies=29342999 games=438465 rejected=0 skipped=0 epoch=0 mom=0.8513 lrCyc[pk=9.8e-01,tr=9.9e-04] trainerStep=21350
[LAYER-HEALTH] live trainerStep=21350 scope=batch_norm_state_only reluSites=2/10 ch=144 dead=0 off=0 alwaysOn=0 worst=none maxBetaOverGamma=+2.26@policy.pre_bn[103] minBetaOverGamma=-1.58@value.bn[2] rvMaxOverMedian=118.3@blocks.2.bn1[76] rezero=none nonFinite=0
[REPLAY] step=3400 loss=3.5037 pLoss=2.7182 vLoss=0.7803 pEnt=2.862 pIllM=0.0053 playedP=0.168 pW=0.49 pD=0.06 pL=0.45 vAbs=0.279 pLogitMean=-10.5671 vLogitMean=0.5914 gNorm=0.319 lr=0.881 ms=1313.4 buf=500000 plies=29769592 games=444879 rejected=0 skipped=0 epoch=0 mom=0.8517 lrCyc[pk=9.8e-01,tr=9.9e-04] trainerStep=21400
[LAYER-HEALTH] live trainerStep=21400 scope=batch_norm_state_only reluSites=2/10 ch=144 dead=0 off=0 alwaysOn=0 worst=none maxBetaOverGamma=+2.29@policy.pre_bn[103] minBetaOverGamma=-1.54@value.bn[2] rvMaxOverMedian=116.8@blocks.2.bn1[76] rezero=none nonFinite=0
[REPLAY] step=3450 loss=3.5111 pLoss=2.7356 vLoss=0.7697 pEnt=2.873 pIllM=0.0058 playedP=0.166 pW=0.48 pD=0.06 pL=0.46 vAbs=0.272 pLogitMean=-10.6069 vLogitMean=0.5892 gNorm=0.311 lr=0.856 ms=1371.3 buf=500000 plies=30196268 games=451272 rejected=0 skipped=0 epoch=0 mom=0.8521 lrCyc[pk=9.8e-01,tr=9.9e-04] trainerStep=21450
[LAYER-HEALTH] live trainerStep=21450 scope=batch_norm_state_only reluSites=2/10 ch=144 dead=0 off=0 alwaysOn=0 worst=none maxBetaOverGamma=+2.24@policy.pre_bn[103] minBetaOverGamma=-1.59@value.bn[2] rvMaxOverMedian=120.4@blocks.2.bn1[76] rezero=none nonFinite=0
[REPLAY] step=3500 loss=3.5085 pLoss=2.7354 vLoss=0.7669 pEnt=2.867 pIllM=0.0063 playedP=0.167 pW=0.47 pD=0.06 pL=0.47 vAbs=0.264 pLogitMean=-10.6198 vLogitMean=0.5908 gNorm=0.353 lr=0.829 ms=1489.1 buf=500000 plies=30622862 games=457710 rejected=0 skipped=0 epoch=0 mom=0.8525 lrCyc[pk=9.8e-01,tr=9.9e-04] trainerStep=21500
[LAYER-HEALTH] live trainerStep=21500 scope=batch_norm_state_only reluSites=2/10 ch=144 dead=0 off=0 alwaysOn=0 worst=none maxBetaOverGamma=+2.13@policy.pre_bn[103] minBetaOverGamma=-1.58@value.bn[2] rvMaxOverMedian=120.6@blocks.2.bn1[76] rezero=none nonFinite=0
[REPLAY] step=3550 loss=3.5489 pLoss=2.7533 vLoss=0.7886 pEnt=2.849 pIllM=0.0070 playedP=0.168 pW=0.49 pD=0.07 pL=0.45 vAbs=0.260 pLogitMean=-10.6383 vLogitMean=0.5912 gNorm=0.309 lr=0.8 ms=1367.1 buf=500000 plies=31049529 games=464095 rejected=0 skipped=0 epoch=0 mom=0.8531 lrCyc[pk=9.8e-01,tr=9.9e-04] trainerStep=21550
[LAYER-HEALTH] live trainerStep=21550 scope=batch_norm_state_only reluSites=2/10 ch=144 dead=0 off=0 alwaysOn=0 worst=none maxBetaOverGamma=+2.12@policy.pre_bn[103] minBetaOverGamma=-1.51@value.bn[6] rvMaxOverMedian=119.1@blocks.2.bn1[76] rezero=none nonFinite=0
[REPLAY] step=3600 loss=3.5732 pLoss=2.7838 vLoss=0.7822 pEnt=2.791 pIllM=0.0073 playedP=0.181 pW=0.48 pD=0.06 pL=0.46 vAbs=0.238 pLogitMean=-10.6547 vLogitMean=0.5861 gNorm=0.355 lr=0.77 ms=1397.0 buf=500000 plies=31476177 games=470504 rejected=0 skipped=0 epoch=0 mom=0.8536 lrCyc[pk=9.8e-01,tr=9.9e-04] trainerStep=21600
[LAYER-HEALTH] live trainerStep=21600 scope=batch_norm_state_only reluSites=2/10 ch=144 dead=0 off=0 alwaysOn=0 worst=none maxBetaOverGamma=+2.25@policy.pre_bn[103] minBetaOverGamma=-1.54@value.bn[4] rvMaxOverMedian=118.6@blocks.2.bn1[76] rezero=none nonFinite=0
[REPLAY] step=3650 loss=3.5197 pLoss=2.7361 vLoss=0.7780 pEnt=2.848 pIllM=0.0056 playedP=0.171 pW=0.46 pD=0.06 pL=0.48 vAbs=0.248 pLogitMean=-10.6680 vLogitMean=0.5924 gNorm=0.318 lr=0.739 ms=1391.6 buf=500000 plies=31902857 games=476850 rejected=0 skipped=0 epoch=0 mom=0.8542 lrCyc[pk=9.8e-01,tr=9.9e-04] trainerStep=21650
[LAYER-HEALTH] live trainerStep=21650 scope=batch_norm_state_only reluSites=2/10 ch=144 dead=0 off=0 alwaysOn=0 worst=none maxBetaOverGamma=+2.27@policy.pre_bn[103] minBetaOverGamma=-1.50@value.bn[1] rvMaxOverMedian=120.0@blocks.2.bn1[76] rezero=none nonFinite=0
[REPLAY] step=3700 loss=3.5023 pLoss=2.7124 vLoss=0.7840 pEnt=2.849 pIllM=0.0059 playedP=0.173 pW=0.48 pD=0.06 pL=0.46 vAbs=0.249 pLogitMean=-10.7175 vLogitMean=0.5923 gNorm=0.289 lr=0.707 ms=1540.1 buf=500000 plies=32329494 games=483289 rejected=0 skipped=0 epoch=0 mom=0.8549 lrCyc[pk=9.8e-01,tr=9.9e-04] trainerStep=21700
[LAYER-HEALTH] live trainerStep=21700 scope=batch_norm_state_only reluSites=2/10 ch=144 dead=0 off=0 alwaysOn=0 worst=none maxBetaOverGamma=+2.29@policy.pre_bn[103] minBetaOverGamma=-1.56@value.bn[1] rvMaxOverMedian=119.4@blocks.2.bn1[76] rezero=none nonFinite=0
[REPLAY] step=3750 loss=3.5087 pLoss=2.7061 vLoss=0.7974 pEnt=2.914 pIllM=0.0052 playedP=0.160 pW=0.46 pD=0.06 pL=0.47 vAbs=0.259 pLogitMean=-10.7291 vLogitMean=0.5860 gNorm=0.301 lr=0.674 ms=1466.3 buf=500000 plies=32756114 games=489727 rejected=0 skipped=0 epoch=0 mom=0.8555 lrCyc[pk=9.8e-01,tr=9.9e-04] trainerStep=21750
[LAYER-HEALTH] live trainerStep=21750 scope=batch_norm_state_only reluSites=2/10 ch=144 dead=0 off=0 alwaysOn=0 worst=none maxBetaOverGamma=+2.17@policy.pre_bn[103] minBetaOverGamma=-1.60@value.bn[8] rvMaxOverMedian=120.4@blocks.2.bn1[76] rezero=none nonFinite=0
[REPLAY] step=3800 loss=3.5688 pLoss=2.7565 vLoss=0.8066 pEnt=2.891 pIllM=0.0056 playedP=0.165 pW=0.49 pD=0.07 pL=0.44 vAbs=0.251 pLogitMean=-10.7221 vLogitMean=0.5903 gNorm=0.312 lr=0.64 ms=1573.1 buf=500000 plies=33182794 games=496067 rejected=0 skipped=0 epoch=0 mom=0.8563 lrCyc[pk=9.8e-01,tr=9.9e-04] trainerStep=21800
[LAYER-HEALTH] live trainerStep=21800 scope=batch_norm_state_only reluSites=2/10 ch=144 dead=0 off=0 alwaysOn=0 worst=none maxBetaOverGamma=+2.22@policy.pre_bn[103] minBetaOverGamma=-1.51@value.bn[15] rvMaxOverMedian=120.9@blocks.2.bn1[76] rezero=none nonFinite=0
[REPLAY] step=3850 loss=3.4705 pLoss=2.6863 vLoss=0.7800 pEnt=2.872 pIllM=0.0042 playedP=0.164 pW=0.44 pD=0.05 pL=0.50 vAbs=0.259 pLogitMean=-10.7482 vLogitMean=0.5870 gNorm=0.352 lr=0.607 ms=1485.1 buf=500000 plies=33609446 games=502473 rejected=0 skipped=0 epoch=0 mom=0.8571 lrCyc[pk=9.8e-01,tr=9.9e-04] trainerStep=21850
[LAYER-HEALTH] live trainerStep=21850 scope=batch_norm_state_only reluSites=2/10 ch=144 dead=0 off=0 alwaysOn=0 worst=none maxBetaOverGamma=+2.19@policy.pre_bn[103] minBetaOverGamma=-1.54@value.bn[15] rvMaxOverMedian=123.0@blocks.2.bn1[76] rezero=none nonFinite=0
[REPLAY] step=3900 loss=3.5077 pLoss=2.7214 vLoss=0.7813 pEnt=2.849 pIllM=0.0050 playedP=0.172 pW=0.47 pD=0.06 pL=0.47 vAbs=0.254 pLogitMean=-10.7539 vLogitMean=0.5896 gNorm=0.292 lr=0.573 ms=1525.4 buf=500000 plies=34036072 games=508844 rejected=0 skipped=0 epoch=0 mom=0.8579 lrCyc[pk=9.8e-01,tr=9.9e-04] trainerStep=21900
[LAYER-HEALTH] live trainerStep=21900 scope=batch_norm_state_only reluSites=2/10 ch=144 dead=0 off=0 alwaysOn=0 worst=none maxBetaOverGamma=+2.20@policy.pre_bn[103] minBetaOverGamma=-1.62@value.bn[15] rvMaxOverMedian=123.3@blocks.2.bn1[76] rezero=none nonFinite=0
[REPLAY] step=3950 loss=3.4936 pLoss=2.6976 vLoss=0.7918 pEnt=2.847 pIllM=0.0042 playedP=0.174 pW=0.47 pD=0.06 pL=0.47 vAbs=0.253 pLogitMean=-10.7691 vLogitMean=0.5799 gNorm=0.296 lr=0.54 ms=1612.8 buf=500000 plies=34462732 games=515202 rejected=0 skipped=0 epoch=0 mom=0.8587 lrCyc[pk=9.8e-01,tr=9.9e-04] trainerStep=21950
[LAYER-HEALTH] live trainerStep=21950 scope=batch_norm_state_only reluSites=2/10 ch=144 dead=0 off=0 alwaysOn=0 worst=none maxBetaOverGamma=+2.20@policy.pre_bn[103] minBetaOverGamma=-1.70@value.bn[15] rvMaxOverMedian=122.9@blocks.2.bn1[76] rezero=none nonFinite=0
[REPLAY] step=4000 loss=3.5054 pLoss=2.7111 vLoss=0.7904 pEnt=2.861 pIllM=0.0039 playedP=0.174 pW=0.48 pD=0.07 pL=0.46 vAbs=0.248 pLogitMean=-10.7801 vLogitMean=0.5839 gNorm=0.287 lr=0.508 ms=1574.8 buf=500000 plies=34889376 games=521554 rejected=0 skipped=0 epoch=0 mom=0.8596 lrCyc[pk=9.8e-01,tr=9.9e-04] trainerStep=22000
[LAYER-HEALTH] live trainerStep=22000 scope=batch_norm_state_only reluSites=2/10 ch=144 dead=0 off=0 alwaysOn=0 worst=none maxBetaOverGamma=+2.20@policy.pre_bn[103] minBetaOverGamma=-1.70@value.bn[15] rvMaxOverMedian=119.3@blocks.2.bn1[76] rezero=none nonFinite=0
[REPLAY] saved trainer model (autosave) step=4000 trainerStep=22000 nextGame=2834224 shard=6 epoch=0 -> 20261006-lrBsilu-clip2-replay-latest.safetensors
[LAYER-HEALTH] checkpoint replay-autosave step=4000 trainerStep=22000 scope=all_tensors reluSites=2/10 ch=144 dead=0 off=0 alwaysOn=0 worst=none maxBetaOverGamma=+2.20@policy.pre_bn[103] minBetaOverGamma=-1.70@value.bn[15] rvMaxOverMedian=119.3@blocks.2.bn1[76] rezero=none nonFinite=0 seZeroVel=none valueFC1ZeroVel=0/128 maxAbs=42.45@blocks.2.bn1.running_var
[LAYER-HEALTH]   batch-norm sites — β/|γ|: dead < -3.00, mostly off < -2.00, always on > +3.00; classified for relu/leaky_relu only
[LAYER-HEALTH]     site            act            ch   dead    off     on  zeroγ nonfin  min β/|γ| [ch]     max β/|γ| [ch]     rv max/median [ch]
[LAYER-HEALTH]     stem.bn         -             128    n/a    n/a    n/a      0      0     -0.60 [11]         +0.32 [95]            5.3 [101]
[LAYER-HEALTH]     blocks.0.bn1    silu          128    n/a    n/a    n/a      0      0     -0.84 [5]          +0.15 [64]            4.1 [76]
[LAYER-HEALTH]     blocks.0.bn2    silu          128    n/a    n/a    n/a      0      0     -1.14 [53]         +2.97 [48]            4.7 [94]
[LAYER-HEALTH]     blocks.1.bn1    silu          128    n/a    n/a    n/a      0      0     -1.26 [17]         -0.03 [31]           95.8 [31]
[LAYER-HEALTH]     blocks.1.bn2    silu          128    n/a    n/a    n/a      0      0     -1.43 [3]          -0.18 [101]          10.0 [70]
[LAYER-HEALTH]     blocks.2.bn1    silu          128    n/a    n/a    n/a      0      0     -2.20 [17]         +2.24 [31]          119.3 [76]
[LAYER-HEALTH]     blocks.2.bn2    silu          128    n/a    n/a    n/a      0      0     -1.55 [78]         -0.04 [16]            3.5 [26]
[LAYER-HEALTH]     tower_final_bn  silu          128    n/a    n/a    n/a      0      0     -0.60 [90]         +0.98 [6]            11.6 [76]
[LAYER-HEALTH]     policy.pre_bn   leaky_relu    128      0      0      0      0      0     -0.97 [7]          +2.20 [103]           3.0 [120]
[LAYER-HEALTH]     value.bn        leaky_relu     16      0      0      0      0      0     -1.70 [15]         -0.73 [13]            1.8 [11]
[LAYER-HEALTH]   FC hidden-unit velocity — zero: every weight-velocity entry exactly 0; low: nonzero but < 5% of the layer's p90 unit norm
[LAYER-HEALTH]     value.fc1.weight  leaky_relu  units 128  zero 0  low 4  median unit norm 0.00604
[LAYER-HEALTH]     (no SE blocks)
[LAYER-HEALTH]   ReZero: none
[LAYER-HEALTH]   non-finite: 0 values in 0 of 102 tensors (10263038 values examined)
[LAYER-HEALTH]   largest |value|: blocks.2.bn1.running_var 42.45, blocks.1.bn1.running_var 33.78, blocks.1.bn2.running_var 16.85, blocks.0.bn2.running_var 10.09, tower_final_bn.running_var 6.881
[REPLAY] enumerated checkpoint -> 20261006-lrBsilu-clip2-replay-seg1-step4000.safetensors
[REPLAY] step=4050 loss=3.5421 pLoss=2.7544 vLoss=0.7839 pEnt=2.873 pIllM=0.0038 playedP=0.170 pW=0.48 pD=0.06 pL=0.46 vAbs=0.244 pLogitMean=-10.7903 vLogitMean=0.5866 gNorm=0.306 lr=0.476 ms=1264.7 buf=500000 plies=35316046 games=527889 rejected=0 skipped=0 epoch=0 mom=0.8606 lrCyc[pk=9.8e-01,tr=9.9e-04] trainerStep=22050
[LAYER-HEALTH] live trainerStep=22050 scope=batch_norm_state_only reluSites=2/10 ch=144 dead=0 off=0 alwaysOn=0 worst=none maxBetaOverGamma=+2.25@policy.pre_bn[103] minBetaOverGamma=-1.66@value.bn[15] rvMaxOverMedian=118.6@blocks.2.bn1[76] rezero=none nonFinite=0
[REPLAY] step=4100 loss=3.5214 pLoss=2.7198 vLoss=0.7979 pEnt=2.859 pIllM=0.0036 playedP=0.170 pW=0.46 pD=0.07 pL=0.47 vAbs=0.222 pLogitMean=-10.7941 vLogitMean=0.5842 gNorm=0.320 lr=0.444 ms=1402.9 buf=500000 plies=35742724 games=534281 rejected=0 skipped=0 epoch=0 mom=0.8616 lrCyc[pk=9.8e-01,tr=9.9e-04] trainerStep=22100
[LAYER-HEALTH] live trainerStep=22100 scope=batch_norm_state_only reluSites=2/10 ch=144 dead=0 off=0 alwaysOn=0 worst=none maxBetaOverGamma=+2.27@policy.pre_bn[103] minBetaOverGamma=-1.69@value.bn[15] rvMaxOverMedian=120.4@blocks.2.bn1[76] rezero=none nonFinite=0
[REPLAY] step=4150 loss=3.5431 pLoss=2.7353 vLoss=0.8040 pEnt=2.855 pIllM=0.0038 playedP=0.173 pW=0.47 pD=0.06 pL=0.46 vAbs=0.264 pLogitMean=-10.7981 vLogitMean=0.5832 gNorm=0.280 lr=0.414 ms=1384.9 buf=500000 plies=36169436 games=540649 rejected=0 skipped=0 epoch=0 mom=0.8626 lrCyc[pk=9.8e-01,tr=9.9e-04] trainerStep=22150
[LAYER-HEALTH] live trainerStep=22150 scope=batch_norm_state_only reluSites=2/10 ch=144 dead=0 off=0 alwaysOn=0 worst=none maxBetaOverGamma=+2.26@policy.pre_bn[103] minBetaOverGamma=-1.68@value.bn[15] rvMaxOverMedian=118.2@blocks.2.bn1[76] rezero=none nonFinite=0
[REPLAY] step=4200 loss=3.5628 pLoss=2.7448 vLoss=0.8150 pEnt=2.898 pIllM=0.0031 playedP=0.163 pW=0.47 pD=0.06 pL=0.47 vAbs=0.245 pLogitMean=-10.8151 vLogitMean=0.5850 gNorm=0.275 lr=0.385 ms=1377.6 buf=500000 plies=36596038 games=547070 rejected=0 skipped=0 epoch=0 mom=0.8636 lrCyc[pk=9.8e-01,tr=9.9e-04] trainerStep=22200
[LAYER-HEALTH] live trainerStep=22200 scope=batch_norm_state_only reluSites=2/10 ch=144 dead=0 off=0 alwaysOn=0 worst=none maxBetaOverGamma=+2.20@policy.pre_bn[103] minBetaOverGamma=-1.73@value.bn[9] rvMaxOverMedian=119.2@blocks.2.bn1[76] rezero=none nonFinite=0
[REPLAY] step=4250 loss=3.5575 pLoss=2.7404 vLoss=0.8136 pEnt=2.867 pIllM=0.0035 playedP=0.172 pW=0.46 pD=0.07 pL=0.47 vAbs=0.200 pLogitMean=-10.7932 vLogitMean=0.5844 gNorm=0.272 lr=0.357 ms=1266.5 buf=500000 plies=37022641 games=553420 rejected=0 skipped=0 epoch=0 mom=0.8647 lrCyc[pk=9.8e-01,tr=9.9e-04] trainerStep=22250
[LAYER-HEALTH] live trainerStep=22250 scope=batch_norm_state_only reluSites=2/10 ch=144 dead=0 off=0 alwaysOn=0 worst=none maxBetaOverGamma=+2.24@policy.pre_bn[103] minBetaOverGamma=-1.76@value.bn[9] rvMaxOverMedian=118.8@blocks.2.bn1[76] rezero=none nonFinite=0
[REPLAY] step=4300 loss=3.5278 pLoss=2.7239 vLoss=0.8003 pEnt=2.844 pIllM=0.0036 playedP=0.180 pW=0.48 pD=0.06 pL=0.45 vAbs=0.225 pLogitMean=-10.8072 vLogitMean=0.5870 gNorm=0.288 lr=0.33 ms=1295.6 buf=500000 plies=37449275 games=559782 rejected=0 skipped=0 epoch=0 mom=0.8659 lrCyc[pk=9.8e-01,tr=9.9e-04] trainerStep=22300
[LAYER-HEALTH] live trainerStep=22300 scope=batch_norm_state_only reluSites=2/10 ch=144 dead=0 off=0 alwaysOn=0 worst=none maxBetaOverGamma=+2.24@policy.pre_bn[103] minBetaOverGamma=-1.73@value.bn[9] rvMaxOverMedian=117.3@blocks.2.bn1[76] rezero=none nonFinite=0
[REPLAY] step=4350 loss=3.5319 pLoss=2.7351 vLoss=0.7937 pEnt=2.902 pIllM=0.0031 playedP=0.167 pW=0.46 pD=0.06 pL=0.47 vAbs=0.229 pLogitMean=-10.8062 vLogitMean=0.5861 gNorm=0.280 lr=0.305 ms=1332.7 buf=500000 plies=37875967 games=566201 rejected=0 skipped=0 epoch=0 mom=0.8670 lrCyc[pk=9.8e-01,tr=9.9e-04] trainerStep=22350
[LAYER-HEALTH] live trainerStep=22350 scope=batch_norm_state_only reluSites=2/10 ch=144 dead=0 off=0 alwaysOn=0 worst=none maxBetaOverGamma=+2.22@policy.pre_bn[103] minBetaOverGamma=-1.74@value.bn[9] rvMaxOverMedian=116.8@blocks.2.bn1[76] rezero=none nonFinite=0
[REPLAY] step=4400 loss=3.5025 pLoss=2.7033 vLoss=0.7960 pEnt=2.857 pIllM=0.0033 playedP=0.176 pW=0.47 pD=0.06 pL=0.47 vAbs=0.246 pLogitMean=-10.8101 vLogitMean=0.5859 gNorm=0.284 lr=0.281 ms=1231.6 buf=500000 plies=38302600 games=572645 rejected=0 skipped=0 epoch=0 mom=0.8682 lrCyc[pk=9.8e-01,tr=9.9e-04] trainerStep=22400
[LAYER-HEALTH] live trainerStep=22400 scope=batch_norm_state_only reluSites=2/10 ch=144 dead=0 off=0 alwaysOn=0 worst=none maxBetaOverGamma=+2.22@policy.pre_bn[103] minBetaOverGamma=-1.73@value.bn[9] rvMaxOverMedian=116.2@blocks.2.bn1[76] rezero=none nonFinite=0
[REPLAY] step=4450 loss=3.5339 pLoss=2.7452 vLoss=0.7856 pEnt=2.857 pIllM=0.0031 playedP=0.172 pW=0.47 pD=0.06 pL=0.47 vAbs=0.228 pLogitMean=-10.8007 vLogitMean=0.5844 gNorm=0.284 lr=0.258 ms=1346.1 buf=500000 plies=38729260 games=579030 rejected=0 skipped=0 epoch=0 mom=0.8694 lrCyc[pk=9.8e-01,tr=9.9e-04] trainerStep=22450
[LAYER-HEALTH] live trainerStep=22450 scope=batch_norm_state_only reluSites=2/10 ch=144 dead=0 off=0 alwaysOn=0 worst=none maxBetaOverGamma=+2.23@policy.pre_bn[103] minBetaOverGamma=-1.73@value.bn[9] rvMaxOverMedian=117.6@blocks.2.bn1[76] rezero=none nonFinite=0
[REPLAY] step=4500 loss=3.5193 pLoss=2.7111 vLoss=0.8050 pEnt=2.857 pIllM=0.0032 playedP=0.173 pW=0.48 pD=0.06 pL=0.46 vAbs=0.242 pLogitMean=-10.7941 vLogitMean=0.5827 gNorm=0.277 lr=0.237 ms=1256.2 buf=500000 plies=39155859 games=585443 rejected=0 skipped=0 epoch=0 mom=0.8707 lrCyc[pk=9.8e-01,tr=9.9e-04] trainerStep=22500
[LAYER-HEALTH] live trainerStep=22500 scope=batch_norm_state_only reluSites=2/10 ch=144 dead=0 off=0 alwaysOn=0 worst=none maxBetaOverGamma=+2.18@policy.pre_bn[103] minBetaOverGamma=-1.77@value.bn[9] rvMaxOverMedian=115.5@blocks.2.bn1[76] rezero=none nonFinite=0
[REPLAY] step=4550 loss=3.5231 pLoss=2.7135 vLoss=0.8069 pEnt=2.878 pIllM=0.0027 playedP=0.170 pW=0.47 pD=0.06 pL=0.47 vAbs=0.230 pLogitMean=-10.7924 vLogitMean=0.5807 gNorm=0.276 lr=0.216 ms=1309.8 buf=500000 plies=39582555 games=591861 rejected=0 skipped=0 epoch=0 mom=0.8720 lrCyc[pk=9.8e-01,tr=9.9e-04] trainerStep=22550
[LAYER-HEALTH] live trainerStep=22550 scope=batch_norm_state_only reluSites=2/10 ch=144 dead=0 off=0 alwaysOn=0 worst=none maxBetaOverGamma=+2.17@policy.pre_bn[103] minBetaOverGamma=-1.81@value.bn[9] rvMaxOverMedian=116.8@blocks.2.bn1[76] rezero=none nonFinite=0
[REPLAY] step=4600 loss=3.5294 pLoss=2.7298 vLoss=0.7967 pEnt=2.846 pIllM=0.0028 playedP=0.177 pW=0.47 pD=0.06 pL=0.47 vAbs=0.225 pLogitMean=-10.7898 vLogitMean=0.5810 gNorm=0.263 lr=0.198 ms=1353.7 buf=500000 plies=40009177 games=598313 rejected=0 skipped=0 epoch=0 mom=0.8733 lrCyc[pk=9.8e-01,tr=9.9e-04] trainerStep=22600
[LAYER-HEALTH] live trainerStep=22600 scope=batch_norm_state_only reluSites=2/10 ch=144 dead=0 off=0 alwaysOn=0 worst=none maxBetaOverGamma=+2.20@policy.pre_bn[103] minBetaOverGamma=-1.86@value.bn[9] rvMaxOverMedian=116.8@blocks.2.bn1[76] rezero=none nonFinite=0
[REPLAY] step=4650 loss=3.4981 pLoss=2.7081 vLoss=0.7871 pEnt=2.854 pIllM=0.0029 playedP=0.178 pW=0.47 pD=0.06 pL=0.47 vAbs=0.222 pLogitMean=-10.7933 vLogitMean=0.5798 gNorm=0.240 lr=0.18 ms=1239.2 buf=500000 plies=40435822 games=604620 rejected=0 skipped=0 epoch=0 mom=0.8746 lrCyc[pk=9.8e-01,tr=9.9e-04] trainerStep=22650
[LAYER-HEALTH] live trainerStep=22650 scope=batch_norm_state_only reluSites=2/10 ch=144 dead=0 off=0 alwaysOn=0 worst=none maxBetaOverGamma=+2.20@policy.pre_bn[103] minBetaOverGamma=-1.87@value.bn[9] rvMaxOverMedian=118.5@blocks.2.bn1[76] rezero=none nonFinite=0
[REPLAY] step=4700 loss=3.5500 pLoss=2.7558 vLoss=0.7918 pEnt=2.879 pIllM=0.0024 playedP=0.168 pW=0.48 pD=0.06 pL=0.46 vAbs=0.235 pLogitMean=-10.7980 vLogitMean=0.5816 gNorm=0.241 lr=0.164 ms=1352.7 buf=500000 plies=40862502 games=611024 rejected=0 skipped=0 epoch=0 mom=0.8760 lrCyc[pk=9.8e-01,tr=9.9e-04] trainerStep=22700
[LAYER-HEALTH] live trainerStep=22700 scope=batch_norm_state_only reluSites=2/10 ch=144 dead=0 off=0 alwaysOn=0 worst=none maxBetaOverGamma=+2.19@policy.pre_bn[103] minBetaOverGamma=-1.82@value.bn[9] rvMaxOverMedian=119.5@blocks.2.bn1[76] rezero=none nonFinite=0
[REPLAY] step=4750 loss=3.5375 pLoss=2.7379 vLoss=0.7972 pEnt=2.882 pIllM=0.0024 playedP=0.169 pW=0.47 pD=0.06 pL=0.46 vAbs=0.232 pLogitMean=-10.7935 vLogitMean=0.5822 gNorm=0.251 lr=0.149 ms=1237.6 buf=500000 plies=41289118 games=617405 rejected=0 skipped=0 epoch=0 mom=0.8774 lrCyc[pk=9.8e-01,tr=9.9e-04] trainerStep=22750
[LAYER-HEALTH] live trainerStep=22750 scope=batch_norm_state_only reluSites=2/10 ch=144 dead=0 off=0 alwaysOn=0 worst=none maxBetaOverGamma=+2.17@policy.pre_bn[103] minBetaOverGamma=-1.86@value.bn[9] rvMaxOverMedian=121.0@blocks.2.bn1[76] rezero=none nonFinite=0
[REPLAY] step=4800 loss=3.5261 pLoss=2.7236 vLoss=0.8000 pEnt=2.878 pIllM=0.0025 playedP=0.172 pW=0.47 pD=0.06 pL=0.46 vAbs=0.215 pLogitMean=-10.7964 vLogitMean=0.5773 gNorm=0.250 lr=0.135 ms=1307.6 buf=500000 plies=41715779 games=623805 rejected=0 skipped=0 epoch=0 mom=0.8788 lrCyc[pk=9.8e-01,tr=9.9e-04] trainerStep=22800
[LAYER-HEALTH] live trainerStep=22800 scope=batch_norm_state_only reluSites=2/10 ch=144 dead=0 off=0 alwaysOn=0 worst=none maxBetaOverGamma=+2.19@policy.pre_bn[103] minBetaOverGamma=-1.88@value.bn[9] rvMaxOverMedian=121.8@blocks.2.bn1[76] rezero=none nonFinite=0
[REPLAY] step=4850 loss=3.5339 pLoss=2.7210 vLoss=0.8105 pEnt=2.857 pIllM=0.0024 playedP=0.176 pW=0.47 pD=0.07 pL=0.46 vAbs=0.225 pLogitMean=-10.7898 vLogitMean=0.5775 gNorm=0.259 lr=0.123 ms=1323.5 buf=500000 plies=42142421 games=630209 rejected=0 skipped=0 epoch=0 mom=0.8802 lrCyc[pk=9.8e-01,tr=9.9e-04] trainerStep=22850
[LAYER-HEALTH] live trainerStep=22850 scope=batch_norm_state_only reluSites=2/10 ch=144 dead=0 off=0 alwaysOn=0 worst=none maxBetaOverGamma=+2.20@policy.pre_bn[103] minBetaOverGamma=-1.91@value.bn[9] rvMaxOverMedian=122.1@blocks.2.bn1[76] rezero=none nonFinite=0
[REPLAY] step=4900 loss=3.5231 pLoss=2.7128 vLoss=0.8079 pEnt=2.864 pIllM=0.0023 playedP=0.175 pW=0.46 pD=0.07 pL=0.47 vAbs=0.226 pLogitMean=-10.7929 vLogitMean=0.5785 gNorm=0.243 lr=0.111 ms=1230.3 buf=500000 plies=42569142 games=636616 rejected=0 skipped=0 epoch=0 mom=0.8817 lrCyc[pk=9.8e-01,tr=9.9e-04] trainerStep=22900
[LAYER-HEALTH] live trainerStep=22900 scope=batch_norm_state_only reluSites=2/10 ch=144 dead=0 off=0 alwaysOn=0 worst=none maxBetaOverGamma=+2.19@policy.pre_bn[103] minBetaOverGamma=-1.91@value.bn[9] rvMaxOverMedian=123.0@blocks.2.bn1[76] rezero=none nonFinite=0
[REPLAY] step=4950 loss=3.5516 pLoss=2.7439 vLoss=0.8055 pEnt=2.866 pIllM=0.0021 playedP=0.175 pW=0.47 pD=0.07 pL=0.46 vAbs=0.232 pLogitMean=-10.7982 vLogitMean=0.5780 gNorm=0.247 lr=0.1 ms=1263.8 buf=500000 plies=42995742 games=643052 rejected=0 skipped=0 epoch=0 mom=0.8831 lrCyc[pk=9.8e-01,tr=9.9e-04] trainerStep=22950
[LAYER-HEALTH] live trainerStep=22950 scope=batch_norm_state_only reluSites=2/10 ch=144 dead=0 off=0 alwaysOn=0 worst=none maxBetaOverGamma=+2.18@policy.pre_bn[103] minBetaOverGamma=-1.90@value.bn[9] rvMaxOverMedian=121.3@blocks.2.bn1[76] rezero=none nonFinite=0
[REPLAY] step=5000 loss=3.5254 pLoss=2.7197 vLoss=0.8035 pEnt=2.867 pIllM=0.0021 playedP=0.174 pW=0.47 pD=0.06 pL=0.47 vAbs=0.245 pLogitMean=-10.7923 vLogitMean=0.5798 gNorm=0.241 lr=0.0904 ms=1232.9 buf=500000 plies=43422410 games=649460 rejected=0 skipped=0 epoch=0 mom=0.8846 lrCyc[pk=9.8e-01,tr=9.9e-04] trainerStep=23000
[LAYER-HEALTH] live trainerStep=23000 scope=batch_norm_state_only reluSites=2/10 ch=144 dead=0 off=0 alwaysOn=0 worst=none maxBetaOverGamma=+2.18@policy.pre_bn[103] minBetaOverGamma=-1.86@value.bn[9] rvMaxOverMedian=121.3@blocks.2.bn1[76] rezero=none nonFinite=0
[REPLAY] saved trainer model (autosave) step=5000 trainerStep=23000 nextGame=2962130 shard=6 epoch=0 -> 20261006-lrBsilu-clip2-replay-latest.safetensors
[LAYER-HEALTH] checkpoint replay-autosave step=5000 trainerStep=23000 scope=all_tensors reluSites=2/10 ch=144 dead=0 off=0 alwaysOn=0 worst=none maxBetaOverGamma=+2.18@policy.pre_bn[103] minBetaOverGamma=-1.86@value.bn[9] rvMaxOverMedian=121.3@blocks.2.bn1[76] rezero=none nonFinite=0 seZeroVel=none valueFC1ZeroVel=0/128 maxAbs=39.82@blocks.2.bn1.running_var
[LAYER-HEALTH]   batch-norm sites — β/|γ|: dead < -3.00, mostly off < -2.00, always on > +3.00; classified for relu/leaky_relu only
[LAYER-HEALTH]     site            act            ch   dead    off     on  zeroγ nonfin  min β/|γ| [ch]     max β/|γ| [ch]     rv max/median [ch]
[LAYER-HEALTH]     stem.bn         -             128    n/a    n/a    n/a      0      0     -0.61 [104]        +0.33 [95]            5.4 [101]
[LAYER-HEALTH]     blocks.0.bn1    silu          128    n/a    n/a    n/a      0      0     -0.90 [5]          +0.15 [18]            4.3 [76]
[LAYER-HEALTH]     blocks.0.bn2    silu          128    n/a    n/a    n/a      0      0     -1.16 [53]         +3.52 [48]            4.9 [94]
[LAYER-HEALTH]     blocks.1.bn1    silu          128    n/a    n/a    n/a      0      0     -1.28 [17]         -0.03 [31]          107.1 [31]
[LAYER-HEALTH]     blocks.1.bn2    silu          128    n/a    n/a    n/a      0      0     -1.44 [3]          -0.13 [101]          10.1 [70]
[LAYER-HEALTH]     blocks.2.bn1    silu          128    n/a    n/a    n/a      0      0     -2.20 [17]         +2.30 [31]          121.3 [76]
[LAYER-HEALTH]     blocks.2.bn2    silu          128    n/a    n/a    n/a      0      0     -1.52 [78]         -0.00 [16]            3.6 [26]
[LAYER-HEALTH]     tower_final_bn  silu          128    n/a    n/a    n/a      0      0     -0.60 [90]         +1.00 [111]          12.2 [76]
[LAYER-HEALTH]     policy.pre_bn   leaky_relu    128      0      0      0      0      0     -0.89 [7]          +2.18 [103]           3.1 [120]
[LAYER-HEALTH]     value.bn        leaky_relu     16      0      0      0      0      0     -1.86 [9]          -0.57 [13]            2.1 [11]
[LAYER-HEALTH]   FC hidden-unit velocity — zero: every weight-velocity entry exactly 0; low: nonzero but < 5% of the layer's p90 unit norm
[LAYER-HEALTH]     value.fc1.weight  leaky_relu  units 128  zero 0  low 6  median unit norm 0.003508
[LAYER-HEALTH]     (no SE blocks)
[LAYER-HEALTH]   ReZero: none
[LAYER-HEALTH]   non-finite: 0 values in 0 of 102 tensors (10263038 values examined)
[LAYER-HEALTH]   largest |value|: blocks.2.bn1.running_var 39.82, blocks.1.bn1.running_var 33.66, blocks.1.bn2.running_var 15.4, blocks.0.bn2.running_var 10.01, tower_final_bn.running_var 6.649
[REPLAY] enumerated checkpoint -> 20261006-lrBsilu-clip2-replay-seg1-step5000.safetensors
[REPLAY] saved trainer model (final) step=5000 trainerStep=23000 nextGame=2962130 shard=6 epoch=0 -> 20261006-lrBsilu-clip2-replay-latest.safetensors
[LAYER-HEALTH] checkpoint replay-final step=5000 trainerStep=23000 scope=all_tensors reluSites=2/10 ch=144 dead=0 off=0 alwaysOn=0 worst=none maxBetaOverGamma=+2.18@policy.pre_bn[103] minBetaOverGamma=-1.86@value.bn[9] rvMaxOverMedian=121.3@blocks.2.bn1[76] rezero=none nonFinite=0 seZeroVel=none valueFC1ZeroVel=0/128 maxAbs=39.82@blocks.2.bn1.running_var
[LAYER-HEALTH]   batch-norm sites — β/|γ|: dead < -3.00, mostly off < -2.00, always on > +3.00; classified for relu/leaky_relu only
[LAYER-HEALTH]     site            act            ch   dead    off     on  zeroγ nonfin  min β/|γ| [ch]     max β/|γ| [ch]     rv max/median [ch]
[LAYER-HEALTH]     stem.bn         -             128    n/a    n/a    n/a      0      0     -0.61 [104]        +0.33 [95]            5.4 [101]
[LAYER-HEALTH]     blocks.0.bn1    silu          128    n/a    n/a    n/a      0      0     -0.90 [5]          +0.15 [18]            4.3 [76]
[LAYER-HEALTH]     blocks.0.bn2    silu          128    n/a    n/a    n/a      0      0     -1.16 [53]         +3.52 [48]            4.9 [94]
[LAYER-HEALTH]     blocks.1.bn1    silu          128    n/a    n/a    n/a      0      0     -1.28 [17]         -0.03 [31]          107.1 [31]
[LAYER-HEALTH]     blocks.1.bn2    silu          128    n/a    n/a    n/a      0      0     -1.44 [3]          -0.13 [101]          10.1 [70]
[LAYER-HEALTH]     blocks.2.bn1    silu          128    n/a    n/a    n/a      0      0     -2.20 [17]         +2.30 [31]          121.3 [76]
[LAYER-HEALTH]     blocks.2.bn2    silu          128    n/a    n/a    n/a      0      0     -1.52 [78]         -0.00 [16]            3.6 [26]
[LAYER-HEALTH]     tower_final_bn  silu          128    n/a    n/a    n/a      0      0     -0.60 [90]         +1.00 [111]          12.2 [76]
[LAYER-HEALTH]     policy.pre_bn   leaky_relu    128      0      0      0      0      0     -0.89 [7]          +2.18 [103]           3.1 [120]
[LAYER-HEALTH]     value.bn        leaky_relu     16      0      0      0      0      0     -1.86 [9]          -0.57 [13]            2.1 [11]
[LAYER-HEALTH]   FC hidden-unit velocity — zero: every weight-velocity entry exactly 0; low: nonzero but < 5% of the layer's p90 unit norm
[LAYER-HEALTH]     value.fc1.weight  leaky_relu  units 128  zero 0  low 6  median unit norm 0.003508
[LAYER-HEALTH]     (no SE blocks)
[LAYER-HEALTH]   ReZero: none
[LAYER-HEALTH]   non-finite: 0 values in 0 of 102 tensors (10263038 values examined)
[LAYER-HEALTH]   largest |value|: blocks.2.bn1.running_var 39.82, blocks.1.bn1.running_var 33.66, blocks.1.bn2.running_var 15.4, blocks.0.bn2.running_var 10.01, tower_final_bn.running_var 6.649
[REPLAY] enumerated checkpoint -> 20261006-lrBsilu-clip2-replay-seg1-step5000.safetensors (replaced this run's own earlier save of step 5000)
[REPLAY] done: steps=5000 positionsFed=43422410 gamesFed=649460 rejected=0 skipped=0 epochs=0
