warning: loc(fused["gradient for tower_final_bn/multiplication"("(mpsFileLoc): /AppleInternal/Library/BuildRoots/4~CYf0ugAFA2MHVp9fguae4KUVbl8-CIxgGlWKSUA/Library/Caches/com.apple.xbs/TemporaryDirectory.p76yMP/Sources/MetalPerformanceShadersGraph/mpsgraph/MetalPerformanceShadersGraph/Core/Files/MPSGraphUtilities.mm":234:0), "ane_validation_message"("Incompatible element type for ANE: expected fp16, f8E4M3, si8, ui8, si16, or ui16":0:0)]): Reached maxReorderingDistance 10
warning: loc(fused["gradient for tower_final_bn/multiplication"("(mpsFileLoc): /AppleInternal/Library/BuildRoots/4~CYf0ugAFA2MHVp9fguae4KUVbl8-CIxgGlWKSUA/Library/Caches/com.apple.xbs/TemporaryDirectory.p76yMP/Sources/MetalPerformanceShadersGraph/mpsgraph/MetalPerformanceShadersGraph/Core/Files/MPSGraphUtilities.mm":234:0), "ane_validation_message"("Incompatible element type for ANE: expected fp16, f8E4M3, si8, ui8, si16, or ui16":0:0)]): Reached maxReorderingDistance 10
warning: loc(fused["mps_add_23"("(mpsFileLoc): /AppleInternal/Library/BuildRoots/4~CYf0ugAFA2MHVp9fguae4KUVbl8-CIxgGlWKSUA/Library/Caches/com.apple.xbs/TemporaryDirectory.p76yMP/Sources/MetalPerformanceShadersGraph/mpsgraph/MetalPerformanceShadersGraph/Core/Files/MPSGraphUtilities.mm":234:0), "ane_validation_message"("Incompatible element type for ANE: expected fp16, f8E4M3, si8, ui8, si16, or ui16":0:0)]): Reached maxReorderingDistance 10
warning: loc(fused["mps_add_23"("(mpsFileLoc): /AppleInternal/Library/BuildRoots/4~CYf0ugAFA2MHVp9fguae4KUVbl8-CIxgGlWKSUA/Library/Caches/com.apple.xbs/TemporaryDirectory.p76yMP/Sources/MetalPerformanceShadersGraph/mpsgraph/MetalPerformanceShadersGraph/Core/Files/MPSGraphUtilities.mm":234:0), "ane_validation_message"("Incompatible element type for ANE: expected fp16, f8E4M3, si8, ui8, si16, or ui16":0:0)]): Reached maxReorderingDistance 10
warning: loc(fused["mps_add_33"("(mpsFileLoc): /AppleInternal/Library/BuildRoots/4~CYf0ugAFA2MHVp9fguae4KUVbl8-CIxgGlWKSUA/Library/Caches/com.apple.xbs/TemporaryDirectory.p76yMP/Sources/MetalPerformanceShadersGraph/mpsgraph/MetalPerformanceShadersGraph/Core/Files/MPSGraphUtilities.mm":234:0), "ane_validation_message"("Incompatible element type for ANE: expected fp16, f8E4M3, si8, ui8, si16, or ui16":0:0)]): Reached maxReorderingDistance 10
warning: loc(fused["mps_add_33"("(mpsFileLoc): /AppleInternal/Library/BuildRoots/4~CYf0ugAFA2MHVp9fguae4KUVbl8-CIxgGlWKSUA/Library/Caches/com.apple.xbs/TemporaryDirectory.p76yMP/Sources/MetalPerformanceShadersGraph/mpsgraph/MetalPerformanceShadersGraph/Core/Files/MPSGraphUtilities.mm":234:0), "ane_validation_message"("Incompatible element type for ANE: expected fp16, f8E4M3, si8, ui8, si16, or ui16":0:0)]): Reached maxReorderingDistance 10
warning: loc(fused["mps_add_43"("(mpsFileLoc): /AppleInternal/Library/BuildRoots/4~CYf0ugAFA2MHVp9fguae4KUVbl8-CIxgGlWKSUA/Library/Caches/com.apple.xbs/TemporaryDirectory.p76yMP/Sources/MetalPerformanceShadersGraph/mpsgraph/MetalPerformanceShadersGraph/Core/Files/MPSGraphUtilities.mm":234:0), "ane_validation_message"("Incompatible element type for ANE: expected fp16, f8E4M3, si8, ui8, si16, or ui16":0:0)]): Reached maxReorderingDistance 10
warning: loc(fused["gradient for tower_final_bn/multiplication"("(mpsFileLoc): /AppleInternal/Library/BuildRoots/4~CYf0ugAFA2MHVp9fguae4KUVbl8-CIxgGlWKSUA/Library/Caches/com.apple.xbs/TemporaryDirectory.p76yMP/Sources/MetalPerformanceShadersGraph/mpsgraph/MetalPerformanceShadersGraph/Core/Files/MPSGraphUtilities.mm":234:0), "ane_validation_message"("Incompatible element type for ANE: expected fp16, f8E4M3, si8, ui8, si16, or ui16":0:0)]): Reached maxReorderingDistance 10
warning: loc(fused["gradient for tower_final_bn/multiplication"("(mpsFileLoc): /AppleInternal/Library/BuildRoots/4~CYf0ugAFA2MHVp9fguae4KUVbl8-CIxgGlWKSUA/Library/Caches/com.apple.xbs/TemporaryDirectory.p76yMP/Sources/MetalPerformanceShadersGraph/mpsgraph/MetalPerformanceShadersGraph/Core/Files/MPSGraphUtilities.mm":234:0), "ane_validation_message"("Incompatible element type for ANE: expected fp16, f8E4M3, si8, ui8, si16, or ui16":0:0)]): Reached maxReorderingDistance 10
warning: loc(fused["mps_add_23"("(mpsFileLoc): /AppleInternal/Library/BuildRoots/4~CYf0ugAFA2MHVp9fguae4KUVbl8-CIxgGlWKSUA/Library/Caches/com.apple.xbs/TemporaryDirectory.p76yMP/Sources/MetalPerformanceShadersGraph/mpsgraph/MetalPerformanceShadersGraph/Core/Files/MPSGraphUtilities.mm":234:0), "ane_validation_message"("Incompatible element type for ANE: expected fp16, f8E4M3, si8, ui8, si16, or ui16":0:0)]): Reached maxReorderingDistance 10
warning: loc(fused["mps_add_23"("(mpsFileLoc): /AppleInternal/Library/BuildRoots/4~CYf0ugAFA2MHVp9fguae4KUVbl8-CIxgGlWKSUA/Library/Caches/com.apple.xbs/TemporaryDirectory.p76yMP/Sources/MetalPerformanceShadersGraph/mpsgraph/MetalPerformanceShadersGraph/Core/Files/MPSGraphUtilities.mm":234:0), "ane_validation_message"("Incompatible element type for ANE: expected fp16, f8E4M3, si8, ui8, si16, or ui16":0:0)]): Reached maxReorderingDistance 10
warning: loc(fused["mps_add_33"("(mpsFileLoc): /AppleInternal/Library/BuildRoots/4~CYf0ugAFA2MHVp9fguae4KUVbl8-CIxgGlWKSUA/Library/Caches/com.apple.xbs/TemporaryDirectory.p76yMP/Sources/MetalPerformanceShadersGraph/mpsgraph/MetalPerformanceShadersGraph/Core/Files/MPSGraphUtilities.mm":234:0), "ane_validation_message"("Incompatible element type for ANE: expected fp16, f8E4M3, si8, ui8, si16, or ui16":0:0)]): Reached maxReorderingDistance 10
warning: loc(fused["mps_add_33"("(mpsFileLoc): /AppleInternal/Library/BuildRoots/4~CYf0ugAFA2MHVp9fguae4KUVbl8-CIxgGlWKSUA/Library/Caches/com.apple.xbs/TemporaryDirectory.p76yMP/Sources/MetalPerformanceShadersGraph/mpsgraph/MetalPerformanceShadersGraph/Core/Files/MPSGraphUtilities.mm":234:0), "ane_validation_message"("Incompatible element type for ANE: expected fp16, f8E4M3, si8, ui8, si16, or ui16":0:0)]): Reached maxReorderingDistance 10
warning: loc(fused["mps_add_43"("(mpsFileLoc): /AppleInternal/Library/BuildRoots/4~CYf0ugAFA2MHVp9fguae4KUVbl8-CIxgGlWKSUA/Library/Caches/com.apple.xbs/TemporaryDirectory.p76yMP/Sources/MetalPerformanceShadersGraph/mpsgraph/MetalPerformanceShadersGraph/Core/Files/MPSGraphUtilities.mm":234:0), "ane_validation_message"("Incompatible element type for ANE: expected fp16, f8E4M3, si8, ui8, si16, or ui16":0:0)]): Reached maxReorderingDistance 10
warning: loc(fused["gradient for tower_final_bn/multiplication"("(mpsFileLoc): /AppleInternal/Library/BuildRoots/4~CYf0ugAFA2MHVp9fguae4KUVbl8-CIxgGlWKSUA/Library/Caches/com.apple.xbs/TemporaryDirectory.p76yMP/Sources/MetalPerformanceShadersGraph/mpsgraph/MetalPerformanceShadersGraph/Core/Files/MPSGraphUtilities.mm":234:0), "ane_validation_message"("Incompatible element type for ANE: expected fp16, f8E4M3, si8, ui8, si16, or ui16":0:0)]): Reached maxReorderingDistance 10
warning: loc(fused["gradient for tower_final_bn/multiplication"("(mpsFileLoc): /AppleInternal/Library/BuildRoots/4~CYf0ugAFA2MHVp9fguae4KUVbl8-CIxgGlWKSUA/Library/Caches/com.apple.xbs/TemporaryDirectory.p76yMP/Sources/MetalPerformanceShadersGraph/mpsgraph/MetalPerformanceShadersGraph/Core/Files/MPSGraphUtilities.mm":234:0), "ane_validation_message"("Incompatible element type for ANE: expected fp16, f8E4M3, si8, ui8, si16, or ui16":0:0)]): Reached maxReorderingDistance 10
warning: loc(fused["mps_add_23"("(mpsFileLoc): /AppleInternal/Library/BuildRoots/4~CYf0ugAFA2MHVp9fguae4KUVbl8-CIxgGlWKSUA/Library/Caches/com.apple.xbs/TemporaryDirectory.p76yMP/Sources/MetalPerformanceShadersGraph/mpsgraph/MetalPerformanceShadersGraph/Core/Files/MPSGraphUtilities.mm":234:0), "ane_validation_message"("Incompatible element type for ANE: expected fp16, f8E4M3, si8, ui8, si16, or ui16":0:0)]): Reached maxReorderingDistance 10
warning: loc(fused["mps_add_23"("(mpsFileLoc): /AppleInternal/Library/BuildRoots/4~CYf0ugAFA2MHVp9fguae4KUVbl8-CIxgGlWKSUA/Library/Caches/com.apple.xbs/TemporaryDirectory.p76yMP/Sources/MetalPerformanceShadersGraph/mpsgraph/MetalPerformanceShadersGraph/Core/Files/MPSGraphUtilities.mm":234:0), "ane_validation_message"("Incompatible element type for ANE: expected fp16, f8E4M3, si8, ui8, si16, or ui16":0:0)]): Reached maxReorderingDistance 10
warning: loc(fused["mps_add_33"("(mpsFileLoc): /AppleInternal/Library/BuildRoots/4~CYf0ugAFA2MHVp9fguae4KUVbl8-CIxgGlWKSUA/Library/Caches/com.apple.xbs/TemporaryDirectory.p76yMP/Sources/MetalPerformanceShadersGraph/mpsgraph/MetalPerformanceShadersGraph/Core/Files/MPSGraphUtilities.mm":234:0), "ane_validation_message"("Incompatible element type for ANE: expected fp16, f8E4M3, si8, ui8, si16, or ui16":0:0)]): Reached maxReorderingDistance 10
warning: loc(fused["mps_add_33"("(mpsFileLoc): /AppleInternal/Library/BuildRoots/4~CYf0ugAFA2MHVp9fguae4KUVbl8-CIxgGlWKSUA/Library/Caches/com.apple.xbs/TemporaryDirectory.p76yMP/Sources/MetalPerformanceShadersGraph/mpsgraph/MetalPerformanceShadersGraph/Core/Files/MPSGraphUtilities.mm":234:0), "ane_validation_message"("Incompatible element type for ANE: expected fp16, f8E4M3, si8, ui8, si16, or ui16":0:0)]): Reached maxReorderingDistance 10
warning: loc(fused["mps_add_43"("(mpsFileLoc): /AppleInternal/Library/BuildRoots/4~CYf0ugAFA2MHVp9fguae4KUVbl8-CIxgGlWKSUA/Library/Caches/com.apple.xbs/TemporaryDirectory.p76yMP/Sources/MetalPerformanceShadersGraph/mpsgraph/MetalPerformanceShadersGraph/Core/Files/MPSGraphUtilities.mm":234:0), "ane_validation_message"("Incompatible element type for ANE: expected fp16, f8E4M3, si8, ui8, si16, or ui16":0:0)]): Reached maxReorderingDistance 10
[REPLAY] starting offline corpus replay over 1 corpus path(s)
[REPLAY] start-model: 20261005-r7b24-fresh.safetensors modelID=20261005-22-yRzB encoding=basic24
[REPLAY-ARCH] (start-model) v5 . in basic24(24) -> stem 128 (7x7) . 3x[7x7+7x7 @128, no-SE, relu/pre, clean_add, no-ReZero, out:layer_norm, drop*1] . act relu . policy intermediate_conv(4864) . value WDL(16->FC128) . bfloat16 . 5,132,687 params
[REPLAY-HPARAMS] lr=0.001 batch=4096 wd=0.0003 momentum=0.9 gradClip=15 entropyBonus=0 drawPenalty=0 policyW=1 valueW=1 illegalW=1 pLabelSmooth=0.1 pLabelSmoothMode=fixed_total pLabelSmoothPerMove=0.0033 pLabelSmoothPerMoveCap=0.5 vLabelSmooth=0.013 dropout=0 lrWarmup=1000 bufCap=500000 replayRatio=0.48 minPrefill=250000 complementCE=on sqrtBatchLR=on batchStats=10 klProbe=100 sampling=(maxPerGame=400 maxDrawPct=100 targetLen=0 stratify=off applied=on)
[REPLAY] trainer-model output: /Users/andrew/Library/Application Support/DrewsChessMachine/Models/20261005-lrC-cyc10-replay-latest.safetensors (new file)
[REPLAY] enumerated checkpoints: /Users/andrew/Library/Application Support/DrewsChessMachine/Models/20261005-lrC-cyc10-replay-step1000.safetensors and siblings (never overwritten)
[REPLAY] corpus 20260624-192615-w3aA5b: 46 sealed shard(s)
[PARAM] random_seed from --seed: 20261005 (overrides random_seed_mode and random_seed=0 for this process)
[REPLAY] building network + trainer (encoding=basic24)
[NUMERICS] policy_tail_precision=fp32_from_pre_bn source=flag (affects bf16 / fp16 models only)
[REPLAY] start-model weights loaded into trainer (working+masters, velocity zeroed; new branch) + feeder net (base tensors=61)
[REPLAY-CYCLE] lr=[trough 1.00e-02,peak 1.00e+01]^10000st cnt=0 inv=true mom=[0.75,0.90]^1000st cnt=0 inv=false decay=[peak->1.00e-04 trough->1.00e-05 over 10000000st] momFollow=[low 0.850->0.900 high 0.950->0.950] origin=trainerStep 0 cycleStep 0 cycleLR=1.0000e+01 cycleMom=0.8500 (new branch from 20261005-22-yRzB; its clock, warmup and velocity are not continued)
[RUN] path=replay run=E67A96F2-52A0-40F9-BCCA-9EFB5B960E3E seg=0 (branch from 20261005-22-yRzB sha=b750edb1883a) build=2323 git=58e9f952 dirty=true device="Apple M5 Max" vm=false os="Version 27.2 (Build 26B5091g)" seed=20261005 mode=seeded(--seed) derivation=v1 params_sha=4ab318e16c54 cum_step=0 cum_games=0 cum_train_sec=0.0 argv="/Users/andrew/Library/Application Support/DrewsChessMachine/FrozenBuilds/DCM-2323-58e9f952-lrmax10.app/Contents/MacOS/DrewsChessMachine --replay-corpus 20260624-192615-w3aA5b --start-model /Users/andrew/Library/Application Support/DrewsChessMachine/Models/20261005-r7b24-fresh.safetensors --out-model /Users/andrew/Library/Application Support/DrewsChessMachine/Models/20261005-lrC-cyc10-replay-latest.safetensors --parameters /Users/andrew/cursor/drews-chess-machine/experiments/20261005-lr-schedule-ab/parameters-C.json --epochs 12 --training-step-limit 36000 --enumerate-checkpoints --policy-tail-precision fp32_from_pre_bn --seed 20261005"
[REPLAY] batchSize=4096 reuse=0.48 K=8533 minPrefill=250000 stepLimit=36000 epochLimit=12
[REPLAY] pre-filled: bufCount=250052 positionsFed=250052 gamesFed=3777 rejected=0 skipped=0
[REPLAY] step=1 loss=11.8138 pLoss=8.6299 vLoss=2.1901 pEnt=-- pIllM=0.9938 playedP=-- pW=-- pD=-- pL=-- vAbs=-- pLogitMean=-- vLogitMean=-- gNorm=31.172 lr=0.01 ms=3281.3 buf=250052 plies=250052 games=3777 rejected=0 skipped=0 epoch=0 mom=0.8500 lrCyc[pk=1.0e+01,tr=1.0e-02] trainerStep=1
[LAYER-HEALTH] live trainerStep=1 scope=batch_norm_state_only reluSites=9/10 ch=1040 dead=0 off=0 alwaysOn=0 worst=none maxBetaOverGamma=+0.00@blocks.0.bn1[0] minBetaOverGamma=+0.00@blocks.0.bn1[0] rvMaxOverMedian=3.2@stem.bn[47] rezero=none nonFinite=0
[REPLAY] step=50 loss=6.4783 pLoss=5.0650 vLoss=0.9002 pEnt=2.519 pIllM=0.5131 playedP=0.068 pW=0.47 pD=0.06 pL=0.46 vAbs=0.015 pLogitMean=-0.0173 vLogitMean=0.6120 gNorm=1.235 lr=0.5 ms=2665.3 buf=500000 plies=668192 games=10125 rejected=0 skipped=0 epoch=0 mom=0.8500 lrCyc[pk=1.0e+01,tr=1.0e-02] trainerStep=50
[LAYER-HEALTH] live trainerStep=50 scope=batch_norm_state_only reluSites=9/10 ch=1040 dead=12 off=2 alwaysOn=0 worst=value.bn(dead 12 off 2 on 0) maxBetaOverGamma=+0.33@policy.pre_bn[16] minBetaOverGamma=-106.97@value.bn[8] rvMaxOverMedian=29.8@stem.bn[31] rezero=none nonFinite=0
[REPLAY] step=100 loss=5.7369 pLoss=4.5472 vLoss=0.8717 pEnt=2.490 pIllM=0.3179 playedP=0.075 pW=0.49 pD=0.05 pL=0.46 vAbs=0.098 pLogitMean=-1.3832 vLogitMean=0.6574 gNorm=1.502 lr=1 ms=2795.5 buf=500000 plies=1094822 games=16614 rejected=0 skipped=0 epoch=0 mom=0.8500 lrCyc[pk=1.0e+01,tr=1.0e-02] trainerStep=100
[LAYER-HEALTH] live trainerStep=100 scope=batch_norm_state_only reluSites=9/10 ch=1040 dead=14 off=2 alwaysOn=0 worst=value.bn(dead 12 off 1 on 0) maxBetaOverGamma=+0.81@tower_final_bn[0] minBetaOverGamma=-153.84@value.bn[8] rvMaxOverMedian=58.1@stem.bn[57] rezero=none nonFinite=0
[REPLAY] step=150 loss=5.1343 pLoss=3.9693 vLoss=0.8725 pEnt=2.858 pIllM=0.2925 playedP=0.076 pW=0.46 pD=0.08 pL=0.46 vAbs=0.054 pLogitMean=-4.5106 vLogitMean=0.6296 gNorm=0.608 lr=1.5 ms=2091.5 buf=500000 plies=1521507 games=23047 rejected=0 skipped=0 epoch=0 mom=0.8500 lrCyc[pk=1.0e+01,tr=1.0e-02] trainerStep=150
[LAYER-HEALTH] live trainerStep=150 scope=batch_norm_state_only reluSites=9/10 ch=1040 dead=24 off=4 alwaysOn=0 worst=value.bn(dead 12 off 2 on 0) maxBetaOverGamma=+0.84@tower_final_bn[11] minBetaOverGamma=-191.99@blocks.0.bn2[55] rvMaxOverMedian=498.1@blocks.0.bn2[78] rezero=none nonFinite=0
[REPLAY] step=200 loss=5.1376 pLoss=3.9890 vLoss=0.8593 pEnt=2.793 pIllM=0.2893 playedP=0.076 pW=0.51 pD=0.05 pL=0.44 vAbs=0.089 pLogitMean=-5.6759 vLogitMean=0.6159 gNorm=0.621 lr=2 ms=2145.7 buf=500000 plies=1948135 games=29513 rejected=0 skipped=0 epoch=0 mom=0.8500 lrCyc[pk=1.0e+01,tr=1.0e-02] trainerStep=200
[LAYER-HEALTH] live trainerStep=200 scope=batch_norm_state_only reluSites=9/10 ch=1040 dead=25 off=3 alwaysOn=0 worst=value.bn(dead 12 off 1 on 0) maxBetaOverGamma=+1.00@tower_final_bn[92] minBetaOverGamma=-153.63@value.bn[8] rvMaxOverMedian=1415.5@blocks.0.bn2[78] rezero=none nonFinite=0
[REPLAY] step=250 loss=4.7847 pLoss=3.4011 vLoss=1.1475 pEnt=2.613 pIllM=0.2360 playedP=0.116 pW=0.80 pD=0.03 pL=0.17 vAbs=0.639 pLogitMean=-6.8423 vLogitMean=0.6112 gNorm=0.899 lr=2.5 ms=2127.2 buf=500000 plies=2374804 games=35963 rejected=0 skipped=0 epoch=0 mom=0.8500 lrCyc[pk=1.0e+01,tr=1.0e-02] trainerStep=250
[LAYER-HEALTH] live trainerStep=250 scope=batch_norm_state_only reluSites=9/10 ch=1040 dead=28 off=5 alwaysOn=0 worst=value.bn(dead 13 off 2 on 0) maxBetaOverGamma=+1.05@tower_final_bn[92] minBetaOverGamma=-153.63@value.bn[8] rvMaxOverMedian=1833.1@blocks.0.bn2[78] rezero=none nonFinite=0
[REPLAY] step=300 loss=36.3806 pLoss=34.1114 vLoss=1.2720 pEnt=1.623 pIllM=0.9971 playedP=0.067 pW=0.11 pD=0.10 pL=0.79 vAbs=0.677 pLogitMean=-6.2725 vLogitMean=0.6114 gNorm=14.325 lr=3 ms=2196.7 buf=500000 plies=2801422 games=42394 rejected=0 skipped=0 epoch=0 mom=0.8500 lrCyc[pk=1.0e+01,tr=1.0e-02] trainerStep=300
[LAYER-HEALTH] live trainerStep=300 scope=batch_norm_state_only reluSites=9/10 ch=1040 dead=322 off=98 alwaysOn=10 worst=policy.pre_bn(dead 92 off 15 on 0) maxBetaOverGamma=+52.78@blocks.1.bn1[95] minBetaOverGamma=-7102.97@policy.pre_bn[117] rvMaxOverMedian=178538.0@value.bn[12] rezero=none nonFinite=0
[REPLAY] step=350 loss=8.7093 pLoss=6.8958 vLoss=0.8677 pEnt=2.707 pIllM=0.9458 playedP=0.065 pW=0.46 pD=0.05 pL=0.49 vAbs=0.033 pLogitMean=-0.8083 vLogitMean=0.6146 gNorm=0.059 lr=3.5 ms=2741.8 buf=500000 plies=3228166 games=48821 rejected=0 skipped=0 epoch=0 mom=0.8500 lrCyc[pk=1.0e+01,tr=1.0e-02] trainerStep=350
[LAYER-HEALTH] live trainerStep=350 scope=batch_norm_state_only reluSites=9/10 ch=1040 dead=340 off=101 alwaysOn=7 worst=policy.pre_bn(dead 91 off 15 on 0) maxBetaOverGamma=+1301.46@tower_final_bn[6] minBetaOverGamma=-3382.58@blocks.0.bn2[79] rvMaxOverMedian=421711.0@value.bn[12] rezero=none nonFinite=0
[REPLAY] step=400 loss=8.6401 pLoss=6.8210 vLoss=0.8715 pEnt=2.732 pIllM=0.9476 playedP=0.064 pW=0.48 pD=0.06 pL=0.46 vAbs=0.018 pLogitMean=-0.7581 vLogitMean=0.6159 gNorm=0.018 lr=4 ms=2465.0 buf=500000 plies=3654819 games=5warning: loc(fused["gradient for tower_final_bn/multiplication"("(mpsFileLoc): /AppleInternal/Library/BuildRoots/4~CYf0ugAFA2MHVp9fguae4KUVbl8-CIxgGlWKSUA/Library/Caches/com.apple.xbs/TemporaryDirectory.p76yMP/Sources/MetalPerformanceShadersGraph/mpsgraph/MetalPerformanceShadersGraph/Core/Files/MPSGraphUtilities.mm":234:0), "ane_validation_message"("Incompatible element type for ANE: expected fp16, f8E4M3, si8, ui8, si16, or ui16":0:0)]): Reached maxReorderingDistance 10
warning: loc(fused["gradient for tower_final_bn/multiplication"("(mpsFileLoc): /AppleInternal/Library/BuildRoots/4~CYf0ugAFA2MHVp9fguae4KUVbl8-CIxgGlWKSUA/Library/Caches/com.apple.xbs/TemporaryDirectory.p76yMP/Sources/MetalPerformanceShadersGraph/mpsgraph/MetalPerformanceShadersGraph/Core/Files/MPSGraphUtilities.mm":234:0), "ane_validation_message"("Incompatible element type for ANE: expected fp16, f8E4M3, si8, ui8, si16, or ui16":0:0)]): Reached maxReorderingDistance 10
warning: loc(fused["mps_add_23"("(mpsFileLoc): /AppleInternal/Library/BuildRoots/4~CYf0ugAFA2MHVp9fguae4KUVbl8-CIxgGlWKSUA/Library/Caches/com.apple.xbs/TemporaryDirectory.p76yMP/Sources/MetalPerformanceShadersGraph/mpsgraph/MetalPerformanceShadersGraph/Core/Files/MPSGraphUtilities.mm":234:0), "ane_validation_message"("Incompatible element type for ANE: expected fp16, f8E4M3, si8, ui8, si16, or ui16":0:0)]): Reached maxReorderingDistance 10
warning: loc(fused["mps_add_23"("(mpsFileLoc): /AppleInternal/Library/BuildRoots/4~CYf0ugAFA2MHVp9fguae4KUVbl8-CIxgGlWKSUA/Library/Caches/com.apple.xbs/TemporaryDirectory.p76yMP/Sources/MetalPerformanceShadersGraph/mpsgraph/MetalPerformanceShadersGraph/Core/Files/MPSGraphUtilities.mm":234:0), "ane_validation_message"("Incompatible element type for ANE: expected fp16, f8E4M3, si8, ui8, si16, or ui16":0:0)]): Reached maxReorderingDistance 10
warning: loc(fused["mps_add_33"("(mpsFileLoc): /AppleInternal/Library/BuildRoots/4~CYf0ugAFA2MHVp9fguae4KUVbl8-CIxgGlWKSUA/Library/Caches/com.apple.xbs/TemporaryDirectory.p76yMP/Sources/MetalPerformanceShadersGraph/mpsgraph/MetalPerformanceShadersGraph/Core/Files/MPSGraphUtilities.mm":234:0), "ane_validation_message"("Incompatible element type for ANE: expected fp16, f8E4M3, si8, ui8, si16, or ui16":0:0)]): Reached maxReorderingDistance 10
warning: loc(fused["mps_add_33"("(mpsFileLoc): /AppleInternal/Library/BuildRoots/4~CYf0ugAFA2MHVp9fguae4KUVbl8-CIxgGlWKSUA/Library/Caches/com.apple.xbs/TemporaryDirectory.p76yMP/Sources/MetalPerformanceShadersGraph/mpsgraph/MetalPerformanceShadersGraph/Core/Files/MPSGraphUtilities.mm":234:0), "ane_validation_message"("Incompatible element type for ANE: expected fp16, f8E4M3, si8, ui8, si16, or ui16":0:0)]): Reached maxReorderingDistance 10
warning: loc(fused["mps_add_43"("(mpsFileLoc): /AppleInternal/Library/BuildRoots/4~CYf0ugAFA2MHVp9fguae4KUVbl8-CIxgGlWKSUA/Library/Caches/com.apple.xbs/TemporaryDirectory.p76yMP/Sources/MetalPerformanceShadersGraph/mpsgraph/MetalPerformanceShadersGraph/Core/Files/MPSGraphUtilities.mm":234:0), "ane_validation_message"("Incompatible element type for ANE: expected fp16, f8E4M3, si8, ui8, si16, or ui16":0:0)]): Reached maxReorderingDistance 10
5255 rejected=0 skipped=0 epoch=0 mom=0.8500 lrCyc[pk=1.0e+01,tr=1.0e-02] trainerStep=400
[LAYER-HEALTH] live trainerStep=400 scope=batch_norm_state_only reluSites=9/10 ch=1040 dead=340 off=101 alwaysOn=6 worst=policy.pre_bn(dead 91 off 15 on 0) maxBetaOverGamma=+431.66@tower_final_bn[6] minBetaOverGamma=-3394.53@blocks.0.bn2[79] rvMaxOverMedian=444435.8@value.bn[12] rezero=none nonFinite=0
[REPLAY] step=450 loss=8.6159 pLoss=6.7934 vLoss=0.8827 pEnt=2.710 pIllM=0.9398 playedP=0.058 pW=0.47 pD=0.06 pL=0.46 vAbs=0.011 pLogitMean=-1.0563 vLogitMean=0.6185 gNorm=0.048 lr=4.5 ms=2491.5 buf=500000 plies=4081392 games=61710 rejected=0 skipped=0 epoch=0 mom=0.8500 lrCyc[pk=1.0e+01,tr=1.0e-02] trainerStep=450
[LAYER-HEALTH] live trainerStep=450 scope=batch_norm_state_only reluSites=9/10 ch=1040 dead=339 off=102 alwaysOn=6 worst=policy.pre_bn(dead 91 off 15 on 0) maxBetaOverGamma=+339.63@tower_final_bn[6] minBetaOverGamma=-3394.53@blocks.0.bn2[79] rvMaxOverMedian=451754.3@value.bn[12] rezero=none nonFinite=0
[REPLAY] step=500 loss=8.6092 pLoss=6.7816 vLoss=0.8831 pEnt=2.760 pIllM=0.9446 playedP=0.059 pW=0.49 pD=0.06 pL=0.45 vAbs=0.037 pLogitMean=-1.1248 vLogitMean=0.6159 gNorm=0.057 lr=5 ms=2860.9 buf=500000 plies=4508091 games=68143 rejected=0 skipped=0 epoch=0 mom=0.8500 lrCyc[pk=1.0e+01,tr=1.0e-02] trainerStep=500
[LAYER-HEALTH] live trainerStep=500 scope=batch_norm_state_only reluSites=9/10 ch=1040 dead=339 off=102 alwaysOn=5 worst=policy.pre_bn(dead 91 off 15 on 0) maxBetaOverGamma=+299.15@tower_final_bn[6] minBetaOverGamma=-3394.53@blocks.0.bn2[79] rvMaxOverMedian=461869.9@value.bn[12] rezero=none nonFinite=0
[REPLAY] SIGINT received — finishing current step, saving, then exiting (Ctrl-C again to force-quit)
[REPLAY] abort requested — stopping at step 513
[REPLAY] saved trainer model (abort) step=513 trainerStep=513 nextGame=69822 shard=0 epoch=0 -> 20261005-lrC-cyc10-replay-latest.safetensors
[LAYER-HEALTH] checkpoint replay-abort step=513 trainerStep=513 scope=all_tensors reluSites=9/10 ch=1040 dead=339 off=101 alwaysOn=5 worst=policy.pre_bn(dead 91 off 15 on 0) maxBetaOverGamma=+278.50@tower_final_bn[6] minBetaOverGamma=-3394.53@blocks.0.bn2[79] rvMaxOverMedian=466888.2@value.bn[12] rezero=none nonFinite=0 seZeroVel=none valueFC1ZeroVel=0/128 maxAbs=3.582e+08@policy.pre_bn.running_var
[LAYER-HEALTH]   batch-norm sites — β/|γ|: dead < -3.00, mostly off < -2.00, always on > +3.00; classified for relu/leaky_relu only
[LAYER-HEALTH]     site            act            ch   dead    off     on  zeroγ nonfin  min β/|γ| [ch]     max β/|γ| [ch]     rv max/median [ch]
[LAYER-HEALTH]     stem.bn         -             128    n/a    n/a    n/a      0      0    -17.38 [93]        +22.85 [87]          243.2 [78]
[LAYER-HEALTH]     blocks.0.bn1    relu          128     24      7      0      0      0   -134.30 [58]         +0.65 [98]           61.1 [65]
[LAYER-HEALTH]     blocks.0.bn2    relu          128     42     10      1      0      0  -3394.53 [79]         +3.72 [58]           65.5 [58]
[LAYER-HEALTH]     blocks.1.bn1    relu          128     38      9      0      0      0   -451.26 [17]         +2.61 [70]          191.7 [25]
[LAYER-HEALTH]     blocks.1.bn2    relu          128     17      2      0      0      0   -394.29 [73]         +1.13 [21]          174.7 [106]
[LAYER-HEALTH]     blocks.2.bn1    relu          128     28      8      1      0      0   -188.52 [60]        +13.09 [25]          938.2 [34]
[LAYER-HEALTH]     blocks.2.bn2    relu          128     57     28      0      0      0   -764.71 [2]          +1.48 [78]         5344.9 [23]
[LAYER-HEALTH]     tower_final_bn  relu          128     28     21      3      0      0    -45.90 [61]       +278.50 [6]        108495.8 [11]
[LAYER-HEALTH]     policy.pre_bn   relu          128     91     15      0      0      0  -2157.49 [117]        -0.52 [11]        53540.4 [127]
[LAYER-HEALTH]     value.bn        relu           16     14      1      0      0      0   -153.63 [8]          -1.56 [5]        466888.2 [12]
[LAYER-HEALTH]   FC hidden-unit velocity — zero: every weight-velocity entry exactly 0; low: nonzero but < 5% of the layer's p90 unit norm
[LAYER-HEALTH]     value.fc1.weight  relu  units 128  zero 0  low 62  median unit norm 2.459e-17
[LAYER-HEALTH]     (no SE blocks)
[LAYER-HEALTH]   ReZero: none
[LAYER-HEALTH]   non-finite: 0 values in 0 of 102 tensors (10263038 values examined)
[LAYER-HEALTH]   largest |value|: policy.pre_bn.running_var 3.582e+08, value.bn.running_var 9.720e+07, blocks.2.bn2.running_var 6.880e+07, blocks.1.bn2.running_var 1.155e+06, blocks.0.bn2.running_var 4.331e+04
[REPLAY] enumerated checkpoint -> 20261005-lrC-cyc10-replay-step513.safetensors
[REPLAY] done: steps=513 positionsFed=4618951 gamesFed=69822 rejected=0 skipped=0 epochs=0
