warning: loc(fused["gradient for tower_final_bn/multiplication_2"("(mpsFileLoc): /AppleInternal/Library/BuildRoots/4~CYf0ugAFA2MHVp9fguae4KUVbl8-CIxgGlWKSUA/Library/Caches/com.apple.xbs/TemporaryDirectory.p76yMP/Sources/MetalPerformanceShadersGraph/mpsgraph/MetalPerformanceShadersGraph/Core/Files/MPSGraphUtilities.mm":234:0), "ane_validation_message"("Incompatible element type for ANE: expected fp16, f8E4M3, si8, ui8, si16, or ui16":0:0)]): Reached maxReorderingDistance 10
warning: loc(fused["gradient for tower_final_bn/multiplication_2"("(mpsFileLoc): /AppleInternal/Library/BuildRoots/4~CYf0ugAFA2MHVp9fguae4KUVbl8-CIxgGlWKSUA/Library/Caches/com.apple.xbs/TemporaryDirectory.p76yMP/Sources/MetalPerformanceShadersGraph/mpsgraph/MetalPerformanceShadersGraph/Core/Files/MPSGraphUtilities.mm":234:0), "ane_validation_message"("Incompatible element type for ANE: expected fp16, f8E4M3, si8, ui8, si16, or ui16":0:0)]): Reached maxReorderingDistance 10
warning: loc(fused["mps_add_23"("(mpsFileLoc): /AppleInternal/Library/BuildRoots/4~CYf0ugAFA2MHVp9fguae4KUVbl8-CIxgGlWKSUA/Library/Caches/com.apple.xbs/TemporaryDirectory.p76yMP/Sources/MetalPerformanceShadersGraph/mpsgraph/MetalPerformanceShadersGraph/Core/Files/MPSGraphUtilities.mm":234:0), "ane_validation_message"("Incompatible element type for ANE: expected fp16, f8E4M3, si8, ui8, si16, or ui16":0:0)]): Reached maxReorderingDistance 10
warning: loc(fused["mps_add_23"("(mpsFileLoc): /AppleInternal/Library/BuildRoots/4~CYf0ugAFA2MHVp9fguae4KUVbl8-CIxgGlWKSUA/Library/Caches/com.apple.xbs/TemporaryDirectory.p76yMP/Sources/MetalPerformanceShadersGraph/mpsgraph/MetalPerformanceShadersGraph/Core/Files/MPSGraphUtilities.mm":234:0), "ane_validation_message"("Incompatible element type for ANE: expected fp16, f8E4M3, si8, ui8, si16, or ui16":0:0)]): Reached maxReorderingDistance 10
warning: loc(fused["mps_add_33"("(mpsFileLoc): /AppleInternal/Library/BuildRoots/4~CYf0ugAFA2MHVp9fguae4KUVbl8-CIxgGlWKSUA/Library/Caches/com.apple.xbs/TemporaryDirectory.p76yMP/Sources/MetalPerformanceShadersGraph/mpsgraph/MetalPerformanceShadersGraph/Core/Files/MPSGraphUtilities.mm":234:0), "ane_validation_message"("Incompatible element type for ANE: expected fp16, f8E4M3, si8, ui8, si16, or ui16":0:0)]): Reached maxReorderingDistance 10
warning: loc(fused["mps_add_33"("(mpsFileLoc): /AppleInternal/Library/BuildRoots/4~CYf0ugAFA2MHVp9fguae4KUVbl8-CIxgGlWKSUA/Library/Caches/com.apple.xbs/TemporaryDirectory.p76yMP/Sources/MetalPerformanceShadersGraph/mpsgraph/MetalPerformanceShadersGraph/Core/Files/MPSGraphUtilities.mm":234:0), "ane_validation_message"("Incompatible element type for ANE: expected fp16, f8E4M3, si8, ui8, si16, or ui16":0:0)]): Reached maxReorderingDistance 10
warning: loc(fused["mps_add_43"("(mpsFileLoc): /AppleInternal/Library/BuildRoots/4~CYf0ugAFA2MHVp9fguae4KUVbl8-CIxgGlWKSUA/Library/Caches/com.apple.xbs/TemporaryDirectory.p76yMP/Sources/MetalPerformanceShadersGraph/mpsgraph/MetalPerformanceShadersGraph/Core/Files/MPSGraphUtilities.mm":234:0), "ane_validation_message"("Incompatible element type for ANE: expected fp16, f8E4M3, si8, ui8, si16, or ui16":0:0)]): Reached maxReorderingDistance 10
warning: loc(fused["gradient for tower_final_bn/multiplication_2"("(mpsFileLoc): /AppleInternal/Library/BuildRoots/4~CYf0ugAFA2MHVp9fguae4KUVbl8-CIxgGlWKSUA/Library/Caches/com.apple.xbs/TemporaryDirectory.p76yMP/Sources/MetalPerformanceShadersGraph/mpsgraph/MetalPerformanceShadersGraph/Core/Files/MPSGraphUtilities.mm":234:0), "ane_validation_message"("Incompatible element type for ANE: expected fp16, f8E4M3, si8, ui8, si16, or ui16":0:0)]): Reached maxReorderingDistance 10
warning: loc(fused["gradient for tower_final_bn/multiplication_2"("(mpsFileLoc): /AppleInternal/Library/BuildRoots/4~CYf0ugAFA2MHVp9fguae4KUVbl8-CIxgGlWKSUA/Library/Caches/com.apple.xbs/TemporaryDirectory.p76yMP/Sources/MetalPerformanceShadersGraph/mpsgraph/MetalPerformanceShadersGraph/Core/Files/MPSGraphUtilities.mm":234:0), "ane_validation_message"("Incompatible element type for ANE: expected fp16, f8E4M3, si8, ui8, si16, or ui16":0:0)]): Reached maxReorderingDistance 10
warning: loc(fused["mps_add_23"("(mpsFileLoc): /AppleInternal/Library/BuildRoots/4~CYf0ugAFA2MHVp9fguae4KUVbl8-CIxgGlWKSUA/Library/Caches/com.apple.xbs/TemporaryDirectory.p76yMP/Sources/MetalPerformanceShadersGraph/mpsgraph/MetalPerformanceShadersGraph/Core/Files/MPSGraphUtilities.mm":234:0), "ane_validation_message"("Incompatible element type for ANE: expected fp16, f8E4M3, si8, ui8, si16, or ui16":0:0)]): Reached maxReorderingDistance 10
warning: loc(fused["mps_add_23"("(mpsFileLoc): /AppleInternal/Library/BuildRoots/4~CYf0ugAFA2MHVp9fguae4KUVbl8-CIxgGlWKSUA/Library/Caches/com.apple.xbs/TemporaryDirectory.p76yMP/Sources/MetalPerformanceShadersGraph/mpsgraph/MetalPerformanceShadersGraph/Core/Files/MPSGraphUtilities.mm":234:0), "ane_validation_message"("Incompatible element type for ANE: expected fp16, f8E4M3, si8, ui8, si16, or ui16":0:0)]): Reached maxReorderingDistance 10
warning: loc(fused["mps_add_33"("(mpsFileLoc): /AppleInternal/Library/BuildRoots/4~CYf0ugAFA2MHVp9fguae4KUVbl8-CIxgGlWKSUA/Library/Caches/com.apple.xbs/TemporaryDirectory.p76yMP/Sources/MetalPerformanceShadersGraph/mpsgraph/MetalPerformanceShadersGraph/Core/Files/MPSGraphUtilities.mm":234:0), "ane_validation_message"("Incompatible element type for ANE: expected fp16, f8E4M3, si8, ui8, si16, or ui16":0:0)]): Reached maxReorderingDistance 10
warning: loc(fused["mps_add_33"("(mpsFileLoc): /AppleInternal/Library/BuildRoots/4~CYf0ugAFA2MHVp9fguae4KUVbl8-CIxgGlWKSUA/Library/Caches/com.apple.xbs/TemporaryDirectory.p76yMP/Sources/MetalPerformanceShadersGraph/mpsgraph/MetalPerformanceShadersGraph/Core/Files/MPSGraphUtilities.mm":234:0), "ane_validation_message"("Incompatible element type for ANE: expected fp16, f8E4M3, si8, ui8, si16, or ui16":0:0)]): Reached maxReorderingDistance 10
warning: loc(fused["mps_add_43"("(mpsFileLoc): /AppleInternal/Library/BuildRoots/4~CYf0ugAFA2MHVp9fguae4KUVbl8-CIxgGlWKSUA/Library/Caches/com.apple.xbs/TemporaryDirectory.p76yMP/Sources/MetalPerformanceShadersGraph/mpsgraph/MetalPerformanceShadersGraph/Core/Files/MPSGraphUtilities.mm":234:0), "ane_validation_message"("Incompatible element type for ANE: expected fp16, f8E4M3, si8, ui8, si16, or ui16":0:0)]): Reached maxReorderingDistance 10
warning: loc(fused["gradient for tower_final_bn/multiplication_2"("(mpsFileLoc): /AppleInternal/Library/BuildRoots/4~CYf0ugAFA2MHVp9fguae4KUVbl8-CIxgGlWKSUA/Library/Caches/com.apple.xbs/TemporaryDirectory.p76yMP/Sources/MetalPerformanceShadersGraph/mpsgraph/MetalPerformanceShadersGraph/Core/Files/MPSGraphUtilities.mm":234:0), "ane_validation_message"("Incompatible element type for ANE: expected fp16, f8E4M3, si8, ui8, si16, or ui16":0:0)]): Reached maxReorderingDistance 10
warning: loc(fused["gradient for tower_final_bn/multiplication_2"("(mpsFileLoc): /AppleInternal/Library/BuildRoots/4~CYf0ugAFA2MHVp9fguae4KUVbl8-CIxgGlWKSUA/Library/Caches/com.apple.xbs/TemporaryDirectory.p76yMP/Sources/MetalPerformanceShadersGraph/mpsgraph/MetalPerformanceShadersGraph/Core/Files/MPSGraphUtilities.mm":234:0), "ane_validation_message"("Incompatible element type for ANE: expected fp16, f8E4M3, si8, ui8, si16, or ui16":0:0)]): Reached maxReorderingDistance 10
warning: loc(fused["mps_add_23"("(mpsFileLoc): /AppleInternal/Library/BuildRoots/4~CYf0ugAFA2MHVp9fguae4KUVbl8-CIxgGlWKSUA/Library/Caches/com.apple.xbs/TemporaryDirectory.p76yMP/Sources/MetalPerformanceShadersGraph/mpsgraph/MetalPerformanceShadersGraph/Core/Files/MPSGraphUtilities.mm":234:0), "ane_validation_message"("Incompatible element type for ANE: expected fp16, f8E4M3, si8, ui8, si16, or ui16":0:0)]): Reached maxReorderingDistance 10
warning: loc(fused["mps_add_23"("(mpsFileLoc): /AppleInternal/Library/BuildRoots/4~CYf0ugAFA2MHVp9fguae4KUVbl8-CIxgGlWKSUA/Library/Caches/com.apple.xbs/TemporaryDirectory.p76yMP/Sources/MetalPerformanceShadersGraph/mpsgraph/MetalPerformanceShadersGraph/Core/Files/MPSGraphUtilities.mm":234:0), "ane_validation_message"("Incompatible element type for ANE: expected fp16, f8E4M3, si8, ui8, si16, or ui16":0:0)]): Reached maxReorderingDistance 10
warning: loc(fused["mps_add_33"("(mpsFileLoc): /AppleInternal/Library/BuildRoots/4~CYf0ugAFA2MHVp9fguae4KUVbl8-CIxgGlWKSUA/Library/Caches/com.apple.xbs/TemporaryDirectory.p76yMP/Sources/MetalPerformanceShadersGraph/mpsgraph/MetalPerformanceShadersGraph/Core/Files/MPSGraphUtilities.mm":234:0), "ane_validation_message"("Incompatible element type for ANE: expected fp16, f8E4M3, si8, ui8, si16, or ui16":0:0)]): Reached maxReorderingDistance 10
warning: loc(fused["mps_add_33"("(mpsFileLoc): /AppleInternal/Library/BuildRoots/4~CYf0ugAFA2MHVp9fguae4KUVbl8-CIxgGlWKSUA/Library/Caches/com.apple.xbs/TemporaryDirectory.p76yMP/Sources/MetalPerformanceShadersGraph/mpsgraph/MetalPerformanceShadersGraph/Core/Files/MPSGraphUtilities.mm":234:0), "ane_validation_message"("Incompatible element type for ANE: expected fp16, f8E4M3, si8, ui8, si16, or ui16":0:0)]): Reached maxReorderingDistance 10
warning: loc(fused["mps_add_43"("(mpsFileLoc): /AppleInternal/Library/BuildRoots/4~CYf0ugAFA2MHVp9fguae4KUVbl8-CIxgGlWKSUA/Library/Caches/com.apple.xbs/TemporaryDirectory.p76yMP/Sources/MetalPerformanceShadersGraph/mpsgraph/MetalPerformanceShadersGraph/Core/Files/MPSGraphUtilities.mm":234:0), "ane_validation_message"("Incompatible element type for ANE: expected fp16, f8E4M3, si8, ui8, si16, or ui16":0:0)]): Reached maxReorderingDistance 10
[REPLAY] starting offline corpus replay over 1 corpus path(s)
[REPLAY] start-model: 20261005-r7b24-leakyall-fresh.safetensors modelID=20261006-40-7URa encoding=basic24
[REPLAY-ARCH] (start-model) v5 . in basic24(24) -> stem 128 (7x7) . 3x[7x7+7x7 @128, no-SE, leaky_relu/pre, clean_add, no-ReZero, out:layer_norm, drop*1] . act leaky_relu . policy intermediate_conv(4864) . value WDL(16->FC128) . bfloat16 . 5,132,687 params
[REPLAY-HPARAMS] lr=0.001 batch=4096 wd=0.0003 momentum=0.9 gradClip=15 entropyBonus=0 drawPenalty=0 policyW=1 valueW=1 illegalW=1 pLabelSmooth=0.1 pLabelSmoothMode=fixed_total pLabelSmoothPerMove=0.0033 pLabelSmoothPerMoveCap=0.5 vLabelSmooth=0.013 dropout=0 lrWarmup=1000 bufCap=500000 replayRatio=0.48 minPrefill=250000 complementCE=on sqrtBatchLR=on batchStats=10 klProbe=100 sampling=(maxPerGame=400 maxDrawPct=100 targetLen=0 stratify=off applied=on)
[REPLAY] trainer-model output: /Users/andrew/Library/Application Support/DrewsChessMachine/Models/20261005-lrCleaky-cyc10-replay-latest.safetensors (new file)
[REPLAY] enumerated checkpoints: /Users/andrew/Library/Application Support/DrewsChessMachine/Models/20261005-lrCleaky-cyc10-replay-step1000.safetensors and siblings (never overwritten)
[REPLAY] corpus 20260624-192615-w3aA5b: 46 sealed shard(s)
[PARAM] random_seed from --seed: 20261005 (overrides random_seed_mode and random_seed=0 for this process)
[REPLAY] building network + trainer (encoding=basic24)
[NUMERICS] policy_tail_precision=fp32_from_pre_bn source=flag (affects bf16 / fp16 models only)
[REPLAY] start-model weights loaded into trainer (working+masters, velocity zeroed; new branch) + feeder net (base tensors=61)
[REPLAY-CYCLE] lr=[trough 1.00e-02,peak 1.00e+01]^10000st cnt=0 inv=true mom=[0.75,0.90]^1000st cnt=0 inv=false decay=[peak->1.00e-04 trough->1.00e-05 over 10000000st] momFollow=[low 0.850->0.900 high 0.950->0.950] origin=trainerStep 0 cycleStep 0 cycleLR=1.0000e+01 cycleMom=0.8500 (new branch from 20261006-40-7URa; its clock, warmup and velocity are not continued)
[RUN] path=replay run=E62E827B-BEEB-4A88-9FE5-F8B1116A1FA2 seg=0 (branch from 20261006-40-7URa sha=865753225f8d) build=2330 git=4e70c615 dirty=true device="Apple M5 Max" vm=false os="Version 27.2 (Build 26B5091g)" seed=20261005 mode=seeded(--seed) derivation=v1 params_sha=4ab318e16c54 cum_step=0 cum_games=0 cum_train_sec=0.0 argv="/Users/andrew/Library/Application Support/DrewsChessMachine/FrozenBuilds/DCM-2331-4e70c615-p1headact.app/Contents/MacOS/DrewsChessMachine --replay-corpus 20260624-192615-w3aA5b --start-model /Users/andrew/Library/Application Support/DrewsChessMachine/Models/20261005-r7b24-leakyall-fresh.safetensors --out-model /Users/andrew/Library/Application Support/DrewsChessMachine/Models/20261005-lrCleaky-cyc10-replay-latest.safetensors --parameters /Users/andrew/cursor/drews-chess-machine/experiments/20261005-lr-schedule-ab/parameters-C.json --epochs 12 --training-step-limit 40000 --enumerate-checkpoints --policy-tail-precision fp32_from_pre_bn --seed 20261005"
[REPLAY] batchSize=4096 reuse=0.48 K=8533 minPrefill=250000 stepLimit=40000 epochLimit=12
[REPLAY] pre-filled: bufCount=250052 positionsFed=250052 gamesFed=3777 rejected=0 skipped=0
[REPLAY] step=1 loss=11.8121 pLoss=8.6282 vLoss=2.1901 pEnt=-- pIllM=0.9938 playedP=-- pW=-- pD=-- pL=-- vAbs=-- pLogitMean=-- vLogitMean=-- gNorm=31.379 lr=0.01 ms=2612.8 buf=250052 plies=250052 games=3777 rejected=0 skipped=0 epoch=0 mom=0.8500 lrCyc[pk=1.0e+01,tr=1.0e-02] trainerStep=1
[LAYER-HEALTH] live trainerStep=1 scope=batch_norm_state_only reluSites=9/10 ch=1040 dead=0 off=0 alwaysOn=0 worst=none maxBetaOverGamma=+0.00@blocks.0.bn1[0] minBetaOverGamma=+0.00@blocks.0.bn1[0] rvMaxOverMedian=3.2@stem.bn[47] rezero=none nonFinite=0
[REPLAY] step=50 loss=6.7833 pLoss=5.4341 vLoss=0.8967 pEnt=2.245 pIllM=0.4525 playedP=0.063 pW=0.47 pD=0.08 pL=0.45 vAbs=0.027 pLogitMean=-0.1444 vLogitMean=0.7106 gNorm=2.639 lr=0.5 ms=1611.6 buf=500000 plies=668192 games=10125 rejected=0 skipped=0 epoch=0 mom=0.8500 lrCyc[pk=1.0e+01,tr=1.0e-02] trainerStep=50
[LAYER-HEALTH] live trainerStep=50 scope=batch_norm_state_only reluSites=9/10 ch=1040 dead=0 off=5 alwaysOn=0 worst=value.bn(dead 0 off 5 on 0) maxBetaOverGamma=+0.27@tower_final_bn[65] minBetaOverGamma=-2.94@value.bn[6] rvMaxOverMedian=19.7@stem.bn[31] rezero=none nonFinite=0
[REPLAY] step=100 loss=5.6689 pLoss=4.3991 vLoss=0.8642 pEnt=2.666 pIllM=0.4055 playedP=0.071 pW=0.45 pD=0.07 pL=0.48 vAbs=0.073 pLogitMean=-1.8938 vLogitMean=0.7638 gNorm=0.917 lr=1 ms=1622.7 buf=500000 plies=1094822 games=16614 rejected=0 skipped=0 epoch=0 mom=0.8500 lrCyc[pk=1.0e+01,tr=1.0e-02] trainerStep=100
[LAYER-HEALTH] live trainerStep=100 scope=batch_norm_state_only reluSites=9/10 ch=1040 dead=13 off=9 alwaysOn=0 worst=value.bn(dead 2 off 7 on 0) maxBetaOverGamma=+0.57@tower_final_bn[22] minBetaOverGamma=-182.30@blocks.0.bn2[111] rvMaxOverMedian=391.6@stem.bn[15] rezero=none nonFinite=0
[REPLAY] step=150 loss=5.2080 pLoss=4.0058 vLoss=0.8623 pEnt=2.904 pIllM=0.3400 playedP=0.078 pW=0.45 pD=0.07 pL=0.48 vAbs=0.094 pLogitMean=-3.5433 vLogitMean=0.6975 gNorm=0.515 lr=1.5 ms=1583.1 buf=500000 plies=1521507 games=23047 rejected=0 skipped=0 epoch=0 mom=0.8500 lrCyc[pk=1.0e+01,tr=1.0e-02] trainerStep=150
[LAYER-HEALTH] live trainerStep=150 scope=batch_norm_state_only reluSites=9/10 ch=1040 dead=18 off=6 alwaysOn=0 worst=policy.pre_bn(dead 8 off 2 on 0) maxBetaOverGamma=+0.87@policy.pre_bn[82] minBetaOverGamma=-358.41@policy.pre_bn[51] rvMaxOverMedian=493.7@stem.bn[15] rezero=none nonFinite=0
[REPLAY] step=200 loss=5.1498 pLoss=3.9745 vLoss=0.8396 pEnt=2.832 pIllM=0.3357 playedP=0.084 pW=0.51 pD=0.05 pL=0.45 vAbs=0.135 pLogitMean=-4.8338 vLogitMean=0.5904 gNorm=0.422 lr=2 ms=1637.3 buf=500000 plies=1948135 games=29513 rejected=0 skipped=0 epoch=0 mom=0.8500 lrCyc[pk=1.0e+01,tr=1.0e-02] trainerStep=200
[LAYER-HEALTH] live trainerStep=200 scope=batch_norm_state_only reluSites=9/10 ch=1040 dead=17 off=8 alwaysOn=0 worst=policy.pre_bn(dead 8 off 2 on 0) maxBetaOverGamma=+0.73@tower_final_bn[22] minBetaOverGamma=-73.39@blocks.0.bn2[111] rvMaxOverMedian=331.4@stem.bn[15] rezero=none nonFinite=0
[REPLAY] step=250 loss=5.3269 pLoss=4.1395 vLoss=0.8550 pEnt=2.660 pIllM=0.3325 playedP=0.102 pW=0.45 pD=0.06 pL=0.49 vAbs=0.106 pLogitMean=-5.6143 vLogitMean=0.5630 gNorm=0.521 lr=2.5 ms=1501.1 buf=500000 plies=2374804 games=35963 rejected=0 skipped=0 epoch=0 mom=0.8500 lrCyc[pk=1.0e+01,tr=1.0e-02] trainerStep=250
[LAYER-HEALTH] live trainerStep=250 scope=batch_norm_state_only reluSites=9/10 ch=1040 dead=26 off=13 alwaysOn=0 worst=policy.pre_bn(dead 12 off 7 on 0) maxBetaOverGamma=+0.87@tower_final_bn[92] minBetaOverGamma=-117.82@blocks.0.bn2[111] rvMaxOverMedian=304.9@stem.bn[15] rezero=none nonFinite=0
[REPLAY] step=300 loss=8.9963 pLoss=7.3899 vLoss=0.9319 pEnt=1.861 pIllM=0.6745 playedP=0.062 pW=0.58 pD=0.08 pL=0.34 vAbs=0.236 pLogitMean=-4.3115 vLogitMean=0.5136 gNorm=2.598 lr=3 ms=1570.2 buf=500000 plies=2801422 games=42394 rejected=0 skipped=0 epoch=0 mom=0.8500 lrCyc[pk=1.0e+01,tr=1.0e-02] trainerStep=300
[LAYER-HEALTH] live trainerStep=300 scope=batch_norm_state_only reluSites=9/10 ch=1040 dead=84 off=46 alwaysOn=0 worst=policy.pre_bn(dead 37 off 24 on 0) maxBetaOverGamma=+1.49@tower_final_bn[38] minBetaOverGamma=-391.00@blocks.0.bn2[90] rvMaxOverMedian=253.0@stem.bn[15] rezero=none nonFinite=0
[REPLAY] step=350 loss=6803.5757 pLoss=180.8496 vLoss=6621.7393 pEnt=0.491 pIllM=0.9868 playedP=0.063 pW=0.32 pD=0.00 pL=0.68 vAbs=1.000 pLogitMean=-510.1588 vLogitMean=-165.6091 gNorm=1520.195 lr=3.5 ms=1482.5 buf=500000 plies=3228166 games=48821 rejected=0 skipped=0 epoch=0 mom=0.8500 lrCyc[pk=1.0e+01,tr=1.0e-02] trainerStep=350
[LAYER-HEALTH] live trainerStep=350 scope=batch_norm_state_only reluSites=9/10 ch=1040 dead=299 off=122 alwaysOn=13 worst=blocks.0.bn2(dead 48 off 18 on 0) maxBetaOverGamma=+3169.19@policy.pre_bn[101] minBetaOverGamma=-26022.01@blocks.1.bn2[96] rvMaxOverMedian=35725.8@tower_final_bn[106] rezero=none nonFinite=0
[REPLAY] step=400 loss=33010.5312 pLoss=163.2207 vLoss=32846.4805 pEnt=0.101 pIllM=0.8271 playedP=0.073 pW=1.00 pD=0.00 pL=0.00 vAbs=1.000 pLogitMean=-77.7849 vLogitMean=933.4773 gNorm=2485.143 lr=4 ms=1457.4 buf=500000 plies=3654819 games=55255 rejected=0 skipped=0 epoch=0 mom=0.8500 lrCyc[pk=1.0e+01,tr=1.0e-02] trainerStep=400
[LAYER-HEALTH] live trainerStep=400 scope=batch_norm_state_only reluSites=9/10 ch=1040 dead=367 off=140 alwaysOn=7 worst=blocks.1.bn2(dead 60 off 27 on 0) maxBetaOverGamma=+26.65@blocks.0.bn1[50] minBetaOverGamma=-2853.00@blocks.1.bn1[53] rvMaxOverMedian=217244.4@tower_final_bn[106] rezero=none nonFinite=0
[REPLAY] step=450 loss=225265.8281 pLoss=58.1360 vLoss=225206.7500 pEnt=1.267 pIllM=0.9306 playedP=0.063 pW=0.00 pD=0.00 pL=1.00 vAbs=1.000 pLogitMean=-53.6017 vLogitMean=-295.8525 gNorm=3788.949 lr=4.5 ms=1510.5 buf=500000 plies=4081392 games=61710 rejected=0 skipped=0 epoch=0 mom=0.8500 lrCyc[pk=1.0e+01,tr=1.0e-02] trainerStep=450
[LAYER-HEALTH] live trainerStep=450 scope=batch_norm_state_only reluSites=9/10 ch=1040 dead=417 off=147 alwaysOn=11 worst=policy.pre_bn(dead 81 off 15 on 0) maxBetaOverGamma=+1204.04@blocks.1.bn1[107] minBetaOverGamma=-378.37@blocks.1.bn1[53] rvMaxOverMedian=438003.4@blocks.2.bn1[69] rezero=none nonFinite=0
[REPLAY] step=500 loss=76058.7109 pLoss=45.2569 vLoss=76012.4922 pEnt=0.635 pIllM=0.9583 playedP=0.046 pW=0.00 pD=1.00 pL=0.00 vAbs=0.000 pLogitMean=-37.4372 vLogitMean=51.8429 gNorm=15989.962 lr=5 ms=1715.9 buf=500000 plies=4508091 games=68143 rejected=0 skipped=0 epoch=0 mom=0.8500 lrCyc[pk=1.0e+01,tr=1.0e-02] trainerStep=500
[LAYER-HEALTH] live trainerStep=500 scope=batch_norm_state_only reluSites=9/10 ch=1040 dead=458 off=153 alwaysOn=12 worst=policy.pre_bn(dead 85 off 21 on 1) maxBetaOverGamma=+21.83@blocks.2.bn2[42] minBetaOverGamma=-6485.36@blocks.1.bn2[24] rvMaxOverMedian=892089.4@blocks.2.bn1[69] rezero=none nonFinite=0
[REPLAY] step=550 loss=38635.3750 pLoss=14.4399 vLoss=38619.9961 pEnt=1.796 pIllM=0.9391 playedP=0.060 pW=0.00 pD=0.00 pL=1.00 vAbs=1.000 pLogitMean=-2.2389 vLogitMean=235.3092 gNorm=582.516 lr=5.5 ms=1619.8 buf=500000 plies=4934688 games=74611 rejected=0 skipped=0 epoch=0 mom=0.8500 lrCyc[pk=1.0e+01,tr=1.0e-02] trainerStep=550
[LAYER-HEALTH] live trainerStep=550 scope=batch_norm_state_only reluSites=9/10 ch=1040 dead=457 off=163 alwaysOn=14 worst=policy.pre_bn(dead 81 off 27 on 1) maxBetaOverGamma=+32.46@tower_final_bn[120] minBetaOverGamma=-1183.87@blocks.1.bn1[53] rvMaxOverMedian=1740896.3@blocks.2.bn1[69] rezero=none nonFinite=0
[REPLAY] step=600 loss=414420.4688 pLoss=12.5589 vLoss=414406.9375 pEnt=1.958 pIllM=0.9692 playedP=0.065 pW=1.00 pD=0.00 pL=0.00 vAbs=1.000 pLogitMean=1.1580 vLogitMean=1731.5803 gNorm=46526.031 lr=6 ms=1416.1 buf=500000 plies=5361349 games=81137 rejected=0 skipped=0 epoch=0 mom=0.8500 lrCyc[pk=1.0e+01,tr=1.0e-02] trainerStep=600
[LAYER-HEALTH] live trainerStep=600 scope=batch_norm_state_only reluSites=9/10 ch=1040 dead=475 off=171 alwaysOn=12 worst=policy.pre_bn(dead 88 off 27 on 1) maxBetaOverGamma=+13.36@blocks.1.bn1[55] minBetaOverGamma=-988.35@blocks.1.bn1[53] rvMaxOverMedian=3572198.3@blocks.2.bn1[69] rezero=none nonFinite=0
[REPLAY] step=650 loss=417488.2812 pLoss=12.1562 vLoss=417475.1875 pEnt=1.746 pIllM=0.9478 playedP=0.059 pW=0.00 pD=1.00 pL=0.00 vAbs=0.000 pLogitMean=1.3119 vLogitMean=1378.2172 gNorm=13070.852 lr=6.5 ms=1882.6 buf=500000 plies=5787980 games=87653 rejected=0 skipped=0 epoch=0 mom=0.8500 lrCyc[pk=1.0e+01,tr=1.0e-02] trainerStep=650
[LAYER-HEALTH] live trainerStep=650 scope=batch_norm_state_only reluSites=9/10 ch=1040 dead=482 off=171 alwaysOn=13 worst=policy.pre_bn(dead 92 off 24 on 0) maxBetaOverGamma=+38.03@blocks.1.bn2[34] minBetaOverGamma=-1206.21@blocks.1.bn1[53] rvMaxOverMedian=3848832.7@blocks.2.bn1[69] rezero=none nonFinite=0
[REPLAY] step=700 loss=376219.7812 pLoss=6.7951 vLoss=376212.0625 pEnt=2.345 pIllM=0.9495 playedP=0.060 pW=1.00 pD=0.00 pL=0.00 vAbs=1.000 pLogitMean=2.2867 vLogitMean=282.7408 gNorm=9811.846 lr=7 ms=1601.1 buf=500000 plies=6214635 games=94100 rejected=0 skipped=0 epoch=0 mom=0.8500 lrCyc[pk=1.0e+01,tr=1.0e-02] trainerStep=700
[LAYER-HEALTH] live trainerStep=700 scope=batch_norm_state_only reluSites=9/10 ch=1040 dead=485 off=174 alwaysOn=9 worst=policy.pre_bn(dead 93 off 24 on 1) maxBetaOverGamma=+44.25@policy.pre_bn[19] minBetaOverGamma=-1239.28@blocks.1.bn1[53] rvMaxOverMedian=14477820.4@tower_final_bn[28] rezero=none nonFinite=0
[REPLAY] step=750 loss=102098.0078 pLoss=6.1030 vLoss=102090.9531 pEnt=2.545 pIllM=0.9513 playedP=0.063 pW=0.00 pD=0.00 pL=1.00 vAbs=1.000 pLogitMean=2.0939 vLogitMean=-178.3081 gNorm=692.019 lr=7.5 ms=1473.6 buf=500000 plies=6641305 games=100549 rejected=0 skipped=0 epoch=0 mom=0.8500 lrCyc[pk=1.0e+01,tr=1.0e-02] trainerStep=750
[LAYER-HEALTH] live trainerStep=750 scope=batch_norm_state_only reluSites=9/10 ch=1040 dead=488 off=169 alwaysOn=11 worst=policy.pre_bn(dead 92 off 25 on 2) maxBetaOverGamma=+72.21@policy.pre_bn[19] minBetaOverGamma=-3550.05@policy.pre_bn[58] rvMaxOverMedian=63057629.1@tower_final_bn[28] rezero=none nonFinite=0
[REPLAY] step=800 loss=469850.5312 pLoss=5.9360 vLoss=469843.6250 pEnt=2.618 pIllM=0.9715 playedP=0.062 pW=1.00 pD=0.00 pL=0.00 vAbs=1.000 pLogitMean=2.1156 vLogitMean=1709.0193 gNorm=5468.076 lr=8 ms=1449.8 buf=500000 plies=7067936 games=106984 rejected=0 skipped=0 epoch=0 mom=0.8500 lrCyc[pk=1.0e+01,tr=1.0e-02] trainerStep=800
[LAYER-HEALTH] live trainerStep=800 scope=batch_norm_state_only reluSites=9/10 ch=1040 dead=501 off=172 alwaysOn=13 worst=policy.pre_bn(dead 92 off 24 on 1) maxBetaOverGamma=+29.86@blocks.1.bn1[33] minBetaOverGamma=-586.80@value.bn[15] rvMaxOverMedian=184675901.3@tower_final_bn[28] rezero=none nonFinite=0
[REPLAY] step=850 loss=83986.2031 pLoss=7.5076 vLoss=83977.7500 pEnt=2.354 pIllM=0.9474 playedP=0.059 pW=0.00 pD=0.94 pL=0.06 vAbs=0.060 pLogitMean=1.8774 vLogitMean=-1045.4757 gNorm=182502.719 lr=8.5 ms=1470.7 buf=500000 plies=7494593 games=113499 rejected=0 skipped=0 epoch=0 mom=0.8500 lrCyc[pk=1.0e+01,tr=1.0e-02] trainerStep=850
[LAYER-HEALTH] live trainerStep=850 scope=batch_norm_state_only reluSites=9/10 ch=1040 dead=516 off=174 alwaysOn=26 worst=policy.pre_bn(dead 92 off 24 on 1) maxBetaOverGamma=+59.69@tower_final_bn[42] minBetaOverGamma=-942.01@policy.pre_bn[21] rvMaxOverMedian=275250207.9@tower_final_bn[28] rezero=none nonFinite=0
[REPLAY] step=900 loss=4494489.5000 pLoss=5.3437 vLoss=4494483.0000 pEnt=2.636 pIllM=0.9547 playedP=0.062 pW=0.94 pD=0.06 pL=0.00 vAbs=0.936 pLogitMean=1.7891 vLogitMean=-11300.9092 gNorm=393031.812 lr=9 ms=1504.4 buf=500000 plies=7921223 games=119988 rejected=0 skipped=0 epoch=0 mom=0.8500 lrCyc[pk=1.0e+01,tr=1.0e-02] trainerStep=900
[LAYER-HEALTH] live trainerStep=900 scope=batch_norm_state_only reluSites=9/10 ch=1040 dead=522 off=171 alwaysOn=9 worst=policy.pre_bn(dead 92 off 25 on 1) maxBetaOverGamma=+23.37@tower_final_bn[42] minBetaOverGamma=-2338.84@blocks.1.bn2[39] rvMaxOverMedian=483526751.6@tower_final_bn[28] rezero=none nonFinite=0
[REPLAY] step=950 loss=9249373.0000 pLoss=5.6987 vLoss=9249366.0000 pEnt=2.630 pIllM=0.9580 playedP=0.058 pW=0.70 pD=0.30 pL=0.00 vAbs=0.697 pLogitMean=1.6413 vLogitMean=32107.6289 gNorm=657372.875 lr=9.5 ms=1321.9 buf=500000 plies=8347899 games=126489 rejected=0 skipped=0 epoch=0 mom=0.8500 lrCyc[pk=1.0e+01,tr=1.0e-02] trainerStep=950
[LAYER-HEALTH] live trainerStep=950 scope=batch_norm_state_only reluSites=9/10 ch=1040 dead=527 off=178 alwaysOn=9 worst=policy.pre_bn(dead 92 off 25 on 1) maxBetaOverGamma=+66.25@blocks.1.bn1[51] minBetaOverGamma=-1339.70@blocks.1.bn2[39] rvMaxOverMedian=855834980.5@tower_final_bn[28] rezero=none nonFinite=0
[REPLAY] step=1000 loss=2243050.0000 pLoss=5.1767 vLoss=2243043.7500 pEnt=2.668 pIllM=0.9509 playedP=0.063 pW=1.00 pD=0.00 pL=0.00 vAbs=1.000 pLogitMean=1.4670 vLogitMean=-5992.3467 gNorm=21315.334 lr=10 ms=1460.9 buf=500000 plies=8774530 games=132916 rejected=0 skipped=0 epoch=0 mom=0.8500 lrCyc[pk=1.0e+01,tr=1.0e-02] trainerStep=1000
[LAYER-HEALTH] live trainerStep=1000 scope=batch_norm_state_only reluSites=9/10 ch=1040 dead=532 off=174 alwaysOn=12 worst=policy.pre_bn(dead 92 off 25 on 1) maxBetaOverGamma=+57.23@tower_final_bn[35] minBetaOverGamma=-3708.40@blocks.1.bn2[39] rvMaxOverMedian=811857241.4@tower_final_bn[28] rezewarning: loc(fused["gradient for tower_final_bn/multiplication_2"("(mpsFileLoc): /AppleInternal/Library/BuildRoots/4~CYf0ugAFA2MHVp9fguae4KUVbl8-CIxgGlWKSUA/Library/Caches/com.apple.xbs/TemporaryDirectory.p76yMP/Sources/MetalPerformanceShadersGraph/mpsgraph/MetalPerformanceShadersGraph/Core/Files/MPSGraphUtilities.mm":234:0), "ane_validation_message"("Incompatible element type for ANE: expected fp16, f8E4M3, si8, ui8, si16, or ui16":0:0)]): Reached maxReorderingDistance 10
warning: loc(fused["gradient for tower_final_bn/multiplication_2"("(mpsFileLoc): /AppleInternal/Library/BuildRoots/4~CYf0ugAFA2MHVp9fguae4KUVbl8-CIxgGlWKSUA/Library/Caches/com.apple.xbs/TemporaryDirectory.p76yMP/Sources/MetalPerformanceShadersGraph/mpsgraph/MetalPerformanceShadersGraph/Core/Files/MPSGraphUtilities.mm":234:0), "ane_validation_message"("Incompatible element type for ANE: expected fp16, f8E4M3, si8, ui8, si16, or ui16":0:0)]): Reached maxReorderingDistance 10
warning: loc(fused["mps_add_23"("(mpsFileLoc): /AppleInternal/Library/BuildRoots/4~CYf0ugAFA2MHVp9fguae4KUVbl8-CIxgGlWKSUA/Library/Caches/com.apple.xbs/TemporaryDirectory.p76yMP/Sources/MetalPerformanceShadersGraph/mpsgraph/MetalPerformanceShadersGraph/Core/Files/MPSGraphUtilities.mm":234:0), "ane_validation_message"("Incompatible element type for ANE: expected fp16, f8E4M3, si8, ui8, si16, or ui16":0:0)]): Reached maxReorderingDistance 10
warning: loc(fused["mps_add_23"("(mpsFileLoc): /AppleInternal/Library/BuildRoots/4~CYf0ugAFA2MHVp9fguae4KUVbl8-CIxgGlWKSUA/Library/Caches/com.apple.xbs/TemporaryDirectory.p76yMP/Sources/MetalPerformanceShadersGraph/mpsgraph/MetalPerformanceShadersGraph/Core/Files/MPSGraphUtilities.mm":234:0), "ane_validation_message"("Incompatible element type for ANE: expected fp16, f8E4M3, si8, ui8, si16, or ui16":0:0)]): Reached maxReorderingDistance 10
warning: loc(fused["mps_add_33"("(mpsFileLoc): /AppleInternal/Library/BuildRoots/4~CYf0ugAFA2MHVp9fguae4KUVbl8-CIxgGlWKSUA/Library/Caches/com.apple.xbs/TemporaryDirectory.p76yMP/Sources/MetalPerformanceShadersGraph/mpsgraph/MetalPerformanceShadersGraph/Core/Files/MPSGraphUtilities.mm":234:0), "ane_validation_message"("Incompatible element type for ANE: expected fp16, f8E4M3, si8, ui8, si16, or ui16":0:0)]): Reached maxReorderingDistance 10
warning: loc(fused["mps_add_33"("(mpsFileLoc): /AppleInternal/Library/BuildRoots/4~CYf0ugAFA2MHVp9fguae4KUVbl8-CIxgGlWKSUA/Library/Caches/com.apple.xbs/TemporaryDirectory.p76yMP/Sources/MetalPerformanceShadersGraph/mpsgraph/MetalPerformanceShadersGraph/Core/Files/MPSGraphUtilities.mm":234:0), "ane_validation_message"("Incompatible element type for ANE: expected fp16, f8E4M3, si8, ui8, si16, or ui16":0:0)]): Reached maxReorderingDistance 10
warning: loc(fused["mps_add_43"("(mpsFileLoc): /AppleInternal/Library/BuildRoots/4~CYf0ugAFA2MHVp9fguae4KUVbl8-CIxgGlWKSUA/Library/Caches/com.apple.xbs/TemporaryDirectory.p76yMP/Sources/MetalPerformanceShadersGraph/mpsgraph/MetalPerformanceShadersGraph/Core/Files/MPSGraphUtilities.mm":234:0), "ane_validation_message"("Incompatible element type for ANE: expected fp16, f8E4M3, si8, ui8, si16, or ui16":0:0)]): Reached maxReorderingDistance 10
ro=none nonFinite=0
[REPLAY] saved trainer model (autosave) step=1000 trainerStep=1000 nextGame=132916 shard=0 epoch=0 -> 20261005-lrCleaky-cyc10-replay-latest.safetensors
[LAYER-HEALTH] checkpoint replay-autosave step=1000 trainerStep=1000 scope=all_tensors reluSites=9/10 ch=1040 dead=532 off=174 alwaysOn=12 worst=policy.pre_bn(dead 92 off 25 on 1) maxBetaOverGamma=+57.23@tower_final_bn[35] minBetaOverGamma=-3708.40@blocks.1.bn2[39] rvMaxOverMedian=811857241.4@tower_final_bn[28] rezero=none nonFinite=0 seZeroVel=none valueFC1ZeroVel=0/128 maxAbs=7.971e+10@blocks.1.bn2.running_var
[LAYER-HEALTH]   batch-norm sites — β/|γ|: dead < -3.00, mostly off < -2.00, always on > +3.00; classified for relu/leaky_relu only
[LAYER-HEALTH]     site            act            ch   dead    off     on  zeroγ nonfin  min β/|γ| [ch]     max β/|γ| [ch]     rv max/median [ch]
[LAYER-HEALTH]     stem.bn         -             128    n/a    n/a    n/a      0      0    -17.96 [74]         +5.18 [35]        23154.7 [108]
[LAYER-HEALTH]     blocks.0.bn1    leaky_relu    128     29     15      1      0      0    -70.16 [102]        +4.42 [118]        1570.1 [38]
[LAYER-HEALTH]     blocks.0.bn2    leaky_relu    128     54     16      0      0      0   -206.46 [78]         +1.12 [66]        29875.4 [120]
[LAYER-HEALTH]     blocks.1.bn1    leaky_relu    128     53     26      2      0      0   -141.66 [53]        +10.55 [62]       265209.6 [97]
[LAYER-HEALTH]     blocks.1.bn2    leaky_relu    128     89     17      0      0      0  -3708.40 [39]         +1.08 [34]       445937.5 [34]
[LAYER-HEALTH]     blocks.2.bn1    leaky_relu    128     65     32      0      0      0   -118.45 [116]        +1.17 [127]     274592512.6 [69]
[LAYER-HEALTH]     blocks.2.bn2    leaky_relu    128     83     20      0      0      0  -1410.10 [117]        +0.81 [75]        93641.5 [12]
[LAYER-HEALTH]     tower_final_bn  leaky_relu    128     61     21      8      0      0   -112.79 [20]        +57.23 [35]      811857241.4 [28]
[LAYER-HEALTH]     policy.pre_bn   leaky_relu    128     92     25      1      0      0   -541.12 [21]         +8.51 [19]          427.4 [76]
[LAYER-HEALTH]     value.bn        leaky_relu     16      6      2      0      0      0    -16.06 [1]          -1.30 [2]             4.2 [2]
[LAYER-HEALTH]   FC hidden-unit velocity — zero: every weight-velocity entry exactly 0; low: nonzero but < 5% of the layer's p90 unit norm
[LAYER-HEALTH]     value.fc1.weight  leaky_relu  units 128  zero 0  low 37  median unit norm 0.2615
[LAYER-HEALTH]     (no SE blocks)
[LAYER-HEALTH]   ReZero: none
[LAYER-HEALTH]   non-finite: 0 values in 0 of 102 tensors (10263038 values examined)
[LAYER-HEALTH]   largest |value|: blocks.1.bn2.running_var 7.971e+10, blocks.2.bn2.running_var 6.725e+10, value.bn.running_var 6.201e+10, blocks.0.bn2.running_var 9.035e+09, tower_final_bn.running_var 1.210e+07
[REPLAY] enumerated checkpoint -> 20261005-lrCleaky-cyc10-replay-step1000.safetensors
[REPLAY] step=1050 loss=167372.9688 pLoss=5.2546 vLoss=167366.7656 pEnt=2.735 pIllM=0.9496 playedP=0.063 pW=0.00 pD=0.00 pL=1.00 vAbs=1.000 pLogitMean=1.3356 vLogitMean=-635.7147 gNorm=2331.696 lr=9.98 ms=1346.7 buf=500000 plies=9201214 games=139396 rejected=0 skipped=0 epoch=0 mom=0.8500 lrCyc[pk=1.0e+01,tr=1.0e-02] trainerStep=1050
[LAYER-HEALTH] live trainerStep=1050 scope=batch_norm_state_only reluSites=9/10 ch=1040 dead=538 off=180 alwaysOn=5 worst=policy.pre_bn(dead 93 off 24 on 1) maxBetaOverGamma=+43.76@blocks.1.bn1[62] minBetaOverGamma=-1303.44@blocks.1.bn2[39] rvMaxOverMedian=785498566.6@tower_final_bn[28] rezero=none nonFinite=0
[REPLAY] step=1100 loss=545089.3750 pLoss=5.1558 vLoss=545083.3125 pEnt=2.627 pIllM=0.9547 playedP=0.067 pW=1.00 pD=0.00 pL=0.00 vAbs=1.000 pLogitMean=1.1071 vLogitMean=-1959.7253 gNorm=12195.798 lr=9.93 ms=1336.2 buf=500000 plies=9627836 games=145925 rejected=0 skipped=0 epoch=0 mom=0.8501 lrCyc[pk=1.0e+01,tr=1.0e-02] trainerStep=1100
[LAYER-HEALTH] live trainerStep=1100 scope=batch_norm_state_only reluSites=9/10 ch=1040 dead=539 off=177 alwaysOn=6 worst=policy.pre_bn(dead 93 off 23 on 1) maxBetaOverGamma=+7.86@policy.pre_bn[19] minBetaOverGamma=-4805.52@blocks.1.bn2[39] rvMaxOverMedian=1039727595.6@tower_final_bn[28] rezero=none nonFinite=0
[REPLAY] step=1150 loss=2281951.5000 pLoss=5.5474 vLoss=2281945.0000 pEnt=2.532 pIllM=0.9541 playedP=0.066 pW=1.00 pD=0.00 pL=0.00 vAbs=1.000 pLogitMean=0.7775 vLogitMean=26504.4570 gNorm=96813.164 lr=9.85 ms=1423.0 buf=500000 plies=10054477 games=152388 rejected=0 skipped=0 epoch=0 mom=0.8502 lrCyc[pk=1.0e+01,tr=1.0e-02] trainerStep=1150
[LAYER-HEALTH] live trainerStep=1150 scope=batch_norm_state_only reluSites=9/10 ch=1040 dead=540 off=178 alwaysOn=14 worst=policy.pre_bn(dead 93 off 23 on 1) maxBetaOverGamma=+207.37@tower_final_bn[120] minBetaOverGamma=-1208.99@policy.pre_bn[108] rvMaxOverMedian=1271507254.1@tower_final_bn[28] rezero=none nonFinite=0
[REPLAY] SIGINT received — finishing current step, saving, then exiting (Ctrl-C again to force-quit)
[REPLAY] abort requested — stopping at step 1175
[REPLAY] saved trainer model (abort) step=1175 trainerStep=1175 nextGame=155665 shard=0 epoch=0 -> 20261005-lrCleaky-cyc10-replay-latest.safetensors
[LAYER-HEALTH] checkpoint replay-abort step=1175 trainerStep=1175 scope=all_tensors reluSites=9/10 ch=1040 dead=543 off=177 alwaysOn=14 worst=policy.pre_bn(dead 93 off 23 on 1) maxBetaOverGamma=+80.25@tower_final_bn[21] minBetaOverGamma=-1647.80@policy.pre_bn[108] rvMaxOverMedian=1351738102.8@tower_final_bn[28] rezero=none nonFinite=0 seZeroVel=none valueFC1ZeroVel=0/128 maxAbs=1.425e+11@blocks.2.bn2.running_var
[LAYER-HEALTH]   batch-norm sites — β/|γ|: dead < -3.00, mostly off < -2.00, always on > +3.00; classified for relu/leaky_relu only
[LAYER-HEALTH]     site            act            ch   dead    off     on  zeroγ nonfin  min β/|γ| [ch]     max β/|γ| [ch]     rv max/median [ch]
[LAYER-HEALTH]     stem.bn         -             128    n/a    n/a    n/a      0      0    -18.21 [74]         +5.31 [35]        36833.6 [108]
[LAYER-HEALTH]     blocks.0.bn1    leaky_relu    128     30     14      1      0      0    -79.03 [102]       +53.05 [118]        1551.6 [38]
[LAYER-HEALTH]     blocks.0.bn2    leaky_relu    128     54     16      0      0      0   -204.84 [78]         +1.28 [66]        44425.8 [120]
[LAYER-HEALTH]     blocks.1.bn1    leaky_relu    128     53     25      0      0      0   -152.82 [26]         +2.15 [62]       467476.4 [97]
[LAYER-HEALTH]     blocks.1.bn2    leaky_relu    128     89     20      0      0      0  -1350.35 [39]         +1.70 [34]       480031.0 [34]
[LAYER-HEALTH]     blocks.2.bn1    leaky_relu    128     65     33      1      0      0   -156.68 [116]        +5.00 [59]      461875979.8 [69]
[LAYER-HEALTH]     blocks.2.bn2    leaky_relu    128     83     21      0      0      0   -208.62 [117]        +2.70 [114]      368033.9 [47]
[LAYER-HEALTH]     tower_final_bn  leaky_relu    128     66     24     11      0      0   -127.32 [20]        +80.25 [21]      1351738102.8 [28]
[LAYER-HEALTH]     policy.pre_bn   leaky_relu    128     93     23      1      0      0  -1647.80 [108]       +12.37 [19]          300.9 [76]
[LAYER-HEALTH]     value.bn        leaky_relu     16     10      1      0      0      0    -52.19 [6]          -1.25 [9]             3.5 [5]
[LAYER-HEALTH]   FC hidden-unit velocity — zero: every weight-velocity entry exactly 0; low: nonzero but < 5% of the layer's p90 unit norm
[LAYER-HEALTH]     value.fc1.weight  leaky_relu  units 128  zero 0  low 30  median unit norm 0.1801
[LAYER-HEALTH]     (no SE blocks)
[LAYER-HEALTH]   ReZero: none
[LAYER-HEALTH]   non-finite: 0 values in 0 of 102 tensors (10263038 values examined)
[LAYER-HEALTH]   largest |value|: blocks.2.bn2.running_var 1.425e+11, value.bn.running_var 5.251e+10, blocks.1.bn2.running_var 4.414e+10, blocks.0.bn2.running_var 8.407e+09, tower_final_bn.running_var 1.328e+07
[REPLAY] enumerated checkpoint -> 20261005-lrCleaky-cyc10-replay-step1175.safetensors
[REPLAY] done: steps=1175 positionsFed=10267806 gamesFed=155665 rejected=0 skipped=0 epochs=0
