warning: loc(fused["mps_add_18"("(mpsFileLoc): /AppleInternal/Library/BuildRoots/4~CYf0ugAFA2MHVp9fguae4KUVbl8-CIxgGlWKSUA/Library/Caches/com.apple.xbs/TemporaryDirectory.p76yMP/Sources/MetalPerformanceShadersGraph/mpsgraph/MetalPerformanceShadersGraph/Core/Files/MPSGraphUtilities.mm":234:0), "ane_validation_message"("Incompatible element type for ANE: expected fp16, f8E4M3, si8, ui8, si16, or ui16":0:0)]): Reached maxReorderingDistance 10
warning: loc(fused["mps_add_18"("(mpsFileLoc): /AppleInternal/Library/BuildRoots/4~CYf0ugAFA2MHVp9fguae4KUVbl8-CIxgGlWKSUA/Library/Caches/com.apple.xbs/TemporaryDirectory.p76yMP/Sources/MetalPerformanceShadersGraph/mpsgraph/MetalPerformanceShadersGraph/Core/Files/MPSGraphUtilities.mm":234:0), "ane_validation_message"("Incompatible element type for ANE: expected fp16, f8E4M3, si8, ui8, si16, or ui16":0:0)]): Reached maxReorderingDistance 10
warning: loc(fused["mps_add_24"("(mpsFileLoc): /AppleInternal/Library/BuildRoots/4~CYf0ugAFA2MHVp9fguae4KUVbl8-CIxgGlWKSUA/Library/Caches/com.apple.xbs/TemporaryDirectory.p76yMP/Sources/MetalPerformanceShadersGraph/mpsgraph/MetalPerformanceShadersGraph/Core/Files/MPSGraphUtilities.mm":234:0), "ane_validation_message"("Incompatible element type for ANE: expected fp16, f8E4M3, si8, ui8, si16, or ui16":0:0)]): Reached maxReorderingDistance 10
warning: loc(fused["mps_add_24"("(mpsFileLoc): /AppleInternal/Library/BuildRoots/4~CYf0ugAFA2MHVp9fguae4KUVbl8-CIxgGlWKSUA/Library/Caches/com.apple.xbs/TemporaryDirectory.p76yMP/Sources/MetalPerformanceShadersGraph/mpsgraph/MetalPerformanceShadersGraph/Core/Files/MPSGraphUtilities.mm":234:0), "ane_validation_message"("Incompatible element type for ANE: expected fp16, f8E4M3, si8, ui8, si16, or ui16":0:0)]): Reached maxReorderingDistance 10
warning: loc(fused["mps_add_36"("(mpsFileLoc): /AppleInternal/Library/BuildRoots/4~CYf0ugAFA2MHVp9fguae4KUVbl8-CIxgGlWKSUA/Library/Caches/com.apple.xbs/TemporaryDirectory.p76yMP/Sources/MetalPerformanceShadersGraph/mpsgraph/MetalPerformanceShadersGraph/Core/Files/MPSGraphUtilities.mm":234:0), "ane_validation_message"("Incompatible element type for ANE: expected fp16, f8E4M3, si8, ui8, si16, or ui16":0:0)]): Reached maxReorderingDistance 10
warning: loc(fused["mps_add_36"("(mpsFileLoc): /AppleInternal/Library/BuildRoots/4~CYf0ugAFA2MHVp9fguae4KUVbl8-CIxgGlWKSUA/Library/Caches/com.apple.xbs/TemporaryDirectory.p76yMP/Sources/MetalPerformanceShadersGraph/mpsgraph/MetalPerformanceShadersGraph/Core/Files/MPSGraphUtilities.mm":234:0), "ane_validation_message"("Incompatible element type for ANE: expected fp16, f8E4M3, si8, ui8, si16, or ui16":0:0)]): Reached maxReorderingDistance 10
warning: loc(fused["mps_add_48"("(mpsFileLoc): /AppleInternal/Library/BuildRoots/4~CYf0ugAFA2MHVp9fguae4KUVbl8-CIxgGlWKSUA/Library/Caches/com.apple.xbs/TemporaryDirectory.p76yMP/Sources/MetalPerformanceShadersGraph/mpsgraph/MetalPerformanceShadersGraph/Core/Files/MPSGraphUtilities.mm":234:0), "ane_validation_message"("Incompatible element type for ANE: expected fp16, f8E4M3, si8, ui8, si16, or ui16":0:0)]): Reached maxReorderingDistance 10
warning: loc(fused["mps_add_18"("(mpsFileLoc): /AppleInternal/Library/BuildRoots/4~CYf0ugAFA2MHVp9fguae4KUVbl8-CIxgGlWKSUA/Library/Caches/com.apple.xbs/TemporaryDirectory.p76yMP/Sources/MetalPerformanceShadersGraph/mpsgraph/MetalPerformanceShadersGraph/Core/Files/MPSGraphUtilities.mm":234:0), "ane_validation_message"("Incompatible element type for ANE: expected fp16, f8E4M3, si8, ui8, si16, or ui16":0:0)]): Reached maxReorderingDistance 10
warning: loc(fused["mps_add_18"("(mpsFileLoc): /AppleInternal/Library/BuildRoots/4~CYf0ugAFA2MHVp9fguae4KUVbl8-CIxgGlWKSUA/Library/Caches/com.apple.xbs/TemporaryDirectory.p76yMP/Sources/MetalPerformanceShadersGraph/mpsgraph/MetalPerformanceShadersGraph/Core/Files/MPSGraphUtilities.mm":234:0), "ane_validation_message"("Incompatible element type for ANE: expected fp16, f8E4M3, si8, ui8, si16, or ui16":0:0)]): Reached maxReorderingDistance 10
warning: loc(fused["mps_add_24"("(mpsFileLoc): /AppleInternal/Library/BuildRoots/4~CYf0ugAFA2MHVp9fguae4KUVbl8-CIxgGlWKSUA/Library/Caches/com.apple.xbs/TemporaryDirectory.p76yMP/Sources/MetalPerformanceShadersGraph/mpsgraph/MetalPerformanceShadersGraph/Core/Files/MPSGraphUtilities.mm":234:0), "ane_validation_message"("Incompatible element type for ANE: expected fp16, f8E4M3, si8, ui8, si16, or ui16":0:0)]): Reached maxReorderingDistance 10
warning: loc(fused["mps_add_24"("(mpsFileLoc): /AppleInternal/Library/BuildRoots/4~CYf0ugAFA2MHVp9fguae4KUVbl8-CIxgGlWKSUA/Library/Caches/com.apple.xbs/TemporaryDirectory.p76yMP/Sources/MetalPerformanceShadersGraph/mpsgraph/MetalPerformanceShadersGraph/Core/Files/MPSGraphUtilities.mm":234:0), "ane_validation_message"("Incompatible element type for ANE: expected fp16, f8E4M3, si8, ui8, si16, or ui16":0:0)]): Reached maxReorderingDistance 10
warning: loc(fused["mps_add_36"("(mpsFileLoc): /AppleInternal/Library/BuildRoots/4~CYf0ugAFA2MHVp9fguae4KUVbl8-CIxgGlWKSUA/Library/Caches/com.apple.xbs/TemporaryDirectory.p76yMP/Sources/MetalPerformanceShadersGraph/mpsgraph/MetalPerformanceShadersGraph/Core/Files/MPSGraphUtilities.mm":234:0), "ane_validation_message"("Incompatible element type for ANE: expected fp16, f8E4M3, si8, ui8, si16, or ui16":0:0)]): Reached maxReorderingDistance 10
warning: loc(fused["mps_add_36"("(mpsFileLoc): /AppleInternal/Library/BuildRoots/4~CYf0ugAFA2MHVp9fguae4KUVbl8-CIxgGlWKSUA/Library/Caches/com.apple.xbs/TemporaryDirectory.p76yMP/Sources/MetalPerformanceShadersGraph/mpsgraph/MetalPerformanceShadersGraph/Core/Files/MPSGraphUtilities.mm":234:0), "ane_validation_message"("Incompatible element type for ANE: expected fp16, f8E4M3, si8, ui8, si16, or ui16":0:0)]): Reached maxReorderingDistance 10
warning: loc(fused["mps_add_48"("(mpsFileLoc): /AppleInternal/Library/BuildRoots/4~CYf0ugAFA2MHVp9fguae4KUVbl8-CIxgGlWKSUA/Library/Caches/com.apple.xbs/TemporaryDirectory.p76yMP/Sources/MetalPerformanceShadersGraph/mpsgraph/MetalPerformanceShadersGraph/Core/Files/MPSGraphUtilities.mm":234:0), "ane_validation_message"("Incompatible element type for ANE: expected fp16, f8E4M3, si8, ui8, si16, or ui16":0:0)]): Reached maxReorderingDistance 10
warning: loc(fused["mps_add_18"("(mpsFileLoc): /AppleInternal/Library/BuildRoots/4~CYf0ugAFA2MHVp9fguae4KUVbl8-CIxgGlWKSUA/Library/Caches/com.apple.xbs/TemporaryDirectory.p76yMP/Sources/MetalPerformanceShadersGraph/mpsgraph/MetalPerformanceShadersGraph/Core/Files/MPSGraphUtilities.mm":234:0), "ane_validation_message"("Incompatible element type for ANE: expected fp16, f8E4M3, si8, ui8, si16, or ui16":0:0)]): Reached maxReorderingDistance 10
warning: loc(fused["mps_add_18"("(mpsFileLoc): /AppleInternal/Library/BuildRoots/4~CYf0ugAFA2MHVp9fguae4KUVbl8-CIxgGlWKSUA/Library/Caches/com.apple.xbs/TemporaryDirectory.p76yMP/Sources/MetalPerformanceShadersGraph/mpsgraph/MetalPerformanceShadersGraph/Core/Files/MPSGraphUtilities.mm":234:0), "ane_validation_message"("Incompatible element type for ANE: expected fp16, f8E4M3, si8, ui8, si16, or ui16":0:0)]): Reached maxReorderingDistance 10
warning: loc(fused["mps_add_24"("(mpsFileLoc): /AppleInternal/Library/BuildRoots/4~CYf0ugAFA2MHVp9fguae4KUVbl8-CIxgGlWKSUA/Library/Caches/com.apple.xbs/TemporaryDirectory.p76yMP/Sources/MetalPerformanceShadersGraph/mpsgraph/MetalPerformanceShadersGraph/Core/Files/MPSGraphUtilities.mm":234:0), "ane_validation_message"("Incompatible element type for ANE: expected fp16, f8E4M3, si8, ui8, si16, or ui16":0:0)]): Reached maxReorderingDistance 10
warning: loc(fused["mps_add_24"("(mpsFileLoc): /AppleInternal/Library/BuildRoots/4~CYf0ugAFA2MHVp9fguae4KUVbl8-CIxgGlWKSUA/Library/Caches/com.apple.xbs/TemporaryDirectory.p76yMP/Sources/MetalPerformanceShadersGraph/mpsgraph/MetalPerformanceShadersGraph/Core/Files/MPSGraphUtilities.mm":234:0), "ane_validation_message"("Incompatible element type for ANE: expected fp16, f8E4M3, si8, ui8, si16, or ui16":0:0)]): Reached maxReorderingDistance 10
warning: loc(fused["mps_add_36"("(mpsFileLoc): /AppleInternal/Library/BuildRoots/4~CYf0ugAFA2MHVp9fguae4KUVbl8-CIxgGlWKSUA/Library/Caches/com.apple.xbs/TemporaryDirectory.p76yMP/Sources/MetalPerformanceShadersGraph/mpsgraph/MetalPerformanceShadersGraph/Core/Files/MPSGraphUtilities.mm":234:0), "ane_validation_message"("Incompatible element type for ANE: expected fp16, f8E4M3, si8, ui8, si16, or ui16":0:0)]): Reached maxReorderingDistance 10
warning: loc(fused["mps_add_36"("(mpsFileLoc): /AppleInternal/Library/BuildRoots/4~CYf0ugAFA2MHVp9fguae4KUVbl8-CIxgGlWKSUA/Library/Caches/com.apple.xbs/TemporaryDirectory.p76yMP/Sources/MetalPerformanceShadersGraph/mpsgraph/MetalPerformanceShadersGraph/Core/Files/MPSGraphUtilities.mm":234:0), "ane_validation_message"("Incompatible element type for ANE: expected fp16, f8E4M3, si8, ui8, si16, or ui16":0:0)]): Reached maxReorderingDistance 10
warning: loc(fused["mps_add_48"("(mpsFileLoc): /AppleInternal/Library/BuildRoots/4~CYf0ugAFA2MHVp9fguae4KUVbl8-CIxgGlWKSUA/Library/Caches/com.apple.xbs/TemporaryDirectory.p76yMP/Sources/MetalPerformanceShadersGraph/mpsgraph/MetalPerformanceShadersGraph/Core/Files/MPSGraphUtilities.mm":234:0), "ane_validation_message"("Incompatible element type for ANE: expected fp16, f8E4M3, si8, ui8, si16, or ui16":0:0)]): Reached maxReorderingDistance 10
warning: loc(fused["mps_add_18"("(mpsFileLoc): /AppleInternal/Library/BuildRoots/4~CYf0ugAFA2MHVp9fguae4KUVbl8-CIxgGlWKSUA/Library/Caches/com.apple.xbs/TemporaryDirectory.p76yMP/Sources/MetalPerformanceShadersGraph/mpsgraph/MetalPerformanceShadersGraph/Core/Files/MPSGraphUtilities.mm":234:0), "ane_validation_message"("Incompatible element type for ANE: expected fp16, f8E4M3, si8, ui8, si16, or ui16":0:0)]): Reached maxReorderingDistance 10
warning: loc(fused["mps_add_18"("(mpsFileLoc): /AppleInternal/Library/BuildRoots/4~CYf0ugAFA2MHVp9fguae4KUVbl8-CIxgGlWKSUA/Library/Caches/com.apple.xbs/TemporaryDirectory.p76yMP/Sources/MetalPerformanceShadersGraph/mpsgraph/MetalPerformanceShadersGraph/Core/Files/MPSGraphUtilities.mm":234:0), "ane_validation_message"("Incompatible element type for ANE: expected fp16, f8E4M3, si8, ui8, si16, or ui16":0:0)]): Reached maxReorderingDistance 10
warning: loc(fused["mps_add_24"("(mpsFileLoc): /AppleInternal/Library/BuildRoots/4~CYf0ugAFA2MHVp9fguae4KUVbl8-CIxgGlWKSUA/Library/Caches/com.apple.xbs/TemporaryDirectory.p76yMP/Sources/MetalPerformanceShadersGraph/mpsgraph/MetalPerformanceShadersGraph/Core/Files/MPSGraphUtilities.mm":234:0), "ane_validation_message"("Incompatible element type for ANE: expected fp16, f8E4M3, si8, ui8, si16, or ui16":0:0)]): Reached maxReorderingDistance 10
warning: loc(fused["mps_add_24"("(mpsFileLoc): /AppleInternal/Library/BuildRoots/4~CYf0ugAFA2MHVp9fguae4KUVbl8-CIxgGlWKSUA/Library/Caches/com.apple.xbs/TemporaryDirectory.p76yMP/Sources/MetalPerformanceShadersGraph/mpsgraph/MetalPerformanceShadersGraph/Core/Files/MPSGraphUtilities.mm":234:0), "ane_validation_message"("Incompatible element type for ANE: expected fp16, f8E4M3, si8, ui8, si16, or ui16":0:0)]): Reached maxReorderingDistance 10
warning: loc(fused["mps_add_36"("(mpsFileLoc): /AppleInternal/Library/BuildRoots/4~CYf0ugAFA2MHVp9fguae4KUVbl8-CIxgGlWKSUA/Library/Caches/com.apple.xbs/TemporaryDirectory.p76yMP/Sources/MetalPerformanceShadersGraph/mpsgraph/MetalPerformanceShadersGraph/Core/Files/MPSGraphUtilities.mm":234:0), "ane_validation_message"("Incompatible element type for ANE: expected fp16, f8E4M3, si8, ui8, si16, or ui16":0:0)]): Reached maxReorderingDistance 10
warning: loc(fused["mps_add_36"("(mpsFileLoc): /AppleInternal/Library/BuildRoots/4~CYf0ugAFA2MHVp9fguae4KUVbl8-CIxgGlWKSUA/Library/Caches/com.apple.xbs/TemporaryDirectory.p76yMP/Sources/MetalPerformanceShadersGraph/mpsgraph/MetalPerformanceShadersGraph/Core/Files/MPSGraphUtilities.mm":234:0), "ane_validation_message"("Incompatible element type for ANE: expected fp16, f8E4M3, si8, ui8, si16, or ui16":0:0)]): Reached maxReorderingDistance 10
warning: loc(fused["mps_add_48"("(mpsFileLoc): /AppleInternal/Library/BuildRoots/4~CYf0ugAFA2MHVp9fguae4KUVbl8-CIxgGlWKSUA/Library/Caches/com.apple.xbs/TemporaryDirectory.p76yMP/Sources/MetalPerformanceShadersGraph/mpsgraph/MetalPerformanceShadersGraph/Core/Files/MPSGraphUtilities.mm":234:0), "ane_validation_message"("Incompatible element type for ANE: expected fp16, f8E4M3, si8, ui8, si16, or ui16":0:0)]): Reached maxReorderingDistance 10
[REPLAY] starting offline corpus replay over 1 corpus path(s)
[REPLAY] start-model: 20261005-lrBsilu-cyc1-replay-step18000.safetensors modelID=20261006-44-8ipq encoding=basic24
[RESUME-NUMERICS] policy_tail_precision=fp32_from_pre_bn matches the checkpoint
[REPLAY-ARCH] (start-model) v5 . in basic24(24) -> stem 128 (7x7) . 3x[7x7+7x7 @128, no-SE, silu/pre, clean_add, no-ReZero, out:layer_norm, drop*1] . act tower_end silu, policy leaky_relu, value_conv leaky_relu, value_fc1_hidden leaky_relu . policy intermediate_conv(4864) . value WDL(16->FC128) . bfloat16 . 5,132,687 params
[REPLAY-HPARAMS] lr=0.001 batch=4096 wd=0.0003 momentum=0.9 gradClip=15 entropyBonus=0 drawPenalty=0 policyW=1 valueW=1 illegalW=1 pLabelSmooth=0.1 pLabelSmoothMode=fixed_total pLabelSmoothPerMove=0.0033 pLabelSmoothPerMoveCap=0.5 vLabelSmooth=0.013 dropout=0 lrWarmup=1000 bufCap=500000 replayRatio=0.48 minPrefill=250000 complementCE=on sqrtBatchLR=on batchStats=10 klProbe=100 sampling=(maxPerGame=400 maxDrawPct=100 targetLen=0 stratify=off applied=on)
[REPLAY] trainer-model output: /Users/andrew/Library/Application Support/DrewsChessMachine/Models/20261006-lrBsilu-ctl15-replay-latest.safetensors (new file)
[REPLAY] enumerated checkpoints: /Users/andrew/Library/Application Support/DrewsChessMachine/Models/20261006-lrBsilu-ctl15-replay-seg1-step1000.safetensors and siblings (never overwritten)
[REPLAY] corpus 20260624-192615-w3aA5b: 46 sealed shard(s)
[RESUME] EXACT
[PARAM] random_seed_mode and random_seed=0 not used: an exact resume keeps the run's seed
[REPLAY] building network + trainer (encoding=basic24)
[NUMERICS] policy_tail_precision=fp32_from_pre_bn source=flag (affects bf16 / fp16 models only)
[RESUME] rng: sampler=restored
[RESUME] rng: dropout stream=restored
[REPLAY] start-model trainer state restored exactly (fp32 masters, velocity, trainerStep=18000) + feeder net (base tensors=61)
[REPLAY-CYCLE] lr=[trough 1.00e-03,peak 1.00e+00]^10000st cnt=0 inv=true mom=[0.75,0.90]^1000st cnt=0 inv=false decay=[peak->1.00e-04 trough->1.00e-05 over 10000000st] momFollow=[low 0.850->0.900 high 0.950->0.950] origin=trainerStep 18000 cycleStep 17000 cycleLR=1.0762e-02 cycleMom=0.9155 (exact resume of 20261006-44-8ipq)
[RUN] path=replay run=085EF48A-CD92-47F9-AE00-512F86091177 seg=1 (exact resume of 20261006-44-8ipq sha=4697674c64a7) build=2330 git=4e70c615 dirty=true device="Apple M5 Max" vm=false os="Version 27.2 (Build 26B5091g)" seed=20261005 mode=resumed(configured) derivation=v1 params_sha=b6cb733707db cum_step=18000 cum_games=2323995 cum_train_sec=40841.48844122887 argv="/Users/andrew/Library/Application Support/DrewsChessMachine/FrozenBuilds/DCM-2331-4e70c615-p1headact.app/Contents/MacOS/DrewsChessMachine --replay-corpus 20260624-192615-w3aA5b --start-model /Users/andrew/Library/Application Support/DrewsChessMachine/Models/20261005-lrBsilu-cyc1-replay-step18000.safetensors --resume-exact --out-model /Users/andrew/Library/Application Support/DrewsChessMachine/Models/20261006-lrBsilu-ctl15-replay-latest.safetensors --parameters /Users/andrew/cursor/drews-chess-machine/experiments/20261005-lr-schedule-ab/parameters-B.json --epochs 12 --training-step-limit 5000 --enumerate-checkpoints --policy-tail-precision fp32_from_pre_bn --seed 20261005"
[REPLAY] batchSize=4096 reuse=0.48 K=8533 minPrefill=250000 stepLimit=5000 epochLimit=12
[REPLAY] pre-filled: bufCount=500000 positionsFed=757384 gamesFed=11325 rejected=0 skipped=0
[REPLAY] step=1 loss=3.5164 pLoss=2.7190 vLoss=0.7954 pEnt=-- pIllM=0.0021 playedP=-- pW=-- pD=-- pL=-- vAbs=-- pLogitMean=-- vLogitMean=-- gNorm=0.249 lr=0.0108 ms=5694.9 buf=500000 plies=765925 games=11447 rejected=0 skipped=0 epoch=0 mom=0.9155 lrCyc[pk=9.8e-01,tr=9.9e-04] trainerStep=18001
[LAYER-HEALTH] live trainerStep=18001 scope=batch_norm_state_only reluSites=2/10 ch=144 dead=0 off=0 alwaysOn=0 worst=none maxBetaOverGamma=+2.06@policy.pre_bn[103] minBetaOverGamma=-1.97@value.bn[4] rvMaxOverMedian=59.8@blocks.2.bn1[31] rezero=none nonFinite=0
[REPLAY] step=50 loss=3.5098 pLoss=2.7017 vLoss=0.8056 pEnt=2.855 pIllM=0.0025 playedP=0.174 pW=0.47 pD=0.07 pL=0.46 vAbs=0.240 pLogitMean=-9.7952 vLogitMean=0.5972 gNorm=0.262 lr=0.0119 ms=3886.7 buf=500000 plies=1184017 games=17656 rejected=0 skipped=0 epoch=0 mom=0.9140 lrCyc[pk=9.8e-01,tr=9.9e-04] trainerStep=18050
[LAYER-HEALTH] live trainerStep=18050 scope=batch_norm_state_only reluSites=2/10 ch=144 dead=0 off=0 alwaysOn=0 worst=none maxBetaOverGamma=+2.06@policy.pre_bn[103] minBetaOverGamma=-1.97@value.bn[4] rvMaxOverMedian=59.6@blocks.2.bn1[31] rezero=none nonFinite=0
[REPLAY] step=100 loss=3.5507 pLoss=2.7368 vLoss=0.8112 pEnt=2.870 pIllM=0.0026 playedP=0.171 pW=0.47 pD=0.07 pL=0.46 vAbs=0.232 pLogitMean=-9.7979 vLogitMean=0.5937 gNorm=0.254 lr=0.0133 ms=3439.4 buf=500000 plies=1610702 games=24121 rejected=0 skipped=0 epoch=0 mom=0.9125 lrCyc[pk=9.8e-01,tr=9.9e-04] trainerStep=18100
[LAYER-HEALTH] live trainerStep=18100 scope=batch_norm_state_only reluSites=2/10 ch=144 dead=0 off=0 alwaysOn=0 worst=none maxBetaOverGamma=+2.06@policy.pre_bn[103] minBetaOverGamma=-1.97@value.bn[4] rvMaxOverMedian=59.6@blocks.2.bn1[31] rezero=none nonFinite=0
[REPLAY] step=150 loss=3.5091 pLoss=2.7138 vLoss=0.7931 pEnt=2.857 pIllM=0.0022 playedP=0.176 pW=0.47 pD=0.06 pL=0.47 vAbs=0.249 pLogitMean=-9.7961 vLogitMean=0.5949 gNorm=0.274 lr=0.0147 ms=3027.2 buf=500000 plies=2037317 games=30561 rejected=0 skipped=0 epoch=0 mom=0.9109 lrCyc[pk=9.8e-01,tr=9.9e-04] trainerStep=18150
[LAYER-HEALTH] live trainerStep=18150 scope=batch_norm_state_only reluSites=2/10 ch=144 dead=0 off=0 alwaysOn=0 worst=none maxBetaOverGamma=+2.05@policy.pre_bn[103] minBetaOverGamma=-1.97@value.bn[4] rvMaxOverMedian=59.7@blocks.2.bn1[31] rezero=none nonFinite=0
[REPLAY] step=200 loss=3.5102 pLoss=2.7157 vLoss=0.7924 pEnt=2.858 pIllM=0.0022 playedP=0.176 pW=0.47 pD=0.06 pL=0.46 vAbs=0.241 pLogitMean=-9.7960 vLogitMean=0.5944 gNorm=0.252 lr=0.0164 ms=3232.5 buf=500000 plies=2463986 games=36896 rejected=0 skipped=0 epoch=0 mom=0.9094 lrCyc[pk=9.8e-01,tr=9.9e-04] trainerStep=18200
[LAYER-HEALTH] live trainerStep=18200 scope=batch_norm_state_only reluSites=2/10 ch=144 dead=0 off=0 alwaysOn=0 worst=none maxBetaOverGamma=+2.05@policy.pre_bn[103] minBetaOverGamma=-1.97@value.bn[4] rvMaxOverMedian=59.8@blocks.2.bn1[31] rezero=none nonFinite=0
[REPLAY] step=250 loss=3.5722 pLoss=2.7613 vLoss=0.8087 pEnt=2.864 pIllM=0.0022 playedP=0.174 pW=0.48 pD=0.07 pL=0.46 vAbs=0.231 pLogitMean=-9.7963 vLogitMean=0.5950 gNorm=0.278 lr=0.0182 ms=3895.6 buf=500000 plies=2890609 games=43288 rejected=0 skipped=0 epoch=0 mom=0.9079 lrCyc[pk=9.8e-01,tr=9.9e-04] trainerStep=18250
[LAYER-HEALTH] live trainerStep=18250 scope=batch_norm_state_only reluSites=2/10 ch=144 dead=0 off=0 alwaysOn=0 worst=none maxBetaOverGamma=+2.05@policy.pre_bn[103] minBetaOverGamma=-1.97@value.bn[4] rvMaxOverMedian=60.1@blocks.2.bn1[31] rezero=none nonFinite=0
[REPLAY] step=300 loss=3.5301 pLoss=2.7249 vLoss=0.8028 pEnt=2.845 pIllM=0.0024 playedP=0.178 pW=0.47 pD=0.07 pL=0.46 vAbs=0.234 pLogitMean=-9.7974 vLogitMean=0.5966 gNorm=0.260 lr=0.0203 ms=3595.4 buf=500000 plies=3317265 games=49688 rejected=0 skipped=0 epoch=0 mom=0.9063 lrCyc[pk=9.8e-01,tr=9.9e-04] trainerStep=18300
[LAYER-HEALTH] live trainerStep=18300 scope=batch_norm_state_only reluSites=2/10 ch=144 dead=0 off=0 alwaysOn=0 worst=none maxBetaOverGamma=+2.05@policy.pre_bn[103] minBetaOverGamma=-1.97@value.bn[4] rvMaxOverMedian=60.5@blocks.2.bn1[31] rezero=none nonFinite=0
[REPLAY] step=350 loss=3.5224 pLoss=2.7132 vLoss=0.8071 pEnt=2.874 pIllM=0.0020 playedP=0.173 pW=0.47 pD=0.07 pL=0.46 vAbs=0.239 pLogitMean=-9.7957 vLogitMean=0.5958 gNorm=0.278 lr=0.0226 ms=3330.6 buf=500000 plies=3743919 games=56030 rejected=0 skipped=0 epoch=0 mom=0.9047 lrCyc[pk=9.8e-01,tr=9.9e-04] trainerStep=18350
[LAYER-HEALTH] live trainerStep=18350 scope=batch_norm_state_only reluSites=2/10 ch=144 dead=0 off=0 alwaysOn=0 worst=none maxBetaOverGamma=+2.05@policy.pre_bn[103] minBetaOverGamma=-1.97@value.bn[4] rvMaxOverMedian=60.8@blocks.2.bn1[31] rezero=none nonFinite=0
[REPLAY] step=400 loss=3.4946 pLoss=2.6852 vLoss=0.8070 pEnt=2.864 pIllM=0.0024 playedP=0.173 pW=0.47 pD=0.07 pL=0.46 vAbs=0.248 pLogitMean=-9.7972 vLogitMean=0.5942 gNorm=0.292 lr=0.0252 ms=3583.7 buf=500000 plies=4170605 games=62456 rejected=0 skipped=0 epoch=0 mom=0.9032 lrCyc[pk=9.8e-01,tr=9.9e-04] trainerStep=18400
[LAYER-HEALTH] live trainerStep=18400 scope=batch_norm_state_only reluSites=2/10 ch=144 dead=0 off=0 alwaysOn=0 worst=none maxBetaOverGamma=+2.05@policy.pre_bn[103] minBetaOverGamma=-1.97@value.bn[9] rvMaxOverMedian=60.9@blocks.2.bn1[31] rezero=none nonFinite=0
[REPLAY] step=450 loss=3.5376 pLoss=2.7229 vLoss=0.8125 pEnt=2.871 pIllM=0.0021 playedP=0.176 pW=0.47 pD=0.07 pL=0.46 vAbs=0.240 pLogitMean=-9.7966 vLogitMean=0.5921 gNorm=0.281 lr=0.028 ms=4096.3 buf=500000 plies=4597244 games=68778 rejected=0 skipped=0 epoch=0 mom=0.9016 lrCyc[pk=9.8e-01,tr=9.9e-04] trainerStep=18450
[LAYER-HEALTH] live trainerStep=18450 scope=batch_norm_state_only reluSites=2/10 ch=144 dead=0 off=0 alwaysOn=0 worst=none maxBetaOverGamma=+2.05@policy.pre_bn[103] minBetaOverGamma=-1.98@value.bn[4] rvMaxOverMedian=60.6@blocks.2.bn1[31] rezero=none nonFinite=0
[REPLAY] step=500 loss=3.5117 pLoss=2.7084 vLoss=0.8012 pEnt=2.862 pIllM=0.0021 playedP=0.173 pW=0.47 pD=0.06 pL=0.46 vAbs=0.237 pLogitMean=-9.7979 vLogitMean=0.5957 gNorm=0.263 lr=0.0312 ms=4628.1 buf=500000 plies=5023873 games=75124 rejected=0 skipped=0 epoch=0 mom=0.9000 lrCyc[pk=9.8e-01,tr=9.9e-04] trainerStep=18500
[LAYER-HEALTH] live trainerStep=18500 scope=batch_norm_state_only reluSites=2/10 ch=144 dead=0 off=0 alwaysOn=0 worst=none maxBetaOverGamma=+2.05@policy.pre_bn[103] minBetaOverGamma=-1.99@value.bn[4] rvMaxOverMedian=60.8@blocks.2.bn1[31] rezero=none nonFinite=0
[REPLAY] step=550 loss=3.5149 pLoss=2.6999 vLoss=0.8128 pEnt=2.859 pIllM=0.0023 playedP=0.176 pW=0.47 pD=0.07 pL=0.47 vAbs=0.233 pLogitMean=-9.7941 vLogitMean=0.5945 gNorm=0.268 lr=0.0348 ms=5435.8 buf=500000 plies=5450512 games=81514 rejected=0 skipped=0 epoch=0 mom=0.8985 lrCyc[pk=9.8e-01,tr=9.9e-04] trainerStep=18550
[LAYER-HEALTH] live trainerStep=18550 scope=batch_norm_state_only reluSites=2/10 ch=144 dead=0 off=0 alwaysOn=0 worst=none maxBetaOverGamma=+2.05@policy.pre_bn[103] minBetaOverGamma=-1.98@value.bn[4] rvMaxOverMedian=60.6@blocks.2.bn1[31] rezero=none nonFinite=0
[REPLAY] step=600 loss=3.5433 pLoss=2.7240 vLoss=0.8169 pEnt=2.855 pIllM=0.0024 playedP=0.174 pW=0.47 pD=0.07 pL=0.46 vAbs=0.235 pLogitMean=-9.7929 vLogitMean=0.5957 gNorm=0.259 lr=0.0388 ms=2735.8 buf=500000 plies=5877203 games=87851 rejected=0 skipped=0 epoch=0 mom=0.8969 lrCyc[pk=9.8e-01,tr=9.9e-04] trainerStep=18600
[LAYER-HEALTH] live trainerStep=18600 scope=batch_norm_state_only reluSites=2/10 ch=144 dead=0 off=0 alwaysOn=0 worst=none maxBetaOverGamma=+2.05@policy.pre_bn[103] minBetaOverGamma=-1.97@value.bn[4] rvMaxOverMedian=60.8@blocks.2.bn1[31] rezero=none nonFinite=0
[REPLAY] step=650 loss=3.5379 pLoss=2.7350 vLoss=0.8001 pEnt=2.860 pIllM=0.0027 playedP=0.173 pW=0.47 pD=0.07 pL=0.46 vAbs=0.235 pLogitMean=-9.7989 vLogitMean=0.5952 gNorm=0.271 lr=0.0432 ms=3951.0 buf=500000 plies=6303816 games=94224 rejected=0 skipped=0 epoch=0 mom=0.8953 lrCyc[pk=9.8e-01,tr=9.9e-04] trainerStep=18650
[LAYER-HEALTH] live trainerStep=18650 scope=batch_norm_state_only reluSites=2/10 ch=144 dead=0 off=0 alwaysOn=0 worst=none maxBetaOverGamma=+2.05@policy.pre_bn[103] minBetaOverGamma=-1.99@value.bn[4] rvMaxOverMedian=61.0@blocks.2.bn1[31] rezero=none nonFinite=0
[REPLAY] step=700 loss=3.4832 pLoss=2.6763 vLoss=0.8048 pEnt=2.836 pIllM=0.0021 playedP=0.177 pW=0.47 pD=0.07 pL=0.46 vAbs=0.242 pLogitMean=-9.7959 vLogitMean=0.5926 gNorm=0.256 lr=0.0481 ms=3231.6 buf=500000 plies=6730473 games=100589 rejected=0 skipped=0 epoch=0 mom=0.8938 lrCyc[pk=9.8e-01,tr=9.9e-04] trainerStep=18700
[LAYER-HEALTH] live trainerStep=18700 scope=batch_norm_state_only reluSites=2/10 ch=144 dead=0 off=1 alwaysOn=0 worst=value.bn(dead 0 off 1 on 0) maxBetaOverGamma=+2.05@policy.pre_bn[103] minBetaOverGamma=-2.01@value.bn[4] rvMaxOverMedian=61.0@blocks.2.bn1[31] rezero=none nonFinite=0
[REPLAY] step=750 loss=3.5449 pLoss=2.7307 vLoss=0.8119 pEnt=2.852 pIllM=0.0023 playedP=0.178 pW=0.48 pD=0.07 pL=0.46 vAbs=0.235 pLogitMean=-9.7909 vLogitMean=0.5943 gNorm=0.281 lr=0.0536 ms=3696.5 buf=500000 plies=7157118 games=106962 rejected=0 skipped=0 epoch=0 mom=0.8922 lrCyc[pk=9.8e-01,tr=9.9e-04] trainerStep=18750
[LAYER-HEALTH] live trainerStep=18750 scope=batch_norm_state_only reluSites=2/10 ch=144 dead=0 off=1 alwaysOn=0 worst=value.bn(dead 0 off 1 on 0) maxBetaOverGamma=+2.05@policy.pre_bn[103] minBetaOverGamma=-2.00@value.bn[4] rvMaxOverMedian=61.1@blocks.2.bn1[31] rezero=none nonFinite=0
[REPLAY] step=800 loss=3.4842 pLoss=2.6823 vLoss=0.7995 pEnt=2.848 pIllM=0.0024 playedP=0.179 pW=0.47 pD=0.07 pL=0.46 vAbs=0.250 pLogitMean=-9.7844 vLogitMean=0.5923 gNorm=0.275 lr=0.0596 ms=1864.9 buf=500000 plies=7583788 games=113391 rejected=0 skipped=0 epoch=0 mom=0.8907 lrCyc[pk=9.8e-01,tr=9.9e-04] trainerStep=18800
[LAYER-HEALTH] live trainerStep=18800 scope=batch_norm_state_only reluSites=2/10 ch=144 dead=0 off=0 alwaysOn=0 worst=none maxBetaOverGamma=+2.05@policy.pre_bn[103] minBetaOverGamma=-2.00@value.bn[9] rvMaxOverMedian=61.2@blocks.2.bn1[31] rezero=none nonFinite=0
[REPLAY] step=850 loss=3.5047 pLoss=2.7004 vLoss=0.8017 pEnt=2.851 pIllM=0.0026 playedP=0.175 pW=0.47 pD=0.07 pL=0.47 vAbs=0.249 pLogitMean=-9.7838 vLogitMean=0.5953 gNorm=0.269 lr=0.0663 ms=2787.0 buf=500000 plies=8010413 games=119788 rejected=0 skipped=0 epoch=0 mom=0.8891 lrCyc[pk=9.8e-01,tr=9.9e-04] trainerStep=18850
[LAYER-HEALTH] live trainerStep=18850 scope=batch_norm_state_only reluSites=2/10 ch=144 dead=0 off=0 alwaysOn=0 worst=none maxBetaOverGamma=+2.06@policy.pre_bn[103] minBetaOverGamma=-1.99@value.bn[9] rvMaxOverMedian=61.4@blocks.2.bn1[31] rezero=none nonFinite=0
[REPLAY] step=900 loss=3.5382 pLoss=2.7380 vLoss=0.7981 pEnt=2.871 pIllM=0.0022 playedP=0.171 pW=0.47 pD=0.07 pL=0.46 vAbs=0.228 pLogitMean=-9.7803 vLogitMean=0.5920 gNorm=0.268 lr=0.0737 ms=4169.2 buf=500000 plies=8437055 games=126198 rejected=0 skipped=0 epoch=0 mom=0.8876 lrCyc[pk=9.8e-01,tr=9.9e-04] trainerStep=18900
[LAYER-HEALTH] live trainerStep=18900 scope=batch_norm_state_only reluSites=2/10 ch=144 dead=0 off=0 alwaysOn=0 worst=none maxBetaOverGamma=+2.07@policy.pre_bn[103] minBetaOverGamma=-1.99@value.bn[4] rvMaxOverMedian=61.4@blocks.2.bn1[31] rezero=none nonFinite=0
[REPLAY] step=950 loss=3.5110 pLoss=2.7008 vLoss=0.8077 pEnt=2.862 pIllM=0.0025 playedP=0.173 pW=0.46 pD=0.07 pL=0.47 vAbs=0.239 pLogitMean=-9.7760 vLogitMean=0.5938 gNorm=0.275 lr=0.0818 ms=3016.9 buf=500000 plies=8863714 games=132569 rejected=0 skipped=0 epoch=0 mom=0.8861 lrCyc[pk=9.8e-01,tr=9.9e-04] trainerStep=18950
[LAYER-HEALTH] live trainerStep=18950 scope=batch_norm_state_only reluSites=2/10 ch=144 dead=0 off=0 alwaysOn=0 worst=none maxBetaOverGamma=+2.07@policy.pre_bn[103] minBetaOverGamma=-1.98@value.bn[4] rvMaxOverMedian=61.7@blocks.2.bn1[31] rezero=none nonFinite=0
[REPLAY] step=1000 loss=3.4656 pLoss=2.6726 vLoss=0.7906 pEnt=2.840 pIllM=0.0023 playedP=0.181 pW=0.47 pD=0.07 pL=0.47 vAbs=0.248 pLogitMean=-9.7721 vLogitMean=0.5934 gNorm=0.288 lr=0.0907 ms=5065.9 buf=500000 plies=9290411 games=138927 rejected=0 skipped=0 epoch=0 mom=0.8846 lrCyc[pk=9.8e-01,tr=9.9e-04] trainerStep=19000
[LAYER-HEALTH] live trainerStep=19000 scope=batch_norm_state_only reluSites=2/10 ch=144 dead=0 off=0 alwaysOn=0 worst=none maxBetaOverGamma=+2.07@policy.pre_bn[103] minBetaOverGamma=-2.00@value.bn[4] rvMaxOverMedian=61.9@blocks.2.bn1[31] rezero=none nonFinite=0
[REPLAY] saved trainer model (autosave) step=1000 trainerStep=19000 nextGame=2451597 shard=5 epoch=0 -> 20261006-lrBsilu-ctl15-replay-latest.safetensors
[LAYER-HEALTH] checkpoint replay-autosave step=1000 trainerStep=19000 scope=all_tensors reluSites=2/10 ch=144 dead=0 off=0 alwaysOn=0 worst=none maxBetaOverGamma=+2.07@policy.pre_bn[103] minBetaOverGamma=-2.00@value.bn[4] rvMaxOverMedian=61.9@blocks.2.bn1[31] rezero=none nonFinite=0 seZeroVel=none valueFC1ZeroVel=0/128 maxAbs=21.64@blocks.2.bn1.running_var
[LAYER-HEALTH]   batch-norm sites — β/|γ|: dead < -3.00, mostly off < -2.00, always on > +3.00; classified for relu/leaky_relu only
[LAYER-HEALTH]     site            act            ch   dead    off     on  zeroγ nonfin  min β/|γ| [ch]     max β/|γ| [ch]     rv max/median [ch]
[LAYER-HEALTH]     stem.bn         -             128    n/a    n/a    n/a      0      0     -0.48 [104]        +0.26 [20]            5.4 [5]
[LAYER-HEALTH]     blocks.0.bn1    silu          128    n/a    n/a    n/a      0      0     -0.67 [5]          +0.14 [103]           3.1 [14]
[LAYER-HEALTH]     blocks.0.bn2    silu          128    n/a    n/a    n/a      0      0     -1.02 [53]         +1.04 [48]            5.2 [79]
[LAYER-HEALTH]     blocks.1.bn1    silu          128    n/a    n/a    n/a      0      0     -1.23 [17]         +0.05 [31]           59.9 [31]
[LAYER-HEALTH]     blocks.1.bn2    silu          128    n/a    n/a    n/a      0      0     -1.24 [120]        -0.05 [101]           8.9 [70]
[LAYER-HEALTH]     blocks.2.bn1    silu          128    n/a    n/a    n/a      0      0     -1.91 [17]         +1.31 [31]           61.9 [31]
[LAYER-HEALTH]     blocks.2.bn2    silu          128    n/a    n/a    n/a      0      0     -1.54 [78]         +0.03 [16]            3.7 [26]
[LAYER-HEALTH]     tower_final_bn  silu          128    n/a    n/a    n/a      0      0     -0.45 [90]         +0.79 [6]             8.2 [31]
[LAYER-HEALTH]     policy.pre_bn   leaky_relu    128      0      0      0      0      0     -0.77 [26]         +2.07 [103]           2.7 [53]
[LAYER-HEALTH]     value.bn        leaky_relu     16      0      0      0      0      0     -2.00 [4]          -0.73 [13]            2.2 [11]
[LAYER-HEALTH]   FC hidden-unit velocity — zero: every weight-velocity entry exactly 0; low: nonzero but < 5% of the layer's p90 unit norm
[LAYER-HEALTH]     value.fc1.weight  leaky_relu  units 128  zero 0  low 13  median unit norm 0.003812
[LAYER-HEALTH]     (no SE blocks)
[LAYER-HEALTH]   ReZero: none
[LAYER-HEALTH]   non-finite: 0 values in 0 of 102 tensors (10263038 values examined)
[LAYER-HEALTH]   largest |value|: blocks.2.bn1.running_var 21.64, blocks.1.bn1.running_var 18.99, blocks.1.bn2.running_var 12.35, blocks.0.bn2.running_var 9.45, blocks.2.bn2.running_var 7.114
[REPLAY] enumerated checkpoint -> 20261006-lrBsilu-ctl15-replay-seg1-step1000.safetensors
[REPLAY] step=1050 loss=3.5118 pLoss=2.7213 vLoss=0.7881 pEnt=2.849 pIllM=0.0024 playedP=0.177 pW=0.46 pD=0.07 pL=0.47 vAbs=0.238 pLogitMean=-9.7624 vLogitMean=0.5895 gNorm=0.281 lr=0.1 ms=3836.3 buf=500000 plies=9717035 games=145246 rejected=0 skipped=0 epoch=0 mom=0.8831 lrCyc[pk=9.8e-01,tr=9.9e-04] trainerStep=19050
[LAYER-HEALTH] live trainerStep=19050 scope=batch_norm_state_only reluSites=2/10 ch=144 dead=0 off=1 alwaysOn=0 worst=value.bn(dead 0 off 1 on 0) maxBetaOverGamma=+2.07@policy.pre_bn[103] minBetaOverGamma=-2.03@value.bn[4] rvMaxOverMedian=62.1@blocks.2.bn1[31] rezero=none nonFinite=0
[REPLAY] step=1100 loss=3.4999 pLoss=2.7125 vLoss=0.7849 pEnt=2.879 pIllM=0.0025 playedP=0.170 pW=0.46 pD=0.06 pL=0.48 vAbs=0.241 pLogitMean=-9.7577 vLogitMean=0.5932 gNorm=0.275 lr=0.111 ms=3785.5 buf=500000 plies=10143690 games=151726 rejected=0 skipped=0 epoch=0 mom=0.8817 lrCyc[pk=9.8e-01,tr=9.9e-04] trainerStep=19100
[LAYER-HEALTH] live trainerStep=19100 scope=batch_norm_state_only reluSites=2/10 ch=144 dead=0 off=1 alwaysOn=0 worst=value.bn(dead 0 off 1 on 0) maxBetaOverGamma=+2.06@policy.pre_bn[103] minBetaOverGamma=-2.01@value.bn[4] rvMaxOverMedian=61.9@blocks.2.bn1[31] rezero=none nonFinite=0
[REPLAY] step=1150 loss=3.5412 pLoss=2.7196 vLoss=0.8191 pEnt=2.851 pIllM=0.0025 playedP=0.177 pW=0.47 pD=0.07 pL=0.46 vAbs=0.222 pLogitMean=-9.7440 vLogitMean=0.5933 gNorm=0.303 lr=0.123 ms=3448.8 buf=500000 plies=10570323 games=158105 rejected=0 skipped=0 epoch=0 mom=0.8802 lrCyc[pk=9.8e-01,tr=9.9e-04] trainerStep=19150
[LAYER-HEALTH] live trainerStep=19150 scope=batch_norm_state_only reluSites=2/10 ch=144 dead=0 off=0 alwaysOn=0 worst=none maxBetaOverGamma=+2.07@policy.pre_bn[103] minBetaOverGamma=-2.00@value.bn[4] rvMaxOverMedian=62.0@blocks.2.bn1[31] rezero=none nonFinite=0
[REPLAY] step=1200 loss=3.4824 pLoss=2.6735 vLoss=0.8066 pEnt=2.850 pIllM=0.0024 playedP=0.178 pW=0.47 pD=0.07 pL=0.46 vAbs=0.256 pLogitMean=-9.7393 vLogitMean=0.5941 gNorm=0.291 lr=0.136 ms=3932.9 buf=500000 plies=10996992 games=164469 rejected=0 skipped=0 epoch=0 mom=0.8788 lrCyc[pk=9.8e-01,tr=9.9e-04] trainerStep=19200
[LAYER-HEALTH] live trainerStep=19200 scope=batch_norm_state_only reluSites=2/10 ch=144 dead=0 off=1 alwaysOn=0 worst=value.bn(dead 0 off 1 on 0) maxBetaOverGamma=+2.06@policy.pre_bn[103] minBetaOverGamma=-2.00@value.bn[4] rvMaxOverMedian=61.6@blocks.2.bn1[31] rezero=none nonFinite=0
[REPLAY] step=1250 loss=3.5530 pLoss=2.7423 vLoss=0.8082 pEnt=2.882 pIllM=0.0025 playedP=0.168 pW=0.48 pD=0.07 pL=0.45 vAbs=0.240 pLogitMean=-9.7350 vLogitMean=0.5960 gNorm=0.300 lr=0.15 ms=3643.2 buf=500000 plies=11423631 games=170800 rejected=0 skipped=0 epoch=0 mom=0.8774 lrCyc[pk=9.8e-01,tr=9.9e-04] trainerStep=19250
[LAYER-HEALTH] live trainerStep=19250 scope=batch_norm_state_only reluSites=2/10 ch=144 dead=0 off=1 alwaysOn=0 worst=value.bn(dead 0 off 1 on 0) maxBetaOverGamma=+2.05@policy.pre_bn[103] minBetaOverGamma=-2.04@value.bn[4] rvMaxOverMedian=61.3@blocks.2.bn1[31] rezero=none nonFinite=0
[REPLAY] step=1300 loss=3.5211 pLoss=2.7012 vLoss=0.8173 pEnt=2.862 pIllM=0.0027 playedP=0.171 pW=0.48 pD=0.07 pL=0.46 vAbs=0.253 pLogitMean=-9.7275 vLogitMean=0.5964 gNorm=0.338 lr=0.165 ms=3996.0 buf=500000 plies=11850259 games=177110 rejected=0 skipped=0 epoch=0 mom=0.8760 lrCyc[pk=9.8e-01,tr=9.9e-04] trainerStep=19300
[LAYER-HEALTH] live trainerStep=19300 scope=batch_norm_state_only reluSites=2/10 ch=144 dead=0 off=1 alwaysOn=0 worst=value.bn(dead 0 off 1 on 0) maxBetaOverGamma=+2.04@policy.pre_bn[103] minBetaOverGamma=-2.00@value.bn[4] rvMaxOverMedian=62.2@blocks.2.bn1[31] rezero=none nonFinite=0
[REPLAY] step=1350 loss=3.5016 pLoss=2.6927 vLoss=0.8065 pEnt=2.854 pIllM=0.0024 playedP=0.176 pW=0.47 pD=0.07 pL=0.46 vAbs=0.241 pLogitMean=-9.7054 vLogitMean=0.5955 gNorm=0.291 lr=0.181 ms=4003.2 buf=500000 plies=12276972 games=183445 rejected=0 skipped=0 epoch=0 mom=0.8746 lrCyc[pk=9.8e-01,tr=9.9e-04] trainerStep=19350
[LAYER-HEALTH] live trainerStep=19350 scope=batch_norm_state_only reluSites=2/10 ch=144 dead=0 off=0 alwaysOn=0 worst=none maxBetaOverGamma=+2.08@policy.pre_bn[103] minBetaOverGamma=-1.98@value.bn[9] rvMaxOverMedian=62.6@blocks.2.bn1[31] rezero=none nonFinite=0
[REPLAY] step=1400 loss=3.4958 pLoss=2.6998 vLoss=0.7934 pEnt=2.863 pIllM=0.0027 playedP=0.176 pW=0.47 pD=0.07 pL=0.47 vAbs=0.231 pLogitMean=-9.6909 vLogitMean=0.5986 gNorm=0.319 lr=0.198 ms=3796.8 buf=500000 plies=12703563 games=189819 rejected=0 skipped=0 epoch=0 mom=0.8733 lrCyc[pk=9.8e-01,tr=9.9e-04] trainerStep=19400
[LAYER-HEALTH] live trainerStep=19400 scope=batch_norm_state_only reluSites=2/10 ch=144 dead=0 off=1 alwaysOn=0 worst=value.bn(dead 0 off 1 on 0) maxBetaOverGamma=+2.07@policy.pre_bn[103] minBetaOverGamma=-2.02@value.bn[9] rvMaxOverMedian=61.9@blocks.2.bn1[31] rezero=none nonFinite=0
[REPLAY] step=1450 loss=3.5210 pLoss=2.7184 vLoss=0.7998 pEnt=2.874 pIllM=0.0028 playedP=0.172 pW=0.47 pD=0.06 pL=0.47 vAbs=0.246 pLogitMean=-9.6707 vLogitMean=0.5977 gNorm=0.299 lr=0.217 ms=4015.0 buf=500000 plies=13130310 games=196233 rejected=0 skipped=0 epoch=0 mom=0.8720 lrCyc[pk=9.8e-01,tr=9.9e-04] trainerStep=19450
[LAYER-HEALTH] live trainerStep=19450 scope=batch_norm_state_only reluSites=2/10 ch=144 dead=0 off=1 alwaysOn=0 worst=value.bn(dead 0 off 1 on 0) maxBetaOverGamma=+2.09@policy.pre_bn[103] minBetaOverGamma=-2.03@value.bn[9] rvMaxOverMedian=61.8@blocks.2.bn1[31] rezero=none nonFinite=0
[REPLAY] step=1500 loss=3.5213 pLoss=2.7082 vLoss=0.8103 pEnt=2.841 pIllM=0.0028 playedP=0.178 pW=0.47 pD=0.07 pL=0.45 vAbs=0.230 pLogitMean=-9.6672 vLogitMean=0.5910 gNorm=0.295 lr=0.237 ms=4621.5 buf=500000 plies=13556862 games=202597 rejected=0 skipped=0 epoch=0 mom=0.8707 lrCyc[pk=9.8e-01,tr=9.9e-04] trainerStep=19500
[LAYER-HEALTH] live trainerStep=19500 scope=batch_norm_state_only reluSites=2/10 ch=144 dead=0 off=1 alwaysOn=0 worst=value.bn(dead 0 off 1 on 0) maxBetaOverGamma=+2.11@policy.pre_bn[103] minBetaOverGamma=-2.05@value.bn[9] rvMaxOverMedian=62.4@blocks.2.bn1[31] rezero=none nonFinite=0
[REPLAY] step=1550 loss=3.5110 pLoss=2.7044 vLoss=0.8038 pEnt=2.849 pIllM=0.0028 playedP=0.174 pW=0.45 pD=0.07 pL=0.49 vAbs=0.232 pLogitMean=-9.6613 vLogitMean=0.5888 gNorm=0.331 lr=0.259 ms=4630.6 buf=500000 plies=13983576 games=208992 rejected=0 skipped=0 epoch=0 mom=0.8694 lrCyc[pk=9.8e-01,tr=9.9e-04] trainerStep=19550
[LAYER-HEALTH] live trainerStep=19550 scope=batch_norm_state_only reluSites=2/10 ch=144 dead=0 off=1 alwaysOn=0 worst=value.bn(dead 0 off 1 on 0) maxBetaOverGamma=+2.09@policy.pre_bn[103] minBetaOverGamma=-2.01@value.bn[9] rvMaxOverMedian=63.0@blocks.2.bn1[31] rezero=none nonFinite=0
[REPLAY] step=1600 loss=3.5609 pLoss=2.7333 vLoss=0.8247 pEnt=2.881 pIllM=0.0029 playedP=0.167 pW=0.46 pD=0.08 pL=0.46 vAbs=0.234 pLogitMean=-9.6384 vLogitMean=0.5879 gNorm=0.331 lr=0.281 ms=4065.1 buf=500000 plies=14410165 games=215360 rejected=0 skipped=0 epoch=0 mom=0.8682 lrCyc[pk=9.8e-01,tr=9.9e-04] trainerStep=19600
[LAYER-HEALTH] live trainerStep=19600 scope=batch_norm_state_only reluSites=2/10 ch=144 dead=0 off=1 alwaysOn=0 worst=value.bn(dead 0 off 1 on 0) maxBetaOverGamma=+2.08@policy.pre_bn[103] minBetaOverGamma=-2.04@value.bn[9] rvMaxOverMedian=63.4@blocks.2.bn1[31] rezero=none nonFinite=0
[REPLAY] step=1650 loss=3.5581 pLoss=2.7424 vLoss=0.8125 pEnt=2.833 pIllM=0.0032 playedP=0.179 pW=0.47 pD=0.07 pL=0.46 vAbs=0.221 pLogitMean=-9.6195 vLogitMean=0.5896 gNorm=0.327 lr=0.306 ms=4177.2 buf=500000 plies=14836856 games=221700 rejected=0 skipped=0 epoch=0 mom=0.8670 lrCyc[pk=9.8e-01,tr=9.9e-04] trainerStep=19650
[LAYER-HEALTH] live trainerStep=19650 scope=batch_norm_state_only reluSites=2/10 ch=144 dead=0 off=1 alwaysOn=0 worst=value.bn(dead 0 off 1 on 0) maxBetaOverGamma=+2.11@policy.pre_bn[103] minBetaOverGamma=-2.02@value.bn[9] rvMaxOverMedian=63.4@blocks.2.bn1[31] rezero=none nonFinite=0
[REPLAY] step=1700 loss=3.5525 pLoss=2.7621 vLoss=0.7868 pEnt=2.840 pIllM=0.0036 playedP=0.178 pW=0.48 pD=0.06 pL=0.46 vAbs=0.268 pLogitMean=-9.6112 vLogitMean=0.5992 gNorm=0.353 lr=0.331 ms=2740.6 buf=500000 plies=15263522 games=228128 rejected=0 skipped=0 epoch=0 mom=0.8659 lrCyc[pk=9.8e-01,tr=9.9e-04] trainerStep=19700
[LAYER-HEALTH] live trainerStep=19700 scope=batch_norm_state_only reluSites=2/10 ch=144 dead=0 off=1 alwaysOn=0 worst=value.bn(dead 0 off 1 on 0) maxBetaOverGamma=+2.09@policy.pre_bn[103] minBetaOverGamma=-2.04@value.bn[9] rvMaxOverMedian=62.6@blocks.2.bn1[31] rezero=none nonFinite=0
[REPLAY] step=1750 loss=3.5110 pLoss=2.7281 vLoss=0.7792 pEnt=2.873 pIllM=0.0036 playedP=0.168 pW=0.47 pD=0.06 pL=0.47 vAbs=0.250 pLogitMean=-9.5964 vLogitMean=0.5999 gNorm=0.327 lr=0.358 ms=4423.8 buf=500000 plies=15690155 games=234508 rejected=0 skipped=0 epoch=0 mom=0.8647 lrCyc[pk=9.8e-01,tr=9.9e-04] trainerStep=19750
[LAYER-HEALTH] live trainerStep=19750 scope=batch_norm_state_only reluSites=2/10 ch=144 dead=0 off=0 alwaysOn=0 worst=none maxBetaOverGamma=+2.12@policy.pre_bn[103] minBetaOverGamma=-1.99@value.bn[4] rvMaxOverMedian=61.7@blocks.2.bn1[31] rezero=none nonFinite=0
[REPLAY] step=1800 loss=3.5357 pLoss=2.7275 vLoss=0.8036 pEnt=2.873 pIllM=0.0046 playedP=0.169 pW=0.45 pD=0.07 pL=0.48 vAbs=0.229 pLogitMean=-9.5788 vLogitMean=0.5924 gNorm=0.379 lr=0.386 ms=2868.3 buf=500000 plies=16116810 games=240926 rejected=0 skipped=0 epoch=0 mom=0.8636 lrCyc[pk=9.8e-01,tr=9.9e-04] trainerStep=19800
[LAYER-HEALTH] live trainerStep=19800 scope=batch_norm_state_only reluSites=2/10 ch=144 dead=0 off=0 alwaysOn=0 worst=none maxBetaOverGamma=+1.98@policy.pre_bn[103] minBetaOverGamma=-1.95@value.bn[4] rvMaxOverMedian=154.0@blocks.2.bn1[76] rezero=none nonFinite=0
[REPLAY] step=1850 loss=3.5672 pLoss=2.7674 vLoss=0.7955 pEnt=2.891 pIllM=0.0042 playedP=0.162 pW=0.49 pD=0.06 pL=0.45 vAbs=0.258 pLogitMean=-9.6030 vLogitMean=0.5988 gNorm=0.335 lr=0.415 ms=3785.7 buf=500000 plies=16543443 games=247269 rejected=0 skipped=0 epoch=0 mom=0.8626 lrCyc[pk=9.8e-01,tr=9.9e-04] trainerStep=19850
[LAYER-HEALTH] live trainerStep=19850 scope=batch_norm_state_only reluSites=2/10 ch=144 dead=0 off=0 alwaysOn=0 worst=none maxBetaOverGamma=+2.05@policy.pre_bn[103] minBetaOverGamma=-1.92@value.bn[9] rvMaxOverMedian=603.8@blocks.2.bn1[76] rezero=none nonFinite=0
[REPLAY] step=1900 loss=3.5329 pLoss=2.7203 vLoss=0.8079 pEnt=2.854 pIllM=0.0047 playedP=0.168 pW=0.46 pD=0.07 pL=0.47 vAbs=0.243 pLogitMean=-9.6159 vLogitMean=0.5951 gNorm=0.378 lr=0.445 ms=3989.9 buf=500000 plies=16970101 games=253605 rejected=0 skipped=0 epoch=0 mom=0.8616 lrCyc[pk=9.8e-01,tr=9.9e-04] trainerStep=19900
[LAYER-HEALTH] live trainerStep=19900 scope=batch_norm_state_only reluSites=2/10 ch=144 dead=0 off=0 alwaysOn=0 worst=none maxBetaOverGamma=+2.15@policy.pre_bn[103] minBetaOverGamma=-1.91@value.bn[4] rvMaxOverMedian=851.4@blocks.2.bn1[76] rezero=none nonFinite=0
[REPLAY] step=1950 loss=3.5319 pLoss=2.7390 vLoss=0.7880 pEnt=2.817 pIllM=0.0049 playedP=0.176 pW=0.48 pD=0.06 pL=0.46 vAbs=0.257 pLogitMean=-9.6370 vLogitMean=0.6011 gNorm=0.377 lr=0.476 ms=3647.8 buf=500000 plies=17396737 games=260006 rejected=0 skipped=0 epoch=0 mom=0.8606 lrCyc[pk=9.8e-01,tr=9.9e-04] trainerStep=19950
[LAYER-HEALTH] live trainerStep=19950 scope=batch_norm_state_only reluSites=2/10 ch=144 dead=0 off=0 alwaysOn=0 worst=none maxBetaOverGamma=+2.12@policy.pre_bn[103] minBetaOverGamma=-1.85@value.bn[9] rvMaxOverMedian=956.7@blocks.2.bn1[76] rezero=none nonFinite=0
[REPLAY] step=2000 loss=3.5435 pLoss=2.7425 vLoss=0.7965 pEnt=2.823 pIllM=0.0045 playedP=0.178 pW=0.48 pD=0.06 pL=0.46 vAbs=0.231 pLogitMean=-9.6062 vLogitMean=0.6017 gNorm=0.349 lr=0.508 ms=4516.0 buf=500000 plies=17823366 games=266440 rejected=0 skipped=0 epoch=0 mom=0.8596 lrCyc[pk=9.8e-01,tr=9.9e-04] trainerStep=20000
[LAYER-HEALTH] live trainerStep=20000 scope=batch_norm_state_only reluSites=2/10 ch=144 dead=0 off=0 alwaysOn=0 worst=none maxBetaOverGamma=+2.12@policy.pre_bn[103] minBetaOverGamma=-1.91@value.bn[9] rvMaxOverMedian=980.1@blocks.2.bn1[76] rezero=none nonFinite=0
[REPLAY] saved trainer model (autosave) step=2000 trainerStep=20000 nextGame=2579110 shard=5 epoch=0 -> 20261006-lrBsilu-ctl15-replay-latest.safetensors
[LAYER-HEALTH] checkpoint replay-autosave step=2000 trainerStep=20000 scope=all_tensors reluSites=2/10 ch=144 dead=0 off=0 alwaysOn=0 worst=none maxBetaOverGamma=+2.12@policy.pre_bn[103] minBetaOverGamma=-1.91@value.bn[9] rvMaxOverMedian=980.1@blocks.2.bn1[76] rezero=none nonFinite=0 seZeroVel=none valueFC1ZeroVel=0/128 maxAbs=353.8@blocks.2.bn1.running_var
[LAYER-HEALTH]   batch-norm sites — β/|γ|: dead < -3.00, mostly off < -2.00, always on > +3.00; classified for relu/leaky_relu only
[LAYER-HEALTH]     site            act            ch   dead    off     on  zeroγ nonfin  min β/|γ| [ch]     max β/|γ| [ch]     rv max/median [ch]
[LAYER-HEALTH]     stem.bn         -             128    n/a    n/a    n/a      0      0     -0.49 [104]        +0.27 [20]            5.0 [5]
[LAYER-HEALTH]     blocks.0.bn1    silu          128    n/a    n/a    n/a      0      0     -0.66 [21]         +0.13 [103]           3.1 [14]
[LAYER-HEALTH]     blocks.0.bn2    silu          128    n/a    n/a    n/a      0      0     -1.01 [53]         +1.09 [48]            5.1 [79]
[LAYER-HEALTH]     blocks.1.bn1    silu          128    n/a    n/a    n/a      0      0     -1.24 [17]         +0.03 [31]           69.7 [31]
[LAYER-HEALTH]     blocks.1.bn2    silu          128    n/a    n/a    n/a      0      0     -1.27 [120]        -0.04 [101]          10.9 [70]
[LAYER-HEALTH]     blocks.2.bn1    silu          128    n/a    n/a    n/a      0      0     -1.96 [17]         +1.33 [31]          980.1 [76]
[LAYER-HEALTH]     blocks.2.bn2    silu          128    n/a    n/a    n/a      0      0     -1.50 [78]         +0.07 [16]            3.6 [26]
[LAYER-HEALTH]     tower_final_bn  silu          128    n/a    n/a    n/a      0      0     -0.45 [90]         +0.84 [6]            52.5 [76]
[LAYER-HEALTH]     policy.pre_bn   leaky_relu    128      0      0      0      0      0     -0.79 [26]         +2.12 [103]           2.6 [120]
[LAYER-HEALTH]     value.bn        leaky_relu     16      0      0      0      0      0     -1.91 [9]          -0.58 [13]            2.8 [11]
[LAYER-HEALTH]   FC hidden-unit velocity — zero: every weight-velocity entry exactly 0; low: nonzero but < 5% of the layer's p90 unit norm
[LAYER-HEALTH]     value.fc1.weight  leaky_relu  units 128  zero 0  low 6  median unit norm 0.004229
[LAYER-HEALTH]     (no SE blocks)
[LAYER-HEALTH]   ReZero: none
[LAYER-HEALTH]   non-finite: 0 values in 0 of 102 tensors (10263038 values examined)
[LAYER-HEALTH]   largest |value|: blocks.2.bn1.running_var 353.8, blocks.1.res_ln.weight 23.28, tower_final_bn.running_var 22.65, blocks.1.bn1.running_var 22.4, blocks.1.bn2.running_var 14.19
[REPLAY] enumerated checkpoint -> 20261006-lrBsilu-ctl15-replay-seg1-step2000.safetensors
[REPLAY] step=2050 loss=3.5850 pLoss=2.7801 vLoss=0.8003 pEnt=2.841 pIllM=0.0046 playedP=0.174 pW=0.50 pD=0.06 pL=0.44 vAbs=0.243 pLogitMean=-9.6126 vLogitMean=0.5996 gNorm=0.318 lr=0.541 ms=4087.9 buf=500000 plies=18250020 games=272815 rejected=0 skipped=0 epoch=0 mom=0.8587 lrCyc[pk=9.8e-01,tr=9.9e-04] trainerStep=20050
[LAYER-HEALTH] live trainerStep=20050 scope=batch_norm_state_only reluSites=2/10 ch=144 dead=0 off=0 alwaysOn=0 worst=none maxBetaOverGamma=+2.13@policy.pre_bn[103] minBetaOverGamma=-1.96@value.bn[4] rvMaxOverMedian=976.0@blocks.2.bn1[76] rezero=none nonFinite=0
[REPLAY] step=2100 loss=3.5046 pLoss=2.7167 vLoss=0.7829 pEnt=2.867 pIllM=0.0050 playedP=0.170 pW=0.47 pD=0.06 pL=0.47 vAbs=0.259 pLogitMean=-9.6060 vLogitMean=0.6066 gNorm=0.327 lr=0.574 ms=4838.8 buf=500000 plies=18676745 games=279189 rejected=0 skipped=0 epoch=0 mom=0.8579 lrCyc[pk=9.8e-01,tr=9.9e-04] trainerStep=20100
[LAYER-HEALTH] live trainerStep=20100 scope=batch_norm_state_only reluSites=2/10 ch=144 dead=0 off=0 alwaysOn=0 worst=none maxBetaOverGamma=+2.19@policy.pre_bn[103] minBetaOverGamma=-1.93@value.bn[4] rvMaxOverMedian=981.2@blocks.2.bn1[76] rezero=none nonFinite=0
[REPLAY] step=2150 loss=3.5129 pLoss=2.7263 vLoss=0.7810 pEnt=2.834 pIllM=0.0055 playedP=0.174 pW=0.46 pD=0.06 pL=0.47 vAbs=0.247 pLogitMean=-9.6121 vLogitMean=0.6030 gNorm=0.391 lr=0.608 ms=4495.7 buf=500000 plies=19103304 games=285510 rejected=0 skipped=0 epoch=0 mom=0.8571 lrCyc[pk=9.8e-01,tr=9.9e-04] trainerStep=20150
[LAYER-HEALTH] live trainerStep=20150 scope=batch_norm_state_only reluSites=2/10 ch=144 dead=0 off=0 alwaysOn=0 worst=none maxBetaOverGamma=+2.16@policy.pre_bn[103] minBetaOverGamma=-1.85@value.bn[4] rvMaxOverMedian=980.3@blocks.2.bn1[76] rezero=none nonFinite=0
[REPLAY] step=2200 loss=3.5599 pLoss=2.7584 vLoss=0.7951 pEnt=2.874 pIllM=0.0064 playedP=0.167 pW=0.48 pD=0.06 pL=0.45 vAbs=0.270 pLogitMean=-9.5897 vLogitMean=0.6036 gNorm=0.369 lr=0.641 ms=3518.5 buf=500000 plies=19530012 games=291869 rejected=0 skipped=0 epoch=0 mom=0.8563 lrCyc[pk=9.8e-01,tr=9.9e-04] trainerStep=20200
[LAYER-HEALTH] live trainerStep=20200 scope=batch_norm_state_only reluSites=2/10 ch=144 dead=0 off=0 alwaysOn=0 worst=none maxBetaOverGamma=+2.15@policy.pre_bn[103] minBetaOverGamma=-1.74@value.bn[4] rvMaxOverMedian=988.2@blocks.2.bn1[76] rezero=none nonFinite=0
[REPLAY] step=2250 loss=3.5836 pLoss=2.7806 vLoss=0.7973 pEnt=2.821 pIllM=0.0057 playedP=0.170 pW=0.49 pD=0.06 pL=0.45 vAbs=0.241 pLogitMean=-9.6243 vLogitMean=0.5986 gNorm=0.408 lr=0.675 ms=4400.8 buf=500000 plies=19956645 games=298231 rejected=0 skipped=0 epoch=0 mom=0.8555 lrCyc[pk=9.8e-01,tr=9.9e-04] trainerStep=20250
[LAYER-HEALTH] live trainerStep=20250 scope=batch_norm_state_only reluSites=2/10 ch=144 dead=0 off=0 alwaysOn=0 worst=none maxBetaOverGamma=+2.20@policy.pre_bn[103] minBetaOverGamma=-1.75@value.bn[9] rvMaxOverMedian=966.1@blocks.2.bn1[76] rezero=none nonFinite=0
[REPLAY] step=2300 loss=3.5281 pLoss=2.7304 vLoss=0.7916 pEnt=2.840 pIllM=0.0060 playedP=0.171 pW=0.46 pD=0.07 pL=0.47 vAbs=0.247 pLogitMean=-9.6357 vLogitMean=0.5863 gNorm=0.424 lr=0.707 ms=3833.4 buf=500000 plies=20383323 games=304635 rejected=0 skipped=0 epoch=0 mom=0.8549 lrCyc[pk=9.8e-01,tr=9.9e-04] trainerStep=20300
[LAYER-HEALTH] live trainerStep=20300 scope=batch_norm_state_only reluSites=2/10 ch=144 dead=0 off=0 alwaysOn=0 worst=none maxBetaOverGamma=+2.17@policy.pre_bn[103] minBetaOverGamma=-1.87@value.bn[9] rvMaxOverMedian=971.7@blocks.2.bn1[76] rezero=none nonFinite=0
[REPLAY] step=2350 loss=3.5275 pLoss=2.7425 vLoss=0.7785 pEnt=2.855 pIllM=0.0065 playedP=0.167 pW=0.49 pD=0.06 pL=0.45 vAbs=0.267 pLogitMean=-9.6755 vLogitMean=0.5858 gNorm=0.361 lr=0.74 ms=4836.9 buf=500000 plies=20809955 games=311062 rejected=0 skipped=0 epoch=0 mom=0.8542 lrCyc[pk=9.8e-01,tr=9.9e-04] trainerStep=20350
[LAYER-HEALTH] live trainerStep=20350 scope=batch_norm_state_only reluSites=2/10 ch=144 dead=0 off=0 alwaysOn=0 worst=none maxBetaOverGamma=+2.16@policy.pre_bn[103] minBetaOverGamma=-1.72@value.bn[9] rvMaxOverMedian=967.9@blocks.2.bn1[76] rezero=none nonFinite=0
[REPLAY] step=2400 loss=3.4806 pLoss=2.6875 vLoss=0.7862 pEnt=2.870 pIllM=0.0068 playedP=0.164 pW=0.45 pD=0.06 pL=0.49 vAbs=0.262 pLogitMean=-9.6796 vLogitMean=0.5878 gNorm=0.346 lr=0.771 ms=4537.8 buf=500000 plies=21236573 games=317351 rejected=0 skipped=0 epoch=0 mom=0.8536 lrCyc[pk=9.8e-01,tr=9.9e-04] trainerStep=20400
[LAYER-HEALTH] live trainerStep=20400 scope=batch_norm_state_only reluSites=2/10 ch=144 dead=0 off=0 alwaysOn=0 worst=none maxBetaOverGamma=+2.25@policy.pre_bn[103] minBetaOverGamma=-1.79@value.bn[9] rvMaxOverMedian=982.1@blocks.2.bn1[76] rezero=none nonFinite=0
[REPLAY] step=2450 loss=3.5478 pLoss=2.7404 vLoss=0.8003 pEnt=2.853 pIllM=0.0072 playedP=0.173 pW=0.49 pD=0.07 pL=0.43 vAbs=0.244 pLogitMean=-9.7323 vLogitMean=0.5952 gNorm=0.357 lr=0.801 ms=4691.0 buf=500000 plies=21663203 games=323727 rejected=0 skipped=0 epoch=0 mom=0.8531 lrCyc[pk=9.8e-01,tr=9.9e-04] trainerStep=20450
[LAYER-HEALTH] live trainerStep=20450 scope=batch_norm_state_only reluSites=2/10 ch=144 dead=0 off=0 alwaysOn=0 worst=none maxBetaOverGamma=+2.20@policy.pre_bn[103] minBetaOverGamma=-1.81@value.bn[9] rvMaxOverMedian=950.4@blocks.2.bn1[76] rezero=none nonFinite=0
[REPLAY] step=2500 loss=3.5427 pLoss=2.7519 vLoss=0.7837 pEnt=2.847 pIllM=0.0071 playedP=0.166 pW=0.49 pD=0.07 pL=0.44 vAbs=0.266 pLogitMean=-9.7615 vLogitMean=0.5955 gNorm=0.409 lr=0.83 ms=3982.3 buf=500000 plies=22089894 games=330089 rejected=0 skipped=0 epoch=0 mom=0.8525 lrCyc[pk=9.8e-01,tr=9.9e-04] trainerStep=20500
[LAYER-HEALTH] live trainerStep=20500 scope=batch_norm_state_only reluSites=2/10 ch=144 dead=0 off=0 alwaysOn=0 worst=none maxBetaOverGamma=+2.14@policy.pre_bn[103] minBetaOverGamma=-1.74@value.bn[9] rvMaxOverMedian=937.4@blocks.2.bn1[76] rezero=none nonFinite=0
[REPLAY] step=2550 loss=3.5416 pLoss=2.7284 vLoss=0.8054 pEnt=2.808 pIllM=0.0078 playedP=0.172 pW=0.46 pD=0.07 pL=0.47 vAbs=0.246 pLogitMean=-9.8166 vLogitMean=0.5875 gNorm=0.363 lr=0.856 ms=4031.2 buf=500000 plies=22516561 games=336487 rejected=0 skipped=0 epoch=0 mom=0.8521 lrCyc[pk=9.8e-01,tr=9.9e-04] trainerStep=20550
[LAYER-HEALTH] live trainerStep=20550 scope=batch_norm_state_only reluSites=2/10 ch=144 dead=0 off=0 alwaysOn=0 worst=none maxBetaOverGamma=+2.22@policy.pre_bn[103] minBetaOverGamma=-1.69@value.bn[9] rvMaxOverMedian=917.6@blocks.2.bn1[76] rezero=none nonFinite=0
[REPLAY] step=2600 loss=4.1303 pLoss=3.2805 vLoss=0.8403 pEnt=2.683 pIllM=0.0095 playedP=0.149 pW=0.50 pD=0.06 pL=0.43 vAbs=0.252 pLogitMean=-9.7148 vLogitMean=0.5900 gNorm=2.566 lr=0.881 ms=4333.3 buf=500000 plies=22943200 games=342853 rejected=0 skipped=0 epoch=0 mom=0.8517 lrCyc[pk=9.8e-01,tr=9.9e-04] trainerStep=20600
[LAYER-HEALTH] live trainerStep=20600 scope=batch_norm_state_only reluSites=2/10 ch=144 dead=0 off=0 alwaysOn=0 worst=none maxBetaOverGamma=+1.96@policy.pre_bn[103] minBetaOverGamma=-1.70@value.bn[4] rvMaxOverMedian=1031.9@blocks.2.bn1[76] rezero=none nonFinite=0
[REPLAY] step=2650 loss=7.7890 pLoss=6.1078 vLoss=0.8824 pEnt=2.544 pIllM=0.7988 playedP=0.063 pW=0.48 pD=0.06 pL=0.46 vAbs=0.024 pLogitMean=-1.2826 vLogitMean=0.5899 gNorm=0.264 lr=0.904 ms=4279.0 buf=500000 plies=23369849 games=349241 rejected=0 skipped=0 epoch=0 mom=0.8513 lrCyc[pk=9.8e-01,tr=9.9e-04] trainerStep=20650
[LAYER-HEALTH] live trainerStep=20650 scope=batch_norm_state_only reluSites=2/10 ch=144 dead=20 off=12 alwaysOn=0 worst=policy.pre_bn(dead 19 off 7 on 0) maxBetaOverGamma=+0.60@policy.pre_bn[58] minBetaOverGamma=-30.98@policy.pre_bn[116] rvMaxOverMedian=22157.7@blocks.1.bn1[76] rezero=none nonFinite=0
[REPLAY] step=2700 loss=7.5623 pLoss=5.9072 vLoss=0.8735 pEnt=2.653 pIllM=0.7817 playedP=0.064 pW=0.48 pD=0.06 pL=0.46 vAbs=0.020 pLogitMean=-1.1746 vLogitMean=0.5935 gNorm=0.376 lr=0.924 ms=4285.7 buf=500000 plies=23796470 games=355629 rejected=0 skipped=0 epoch=0 mom=0.8510 lrCyc[pk=9.8e-01,tr=9.9e-04] trainerStep=20700
[LAYER-HEALTH] live trainerStep=20700 scope=batch_norm_state_only reluSites=2/10 ch=144 dead=19 off=14 alwaysOn=0 worst=policy.pre_bn(dead 18 off 9 on 0) maxBetaOverGamma=+0.54@policy.pre_bn[58] minBetaOverGamma=-50.77@policy.pre_bn[49] rvMaxOverMedian=43283.6@blocks.1.bn1[76] rezero=none nonFinite=0
[REPLAY] step=2750 loss=7.4223 pLoss=5.7745 vLoss=0.8780 pEnt=2.662 pIllM=0.7699 playedP=0.065 pW=0.47 pD=0.06 pL=0.46 vAbs=0.027 pLogitMean=-1.1100 vLogitMean=0.5880 gNorm=0.369 lr=0.941 ms=3422.1 buf=500000 plies=24223108 games=361993 rejected=0 skipped=0 epoch=0 mom=0.8507 lrCyc[pk=9.8e-01,tr=9.9e-04] trainerStep=20750
[LAYER-HEALTH] live trainerStep=20750 scope=batch_norm_state_only reluSites=2/10 ch=144 dead=21 off=12 alwaysOn=0 worst=policy.pre_bn(dead 20 off 7 on 0) maxBetaOverGamma=+0.50@policy.pre_bn[58] minBetaOverGamma=-42.92@policy.pre_bn[49] rvMaxOverMedian=60924.9@blocks.1.bn1[76] rezero=none nonFinite=0
[REPLAY] step=2800 loss=7.3054 pLoss=5.6521 vLoss=0.8835 pEnt=2.749 pIllM=0.7698 playedP=0.064 pW=0.48 pD=0.07 pL=0.46 vAbs=0.049 pLogitMean=-1.0554 vLogitMean=0.5971 gNorm=0.500 lr=0.956 ms=4101.5 buf=500000 plies=24649805 games=368407 rejected=0 skipped=0 epoch=0 mom=0.8505 lrCyc[pk=9.8e-01,tr=9.9e-04] trainerStep=20800
[LAYER-HEALTH] live trainerStep=20800 scope=batch_norm_state_only reluSites=2/10 ch=144 dead=21 off=13 alwaysOn=0 worst=policy.pre_bn(dead 20 off 8 on 0) maxBetaOverGamma=+0.45@policy.pre_bn[58] minBetaOverGamma=-47.94@policy.pre_bn[41] rvMaxOverMedian=71500.0@blocks.1.bn1[76] rezero=none nonFinite=0
[REPLAY] step=2850 loss=7.0608 pLoss=5.4498 vLoss=0.8753 pEnt=2.715 pIllM=0.7357 playedP=0.064 pW=0.45 pD=0.07 pL=0.48 vAbs=0.083 pLogitMean=-1.0783 vLogitMean=0.5940 gNorm=0.520 lr=0.967 ms=4571.3 buf=500000 plies=25076431 games=374781 rejected=0 skipped=0 epoch=0 mom=0.8503 lrCyc[pk=9.8e-01,tr=9.9e-04] trainerStep=20850
[LAYER-HEALTH] live trainerStep=20850 scope=batch_norm_state_only reluSites=2/10 ch=144 dead=21 off=13 alwaysOn=0 worst=policy.pre_bn(dead 20 off 8 on 0) maxBetaOverGamma=+0.51@policy.pre_bn[66] minBetaOverGamma=-52.78@policy.pre_bn[41] rvMaxOverMedian=69116.7@blocks.1.bn1[76] rezero=none nonFinite=0
[REPLAY] step=2900 loss=6.6258 pLoss=5.1029 vLoss=0.8659 pEnt=2.718 pIllM=0.6570 playedP=0.063 pW=0.47 pD=0.06 pL=0.47 vAbs=0.121 pLogitMean=-1.1483 vLogitMean=0.5891 gNorm=0.339 lr=0.975 ms=4775.0 buf=500000 plies=25503135 games=381123 rejected=0 skipped=0 epoch=0 mom=0.8502 lrCyc[pk=9.8e-01,tr=9.9e-04] trainerStep=20900
[LAYER-HEALTH] live trainerStep=20900 scope=batch_norm_state_only reluSites=2/10 ch=144 dead=21 off=13 alwaysOn=0 worst=policy.pre_bn(dead 20 off 8 on 0) maxBetaOverGamma=+0.51@policy.pre_bn[66] minBetaOverGamma=-68.79@policy.pre_bn[49] rvMaxOverMedian=57583.1@blocks.1.bn1[76] rezero=none nonFinite=0
[REPLAY] step=2950 loss=5.9927 pLoss=4.6308 vLoss=0.8535 pEnt=2.735 pIllM=0.5085 playedP=0.069 pW=0.47 pD=0.06 pL=0.47 vAbs=0.086 pLogitMean=-1.4207 vLogitMean=0.5879 gNorm=0.550 lr=0.98 ms=3912.7 buf=500000 plies=25929789 games=387522 rejected=0 skipped=0 epoch=0 mom=0.8501 lrCyc[pk=9.8e-01,tr=9.9e-04] trainerStep=20950
[LAYER-HEALTH] live trainerStep=20950 scope=batch_norm_state_only reluSites=2/10 ch=144 dead=21 off=11 alwaysOn=0 worst=policy.pre_bn(dead 20 off 7 on 0) maxBetaOverGamma=+0.53@policy.pre_bn[70] minBetaOverGamma=-130.10@policy.pre_bn[49] rvMaxOverMedian=50189.1@blocks.1.bn1[76] rezero=none nonFinite=0
[REPLAY] step=3000 loss=5.4704 pLoss=4.2215 vLoss=0.8475 pEnt=2.864 pIllM=0.4014 playedP=0.066 pW=0.50 pD=0.06 pL=0.44 vAbs=0.123 pLogitMean=-2.1912 vLogitMean=0.5920 gNorm=0.573 lr=0.982 ms=3408.7 buf=500000 plies=26356383 games=393888 rejected=0 skipped=0 epoch=0 mom=0.8501 lrCyc[pk=9.8e-01,tr=9.9e-04] trainerStep=21000
[LAYER-HEALTH] live trainerStep=21000 scope=batch_norm_state_only reluSites=2/10 ch=144 dead=21 off=11 alwaysOn=0 worst=policy.pre_bn(dead 20 off 7 on 0) maxBetaOverGamma=+0.84@policy.pre_bn[96] minBetaOverGamma=-709.50@policy.pre_bn[41] rvMaxOverMedian=45186.0@blocks.1.bn1[76] rezero=none nonFinite=0
[REPLAY] saved trainer model (autosave) step=3000 trainerStep=21000 nextGame=2706558 shard=5 epoch=0 -> 20261006-lrBsilu-ctl15-replay-latest.safetensors
[LAYER-HEALTH] checkpoint replay-autosave step=3000 trainerStep=21000 scope=all_tensors reluSites=2/10 ch=144 dead=21 off=11 alwaysOn=0 worst=policy.pre_bn(dead 20 off 7 on 0) maxBetaOverGamma=+0.84@policy.pre_bn[96] minBetaOverGamma=-709.50@policy.pre_bn[41] rvMaxOverMedian=45186.0@blocks.1.bn1[76] rezero=none nonFinite=0 seZeroVel=none valueFC1ZeroVel=0/128 maxAbs=4.264e+04@blocks.0.bn2.running_var
[LAYER-HEALTH]   batch-norm sites — β/|γ|: dead < -3.00, mostly off < -2.00, always on > +3.00; classified for relu/leaky_relu only
[LAYER-HEALTH]     site            act            ch   dead    off     on  zeroγ nonfin  min β/|γ| [ch]     max β/|γ| [ch]     rv max/median [ch]
[LAYER-HEALTH]     stem.bn         -             128    n/a    n/a    n/a      0      0     -1.46 [76]         +0.45 [102]          18.6 [43]
[LAYER-HEALTH]     blocks.0.bn1    silu          128    n/a    n/a    n/a      0      0     -8.35 [16]         +0.43 [43]            7.5 [31]
[LAYER-HEALTH]     blocks.0.bn2    silu          128    n/a    n/a    n/a      0      0    -34.06 [21]        +85.08 [3]           156.6 [14]
[LAYER-HEALTH]     blocks.1.bn1    silu          128    n/a    n/a    n/a      0      0   -139.51 [105]        +0.70 [67]        45186.0 [76]
[LAYER-HEALTH]     blocks.1.bn2    silu          128    n/a    n/a    n/a      0      0    -11.21 [103]        +0.70 [54]           89.7 [86]
[LAYER-HEALTH]     blocks.2.bn1    silu          128    n/a    n/a    n/a      0      0    -23.01 [24]         +1.74 [31]        42205.4 [76]
[LAYER-HEALTH]     blocks.2.bn2    silu          128    n/a    n/a    n/a      0      0     -2.67 [24]         +2.05 [16]           13.3 [117]
[LAYER-HEALTH]     tower_final_bn  silu          128    n/a    n/a    n/a      0      0     -1.00 [28]         +2.00 [111]         135.0 [76]
[LAYER-HEALTH]     policy.pre_bn   leaky_relu    128     20      7      0      0      0   -709.50 [41]         +0.84 [96]           49.0 [108]
[LAYER-HEALTH]     value.bn        leaky_relu     16      1      4      0      0      0     -4.81 [10]         -0.08 [0]             4.5 [0]
[LAYER-HEALTH]   FC hidden-unit velocity — zero: every weight-velocity entry exactly 0; low: nonzero but < 5% of the layer's p90 unit norm
[LAYER-HEALTH]     value.fc1.weight  leaky_relu  units 128  zero 0  low 36  median unit norm 9.000e-04
[LAYER-HEALTH]     (no SE blocks)
[LAYER-HEALTH]   ReZero: none
[LAYER-HEALTH]   non-finite: 0 values in 0 of 102 tensors (10263038 values examined)
[LAYER-HEALTH]   largest |value|: blocks.0.bn2.running_var 4.264e+04, blocks.1.bn2.running_var 3.494e+04, blocks.1.bn1.running_var 1.004e+04, blocks.2.bn1.running_var 9399, blocks.2.bn2.running_var 1921
[REPLAY] enumerated checkpoint -> 20261006-lrBsilu-ctl15-replay-seg1-step3000.safetensors
[REPLAY] step=3050 loss=5.2104 pLoss=4.0309 vLoss=0.8331 pEnt=2.850 pIllM=0.3464 playedP=0.076 pW=0.47 pD=0.06 pL=0.47 vAbs=0.139 pLogitMean=-3.2834 vLogitMean=0.5887 gNorm=0.779 lr=0.98 ms=3667.4 buf=500000 plies=26783017 games=400224 rejected=0 skipped=0 epoch=0 mom=0.8501 lrCyc[pk=9.8e-01,tr=9.9e-04] trainerStep=21050
[LAYER-HEALTH] live trainerStep=21050 scope=batch_norm_state_only reluSites=2/10 ch=144 dead=21 off=11 alwaysOn=0 worst=policy.pre_bn(dead 20 off 7 on 0) maxBetaOverGamma=+1.04@policy.pre_bn[96] minBetaOverGamma=-654.36@policy.pre_bn[41] rvMaxOverMedian=41854.0@blocks.2.bn1[76] rezero=none nonFinite=0
[REPLAY] step=3100 loss=4.7931 pLoss=3.7121 vLoss=0.8390 pEnt=2.888 pIllM=0.2420 playedP=0.075 pW=0.47 pD=0.06 pL=0.47 vAbs=0.159 pLogitMean=-4.0495 vLogitMean=0.5920 gNorm=0.745 lr=0.975 ms=3317.0 buf=500000 plies=27209698 games=406611 rejected=0 skipped=0 epoch=0 mom=0.8502 lrCyc[pk=9.8e-01,tr=9.9e-04] trainerStep=21100
[LAYER-HEALTH] live trainerStep=21100 scope=batch_norm_state_only reluSites=2/10 ch=144 dead=21 off=12 alwaysOn=0 worst=policy.pre_bn(dead 20 off 8 on 0) maxBetaOverGamma=+1.38@policy.pre_bn[96] minBetaOverGamma=-1068.94@policy.pre_bn[41] rvMaxOverMedian=38758.5@blocks.2.bn1[76] rezero=none nonFinite=0
[REPLAY] step=3150 loss=4.5402 pLoss=3.5057 vLoss=0.8336 pEnt=2.946 pIllM=0.2010 playedP=0.084 pW=0.46 pD=0.07 pL=0.47 vAbs=0.157 pLogitMean=-5.2675 vLogitMean=0.5886 gNorm=0.545 lr=0.967 ms=3218.3 buf=500000 plies=27636345 games=412923 rejected=0 skipped=0 epoch=0 mom=0.8503 lrCyc[pk=9.8e-01,tr=9.9e-04] trainerStep=21150
[LAYER-HEALTH] live trainerStep=21150 scope=batch_norm_state_only reluSites=2/10 ch=144 dead=21 off=12 alwaysOn=0 worst=policy.pre_bn(dead 20 off 8 on 0) maxBetaOverGamma=+1.57@policy.pre_bn[96] minBetaOverGamma=-360.84@policy.pre_bn[41] rvMaxOverMedian=35491.6@blocks.2.bn1[76] rezero=none nonFinite=0
[REPLAY] step=3200 loss=4.4516 pLoss=3.4443 vLoss=0.8385 pEnt=2.982 pIllM=0.1688 playedP=0.086 pW=0.49 pD=0.06 pL=0.45 vAbs=0.145 pLogitMean=-5.9118 vLogitMean=0.5933 gNorm=0.508 lr=0.955 ms=3147.2 buf=500000 plies=28063024 games=419309 rejected=0 skipped=0 epoch=0 mom=0.8505 lrCyc[pk=9.8e-01,tr=9.9e-04] trainerStep=21200
[LAYER-HEALTH] live trainerStep=21200 scope=batch_norm_state_only reluSites=2/10 ch=144 dead=22 off=11 alwaysOn=0 worst=policy.pre_bn(dead 21 off 7 on 0) maxBetaOverGamma=+1.60@policy.pre_bn[96] minBetaOverGamma=-198.06@policy.pre_bn[41] rvMaxOverMedian=32325.3@blocks.2.bn1[76] rezero=none nonFinite=0
[REPLAY] step=3250 loss=4.3341 pLoss=3.3427 vLoss=0.8320 pEnt=2.953 pIllM=0.1594 playedP=0.097 pW=0.49 pD=0.07 pL=0.44 vAbs=0.152 pLogitMean=-6.4862 vLogitMean=0.5929 gNorm=0.453 lr=0.941 ms=2896.5 buf=500000 plies=28489616 games=425699 rejected=0 skipped=0 epoch=0 mom=0.8507 lrCyc[pk=9.8e-01,tr=9.9e-04] trainerStep=21250
[LAYER-HEALTH] live trainerStep=21250 scope=batch_norm_state_only reluSites=2/10 ch=144 dead=22 off=12 alwaysOn=0 worst=policy.pre_bn(dead 21 off 8 on 0) maxBetaOverGamma=+1.65@policy.pre_bn[96] minBetaOverGamma=-130.83@policy.pre_bn[41] rvMaxOverMedian=28094.1@blocks.2.bn1[76] rezero=none nonFinite=0
[REPLAY] step=3300 loss=4.3093 pLoss=3.3265 vLoss=0.8313 pEnt=2.974 pIllM=0.1514 playedP=0.098 pW=0.48 pD=0.06 pL=0.46 vAbs=0.165 pLogitMean=-6.7999 vLogitMean=0.5910 gNorm=0.501 lr=0.923 ms=2995.6 buf=500000 plies=28916277 games=432116 rejected=0 skipped=0 epoch=0 mom=0.8510 lrCyc[pk=9.8e-01,tr=9.9e-04] trainerStep=21300
[LAYER-HEALTH] live trainerStep=21300 scope=batch_norm_state_only reluSites=2/10 ch=144 dead=22 off=12 alwaysOn=0 worst=policy.pre_bn(dead 21 off 8 on 0) maxBetaOverGamma=+1.65@policy.pre_bn[96] minBetaOverGamma=-107.46@policy.pre_bn[41] rvMaxOverMedian=24596.1@blocks.1.bn1[76] rezero=none nonFinite=0
[REPLAY] step=3350 loss=4.2182 pLoss=3.2538 vLoss=0.8222 pEnt=2.965 pIllM=0.1422 playedP=0.104 pW=0.49 pD=0.06 pL=0.45 vAbs=0.178 pLogitMean=-7.0517 vLogitMean=0.5960 gNorm=0.391 lr=0.903 ms=3866.2 buf=500000 plies=29342999 games=438465 rejected=0 skipped=0 epoch=0 mom=0.8513 lrCyc[pk=9.8e-01,tr=9.9e-04] trainerStep=21350
[LAYER-HEALTH] live trainerStep=21350 scope=batch_norm_state_only reluSites=2/10 ch=144 dead=22 off=12 alwaysOn=0 worst=policy.pre_bn(dead 21 off 8 on 0) maxBetaOverGamma=+1.75@policy.pre_bn[96] minBetaOverGamma=-85.06@policy.pre_bn[41] rvMaxOverMedian=23175.7@blocks.1.bn1[76] rezero=none nonFinite=0
[REPLAY] step=3400 loss=4.2119 pLoss=3.2614 vLoss=0.8318 pEnt=2.952 pIllM=0.1187 playedP=0.098 pW=0.45 pD=0.06 pL=0.49 vAbs=0.179 pLogitMean=-7.3017 vLogitMean=0.5932 gNorm=0.589 lr=0.881 ms=4141.1 buf=500000 plies=29769592 games=444879 rejected=0 skipped=0 epoch=0 mom=0.8517 lrCyc[pk=9.8e-01,tr=9.9e-04] trainerStep=21400
[LAYER-HEALTH] live trainerStep=21400 scope=batch_norm_state_only reluSites=2/10 ch=144 dead=22 off=12 alwaysOn=0 worst=policy.pre_bn(dead 21 off 8 on 0) maxBetaOverGamma=+1.77@policy.pre_bn[96] minBetaOverGamma=-73.95@policy.pre_bn[75] rvMaxOverMedian=22457.2@blocks.1.bn1[76] rezero=none nonFinite=0
[REPLAY] step=3450 loss=4.1519 pLoss=3.2211 vLoss=0.8212 pEnt=2.995 pIllM=0.1095 playedP=0.097 pW=0.46 pD=0.06 pL=0.47 vAbs=0.175 pLogitMean=-7.5556 vLogitMean=0.5938 gNorm=0.373 lr=0.856 ms=4165.8 buf=500000 plies=30196268 games=451272 rejected=0 skipped=0 epoch=0 mom=0.8521 lrCyc[pk=9.8e-01,tr=9.9e-04] trainerStep=21450
[LAYER-HEALTH] live trainerStep=21450 scope=batch_norm_state_only reluSites=2/10 ch=144 dead=22 off=12 alwaysOn=0 worst=policy.pre_bn(dead 21 off 8 on 0) maxBetaOverGamma=+1.80@policy.pre_bn[96] minBetaOverGamma=-110.60@policy.pre_bn[75] rvMaxOverMedian=21579.8@blocks.1.bn1[76] rezero=none nonFinite=0
[REPLAY] step=3500 loss=4.1790 pLoss=3.2622 vLoss=0.8112 pEnt=2.945 pIllM=0.1057 playedP=0.099 pW=0.49 pD=0.05 pL=0.46 vAbs=0.188 pLogitMean=-7.6930 vLogitMean=0.5940 gNorm=0.588 lr=0.829 ms=5515.1 buf=500000 plies=30622862 games=457710 rejected=0 skipped=0 epoch=0 mom=0.8525 lrCyc[pk=9.8e-01,tr=9.9e-04] trainerStep=21500
[LAYER-HEALTH] live trainerStep=21500 scope=batch_norm_state_only reluSites=2/10 ch=144 dead=22 off=12 alwaysOn=0 worst=policy.pre_bn(dead 21 off 8 on 0) maxBetaOverGamma=+1.71@policy.pre_bn[96] minBetaOverGamma=-140.88@policy.pre_bn[75] rvMaxOverMedian=20868.1@blocks.1.bn1[76] rezero=none nonFinite=0
[REPLAY] step=3550 loss=4.1118 pLoss=3.1784 vLoss=0.8318 pEnt=2.921 pIllM=0.1016 playedP=0.111 pW=0.49 pD=0.06 pL=0.44 vAbs=0.202 pLogitMean=-7.7525 vLogitMean=0.5942 gNorm=0.439 lr=0.8 ms=4203.9 buf=500000 plies=31049529 games=464095 rejected=0 skipped=0 epoch=0 mom=0.8531 lrCyc[pk=9.8e-01,tr=9.9e-04] trainerStep=21550
[LAYER-HEALTH] live trainerStep=21550 scope=batch_norm_state_only reluSites=2/10 ch=144 dead=22 off=12 alwaysOn=0 worst=policy.pre_bn(dead 21 off 8 on 0) maxBetaOverGamma=+1.76@policy.pre_bn[96] minBetaOverGamma=-280.62@policy.pre_bn[75] rvMaxOverMedian=19804.6@blocks.1.bn1[76] rezero=none nonFinite=0
[REPLAY] step=3600 loss=4.1271 pLoss=3.2078 vLoss=0.8238 pEnt=2.933 pIllM=0.0954 playedP=0.108 pW=0.48 pD=0.06 pL=0.46 vAbs=0.160 pLogitMean=-7.8523 vLogitMean=0.5937 gNorm=0.397 lr=0.77 ms=3399.3 buf=500000 plies=31476177 games=470504 rejected=0 skipped=0 epoch=0 mom=0.8536 lrCyc[pk=9.8e-01,tr=9.9e-04] trainerStep=21600
[LAYER-HEALTH] live trainerStep=21600 scope=batch_norm_state_only reluSites=2/10 ch=144 dead=22 off=12 alwaysOn=0 worst=policy.pre_bn(dead 21 off 8 on 0) maxBetaOverGamma=+1.77@policy.pre_bn[96] minBetaOverGamma=-1106.15@policy.pre_bn[75] rvMaxOverMedian=19060.3@blocks.1.bn1[76] rezero=none nonFinite=0
[REPLAY] step=3650 loss=4.0616 pLoss=3.1475 vLoss=0.8164 pEnt=2.906 pIllM=0.0978 playedP=0.116 pW=0.46 pD=0.07 pL=0.47 vAbs=0.176 pLogitMean=-7.9811 vLogitMean=0.5965 gNorm=0.482 lr=0.739 ms=3429.0 buf=500000 plies=31902857 games=476850 rejected=0 skipped=0 epoch=0 mom=0.8542 lrCyc[pk=9.8e-01,tr=9.9e-04] trainerStep=21650
[LAYER-HEALTH] live trainerStep=21650 scope=batch_norm_state_only reluSites=2/10 ch=144 dead=22 off=12 alwaysOn=0 worst=policy.pre_bn(dead 21 off 8 on 0) maxBetaOverGamma=+1.78@policy.pre_bn[96] minBetaOverGamma=-1419.22@policy.pre_bn[75] rvMaxOverMedian=18482.5@blocks.1.bn1[76] rezero=none nonFinite=0
[REPLAY] step=3700 loss=4.0348 pLoss=3.1309 vLoss=0.8186 pEnt=2.923 pIllM=0.0854 playedP=0.113 pW=0.48 pD=0.06 pL=0.47 vAbs=0.177 pLogitMean=-8.0568 vLogitMean=0.5967 gNorm=0.471 lr=0.707 ms=4030.9 buf=500000 plies=32329494 games=483289 rejected=0 skipped=0 epoch=0 mom=0.8549 lrCyc[pk=9.8e-01,tr=9.9e-04] trainerStep=21700
[LAYER-HEALTH] live trainerStep=21700 scope=batch_norm_state_only reluSites=2/10 ch=144 dead=22 off=12 alwaysOn=0 worst=policy.pre_bn(dead 21 off 8 on 0) maxBetaOverGamma=+1.80@policy.pre_bn[96] minBetaOverGamma=-468.19@policy.pre_bn[75] rvMaxOverMedian=18013.9@blocks.1.bn1[76] rezero=none nonFinite=0
[REPLAY] step=3750 loss=4.0343 pLoss=3.1239 vLoss=0.8318 pEnt=2.974 pIllM=0.0786 playedP=0.108 pW=0.47 pD=0.06 pL=0.47 vAbs=0.191 pLogitMean=-8.0918 vLogitMean=0.5941 gNorm=0.401 lr=0.674 ms=3709.7 buf=500000 plies=32756114 games=489727 rejected=0 skipped=0 epoch=0 mom=0.8555 lrCyc[pk=9.8e-01,tr=9.9e-04] trainerStep=21750
[LAYER-HEALTH] live trainerStep=21750 scope=batch_norm_state_only reluSites=2/10 ch=144 dead=22 off=13 alwaysOn=0 worst=policy.pre_bn(dead 21 off 8 on 0) maxBetaOverGamma=+1.82@policy.pre_bn[96] minBetaOverGamma=-251.73@policy.pre_bn[75] rvMaxOverMedian=17626.9@blocks.1.bn1[76] rezero=none nonFinite=0
[REPLAY] step=3800 loss=4.0491 pLoss=3.1334 vLoss=0.8378 pEnt=2.959 pIllM=0.0778 playedP=0.113 pW=0.50 pD=0.06 pL=0.44 vAbs=0.182 pLogitMean=-8.1592 vLogitMean=0.5898 gNorm=0.358 lr=0.64 ms=5156.1 buf=500000 plies=33182794 games=496067 rejected=0 skipped=0 epoch=0 mom=0.8563 lrCyc[pk=9.8e-01,tr=9.9e-04] trainerStep=21800
[LAYER-HEALTH] live trainerStep=21800 scope=batch_norm_state_only reluSites=2/10 ch=144 dead=22 off=12 alwaysOn=0 worst=policy.pre_bn(dead 21 off 8 on 0) maxBetaOverGamma=+1.76@policy.pre_bn[96] minBetaOverGamma=-174.71@policy.pre_bn[75] rvMaxOverMedian=17259.3@blocks.1.bn1[76] rezero=none nonFinite=0
[REPLAY] step=3850 loss=3.9976 pLoss=3.1108 vLoss=0.8112 pEnt=2.928 pIllM=0.0757 playedP=0.114 pW=0.46 pD=0.06 pL=0.48 vAbs=0.172 pLogitMean=-8.2440 vLogitMean=0.5877 gNorm=0.423 lr=0.607 ms=4649.5 buf=500000 plies=33609446 games=502473 rejected=0 skipped=0 epoch=0 mom=0.8571 lrCyc[pk=9.8e-01,tr=9.9e-04] trainerStep=21850
[LAYER-HEALTH] live trainerStep=21850 scope=batch_norm_state_only reluSites=2/10 ch=144 dead=22 off=12 alwaysOn=0 worst=policy.pre_bn(dead 21 off 8 on 0) maxBetaOverGamma=+1.76@policy.pre_bn[96] minBetaOverGamma=-136.37@policy.pre_bn[75] rvMaxOverMedian=17043.8@blocks.1.bn1[76] rezero=none nonFinite=0
[REPLAY] step=3900 loss=3.9823 pLoss=3.0896 vLoss=0.8154 pEnt=2.954 pIllM=0.0773 playedP=0.114 pW=0.48 pD=0.07 pL=0.46 vAbs=0.179 pLogitMean=-8.2813 vLogitMean=0.5918 gNorm=0.405 lr=0.573 ms=2812.5 buf=500000 plies=34036072 games=508844 rejected=0 skipped=0 epoch=0 mom=0.8579 lrCyc[pk=9.8e-01,tr=9.9e-04] trainerStep=21900
[LAYER-HEALTH] live trainerStep=21900 scope=batch_norm_state_only reluSites=2/10 ch=144 dead=22 off=12 alwaysOn=0 worst=policy.pre_bn(dead 21 off 8 on 0) maxBetaOverGamma=+1.74@policy.pre_bn[96] minBetaOverGamma=-119.47@policy.pre_bn[75] rvMaxOverMedian=16726.4@blocks.1.bn1[76] rezero=none nonFinite=0
[REPLAY] step=3950 loss=3.9875 pLoss=3.0879 vLoss=0.8245 pEnt=2.920 pIllM=0.0751 playedP=0.117 pW=0.46 pD=0.07 pL=0.47 vAbs=0.183 pLogitMean=-8.2998 vLogitMean=0.5954 gNorm=0.484 lr=0.54 ms=3683.3 buf=500000 plies=34462732 games=515202 rejected=0 skipped=0 epoch=0 mom=0.8587 lrCyc[pk=9.8e-01,tr=9.9e-04] trainerStep=21950
[LAYER-HEALTH] live trainerStep=21950 scope=batch_norm_state_only reluSites=2/10 ch=144 dead=22 off=12 alwaysOn=0 worst=policy.pre_bn(dead 21 off 8 on 0) maxBetaOverGamma=+1.75@policy.pre_bn[96] minBetaOverGamma=-103.63@policy.pre_bn[75] rvMaxOverMedian=16671.7@blocks.1.bn1[76] rezero=none nonFinite=0
[REPLAY] step=4000 loss=3.9294 pLoss=3.0414 vLoss=0.8164 pEnt=2.973 pIllM=0.0717 playedP=0.110 pW=0.47 pD=0.06 pL=0.47 vAbs=0.194 pLogitMean=-8.3500 vLogitMean=0.5933 gNorm=0.401 lr=0.508 ms=4025.2 buf=500000 plies=34889376 games=521554 rejected=0 skipped=0 epoch=0 mom=0.8596 lrCyc[pk=9.8e-01,tr=9.9e-04] trainerStep=22000
[LAYER-HEALTH] live trainerStep=22000 scope=batch_norm_state_only reluSites=2/10 ch=144 dead=22 off=12 alwaysOn=0 worst=policy.pre_bn(dead 21 off 8 on 0) maxBetaOverGamma=+1.72@policy.pre_bn[96] minBetaOverGamma=-95.53@policy.pre_bn[75] rvMaxOverMedian=16194.1@blocks.1.bn1[76] rezero=none nonFinite=0
[REPLAY] saved trainer model (autosave) step=4000 trainerStep=22000 nextGame=2834224 shard=6 epoch=0 -> 20261006-lrBsilu-ctl15-replay-latest.safetensors
[LAYER-HEALTH] checkpoint replay-autosave step=4000 trainerStep=22000 scope=all_tensors reluSites=2/10 ch=144 dead=22 off=12 alwaysOn=0 worst=policy.pre_bn(dead 21 off 8 on 0) maxBetaOverGamma=+1.72@policy.pre_bn[96] minBetaOverGamma=-95.53@policy.pre_bn[75] rvMaxOverMedian=16194.1@blocks.1.bn1[76] rezero=none nonFinite=0 seZeroVel=none valueFC1ZeroVel=0/128 maxAbs=8731@blocks.0.bn2.running_var
[LAYER-HEALTH]   batch-norm sites — β/|γ|: dead < -3.00, mostly off < -2.00, always on > +3.00; classified for relu/leaky_relu only
[LAYER-HEALTH]     site            act            ch   dead    off     on  zeroγ nonfin  min β/|γ| [ch]     max β/|γ| [ch]     rv max/median [ch]
[LAYER-HEALTH]     stem.bn         -             128    n/a    n/a    n/a      0      0     -1.48 [76]         +0.44 [102]          16.9 [43]
[LAYER-HEALTH]     blocks.0.bn1    silu          128    n/a    n/a    n/a      0      0    -40.52 [10]         +0.62 [113]           7.8 [31]
[LAYER-HEALTH]     blocks.0.bn2    silu          128    n/a    n/a    n/a      0      0    -33.57 [36]        +29.98 [117]         214.4 [48]
[LAYER-HEALTH]     blocks.1.bn1    silu          128    n/a    n/a    n/a      0      0   -164.54 [105]        +2.22 [67]        16194.1 [76]
[LAYER-HEALTH]     blocks.1.bn2    silu          128    n/a    n/a    n/a      0      0    -12.14 [103]        +1.64 [37]           45.0 [86]
[LAYER-HEALTH]     blocks.2.bn1    silu          128    n/a    n/a    n/a      0      0    -23.64 [24]         +2.12 [31]        11262.7 [76]
[LAYER-HEALTH]     blocks.2.bn2    silu          128    n/a    n/a    n/a      0      0     -4.88 [24]         +6.55 [16]            7.3 [117]
[LAYER-HEALTH]     tower_final_bn  silu          128    n/a    n/a    n/a      0      0     -1.36 [64]         +3.02 [47]           32.8 [31]
[LAYER-HEALTH]     policy.pre_bn   leaky_relu    128     21      8      0      0      0    -95.53 [75]         +1.72 [96]           14.4 [108]
[LAYER-HEALTH]     value.bn        leaky_relu     16      1      4      0      0      0     -4.83 [10]         -0.44 [0]             2.2 [0]
[LAYER-HEALTH]   FC hidden-unit velocity — zero: every weight-velocity entry exactly 0; low: nonzero but < 5% of the layer's p90 unit norm
[LAYER-HEALTH]     value.fc1.weight  leaky_relu  units 128  zero 0  low 40  median unit norm 0.001419
[LAYER-HEALTH]     (no SE blocks)
[LAYER-HEALTH]   ReZero: none
[LAYER-HEALTH]   non-finite: 0 values in 0 of 102 tensors (10263038 values examined)
[LAYER-HEALTH]   largest |value|: blocks.0.bn2.running_var 8731, blocks.1.bn2.running_var 2187, blocks.1.bn1.running_var 2027, blocks.2.bn1.running_var 1139, stem.bn.running_var 323.3
[REPLAY] enumerated checkpoint -> 20261006-lrBsilu-ctl15-replay-seg1-step4000.safetensors
[REPLAY] SIGINT received — finishing current step, saving, then exiting (Ctrl-C again to force-quit)
[REPLAY] abort requested — stopping at step 4030
[REPLAY] saved trainer model (abort) step=4030 trainerStep=22030 nextGame=2837987 shard=6 epoch=0 -> 20261006-lrBsilu-ctl15-replay-latest.safetensors
[LAYER-HEALTH] checkpoint replay-abort step=4030 trainerStep=22030 scope=all_tensors reluSites=2/10 ch=144 dead=22 off=13 alwaysOn=0 worst=policy.pre_bn(dead 21 off 8 on 0) maxBetaOverGamma=+1.73@policy.pre_bn[96] minBetaOverGamma=-93.45@policy.pre_bn[75] rvMaxOverMedian=15963.8@blocks.1.bn1[76] rezero=none nonFinite=0 seZeroVel=none valueFC1ZeroVel=0/128 maxAbs=8593@blocks.0.bn2.running_var
[LAYER-HEALTH]   batch-norm sites — β/|γ|: dead < -3.00, mostly off < -2.00, always on > +3.00; classified for relu/leaky_relu only
[LAYER-HEALTH]     site            act            ch   dead    off     on  zeroγ nonfin  min β/|γ| [ch]     max β/|γ| [ch]     rv max/median [ch]
[LAYER-HEALTH]     stem.bn         -             128    n/a    n/a    n/a      0      0     -1.48 [76]         +0.44 [102]          17.0 [43]
[LAYER-HEALTH]     blocks.0.bn1    silu          128    n/a    n/a    n/a      0      0    -30.91 [88]         +0.60 [113]           7.8 [31]
[LAYER-HEALTH]     blocks.0.bn2    silu          128    n/a    n/a    n/a      0      0    -33.57 [36]        +31.30 [117]         216.6 [48]
[LAYER-HEALTH]     blocks.1.bn1    silu          128    n/a    n/a    n/a      0      0   -170.10 [105]        +2.23 [67]        15963.8 [76]
[LAYER-HEALTH]     blocks.1.bn2    silu          128    n/a    n/a    n/a      0      0    -12.11 [103]        +1.64 [37]           44.9 [86]
[LAYER-HEALTH]     blocks.2.bn1    silu          128    n/a    n/a    n/a      0      0    -23.57 [24]         +2.12 [31]        11022.8 [76]
[LAYER-HEALTH]     blocks.2.bn2    silu          128    n/a    n/a    n/a      0      0     -4.86 [24]         +6.09 [16]            7.4 [117]
[LAYER-HEALTH]     tower_final_bn  silu          128    n/a    n/a    n/a      0      0     -1.38 [64]         +2.90 [47]           32.5 [31]
[LAYER-HEALTH]     policy.pre_bn   leaky_relu    128     21      8      0      0      0    -93.45 [75]         +1.73 [96]           14.2 [108]
[LAYER-HEALTH]     value.bn        leaky_relu     16      1      5      0      0      0     -4.82 [10]         -0.45 [0]             2.1 [0]
[LAYER-HEALTH]   FC hidden-unit velocity — zero: every weight-velocity entry exactly 0; low: nonzero but < 5% of the layer's p90 unit norm
[LAYER-HEALTH]     value.fc1.weight  leaky_relu  units 128  zero 0  low 40  median unit norm 0.001132
[LAYER-HEALTH]     (no SE blocks)
[LAYER-HEALTH]   ReZero: none
[LAYER-HEALTH]   non-finite: 0 values in 0 of 102 tensors (10263038 values examined)
[LAYER-HEALTH]   largest |value|: blocks.0.bn2.running_var 8593, blocks.1.bn2.running_var 2123, blocks.1.bn1.running_var 1992, blocks.2.bn1.running_var 1113, stem.bn.running_var 320.1
[REPLAY] enumerated checkpoint -> 20261006-lrBsilu-ctl15-replay-seg1-step4030.safetensors
[REPLAY] done: steps=4030 positionsFed=35145381 gamesFed=525317 rejected=0 skipped=0 epochs=0
