warning: loc(fused["gradient for tower_final_bn/multiplication"("(mpsFileLoc): /AppleInternal/Library/BuildRoots/4~CYf0ugAFA2MHVp9fguae4KUVbl8-CIxgGlWKSUA/Library/Caches/com.apple.xbs/TemporaryDirectory.p76yMP/Sources/MetalPerformanceShadersGraph/mpsgraph/MetalPerformanceShadersGraph/Core/Files/MPSGraphUtilities.mm":234:0), "ane_validation_message"("Incompatible element type for ANE: expected fp16, f8E4M3, si8, ui8, si16, or ui16":0:0)]): Reached maxReorderingDistance 10
warning: loc(fused["gradient for tower_final_bn/multiplication"("(mpsFileLoc): /AppleInternal/Library/BuildRoots/4~CYf0ugAFA2MHVp9fguae4KUVbl8-CIxgGlWKSUA/Library/Caches/com.apple.xbs/TemporaryDirectory.p76yMP/Sources/MetalPerformanceShadersGraph/mpsgraph/MetalPerformanceShadersGraph/Core/Files/MPSGraphUtilities.mm":234:0), "ane_validation_message"("Incompatible element type for ANE: expected fp16, f8E4M3, si8, ui8, si16, or ui16":0:0)]): Reached maxReorderingDistance 10
warning: loc(fused["mps_add_23"("(mpsFileLoc): /AppleInternal/Library/BuildRoots/4~CYf0ugAFA2MHVp9fguae4KUVbl8-CIxgGlWKSUA/Library/Caches/com.apple.xbs/TemporaryDirectory.p76yMP/Sources/MetalPerformanceShadersGraph/mpsgraph/MetalPerformanceShadersGraph/Core/Files/MPSGraphUtilities.mm":234:0), "ane_validation_message"("Incompatible element type for ANE: expected fp16, f8E4M3, si8, ui8, si16, or ui16":0:0)]): Reached maxReorderingDistance 10
warning: loc(fused["mps_add_23"("(mpsFileLoc): /AppleInternal/Library/BuildRoots/4~CYf0ugAFA2MHVp9fguae4KUVbl8-CIxgGlWKSUA/Library/Caches/com.apple.xbs/TemporaryDirectory.p76yMP/Sources/MetalPerformanceShadersGraph/mpsgraph/MetalPerformanceShadersGraph/Core/Files/MPSGraphUtilities.mm":234:0), "ane_validation_message"("Incompatible element type for ANE: expected fp16, f8E4M3, si8, ui8, si16, or ui16":0:0)]): Reached maxReorderingDistance 10
warning: loc(fused["mps_add_33"("(mpsFileLoc): /AppleInternal/Library/BuildRoots/4~CYf0ugAFA2MHVp9fguae4KUVbl8-CIxgGlWKSUA/Library/Caches/com.apple.xbs/TemporaryDirectory.p76yMP/Sources/MetalPerformanceShadersGraph/mpsgraph/MetalPerformanceShadersGraph/Core/Files/MPSGraphUtilities.mm":234:0), "ane_validation_message"("Incompatible element type for ANE: expected fp16, f8E4M3, si8, ui8, si16, or ui16":0:0)]): Reached maxReorderingDistance 10
warning: loc(fused["mps_add_33"("(mpsFileLoc): /AppleInternal/Library/BuildRoots/4~CYf0ugAFA2MHVp9fguae4KUVbl8-CIxgGlWKSUA/Library/Caches/com.apple.xbs/TemporaryDirectory.p76yMP/Sources/MetalPerformanceShadersGraph/mpsgraph/MetalPerformanceShadersGraph/Core/Files/MPSGraphUtilities.mm":234:0), "ane_validation_message"("Incompatible element type for ANE: expected fp16, f8E4M3, si8, ui8, si16, or ui16":0:0)]): Reached maxReorderingDistance 10
warning: loc(fused["mps_add_43"("(mpsFileLoc): /AppleInternal/Library/BuildRoots/4~CYf0ugAFA2MHVp9fguae4KUVbl8-CIxgGlWKSUA/Library/Caches/com.apple.xbs/TemporaryDirectory.p76yMP/Sources/MetalPerformanceShadersGraph/mpsgraph/MetalPerformanceShadersGraph/Core/Files/MPSGraphUtilities.mm":234:0), "ane_validation_message"("Incompatible element type for ANE: expected fp16, f8E4M3, si8, ui8, si16, or ui16":0:0)]): Reached maxReorderingDistance 10
[REPLAY] starting offline corpus replay over 1 corpus path(s)
[REPLAY] start-model: 20261005-r7b24-fresh.safetensors modelID=20261005-22-yRzB encoding=basic24
[REPLAY-ARCH] (start-model) v5 . in basic24(24) -> stem 128 (7x7) . 3x[7x7+7x7 @128, no-SE, relu/pre, clean_add, no-ReZero, out:layer_norm, drop*1] . act relu . policy intermediate_conv(4864) . value WDL(16->FC128) . bfloat16 . 5,132,687 params
[REPLAY-HPARAMS] lr=0.001 batch=4096 wd=0.0003 momentum=0.9 gradClip=15 entropyBonus=0 drawPenalty=0 policyW=1 valueW=1 illegalW=1 pLabelSmooth=0.1 pLabelSmoothMode=fixed_total pLabelSmoothPerMove=0.0033 pLabelSmoothPerMoveCap=0.5 vLabelSmooth=0.013 dropout=0 lrWarmup=1000 bufCap=500000 replayRatio=0.48 minPrefill=250000 complementCE=on sqrtBatchLR=on batchStats=10 klProbe=100 relClip=clip/k3/N1000/W100/floor0.5 stepLineSec=180 sampling=(maxPerGame=400 maxDrawPct=100 targetLen=0 stratify=off applied=on)
[GRAD-CLIP] config mode=clip k=3 N=1000 W=100 floor=0.5 hardMax=15
[REPLAY] trainer-model output: /Users/andrew/Library/Application Support/DrewsChessMachine/Models/20261007-lrB-relcapV3-replay-latest.safetensors (new file)
[REPLAY] enumerated checkpoints: /Users/andrew/Library/Application Support/DrewsChessMachine/Models/20261007-lrB-relcapV3-replay-step1000.safetensors and siblings (never overwritten)
[REPLAY] corpus 20260624-192615-w3aA5b: 46 sealed shard(s)
[PARAM] random_seed from --seed: 20261005 (overrides random_seed_mode and random_seed=0 for this process)
[REPLAY] building network + trainer (encoding=basic24)
[NUMERICS] policy_tail_precision=fp32_from_pre_bn source=flag (affects bf16 / fp16 models only)
[REPLAY] start-model weights loaded into trainer (working+masters, velocity zeroed; new branch) + feeder net (base tensors=61)
[REPLAY-CYCLE] lr=[trough 1.00e-03,peak 1.00e+00]^10000st cnt=0 inv=true mom=[0.75,0.90]^1000st cnt=0 inv=false decay=[peak->1.00e-04 trough->1.00e-05 over 10000000st] momFollow=[low 0.850->0.900 high 0.950->0.950] origin=trainerStep 0 cycleStep 0 cycleLR=1.0000e+00 cycleMom=0.8500 (new branch from 20261005-22-yRzB; its clock, warmup and velocity are not continued)
[REPLAY] step lines: every 50 trainer steps through 1000, every 1000, and the first diagnostics step ≥ 180 s after the previous line; saves at trainer-step multiples of 1000 (next: 1000)
[RUN] path=replay run=1AFCF318-868F-45DD-85E4-A6E491576EE3 seg=0 (branch from 20261005-22-yRzB sha=b750edb1883a) build=2390 git=b4845088 dirty=false git_diff=none device="Apple M5 Max" vm=false os="Version 27.2 (Build 26B5091g)" seed=20261005 mode=seeded(--seed) derivation=v1 params_sha=1cc53d4729b2 policy_tail=fp32_from_pre_bn cum_step=0 cum_games=0 cum_train_sec=0.0 argv="/Users/andrew/Library/Application Support/DrewsChessMachine/FrozenBuilds/DCM-2390-b4845088-relcap.app/Contents/MacOS/DrewsChessMachine --replay-corpus 20260624-192615-w3aA5b --start-model /Users/andrew/Library/Application Support/DrewsChessMachine/Models/20261005-r7b24-fresh.safetensors --out-model /Users/andrew/Library/Application Support/DrewsChessMachine/Models/20261007-lrB-relcapV3-replay-latest.safetensors --parameters /Users/andrew/cursor/drews-chess-machine/experiments/20261005-lr-schedule-ab/parameters-B-relcap-v3.json --epochs 12 --training-step-limit 3000 --enumerate-checkpoints --policy-tail-precision fp32_from_pre_bn --seed 20261005"
[HEALTH] config enabled=true interval=1000 grace=1000 warmup=1000 momentum=0.9 legalMassStall=0.99x8 path=replay actions=non_finite:log,dead_channels:log,value_fc1_zero_velocity:log,illegal_mass:log,gradient_collapse:log,loss_spike:log,policy_offset_drift:log,bn_running_variance_runaway:log,gradient_spike:log,divergence:log,value_saturation:log,value_draw_saturation:log,legal_mass_stall:log value_fc1_zero_velocity=applies
[REPLAY] batchSize=4096 reuse=0.48 K=8533 minPrefill=250000 stepLimit=3000 epochLimit=12
[REPLAY] pre-filled: bufCount=250052 positionsFed=250052 gamesFed=3777 rejected=0 skipped=0
[GRAD-CLIP] trainerStep=1 preNorm=31.1721 cap=15.0000 decided=15.0000 binding=hard applied=true mode=clip median=none n=0 k=3 floor=0.5 hawarning: loc(fused["gradient for tower_final_bn/multiplication"("(mpsFileLoc): /AppleInternal/Library/BuildRoots/4~CYf0ugAFA2MHVp9fguae4KUVbl8-CIxgGlWKSUA/Library/Caches/com.apple.xbs/TemporaryDirectory.p76yMP/Sources/MetalPerformanceShadersGraph/mpsgraph/MetalPerformanceShadersGraph/Core/Files/MPSGraphUtilities.mm":234:0), "ane_validation_message"("Incompatible element type for ANE: expected fp16, f8E4M3, si8, ui8, si16, or ui16":0:0)]): Reached maxReorderingDistance 10
warning: loc(fused["gradient for tower_final_bn/multiplication"("(mpsFileLoc): /AppleInternal/Library/BuildRoots/4~CYf0ugAFA2MHVp9fguae4KUVbl8-CIxgGlWKSUA/Library/Caches/com.apple.xbs/TemporaryDirectory.p76yMP/Sources/MetalPerformanceShadersGraph/mpsgraph/MetalPerformanceShadersGraph/Core/Files/MPSGraphUtilities.mm":234:0), "ane_validation_message"("Incompatible element type for ANE: expected fp16, f8E4M3, si8, ui8, si16, or ui16":0:0)]): Reached maxReorderingDistance 10
warning: loc(fused["mps_add_23"("(mpsFileLoc): /AppleInternal/Library/BuildRoots/4~CYf0ugAFA2MHVp9fguae4KUVbl8-CIxgGlWKSUA/Library/Caches/com.apple.xbs/TemporaryDirectory.p76yMP/Sources/MetalPerformanceShadersGraph/mpsgraph/MetalPerformanceShadersGraph/Core/Files/MPSGraphUtilities.mm":234:0), "ane_validation_message"("Incompatible element type for ANE: expected fp16, f8E4M3, si8, ui8, si16, or ui16":0:0)]): Reached maxReorderingDistance 10
warning: loc(fused["mps_add_23"("(mpsFileLoc): /AppleInternal/Library/BuildRoots/4~CYf0ugAFA2MHVp9fguae4KUVbl8-CIxgGlWKSUA/Library/Caches/com.apple.xbs/TemporaryDirectory.p76yMP/Sources/MetalPerformanceShadersGraph/mpsgraph/MetalPerformanceShadersGraph/Core/Files/MPSGraphUtilities.mm":234:0), "ane_validation_message"("Incompatible element type for ANE: expected fp16, f8E4M3, si8, ui8, si16, or ui16":0:0)]): Reached maxReorderingDistance 10
warning: loc(fused["mps_add_33"("(mpsFileLoc): /AppleInternal/Library/BuildRoots/4~CYf0ugAFA2MHVp9fguae4KUVbl8-CIxgGlWKSUA/Library/Caches/com.apple.xbs/TemporaryDirectory.p76yMP/Sources/MetalPerformanceShadersGraph/mpsgraph/MetalPerformanceShadersGraph/Core/Files/MPSGraphUtilities.mm":234:0), "ane_validation_message"("Incompatible element type for ANE: expected fp16, f8E4M3, si8, ui8, si16, or ui16":0:0)]): Reached maxReorderingDistance 10
warning: loc(fused["mps_add_33"("(mpsFileLoc): /AppleInternal/Library/BuildRoots/4~CYf0ugAFA2MHVp9fguae4KUVbl8-CIxgGlWKSUA/Library/Caches/com.apple.xbs/TemporaryDirectory.p76yMP/Sources/MetalPerformanceShadersGraph/mpsgraph/MetalPerformanceShadersGraph/Core/Files/MPSGraphUtilities.mm":234:0), "ane_validation_message"("Incompatible element type for ANE: expected fp16, f8E4M3, si8, ui8, si16, or ui16":0:0)]): Reached maxReorderingDistance 10
warning: loc(fused["mps_add_43"("(mpsFileLoc): /AppleInternal/Library/BuildRoots/4~CYf0ugAFA2MHVp9fguae4KUVbl8-CIxgGlWKSUA/Library/Caches/com.apple.xbs/TemporaryDirectory.p76yMP/Sources/MetalPerformanceShadersGraph/mpsgraph/MetalPerformanceShadersGraph/Core/Files/MPSGraphUtilities.mm":234:0), "ane_validation_message"("Incompatible element type for ANE: expected fp16, f8E4M3, si8, ui8, si16, or ui16":0:0)]): Reached maxReorderingDistance 10
warning: loc(fused["gradient for tower_final_bn/multiplication"("(mpsFileLoc): /AppleInternal/Library/BuildRoots/4~CYf0ugAFA2MHVp9fguae4KUVbl8-CIxgGlWKSUA/Library/Caches/com.apple.xbs/TemporaryDirectory.p76yMP/Sources/MetalPerformanceShadersGraph/mpsgraph/MetalPerformanceShadersGraph/Core/Files/MPSGraphUtilities.mm":234:0), "ane_validation_message"("Incompatible element type for ANE: expected fp16, f8E4M3, si8, ui8, si16, or ui16":0:0)]): Reached maxReorderingDistance 10
warning: loc(fused["gradient for tower_final_bn/multiplication"("(mpsFileLoc): /AppleInternal/Library/BuildRoots/4~CYf0ugAFA2MHVp9fguae4KUVbl8-CIxgGlWKSUA/Library/Caches/com.apple.xbs/TemporaryDirectory.p76yMP/Sources/MetalPerformanceShadersGraph/mpsgraph/MetalPerformanceShadersGraph/Core/Files/MPSGraphUtilities.mm":234:0), "ane_validation_message"("Incompatible element type for ANE: expected fp16, f8E4M3, si8, ui8, si16, or ui16":0:0)]): Reached maxReorderingDistance 10
warning: loc(fused["mps_add_23"("(mpsFileLoc): /AppleInternal/Library/BuildRoots/4~CYf0ugAFA2MHVp9fguae4KUVbl8-CIxgGlWKSUA/Library/Caches/com.apple.xbs/TemporaryDirectory.p76yMP/Sources/MetalPerformanceShadersGraph/mpsgraph/MetalPerformanceShadersGraph/Core/Files/MPSGraphUtilities.mm":234:0), "ane_validation_message"("Incompatible element type for ANE: expected fp16, f8E4M3, si8, ui8, si16, or ui16":0:0)]): Reached maxReorderingDistance 10
warning: loc(fused["mps_add_23"("(mpsFileLoc): /AppleInternal/Library/BuildRoots/4~CYf0ugAFA2MHVp9fguae4KUVbl8-CIxgGlWKSUA/Library/Caches/com.apple.xbs/TemporaryDirectory.p76yMP/Sources/MetalPerformanceShadersGraph/mpsgraph/MetalPerformanceShadersGraph/Core/Files/MPSGraphUtilities.mm":234:0), "ane_validation_message"("Incompatible element type for ANE: expected fp16, f8E4M3, si8, ui8, si16, or ui16":0:0)]): Reached maxReorderingDistance 10
warning: loc(fused["mps_add_33"("(mpsFileLoc): /AppleInternal/Library/BuildRoots/4~CYf0ugAFA2MHVp9fguae4KUVbl8-CIxgGlWKSUA/Library/Caches/com.apple.xbs/TemporaryDirectory.p76yMP/Sources/MetalPerformanceShadersGraph/mpsgraph/MetalPerformanceShadersGraph/Core/Files/MPSGraphUtilities.mm":234:0), "ane_validation_message"("Incompatible element type for ANE: expected fp16, f8E4M3, si8, ui8, si16, or ui16":0:0)]): Reached maxReorderingDistance 10
warning: loc(fused["mps_add_33"("(mpsFileLoc): /AppleInternal/Library/BuildRoots/4~CYf0ugAFA2MHVp9fguae4KUVbl8-CIxgGlWKSUA/Library/Caches/com.apple.xbs/TemporaryDirectory.p76yMP/Sources/MetalPerformanceShadersGraph/mpsgraph/MetalPerformanceShadersGraph/Core/Files/MPSGraphUtilities.mm":234:0), "ane_validation_message"("Incompatible element type for ANE: expected fp16, f8E4M3, si8, ui8, si16, or ui16":0:0)]): Reached maxReorderingDistance 10
warning: loc(fused["mps_add_43"("(mpsFileLoc): /AppleInternal/Library/BuildRoots/4~CYf0ugAFA2MHVp9fguae4KUVbl8-CIxgGlWKSUA/Library/Caches/com.apple.xbs/TemporaryDirectory.p76yMP/Sources/MetalPerformanceShadersGraph/mpsgraph/MetalPerformanceShadersGraph/Core/Files/MPSGraphUtilities.mm":234:0), "ane_validation_message"("Incompatible element type for ANE: expected fp16, f8E4M3, si8, ui8, si16, or ui16":0:0)]): Reached maxReorderingDistance 10
rdMax=15 ratio=none lr=0
[REPLAY] step=1 loss=11.8138 pLoss=8.6299 vLoss=2.1901 pEnt=-- pIllM=0.9938 playedP=-- pW=-- pD=-- pL=-- vAbs=-- pLogitMean=-- vLogitMean=-- gNorm=31.172 lr=0.001 ms=1958.7 buf=250052 plies=250052 games=3777 rejected=0 skipped=0 epoch=0 mom=0.8500 lrCyc[pk=1.0e+00,tr=1.0e-03] gNormMax=31.1721 clips=1 gCap=15.0000 trainerStep=1
[LAYER-HEALTH] live trainerStep=1 scope=batch_norm_state_only reluSites=9/10 ch=1040 dead=0 off=0 alwaysOn=0 worst=none maxBetaOverGamma=+0.00@blocks.0.bn1[0] minBetaOverGamma=+0.00@blocks.0.bn1[0] rvMaxOverMedian=3.2@stem.bn[47] rezero=none nonFinite=0 parkedSites=9/10 parkedCh=1040 parked=0 parkedOff=0 parkedBy=none
[GRAD-CLIP] trainerStep=2 preNorm=30.3423 cap=15.0000 decided=15.0000 binding=hard applied=true mode=clip median=none n=0 k=3 floor=0.5 hardMax=15 ratio=none lr=0.001
[GRAD-CLIP] trainerStep=3 preNorm=26.4968 cap=15.0000 decided=15.0000 binding=hard applied=true mode=clip median=none n=0 k=3 floor=0.5 hardMax=15 ratio=none lr=0.002
[REPLAY] step=50 loss=5.5271 pLoss=4.3243 vLoss=0.8876 pEnt=2.723 pIllM=0.3152 playedP=0.075 pW=0.42 pD=0.07 pL=0.50 vAbs=0.110 pLogitMean=0.1553 vLogitMean=1.9519 gNorm=3.215 lr=0.05 ms=1168.5 buf=500000 plies=668192 games=10125 rejected=0 skipped=0 epoch=0 mom=0.8500 lrCyc[pk=1.0e+00,tr=1.0e-03] gNormMax=30.3423 clips=2 gCap=15.0000 trainerStep=50
[LAYER-HEALTH] live trainerStep=50 scope=batch_norm_state_only reluSites=9/10 ch=1040 dead=0 off=0 alwaysOn=0 worst=none maxBetaOverGamma=+0.06@policy.pre_bn[42] minBetaOverGamma=-0.05@policy.pre_bn[40] rvMaxOverMedian=3.3@stem.bn[47] rezero=none nonFinite=0 parkedSites=9/10 parkedCh=1040 parked=0 parkedOff=0 parkedBy=none
[REPLAY] step=100 loss=4.5718 pLoss=3.5415 vLoss=0.8535 pEnt=2.845 pIllM=0.1769 playedP=0.099 pW=0.50 pD=0.08 pL=0.42 vAbs=0.123 pLogitMean=0.3122 vLogitMean=1.5652 gNorm=2.205 lr=0.1 ms=1151.0 buf=500000 plies=1094822 games=16614 rejected=0 skipped=0 epoch=0 mom=0.8500 lrCyc[pk=1.0e+00,tr=1.0e-03] gNormMax=4.4529 clips=0 gCap=15.0000 trainerStep=100
[LAYER-HEALTH] live trainerStep=100 scope=batch_norm_state_only reluSites=9/10 ch=1040 dead=0 off=0 alwaysOn=0 worst=none maxBetaOverGamma=+0.13@tower_final_bn[31] minBetaOverGamma=-0.07@policy.pre_bn[40] rvMaxOverMedian=3.3@stem.bn[47] rezero=none nonFinite=0 parkedSites=9/10 parkedCh=1040 parked=0 parkedOff=0 parkedBy=none
[REPLAY] step=150 loss=4.5663 pLoss=3.5890 vLoss=0.8428 pEnt=2.644 pIllM=0.1344 playedP=0.113 pW=0.53 pD=0.07 pL=0.40 vAbs=0.192 pLogitMean=0.3266 vLogitMean=1.1582 gNorm=2.965 lr=0.15 ms=1161.6 buf=500000 plies=1521507 games=23047 rejected=0 skipped=0 epoch=0 mom=0.8500 lrCyc[pk=1.0e+00,tr=1.0e-03] gNormMax=5.1417 clips=0 gCap=7.8179 trainerStep=150
[LAYER-HEALTH] live trainerStep=150 scope=batch_norm_state_only reluSites=9/10 ch=1040 dead=0 off=0 alwaysOn=0 worst=none maxBetaOverGamma=+0.22@tower_final_bn[31] minBetaOverGamma=-0.08@policy.pre_bn[40] rvMaxOverMedian=2.8@stem.bn[47] rezero=none nonFinite=0 parkedSites=9/10 parkedCh=1040 parked=0 parkedOff=0 parkedBy=none
[REPLAY] step=200 loss=4.2583 pLoss=3.3094 vLoss=0.8150 pEnt=2.810 pIllM=0.1340 playedP=0.108 pW=0.42 pD=0.05 pL=0.52 vAbs=0.187 pLogitMean=0.3151 vLogitMean=1.2173 gNorm=1.737 lr=0.2 ms=1191.6 buf=500000 plies=1948135 games=29513 rejected=0 skipped=0 epoch=0 mom=0.8500 lrCyc[pk=1.0e+00,tr=1.0e-03] gNormMax=3.2495 clips=0 gCap=7.3352 trainerStep=200
[LAYER-HEALTH] live trainerStep=200 scope=batch_norm_state_only reluSites=9/10 ch=1040 dead=0 off=0 alwaysOn=0 worst=none maxBetaOverGamma=+0.28@tower_final_bn[31] minBetaOverGamma=-0.11@policy.pre_bn[40] rvMaxOverMedian=2.7@tower_final_bn[75] rezero=none nonFinite=0 parkedSites=9/10 parkedCh=1040 parked=0 parkedOff=0 parkedBy=none
[REPLAY] step=250 loss=4.6073 pLoss=3.5485 vLoss=0.8746 pEnt=2.733 pIllM=0.1842 playedP=0.109 pW=0.59 pD=0.05 pL=0.36 vAbs=0.234 pLogitMean=0.1251 vLogitMean=1.1116 gNorm=1.749 lr=0.25 ms=1148.9 buf=500000 plies=2374804 games=35963 rejected=0 skipped=0 epoch=0 mom=0.8500 lrCyc[pk=1.0e+00,tr=1.0e-03] gNormMax=4.8984 clips=0 gCap=7.0250 trainerStep=250
[LAYER-HEALT[ALARM] health raise rule=dead_channels severity=critical trainerStep=300 value=dead=5/1040 sites=value.bn(5/16) threshold=site>=0.2 action=log lr=0.3 mom=0.85
H] live trainerStep=250 scope=batch_norm_state_only reluSites=9/10 ch=1040 dead=0 off=0 alwaysOn=0 worst=none maxBetaOverGamma=+0.41@tower_final_bn[31] minBetaOverGamma=-0.28@policy.pre_bn[113] rvMaxOverMedian=4.1@stem.bn[83] rezero=none nonFinite=0 parkedSites=9/10 parkedCh=1040 parked=0 parkedOff=0 parkedBy=none
[REPLAY] step=300 loss=4.4198 pLoss=3.5047 vLoss=0.8178 pEnt=2.615 pIllM=0.0972 playedP=0.105 pW=0.46 pD=0.06 pL=0.48 vAbs=0.169 pLogitMean=-0.0262 vLogitMean=0.7243 gNorm=2.939 lr=0.3 ms=1138.1 buf=500000 plies=2801422 games=42394 rejected=0 skipped=0 epoch=0 mom=0.8500 lrCyc[pk=1.0e+00,tr=1.0e-03] gNormMax=5.0061 clips=0 gCap=6.4843 trainerStep=300
[LAYER-HEALTH] live trainerStep=300 scope=batch_norm_state_only reluSites=9/10 ch=1040 dead=5 off=3 alwaysOn=0 worst=value.bn(dead 5 off 3 on 0) maxBetaOverGamma=+0.52@tower_final_bn[31] minBetaOverGamma=-10.45@value.bn[7] rvMaxOverMedian=32.3@stem.bn[74] rezero=none nonFinite=0 parkedSites=9/10 parkedCh=1040 parked=5 parkedOff=3 parkedBy=value.bn:5/16
[ALARM] health raise rule=dead_channels severity=critical trainerStep=300 value=dead=5/1040 sites=value.bn(5/16) threshold=site>=0.2 action=log lr=0.3 mom=0.85
[REPLAY] step=350 loss=4.1377 pLoss=3.2250 vLoss=0.8186 pEnt=2.822 pIllM=0.0942 playedP=0.122 pW=0.50 pD=0.06 pL=0.44 vAbs=0.166 pLogitMean=-0.1791 vLogitMean=0.7330 gNorm=0.794 lr=0.35 ms=1270.5 buf=500000 plies=3228166 games=48821 rejected=0 skipped=0 epoch=0 mom=0.8500 lrCyc[pk=1.0e+00,tr=1.0e-03] gNormMax=2.2811 clips=0 gCap=6.0331 trainerStep=350
[LAYER-HEALTH] live trainerStep=350 scope=batch_norm_state_only reluSites=9/10 ch=1040 dead=5 off=2 alwaysOn=0 worst=value.bn(dead 5 off 2 on 0) maxBetaOverGamma=+0.57@tower_final_bn[31] minBetaOverGamma=-10.63@value.bn[7] rvMaxOverMedian=54.0@stem.bn[74] rezero=none nonFinite=0 parkedSites=9/10 parkedCh=1040 parked=5 parkedOff=2 parkedBy=value.bn:5/16
[REPLAY] step=400 loss=4.1241 pLoss=3.2297 vLoss=0.8114 pEnt=2.790 pIllM=0.0830 playedP=0.118 pW=0.51 pD=0.06 pL=0.43 vAbs=0.193 pLogitMean=-0.2927 vLogitMean=0.7334 gNorm=1.320 lr=0.4 ms=1166.8 buf=500000 plies=3654819 games=55255 rejected=0 skipped=0 epoch=0 mom=0.8500 lrCyc[pk=1.0e+00,tr=1.0e-03] gNormMax=2.4419 clips=0 gCap=5.7273 trainerStep=400
[LAYER-HEALTH] live trainerStep=400 scope=batch_norm_state_only reluSites=9/10 ch=1040 dead=5 off=2 alwaysOn=0 worst=value.bn(dead 5 off 2 on 0) maxBetaOverGamma=+0.61@tower_final_bn[31] minBetaOverGamma=-10.63@value.bn[7] rvMaxOverMedian=68.2@stem.bn[74] rezero=none nonFinite=0 parkedSites=9/10 parkedCh=1040 parked=5 parkedOff=2 parkedBy=value.bn:5/16
[REPLAY] step=450 loss=4.0687 pLoss=3.1871 vLoss=0.8194 pEnt=2.783 pIllM=0.0622 playedP=0.125 pW=0.47 pD=0.06 pL=0.47 vAbs=0.166 pLogitMean=-0.5332 vLogitMean=0.7329 gNorm=0.891 lr=0.45 ms=1145.2 buf=500000 plies=4081392 games=61710 rejected=0 skipped=0 epoch=0 mom=0.8500 lrCyc[pk=1.0e+00,tr=1.0e-03] gNormMax=2.0431 clips=0 gCap=5.3893 trainerStep=450
[LAYER-HEALTH] live trainerStep=450 scope=batch_norm_state_only reluSites=9/10 ch=1040 dead=5 off=2 alwaysOn=0 worst=value.bn(dead 5 off 2 on 0) maxBetaOverGamma=+0.65@tower_final_bn[31] minBetaOverGamma=-10.63@value.bn[7] rvMaxOverMedian=71.3@stem.bn[74] rezero=none nonFinite=0 parkedSites=9/10 parkedCh=1040 parked=5 parkedOff=2 parkedBy=value.bn:5/16
[REPLAY] step=500 loss=4.0155 pLoss=3.1386 vLoss=0.8098 pEnt=2.898 pIllM=0.0671 playedP=0.110 pW=0.48 pD=0.06 pL=0.45 vAbs=0.206 pLogitMean=-0.6702 vLogitMean=0.7450 gNorm=1.240 lr=0.5 ms=1134.7 buf=500000 plies=4508091 games=68143 rejected=0 skipped=0 epoch=0 mom=0.8500 lrCyc[pk=1.0e+00,tr=1.0e-03] gNormMax=1.3332 clips=0 gCap=4.9663 trainerStep=500
[LAYER-HEALTH] live trainerStep=500 scope=batch_norm_state_only reluSites=9/10 ch=1040 dead=5 off=1 alwaysOn=0 worst=value.bn(dead 5 off 1 on 0) maxBetaOverGamma=+0.66@tower_final_bn[31] minBetaOverGamma=-10.63@value.bn[7] rvMaxOverMedian=75.7@stem.bn[74] rezero=none nonFinite=0 parkedSites=9/10 parkedCh=1040 parked=5 parkedOff=1 parkedBy=value.bn:5/16
[REPLAY] step=550 loss=4.1254 pLoss=3.2364 vLoss=0.8245 pEnt=2.706 pIllM=0.0645 playedP=0.128 pW=0.47 pD=0.07 pL=0.45 vAbs=0.178 pLogitMean=-1.1313 vLogitMean=0.7113 gNorm=1.675 lr=0.55 ms=1133.8 buf=500000 plies=4934688 games=74611 rejected=0 skipped=0 epoch=0 mom=0.8500 lrCyc[pk=1.0e+00,tr=1.0e-03] gNormMax=2.5836 clips=0 gCap=4.7147 trainerStep=550
[LAYER-HEALTH] live trainerStep=550 scope=batch_norm_state_only reluSites=9/10 ch=1040 dead=5 off=1 alwaysOn=0 worst=value.bn(dead 5 off 1 on 0) maxBetaOverGamma=+0.67@tower_final_bn[31] minBetaOverGamma=-10.63@value.bn[7] rvMaxOverMedian=69.5@stem.bn[74] rezero=none nonFinite=0 parkedSites=9/10 parkedCh=1040 parked=5 parkedOff=1 parkedBy=value.bn:5/16
[REPLAY] step=600 loss=3.9575 pLoss=3.0594 vLoss=0.8347 pEnt=2.827 pIllM=0.0634 playedP=0.134 pW=0.46 pD=0.07 pL=0.47 vAbs=0.163 pLogitMean=-1.4984 vLogitMean=0.7109 gNorm=0.856 lr=0.6 ms=1151.5 buf=500000 plies=5361349 games=81137 rejected=0 skipped=0 epoch=0 mom=0.8500 lrCyc[pk=1.0e+00,tr=1.0e-03] gNormMax=1.6422 clips=0 gCap=4.3552 trainerStep=600
[LAYER-HEALTH] live trainerStep=600 scope=batch_norm_state_only reluSites=9/10 ch=1040 dead=5 off=2 alwaysOn=0 worst=value.bn(dead 5 off 2 on 0) maxBetaOverGamma=+0.71@tower_final_bn[31] minBetaOverGamma=-10.63@value.bn[7] rvMaxOverMedian=67.3@stem.bn[74] rezero=none nonFinite=0 parkedSites=9/10 parkedCh=1040 parked=5 parkedOff=2 parkedBy=value.bn:5/16
[REPLAY] step=650 loss=3.9744 pLoss=3.1063 vLoss=0.8155 pEnt=2.841 pIllM=0.0526 playedP=0.127 pW=0.51 pD=0.06 pL=0.43 vAbs=0.202 pLogitMean=-1.8041 vLogitMean=0.7136 gNorm=0.866 lr=0.65 ms=1263.3 buf=500000 plies=5787980 games=87653 rejected=0 skipped=0 epoch=0 mom=0.8500 lrCyc[pk=1.0e+00,tr=1.0e-03] gNormMax=1.3074 clips=0 gCap=4.0284 trainerStep=650
[LAYER-HEALTH] live trainerStep=650 scope=batch_norm_state_only reluSites=9/10 ch=1040 dead=5 off=1 alwaysOn=0 worst=value.bn(dead 5 off 1 on 0) maxBetaOverGamma=+0.69@tower_final_bn[31] minBetaOverGamma=-10.63@value.bn[7] rvMaxOverMedian=64.4@stem.bn[74] rezero=none nonFinite=0 parkedSites=9/10 parkedCh=1040 parked=5 parkedOff=1 parkedBy=value.bn:5/16
[REPLAY] step=700 loss=3.9249 pLoss=3.0634 vLoss=0.8171 pEnt=2.790 pIllM=0.0445 playedP=0.137 pW=0.48 pD=0.06 pL=0.47 vAbs=0.190 pLogitMean=-2.0593 vLogitMean=0.7278 gNorm=0.894 lr=0.7 ms=1155.7 buf=500000 plies=6214635 games=94100 rejected=0 skipped=0 epoch=0 mom=0.8500 lrCyc[pk=1.0e+00,tr=1.0e-03] gNormMax=0.9475 clips=0 gCap=3.7530 trainerStep=700
[LAYER-HEALTH] live trainerStep=700 scope=batch_norm_state_only reluSites=9/10 ch=1040 dead=5 off=0 alwaysOn=0 worst=value.bn(dead 5 off 0 on 0) maxBetaOverGamma=+0.72@policy.pre_bn[108] minBetaOverGamma=-10.63@value.bn[7] rvMaxOverMedian=60.2@stem.bn[74] rezero=none nonFinite=0 parkedSites=9/10 parkedCh=1040 parked=5 parkedOff=0 parkedBy=value.bn:5/16
[REPLAY] step=750 loss=3.8554 pLoss=3.0128 vLoss=0.8039 pEnt=2.848 pIllM=0.0388 playedP=0.140 pW=0.48 pD=0.06 pL=0.46 vAbs=0.196 pLogitMean=-2.6123 vLogitMean=0.7001 gNorm=0.581 lr=0.75 ms=1225.7 buf=500000 plies=6641305 games=100549 rejected=0 skipped=0 epoch=0 mom=0.8500 lrCyc[pk=1.0e+00,tr=1.0e-03] gNormMax=1.6952 clips=0 gCap=3.4628 trainerStep=750
[LAYER-HEALTH] live trainerStep=750 scope=batch_norm_state_only reluSites=9/10 ch=1040 dead=5 off=1 alwaysOn=0 worst=value.bn(dead 5 off 1 on 0) maxBetaOverGamma=+0.84@policy.pre_bn[108] minBetaOverGamma=-10.63@value.bn[7] rvMaxOverMedian=53.3@stem.bn[74] rezero=none nonFinite=0 parkedSites=9/10 parkedCh=1040 parked=5 parkedOff=1 parkedBy=value.bn:5/16
[REPLAY] step=800 loss=3.9075 pLoss=3.0606 vLoss=0.8128 pEnt=2.819 pIllM=0.0341 playedP=0.140 pW=0.47 pD=0.07 pL=0.46 vAbs=0.165 pLogitMean=-2.9331 vLogitMean=0.7074 gNorm=0.702 lr=0.8 ms=1263.8 buf=500000 plies=7067936 games=106984 rejected=0 skipped=0 epoch=0 mom=0.8500 lrCyc[pk=1.0e+00,tr=1.0e-03] gNormMax=0.9439 clips=0 gCap=3.3047 trainerStep=800
[LAYER-HEALTH] live trainerStep=800 scope=batch_norm_state_only reluSites=9/10 ch=1040 dead=5 off=2 alwaysOn=0 worst=value.bn(dead 5 off 2 on 0) maxBetaOverGamma=+0.88@policy.pre_bn[108] minBetaOverGamma=-10.63@value.bn[7] rvMaxOverMedian=51.0@stem.bn[74] rezero=none nonFinit[ALARM] health raise rule=policy_offset_drift severity=warning trainerStep=900 value=medianAbs=3.6035 threshold=medianAbs>=3 action=log lr=0.9 mom=0.85
warning: loc(fused["gradient for tower_final_bn/multiplication"("(mpsFileLoc): /AppleInternal/Library/BuildRoots/4~CYf0ugAFA2MHVp9fguae4KUVbl8-CIxgGlWKSUA/Library/Caches/com.apple.xbs/TemporaryDirectory.p76yMP/Sources/MetalPerformanceShadersGraph/mpsgraph/MetalPerformanceShadersGraph/Core/Files/MPSGraphUtilities.mm":234:0), "ane_validation_message"("Incompatible element type for ANE: expected fp16, f8E4M3, si8, ui8, si16, or ui16":0:0)]): Reached maxReorderingDistance 10
warning: loc(fused["gradient for tower_final_bn/multiplication"("(mpsFileLoc): /AppleInternal/Library/BuildRoots/4~CYf0ugAFA2MHVp9fguae4KUVbl8-CIxgGlWKSUA/Library/Caches/com.apple.xbs/TemporaryDirectory.p76yMP/Sources/MetalPerformanceShadersGraph/mpsgraph/MetalPerformanceShadersGraph/Core/Files/MPSGraphUtilities.mm":234:0), "ane_validation_message"("Incompatible element type for ANE: expected fp16, f8E4M3, si8, ui8, si16, or ui16":0:0)]): Reached maxReorderingDistance 10
warning: loc(fused["mps_add_23"("(mpsFileLoc): /AppleInternal/Library/BuildRoots/4~CYf0ugAFA2MHVp9fguae4KUVbl8-CIxgGlWKSUA/Library/Caches/com.apple.xbs/TemporaryDirectory.p76yMP/Sources/MetalPerformanceShadersGraph/mpsgraph/MetalPerformanceShadersGraph/Core/Files/MPSGraphUtilities.mm":234:0), "ane_validation_message"("Incompatible element type for ANE: expected fp16, f8E4M3, si8, ui8, si16, or ui16":0:0)]): Reached maxReorderingDistance 10
warning: loc(fused["mps_add_23"("(mpsFileLoc): /AppleInternal/Library/BuildRoots/4~CYf0ugAFA2MHVp9fguae4KUVbl8-CIxgGlWKSUA/Library/Caches/com.apple.xbs/TemporaryDirectory.p76yMP/Sources/MetalPerformanceShadersGraph/mpsgraph/MetalPerformanceShadersGraph/Core/Files/MPSGraphUtilities.mm":234:0), "ane_validation_message"("Incompatible element type for ANE: expected fp16, f8E4M3, si8, ui8, si16, or ui16":0:0)]): Reached maxReorderingDistance 10
warning: loc(fused["mps_add_33"("(mpsFileLoc): /AppleInternal/Library/BuildRoots/4~CYf0ugAFA2MHVp9fguae4KUVbl8-CIxgGlWKSUA/Library/Caches/com.apple.xbs/TemporaryDirectory.p76yMP/Sources/MetalPerformanceShadersGraph/mpsgraph/MetalPerformanceShadersGraph/Core/Files/MPSGraphUtilities.mm":234:0), "ane_validation_message"("Incompatible element type for ANE: expected fp16, f8E4M3, si8, ui8, si16, or ui16":0:0)]): Reached maxReorderingDistance 10
warning: loc(fused["mps_add_33"("(mpsFileLoc): /AppleInternal/Library/BuildRoots/4~CYf0ugAFA2MHVp9fguae4KUVbl8-CIxgGlWKSUA/Library/Caches/com.apple.xbs/TemporaryDirectory.p76yMP/Sources/MetalPerformanceShadersGraph/mpsgraph/MetalPerformanceShadersGraph/Core/Files/MPSGraphUtilities.mm":234:0), "ane_validation_message"("Incompatible element type for ANE: expected fp16, f8E4M3, si8, ui8, si16, or ui16":0:0)]): Reached maxReorderingDistance 10
warning: loc(fused["mps_add_43"("(mpsFileLoc): /AppleInternal/Library/BuildRoots/4~CYf0ugAFA2MHVp9fguae4KUVbl8-CIxgGlWKSUA/Library/Caches/com.apple.xbs/TemporaryDirectory.p76yMP/Sources/MetalPerformanceShadersGraph/mpsgraph/MetalPerformanceShadersGraph/Core/Files/MPSGraphUtilities.mm":234:0), "ane_validation_message"("Incompatible element type for ANE: expected fp16, f8E4M3, si8, ui8, si16, or ui16":0:0)]): Reached maxReorderingDistance 10
e=0 parkedSites=9/10 parkedCh=1040 parked=5 parkedOff=2 parkedBy=value.bn:5/16
[REPLAY] step=850 loss=3.8296 pLoss=2.9790 vLoss=0.8140 pEnt=2.852 pIllM=0.0366 playedP=0.143 pW=0.50 pD=0.07 pL=0.44 vAbs=0.221 pLogitMean=-3.4569 vLogitMean=0.7176 gNorm=0.501 lr=0.85 ms=1291.3 buf=500000 plies=7494593 games=113499 rejected=0 skipped=0 epoch=0 mom=0.8500 lrCyc[pk=1.0e+00,tr=1.0e-03] gNormMax=1.4059 clips=0 gCap=3.1540 trainerStep=850
[LAYER-HEALTH] live trainerStep=850 scope=batch_norm_state_only reluSites=9/10 ch=1040 dead=5 off=1 alwaysOn=0 worst=value.bn(dead 5 off 1 on 0) maxBetaOverGamma=+0.96@policy.pre_bn[108] minBetaOverGamma=-10.63@value.bn[7] rvMaxOverMedian=45.8@stem.bn[74] rezero=none nonFinite=0 parkedSites=9/10 parkedCh=1040 parked=5 parkedOff=1 parkedBy=value.bn:5/16
[REPLAY] step=900 loss=3.9319 pLoss=3.0806 vLoss=0.8076 pEnt=2.876 pIllM=0.0437 playedP=0.125 pW=0.48 pD=0.06 pL=0.46 vAbs=0.193 pLogitMean=-3.8032 vLogitMean=0.7092 gNorm=0.658 lr=0.9 ms=1172.5 buf=500000 plies=7921223 games=119988 rejected=0 skipped=0 epoch=0 mom=0.8500 lrCyc[pk=1.0e+00,tr=1.0e-03] gNormMax=1.2434 clips=0 gCap=3.0183 trainerStep=900
[LAYER-HEALTH] live trainerStep=900 scope=batch_norm_state_only reluSites=9/10 ch=1040 dead=5 off=2 alwaysOn=0 worst=value.bn(dead 5 off 2 on 0) maxBetaOverGamma=+1.01@policy.pre_bn[108] minBetaOverGamma=-10.63@value.bn[7] rvMaxOverMedian=42.0@stem.bn[74] rezero=none nonFinite=0 parkedSites=9/10 parkedCh=1040 parked=5 parkedOff=2 parkedBy=value.bn:5/16
[ALARM] health raise rule=policy_offset_drift severity=warning trainerStep=900 value=medianAbs=3.6035 threshold=medianAbs>=3 action=log lr=0.9 mom=0.85
[REPLAY] step=950 loss=3.7970 pLoss=2.9706 vLoss=0.7947 pEnt=2.890 pIllM=0.0317 playedP=0.140 pW=0.49 pD=0.06 pL=0.46 vAbs=0.190 pLogitMean=-4.2951 vLogitMean=0.6955 gNorm=0.448 lr=0.95 ms=1148.8 buf=500000 plies=8347899 games=126489 rejected=0 skipped=0 epoch=0 mom=0.8500 lrCyc[pk=1.0e+00,tr=1.0e-03] gNormMax=0.8021 clips=0 gCap=2.8913 trainerStep=950
[LAYER-HEALTH] live trainerStep=950 scope=batch_norm_state_only reluSites=9/10 ch=1040 dead=5 off=2 alwaysOn=0 worst=value.bn(dead 5 off 2 on 0) maxBetaOverGamma=+1.07@policy.pre_bn[108] minBetaOverGamma=-10.63@value.bn[7] rvMaxOverMedian=37.1@stem.bn[74] rezero=none nonFinite=0 parkedSites=9/10 parkedCh=1040 parked=5 parkedOff=2 parkedBy=value.bn:5/16
[REPLAY] step=1000 loss=3.8029 pLoss=2.9621 vLoss=0.8127 pEnt=2.874 pIllM=0.0281 playedP=0.139 pW=0.47 pD=0.07 pL=0.46 vAbs=0.186 pLogitMean=-4.5030 vLogitMean=0.6822 gNorm=0.498 lr=1 ms=1150.7 buf=500000 plies=8774530 games=132916 rejected=0 skipped=0 epoch=0 mom=0.8500 lrCyc[pk=1.0e+00,tr=1.0e-03] gNormMax=0.6287 clips=0 gCap=2.7671 trainerStep=1000
[LAYER-HEALTH] live trainerStep=1000 scope=batch_norm_state_only reluSites=9/10 ch=1040 dead=5 off=2 alwaysOn=0 worst=value.bn(dead 5 off 2 on 0) maxBetaOverGamma=+1.09@policy.pre_bn[60] minBetaOverGamma=-10.63@value.bn[7] rvMaxOverMedian=36.7@stem.bn[74] rezero=none nonFinite=0 parkedSites=9/10 parkedCh=1040 parked=5 parkedOff=2 parkedBy=value.bn:5/16
[ALARM] health active rule=dead_channels severity=critical since=300 trainerStep=1000 value=dead=5/1040 sites=value.bn(5/16)
[ALARM] health active rule=policy_offset_drift severity=warning since=900 trainerStep=1000 value=medianAbs=4.4194
[HEALTH] check trainerStep=1000 generation=0 evaluations=20 live=20 checkpoint=0 stale=0 truncated=0 cost_ms=15.3 train_ms=1172329.5 liveReadFailed=0 lossMaxRatio=1.14 lossMedianRatio=0.94 gradMaxRatio=2.14 nodata=loss_spike:5,gradient_spike:5 active=dead_channels:critical,policy_offset_drift:warning dead_channels_sites=value.bn(5/16)
[REPLAY] saved trainer model (autosave) step=1000 trainerStep=1000 nextGame=132916 shard=0 epoch=0 -> 20261007-lrB-relcapV3-replay-latest.safetensors
[LAYER-HEALTH] checkpoint replay-autosave step=1000 trainerStep=1000 scope=all_tensors reluSites=9/10 ch=1040 dead=5 off=2 alwaysOn=0 worst=value.bn(dead 5 off 2 on 0) maxBetaOverGamma=+1.09@policy.pre_bn[60] minBetaOverGamma=-10.63@value.bn[7] rvMaxOverMedian=36.7@stem.bn[74] rezero=none nonFinite=0[ALARM] health raise rule=value_fc1_zero_velocity severity=warning trainerStep=1000 value=zero=10/128 threshold=zero>=0.05 action=log lr=-- mom=--
 parkedSites=9/10 parkedCh=1040 parked=5 parkedOff=2 parkedBy=value.bn:5/16 seZeroVel=none valueFC1ZeroVel=10/128 maxAbs=32.92@blocks.0.bn2.running_var
[LAYER-HEALTH]   batch-norm sites — β/|γ|: dead < -3.00, mostly off < -2.00, always on > +3.00; classified for relu/leaky_relu only
[LAYER-HEALTH]     site            act            ch   dead    off     on  zeroγ nonfin  min β/|γ| [ch]     max β/|γ| [ch]     rv max/median [ch]
[LAYER-HEALTH]     stem.bn         -             128    n/a    n/a    n/a      0      0     -0.13 [69]         +0.08 [26]           36.7 [74]
[LAYER-HEALTH]     blocks.0.bn1    relu          128      0      0      0      0      0     -0.29 [62]         +0.16 [18]            1.8 [31]
[LAYER-HEALTH]     blocks.0.bn2    relu          128      0      0      0      0      0     -0.48 [126]        -0.08 [41]           12.4 [96]
[LAYER-HEALTH]     blocks.1.bn1    relu          128      0      0      0      0      0     -0.27 [76]         +0.16 [31]            4.6 [31]
[LAYER-HEALTH]     blocks.1.bn2    relu          128      0      0      0      0      0     -0.62 [20]         -0.11 [110]           3.3 [73]
[LAYER-HEALTH]     blocks.2.bn1    relu          128      0      0      0      0      0     -0.41 [11]         +0.17 [31]            5.8 [31]
[LAYER-HEALTH]     blocks.2.bn2    relu          128      0      0      0      0      0     -0.55 [73]         -0.14 [30]            1.8 [26]
[LAYER-HEALTH]     tower_final_bn  relu          128      0      0      0      0      0     -0.21 [58]         +0.66 [31]            3.9 [75]
[LAYER-HEALTH]     policy.pre_bn   relu          128      0      0      0      0      0     -0.83 [26]         +1.09 [60]            2.8 [60]
[LAYER-HEALTH]     value.bn        relu           16      5      2      0      0      0    -10.63 [7]          -0.57 [10]            2.2 [8]
[LAYER-HEALTH]   parked channels — every activation: pass-through P = E|f'(γz+β)|, z ~ N(0,1); parked when P above its floor < 0.00135 of the range (Φ(-3)), mostly off < 0.02275 (Φ(-2)); equals dead / off for relu/leaky_relu
[LAYER-HEALTH]     site            act            ch parked    off       min P   median P
[LAYER-HEALTH]     blocks.0.bn1    relu          128      0      0    0.384868   0.486682
[LAYER-HEALTH]     blocks.0.bn2    relu          128      0      0    0.314373   0.401835
[LAYER-HEALTH]     blocks.1.bn1    relu          128      0      0    0.392832   0.476196
[LAYER-HEALTH]     blocks.1.bn2    relu          128      0      0    0.268760   0.418141
[LAYER-HEALTH]     blocks.2.bn1    relu          128      0      0    0.339307   0.423460
[LAYER-HEALTH]     blocks.2.bn2    relu          128      0      0    0.292573   0.395981
[LAYER-HEALTH]     tower_final_bn  relu          128      0      0    0.417092   0.547121
[LAYER-HEALTH]     policy.pre_bn   relu          128      0      0    0.201946   0.486637
[LAYER-HEALTH]     value.bn        relu           16      5      2    0.000000   0.054218
[LAYER-HEALTH]   FC hidden-unit velocity — zero: every weight-velocity entry exactly 0; low: nonzero but < 5% of the layer's p90 unit norm
[LAYER-HEALTH]     value.fc1.weight  relu  units 128  zero 10 [10,18,28,29,36,49,54,60,119,123]  low 17  median unit norm 0.001649
[LAYER-HEALTH]     (no SE blocks)
[LAYER-HEALTH]   ReZero: none
[LAYER-HEALTH]   non-finite: 0 values in 0 of 102 tensors (10263038 values examined)
[LAYER-HEALTH]   largest |value|: blocks.0.bn2.running_var 32.92, blocks.1.bn2.running_var 7.774, policy.pre_bn.running_var 6.562, blocks.2.bn2.running_var 6.041, blocks.0.bn2.running_mean 5.717
[ALARM] health raise rule=value_fc1_zero_velocity severity=warning trainerStep=1000 value=zero=10/128 threshold=zero>=0.05 action=log lr=-- mom=--
[REPLAY] enumerated checkpoint -> 20261007-lrB-relcapV3-replay-step1000.safetensors
[REPLAY] step=1120 loss=3.7584 pLoss=2.9005 vLoss=0.8334 pEnt=2.904 pIllM=0.0245 playedP=0.140 pW=0.46 pD=0.06 pL=0.48 vAbs=0.204 pLogitMean=-5.1560 vLogitMean=0.6770 gNorm=0.470 lr=0.99 ms=1137.0 buf=500000 plies=9798572 games=148534 rejected=0 skipped=0 epoch=0 mom=0.8501 lrCyc[pk=1.0e+00,tr=1.0e-03] gNormMax=0.9195 clips=0 gCap=2.3827 trainerStep=1120
[LAYER-HEALTH] live trainerStep=1120 scope=batch_norm_state_only reluSites=9/10 ch=1040 dead=5 off=2 alwaysOn=0 worst=value.bn(dead 5 off 2 on 0) maxBetaOverGamma=+1.20@policy.pre_bn[60] minBetaOverGamma=-10.63@value.bn[7] rvMaxOverMedian=29.8@stem.bn[74] rezero=none nonFinite=0 parkedSites=9/10 parkedCh=1040 parked=5 parkedOff=2 parkedBy=value.bn:5/16
[REPLAY] step=1240 loss=3.7542 pLoss=2.9150 vLoss=0.8202 pEnt=2.909 pIllM=0.0190 playedP=0.143 pW=0.46 pD=0.07 pL=0.47 vAbs=0.207 pLogitMean=-5.6281 vLogitMean=0.6715 gNorm=0.450 lr=0.961 ms=1144.5 buf=500000 plies=10822484 games=164173 rejected=0 skipped=0 epoch=0 mom=0.8506 lrCyc[pk=1.0e+00,tr=1.0e-03] gNormMax=0.7258 clips=0 gCap=2.0836 trainerStep=1240
[LAYER-HEALTH] live trainerStep=1240 scope=batch_norm_state_only reluSites=9/10 ch=1040 dead=5 off=2 alwaysOn=0 worst=value.bn(dead 5 off 2 on 0) maxBetaOverGamma=+1.28@policy.pre_bn[60] minBetaOverGamma=-10.63@value.bn[7] rvMaxOverMedian=32.6@stem.bn[102] rezero=none nonFinite=0 parkedSites=9/10 parkedCh=1040 parked=5 parkedOff=2 parkedBy=value.bn:5/16
[ALARM] health worsen rule=dead_channels severity=critical trainerStep=1300 value=dead=6/1040 was=5 sites=value.bn(6/16)
[REPLAY] step=1360 loss=3.7522 pLoss=2.9197 vLoss=0.8118 pEnt=2.802 pIllM=0.0206 playedP=0.156 pW=0.49 pD=0.07 pL=0.45 vAbs=0.208 pLogitMean=-5.8957 vLogitMean=0.6686 gNorm=0.565 lr=0.915 ms=1169.8 buf=500000 plies=11846442 games=179583 rejected=0 skipped=0 epoch=0 mom=0.8513 lrCyc[pk=1.0e+00,tr=1.0e-03] gNormMax=0.7598 clips=0 gCap=1.7781 trainerStep=1360
[LAYER-HEALTH] live trainerStep=1360 scope=batch_norm_state_only reluSites=9/10 ch=1040 dead=6 off=1 alwaysOn=0 worst=value.bn(dead 6 off 1 on 0) maxBetaOverGamma=+1.36@policy.pre_bn[60] minBetaOverGamma=-10.63@value.bn[7] rvMaxOverMedian=77.1@stem.bn[102] rezero=none nonFinite=0 parkedSites=9/10 parkedCh=1040 parked=6 parkedOff=1 parkedBy=value.bn:6/16
[REPLAY] step=1480 loss=3.7221 pLoss=2.8947 vLoss=0.8128 pEnt=2.907 pIllM=0.0146 playedP=0.144 pW=0.51 pD=0.06 pL=0.43 vAbs=0.229 pLogitMean=-6.1750 vLogitMean=0.6730 gNorm=0.405 lr=0.855 ms=1144.0 buf=500000 plies=12870451 games=195047 rejected=0 skipped=0 epoch=0 mom=0.8523 lrCyc[pk=1.0e+00,tr=1.0e-03] gNormMax=0.5699 clips=0 gCap=1.5684 trainerStep=1480
[LAYER-HEALTH] live trainerStep=1480 scope=batch_norm_state_only reluSites=9/10 ch=1040 dead=6 off=1 alwaysOn=0 worst=value.bn(dead 6 off 1 on 0) maxBetaOverGamma=+1.46@policy.pre_bn[60] minBetaOverGamma=-10.63@value.bn[7] rvMaxOverMedian=73.8@stem.bn[102] rezero=none nonFinite=0 parkedSites=9/10 parkedCh=1040 parked=6 parkedOff=1 parkedBy=value.bn:6/16
[REPLAY] step=1600 loss=3.6582 pLoss=2.8346 vLoss=0.8097 pEnt=2.881 pIllM=0.0139 playedP=0.149 pW=0.45 pD=0.06 pL=0.49 vAbs=0.203 pLogitMean=-6.3948 vLogitMean=0.6596 gNorm=0.314 lr=0.784 ms=1141.6 buf=500000 plies=13894401 games=210364 rejected=0 skipped=0 epoch=0 mom=0.8535 lrCyc[pk=1.0e+00,tr=1.0e-03] gNormMax=0.5170 clips=0 gCap=1.4285 trainerStep=1600
[LAYER-HEALTH] live trainerStep=1600 scope=batch_norm_state_only reluSites=9/10 ch=1040 dead=6 off=1 alwaysOn=0 worst=value.bn(dead 6 off 1 on 0) maxBetaOverGamma=+1.50@policy.pre_bn[60] minBetaOverGamma=-10.63@value.bn[7] rvMaxOverMedian=62.1@stem.bn[102] rezero=none nonFinite=0 parkedSites=9/10 parkedCh=1040 parked=6 parkedOff=1 parkedBy=value.bn:6/16
[REPLAY] step=1720 loss=3.6558 pLoss=2.8562 vLoss=0.7881 pEnt=2.882 pIllM=0.0114 playedP=0.156 pW=0.47 pD=0.07 pL=0.46 vAbs=0.225 pLogitMean=-6.5256 vLogitMean=0.6730 gNorm=0.352 lr=0.706 ms=1128.3 buf=500000 plies=14918327 games=225818 rejected=0 skipped=0 epoch=0 mom=0.8550 lrCyc[pk=1.0e+00,tr=1.0e-03] gNormMax=0.4868 clips=0 gCap=1.3209 trainerStep=1720
[LAYER-HEALTH] live trainerStep=1720 scope=batch_norm_state_only reluSites=9/10 ch=1040 dead=6 off=1 alwaysOn=0 worst=value.bn(dead 6 off 1 on 0) maxBetaOverGamma=+1.63@policy.pre_bn[60] minBetaOverGamma=-10.63@value.bn[7] rvMaxOverMedian=47.3@stem.bn[102] rezero=none nonFinite=0 parkedSites=9/10 parkedCh=1040 parked=6 parkedOff=1 parkedBy=value.bn:6/16
[REPLAY] step=1840 loss=3.6091 pLoss=2.7917 vLoss=0.8061 pEnt=2.896 pIllM=0.0113 playedP=0.154 pW=0.45 pD=0.06 pL=0.49 vAbs=0.216 pLogitMean=-6.6303 vLogitMean=0.6514 gNorm=0.391 lr=0.625 ms=1310.6 buf=500000 plies=15942327 games=241443 rejected=0 skipped=0 epoch=0 mom=0.8568 lrCyc[pk=1.0e+00,tr=1.0e-03] gNormMax=0.4491 clips=0 gCap=1.2360 trainerStep=1840
[LAYER-HEALTH] live trainerStep=1840 scope=batch_norm_state_only reluSites=9/10 ch=1040 dead=6 off=1 alwaysOn=0 worst=value.bn(dead 6 off 1 on 0) maxBetaOverGamma=+1.57@policy.pre_bn[60] minBetaOverGamma=-10.63@value.bn[7] rvMaxOverMedian=36.7@stem.bn[102] rezero=none nonFinite=0 parkedSites=9/10 parkedCh=1040 parked=6 parkedOff=1 parkedBy=value.bn:6/16
[REPLAY] step=1960 loss=3.6861 pLoss=2.8683 vLoss=0.8078 pEnt=2.896 pIllM=0.0100 playedP=0.152 pW=0.49 pD=0.07 pL=0.44 vAbs=0.213 pLogitMean=-6.7043 vLogitMean=0.6535 gNorm=0.318 lr=0.543 ms=1230.1 buf=500000 plies=16966205 games=257056 rejected=0 skipped=0 epoch=0 mom=0.8588 lrCyc[pk=1.0e+00,tr=1.0e-03] gNormMax=0.4074 clips=0 gCap=1.1670 trainerStep=1960
[LAYER-HEALTH] live trainerStep=1960 scope=batch_norm_state_only reluSites=9/10 ch=1040 dead=6 off=1 alwaysOn=0 worst=value.bn(dead 6 off 1 on 0) maxBetaOverGamma=+1.61@policy.pre_bn[60] minBetaOverGamma=-10.63@value.bn[7] rvMaxOverMedian=27.1@stem.bn[102] rezero=none nonFinite=0 parkedSites=9/10 parkedCh=1040 parked=6 parkedOff=1 parkedBy=value.bn:6/16
[REPLAY] step=2000 loss=3.6113 pLoss=2.8015 vLoss=0.7985 pEnt=2.900 pIllM=0.0113 playedP=0.152 pW=0.47 pD=0.06 pL=0.46 vAbs=0.219 pLogitMean=-6.7147 vLogitMean=0.6555 gNorm=0.342 lr=0.517 ms=1147.8 buf=500000 plies=17307559 games=262256 rejected=0 skipped=0 epoch=0 mom=0.8596 lrCyc[pk=1.0e+00,tr=1.0e-03] gNormMax=0.3719 clips=0 gCap=1.1523 trainerStep=2000
[LAYER-HEALTH] live trainerStep=2000 scope=batch_norm_state_only reluSites=9/10 ch=1040 dead=6 off=1 alwaysOn=0 worst=value.bn(dead 6 off 1 on 0) maxBetaOverGamma=+1.67@policy.pre_bn[60] minBetaOverGamma=-10.63@value.bn[7] rvMaxOverMedian=24.5@stem.bn[102] rezero=none nonFinite=0 parkedSites=9/10 parkedCh=1040 parked=6 parkedOff=1 parkedBy=value.bn:6/16
[ALARM] health active rule=dead_channels severity=critical since=300 trainerStep=2000 value=dead=6/1040 sites=value.bn(6/16)
[ALARM] health active rule=value_fc1_zero_velocity severity=warning since=1000 trainerStep=2000 value=zero=10/128
[ALARM] health active rule=policy_offset_drift severity=warning since=900 trainerStep=2000 value=medianAbs=6.7147
[HEALTH] check trainerStep=2000 generation=0 evaluations=21 live=20 checkpoint=1 stale=0 truncated=0 cost_ms=30.4 train_ms=1161739.8 liveReadFailed=0 lossMaxRatio=1.00 lossMedianRatio=0.98 gradMaxRatio=1.12 nodata=none active=dead_channels:critical,value_fc1_zero_velocity:warning,policy_offset_drift:warning dead_channels_sites=value.bn(6/16)
[REPLAY] saved trainer model (autosave) step=2000 trainerStep=2000 nextGame=262256 shard=0 epoch=0 -> 20261007-lrB-relcapV3-replay-latest.safetensors
[LAYER-HEALTH] checkpoint replay-autosave step=2000 trainerStep=2000 scope=all_tensors reluSites=9/10 ch=1040 dead=6 off=1 alwaysOn=0 worst=value.bn(dead 6 off 1 on 0) maxBetaOverGamma=+1.67@policy.pre_bn[60] minBetaOverGamma=-10.63@value.bn[7] rvMaxOverMedian=24.5@stem.bn[102] rezero=none nonFinite=0 parkedSites=9/10 parkedCh=1040 parked=6 parkedOff=1 parkedBy=value.bn:6/16 seZeroVel=none valueFC1ZeroVel=6/128 maxAbs=32.43@blocks.0.bn2.running_var
[LAYER-HEALTH]   batch-norm sites — β/|γ|: dead < -3.00, mostly off < -2.00, always on > +3.00; classified for relu/leaky_relu only
[LAYER-HEALTH]     site            act            ch   dead    off     on  zeroγ nonfin  min β/|γ| [ch]     max β/|γ| [ch]     rv max/median [ch]
[LAYER-HEALTH]     stem.bn         -             128    n/a    n/a    n/a      0      0     -0.25 [40]         +0.13 [26]           24.5 [102]
[LAYER-HEALTH]     blocks.0.bn1    relu          128      0      0      0      0      0     -0.50 [62]         +0.21 [18]            2.3 [31]
[LAYER-HEALTH]     blocks.0.bn2    relu          128      0      0      0      0      0     -0.97 [53]         -0.17 [58]           10.5 [96]
[LAYER-HEALTH]     blocks.1.bn1    relu          128      0      0      0      0      0     -0.60 [11]         +0.11 [31]            8.1 [31]
[LAYER-HEALTH]     blocks.1.bn2    relu          128      0      0      0      0      0     -0.92 [29]         -0.25 [110]           2.7 [20]
[LAYER-HEALTH]     blocks.2.bn1    relu          128      0      0      0      0      0     -0.88 [40]         +0.26 [31]            8.4 [31]
[LAYER-HEALTH]     blocks.2.bn2    relu          128      0      0      0      0      0     -1.14 [85]         -0.18 [127]           2.8 [119]
[LAYER-HEALTH]     tower_final_bn  relu          128      0      0      0      0      0     -0.24 [58]         +0.74 [96]            4.0 [75]
[LAYER-HEALTH]     policy.pre_bn   relu          128      0      0      0      0      0     -0.77 [26]         +1.67 [60]            2.6 [66]
[LAYER-HEALTH]     value.bn        relu           16      6      1      0      0      0    -10.63 [7]          -0.69 [10]            3.5 [14]
[LAYER-HEALTH]   parked channels — every activation: pass-through P = E|f'(γz+β)|, z ~ N(0,1); parked when P above its floor < 0.00135 of the range (Φ(-3)), mostly off < 0.02275 (Φ(-2)); equals dead / off for relu/leaky_relu
[LAYER-HEALTH]     site            act            ch parked    off       min P   median P
[LAYER-HEALTH]     blocks.0.bn1    relu          128      0      0    0.309449   0.463082
[LAYER-HEALTH]     blocks.0.bn2    relu          128      0      0    0.166702   0.337489
[LAYER-HEALTH]     blocks.1.bn1    relu          128      0      0    0.275558   0.425804
[LAYER-HEALTH]     blocks.1.bn2    relu          128      0      0    0.178174   0.349124
[LAYER-HEALTH]     blocks.2.bn1    relu          128      0      0    0.188887   0.343267
[LAYER-HEALTH]     blocks.2.bn2    relu          128      0      0    0.127730   0.359833
[LAYER-HEALTH]     tower_final_bn  relu          128      0      0    0.404796   0.554852
[LAYER-HEALTH]     policy.pre_bn   relu          128      0      0    0.219529   0.536197
[LAYER-HEALTH]     value.bn        relu           16      6      1    0.000000   0.055975
[LAYER-HEALTH]   FC hidden-unit velocity — zero: every weight-velocity entry exactly 0; low: nonzero but < 5% of the layer's p90 unit norm
[LAYER-HEALTH]     value.fc1.weight  relu  units 128  zero 6 [28,29,36,60,119,123]  low 27  median unit norm 0.002677
[LAYER-HEALTH]     (no SE blocks)
[LAYER-HEALTH]   ReZero: none
[LAYER-HEALTH]   non-finite: 0 values in 0 of 102 tensors (10263038 values examined)
[LAYER-HEALTH]   largest |value|: blocks.0.bn2.running_var 32.43, blocks.2.bn2.running_var 7.37, blocks.0.bn2.running_mean 7.231, blocks.1.bn2.running_var 6.861, policy.pre_bn.running_var 6.719
[REPLAY] enumerated checkpoint -> 20261007-lrB-relcapV3-replay-step2000.safetensors
[REPLAY] step=2120 loss=3.6905 pLoss=2.8663 vLoss=0.8158 pEnt=2.901 pIllM=0.0084 playedP=0.155 pW=0.47 pD=0.06 pL=0.46 vAbs=0.197 pLogitMean=-6.7889 vLogitMean=0.6575 gNorm=0.329 lr=0.44 ms=1142.8 buf=500000 plies=18331488 games=277887 rejected=0 skipped=0 epoch=0 mom=0.8619 lrCyc[pk=1.0e+00,tr=1.0e-03] gNormMax=0.4037 clips=0 gCap=1.1039 trainerStep=2120
[LAYER-HEALTH] live trainerStep=2120 scope=batch_norm_state_only reluSites=9/10 ch=1040 dead=6 off=1 alwaysOn=0 worst=value.bn(dead 6 off 1 on 0) maxBetaOverGamma=+1.61@policy.pre_bn[60] minBetaOverGamma=-10.63@value.bn[7] rvMaxOverMedian=18.3@stem.bn[102] rezero=none nonFinite=0 parkedSites=9/10 parkedCh=1040 parked=6 parkedOff=1 parkedBy=value.bn:6/16
[REPLAY] step=2240 loss=3.6633 pLoss=2.8354 vLoss=0.8198 pEnt=2.902 pIllM=0.0081 playedP=0.155 pW=0.49 pD=0.06 pL=0.45 vAbs=0.220 pLogitMean=-6.8183 vLogitMean=0.6626 gNorm=0.304 lr=0.369 ms=1342.2 buf=500000 plies=19355446 games=293383 rejected=0 skipped=0 epoch=0 mom=0.8644 lrCyc[pk=1.0e+00,tr=1.0e-03] gNormMax=0.3797 clips=0 gCap=1.0703 trainerStep=2240
[LAYER-HEALTH] live trainerStep=2240 scope=batch_norm_state_only reluSites=9/10 ch=1040 dead=6 off=1 alwaysOn=0 worst=value.bn(dead 6 off 1 on 0) maxBetaOverGamma=+1.63@policy.pre_bn[60] minBetaOverGamma=-10.63@value.bn[7] rvMaxOverMedian=13.2@stem.bn[102] rezero=none nonFinite=0 parkedSites=9/10 parkedCh=1040 parked=6 parkedOff=1 parkedBy=value.bn:6/16
[REPLAY] step=2360 loss=3.6624 pLoss=2.8501 vLoss=0.8043 pEnt=2.904 pIllM=0.0080 playedP=0.157 pW=0.48 pD=0.06 pL=0.46 vAbs=0.208 pLogitMean=-6.8414 vLogitMean=0.6652 gNorm=0.315 lr=0.305 ms=1150.5 buf=500000 plies=20379401 games=308833 rejected=0 skipped=0 epoch=0 mom=0.8672 lrCyc[pk=1.0e+00,tr=1.0e-03] gNormMax=0.3854 clips=0 gCap=1.0403 trainerStep=2360
[LAYER-HEALTH] live trainerStep=2360 scope=batch_norm_state_only reluSites=9/10 ch=1040 dead=6 off=0 alwaysOn=0 worst=value.bn(dead 6 off 0 on 0) maxBetaOverGamma=+1.70@policy.pre_bn[60] minBetaOverGamma=-10.63@value.bn[7] rvMaxOverMedian=9.5@blocks.0.bn2[96] rezero=none nonFinite=0 parkedSites=9/10 parkedCh=1040 parked=6 parkedOff=0 parkedBy=value.bn:6/16
[REPLAY] step=2480 loss=3.5910 pLoss=2.7677 vLoss=0.8154 pEnt=2.890 pIllM=0.0078 playedP=0.159 pW=0.46 pD=0.06 pL=0.48 vAbs=0.230 pLogitMean=-6.8467 vLogitMean=0.6702 gNorm=0.318 lr=0.249 ms=1159.6 buf=500000 plies=21403376 games=324454 rejected=0 skipped=0 epoch=0 mom=0.8701 lrCyc[pk=1.0e+00,tr=1.0e-03] gNormMax=0.4058 clips=0 gCap=1.0148 trainerStep=2480
[LAYER-HEALTH] live trainerStep=2480 scope=batch_norm_state_only reluSites=9/10 ch=1040 dead=6 off=0 alwaysOn=0 worst=value.bn(dead 6 off 0 on 0) maxBetaOverGamma=+1.62@policy.pre_bn[60] minBetaOverGamma=-10.63@value.bn[7] rvMaxOverMedian=9.7@blocks.0.bn2[96] rezero=none nonFinite=0 parkedSites=9/10 parkedCh=1040 parked=6 parkedOff=0 parkedBy=value.bn:6/16
[REPLAY] step=2600 loss=3.6587 pLoss=2.8571 vLoss=0.7951 pEnt=2.907 pIllM=0.0065 playedP=0.157 pW=0.49 pD=0.06 pL=0.45 vAbs=0.213 pLogitMean=-6.8664 vLogitMean=0.6608 gNorm=0.345 lr=0.201 ms=1146.4 buf=500000 plies=22427360 games=340111 rejected=0 skipped=0 epoch=0 mom=0.8732 lrCyc[pk=1.0e+00,tr=1.0e-03] gNormMax=0.3622 clips=0 gCap=0.9925 trainerStep=2600
[LAYER-HEALTH] live trainerStep=2600 scope=batch_norm_state_only reluSites=9/10 ch=1040 dead=6 off=0 alwaysOn=0 worst=value.bn(dead 6 off 0 on 0) maxBetaOverGamma=+1.72@policy.pre_bn[60] minBetaOverGamma=-10.63@value.bn[7] rvMaxOverMedian=9.3@blocks.0.bn2[96] rezero=none nonFinite=0 parkedSites=9/10 parkedCh=1040 parked=6 parkedOff=0 parkedBy=value.bn:6/16
[REPLAY] step=2720 loss=3.6008 pLoss=2.7960 vLoss=0.7983 pEnt=2.891 pIllM=0.0065 playedP=0.158 pW=0.47 pD=0.06 pL=0.47 vAbs=0.204 pLogitMean=-6.8778 vLogitMean=0.6594 gNorm=0.285 lr=0.16 ms=1146.6 buf=500000 plies=23451342 games=355646 rejected=0 skipped=0 epoch=0 mom=0.8765 lrCyc[pk=1.0e+00,tr=1.0e-03] gNormMax=0.3627 clips=0 gCap=0.9764 trainerStep=2720
[LAYER-HEALTH] live trainerStep=2720 scope=batch_norm_state_only reluSites=9/10 ch=1040 dead=6 off=0 alwaysOn=0 worst=value.bn(dead 6 off 0 on 0) maxBetaOverGamma=+1.70@policy.pre_bn[60] minBetaOverGamma=-10.63@value.bn[7] rvMaxOverMedian=9.3@blocks.0.bn2[96] rezero=none nonFinite=0 parkedSites=9/10 parkedCh=1040 parked=6 parkedOff=0 parkedBy=value.bn:6/16
[REPLAY] step=2840 loss=3.5693 pLoss=2.7704 vLoss=0.7928 pEnt=2.891 pIllM=0.0060 playedP=0.161 pW=0.47 pD=0.06 pL=0.47 vAbs=0.235 pLogitMean=-6.8740 vLogitMean=0.6659 gNorm=0.333 lr=0.127 ms=1331.9 buf=500000 plies=24475244 games=371280 rejected=0 skipped=0 epoch=0 mom=0.8799 lrCyc[pk=1.0e+00,tr=1.0e-03] gNormMax=0.3475 clips=0 gCap=0.9596 trainerStep=2840
[LAYER-HEALTH] live trainerStep=2840 scope=batch_norm_state_only reluSites=9/10 ch=1040 dead=6 off=0 alwaysOn=0 worst=value.bn(dead 6 off 0 on 0) maxBetaOverGamma=+1.73@policy.pre_bn[60] minBetaOverGamma=-10.63@value.bn[7] rvMaxOverMedian=9.6@blocks.0.bn2[96] rezero=none nonFinite=0 parkedSites=9/10 parkedCh=1040 parked=6 parkedOff=0 parkedBy=value.bn:6/16
[REPLAY] step=2960 loss=3.5912 pLoss=2.7856 vLoss=0.7996 pEnt=2.892 pIllM=0.0061 playedP=0.159 pW=0.48 pD=0.06 pL=0.46 vAbs=0.222 pLogitMean=-6.8731 vLogitMean=0.6633 gNorm=0.307 lr=0.0997 ms=1163.5 buf=500000 plies=25499204 games=386830 rejected=0 skipped=0 epoch=0 mom=0.8834 lrCyc[pk=1.0e+00,tr=1.0e-03] gNormMax=0.3471 clips=0 gCap=0.9480 trainerStep=2960
[LAYER-HEALTH] live trainerStep=2960 scope=batch_norm_state_only reluSites=9/10 ch=1040 dead=6 off=0 alwaysOn=0 worst=value.bn(dead 6 off 0 on 0) maxBetaOverGamma=+1.72@policy.pre_bn[60] minBetaOverGamma=-10.63@value.bn[7] rvMaxOverMedian=9.2@blocks.0.bn2[96] rezero=none nonFinite=0 parkedSites=9/10 parkedCh=1040 parked=6 parkedOff=0 parkedBy=value.bn:6/16
[REPLAY] step=3000 loss=3.5951 pLoss=2.7944 vLoss=0.7956 pEnt=2.897 pIllM=0.0052 playedP=0.163 pW=0.46 pD=0.05 pL=0.48 vAbs=0.210 pLogitMean=-6.8713 vLogitMean=0.6611 gNorm=0.293 lr=0.0918 ms=1097.2 buf=500000 plies=25840570 games=392016 rejected=0 skipped=0 epoch=0 mom=0.8846 lrCyc[pk=1.0e+00,tr=1.0e-03] gNormMax=0.3315 clips=0 gCap=0.9429 trainerStep=3000
[LAYER-HEALTH] live trainerStep=3000 scope=batch_norm_state_only reluSites=9/10 ch=1040 dead=6 off=0 alwaysOn=0 worst=value.bn(dead 6 off 0 on 0) maxBetaOverGamma=+1.66@policy.pre_bn[60] minBetaOverGamma=-10.63@value.bn[7] rvMaxOverMedian=9.1@blocks.0.bn2[96] rezero=none nonFinite=0 parkedSites=9/10 parkedCh=1040 parked=6 parkedOff=0 parkedBy=value.bn:6/16
[ALARM] health active rule=dead_channels severity=critical since=300 trainerStep=3000 value=dead=6/1040 sites=value.bn(6/16)
[ALARM] health active rule=value_fc1_zero_velocity severity=warning since=1000 trainerStep=3000 value=zero=6/128
[ALARM] health active rule=policy_offset_drift severity=warning since=900 trainerStep=3000 value=medianAbs=6.8731
[HEALTH] check trainerStep=3000 generation=0 evaluations=21 live=20 checkpoint=1 stale=0 truncated=0 cost_ms=29.3 train_ms=1167335.8 liveReadFailed=0 lossMaxRatio=1.01 lossMedianRatio=1.00 gradMaxRatio=1.18 nodata=none active=dead_channels:critical,value_fc1_zero_velocity:warning,policy_offset_drift:warning dead_channels_sites=value.bn(6/16)
[REPLAY] saved trainer model (autosave) step=3000 trainerStep=3000 nextGame=392016 shard=0 epoch=0 -> 20261007-lrB-relcapV3-replay-latest.safetensors
[LAYER-HEALTH] checkpoint replay-autosave step=3000 trainerStep=3000 scope=all_tensors reluSites=9/10 ch=1040 dead=6 off=0 alwaysOn=0 worst=value.bn(dead 6 off 0 on 0) maxBetaOverGamma=+1.66@policy.pre_bn[60] minBetaOverGamma=-10.63@value.bn[7] rvMaxOverMedian=9.1@blocks.0.bn2[96] rezero=none nonFinite=0 parkedSites=9/10 parkedCh=1040 parked=6 parkedOff=0 parkedBy=value.bn:6/16 seZeroVel=none valueFC1ZeroVel=10/128 maxAbs=26.75@blocks.0.bn2.running_var
[LAYER-HEALTH]   batch-norm sites — β/|γ|: dead < -3.00, mostly off < -2.00, always on > +3.00; classified for relu/leaky_relu only
[LAYER-HEALTH]     site            act            ch   dead    off     on  zeroγ nonfin  min β/|γ| [ch]     max β/|γ| [ch]     rv max/median [ch]
[LAYER-HEALTH]     stem.bn         -             128    n/a    n/a    n/a      0      0     -0.28 [40]         +0.14 [26]            8.2 [74]
[LAYER-HEALTH]     blocks.0.bn1    relu          128      0      0      0      0      0     -0.54 [62]         +0.25 [18]            2.4 [31]
[LAYER-HEALTH]     blocks.0.bn2    relu          128      0      0      0      0      0     -1.05 [53]         -0.15 [49]            9.1 [96]
[LAYER-HEALTH]     blocks.1.bn1    relu          128      0      0      0      0      0     -0.66 [107]        +0.08 [31]            8.6 [31]
[LAYER-HEALTH]     blocks.1.bn2    relu          128      0      0      0      0      0     -0.98 [29]         -0.25 [57]            2.5 [73]
[LAYER-HEALTH]     blocks.2.bn1    relu          128      0      0      0      0      0     -1.00 [40]         +0.31 [31]            8.8 [31]
[LAYER-HEALTH]     blocks.2.bn2    relu          128      0      0      0      0      0     -1.16 [85]         -0.14 [127]           2.8 [119]
[LAYER-HEALTH]     tower_final_bn  relu          128      0      0      0      0      0     -0.25 [58]         +0.84 [96]            4.4 [75]
[LAYER-HEALTH]     policy.pre_bn   relu          128      0      0      0      0      0     -0.73 [26]         +1.66 [60]            2.8 [66]
[LAYER-HEALTH]     value.bn        relu           16      6      0      0      0      0    -10.63 [7]          -0.71 [10]            3.7 [14]
[LAYER-HEALTH]   parked channels — every activation: pass-through P = E|f'(γz+β)|, z ~ N(0,1); parked when P above its floor < 0.00135 of the range (Φ(-3)), mostly off < 0.02275 (Φ(-2)); equals dead / off for relu/leaky_relu
[LAYER-HEALTH]     site            act            ch parked    off       min P   median P
[LAYER-HEALTH]     blocks.0.bn1    relu          128      0      0    0.294107   0.460266
[LAYER-HEALTH]     blocks.0.bn2    relu          128      0      0    0.146255   0.340619
[LAYER-HEALTH]     blocks.1.bn1    relu          128      0      0    0.255667   0.418888
[LAYER-HEALTH]     blocks.1.bn2    relu          128      0      0    0.164491   0.341806
[LAYER-HEALTH]     blocks.2.bn1    relu          128      0      0    0.159816   0.328494
[LAYER-HEALTH]     blocks.2.bn2    relu          128      0      0    0.122463   0.368407
[LAYER-HEALTH]     tower_final_bn  relu          128      0      0    0.400712   0.562040
[LAYER-HEALTH]     policy.pre_bn   relu          128      0      0    0.232725   0.569276
[LAYER-HEALTH]     value.bn        relu           16      6      0    0.000000   0.060450
[LAYER-HEALTH]   FC hidden-unit velocity — zero: every weight-velocity entry exactly 0; low: nonzero but < 5% of the layer's p90 unit norm
[LAYER-HEALTH]     value.fc1.weight  relu  units 128  zero 10 [18,28,29,36,49,54,60,91,119,123]  low 25  median unit norm 0.002355
[LAYER-HEALTH]     (no SE blocks)
[LAYER-HEALTH]   ReZero: none
[LAYER-HEALTH]   non-finite: 0 values in 0 of 102 tensors (10263038 values examined)
[LAYER-HEALTH]   largest |value|: blocks.0.bn2.running_var 26.75, blocks.0.bn2.running_mean 7.099, policy.pre_bn.running_var 6.065, blocks.2.bn2.running_var 5.68, blocks.1.bn2.running_var 5.455
[REPLAY] enumerated checkpoint -> 20261007-lrB-relcapV3-replay-step3000.safetensors
[REPLAY] saved trainer model (final) step=3000 trainerStep=3000 nextGame=392016 shard=0 epoch=0 -> 20261007-lrB-relcapV3-replay-latest.safetensors
[LAYER-HEALTH] checkpoint replay-final step=3000 trainerStep=3000 scope=all_tensors reluSites=9/10 ch=1040 dead=6 off=0 alwaysOn=0 worst=value.bn(dead 6 off 0 on 0) maxBetaOverGamma=+1.66@policy.pre_bn[60] minBetaOverGamma=-10.63@value.bn[7] rvMaxOverMedian=9.1@blocks.0.bn2[96] rezero=none nonFinite=0 parkedSites=9/10 parkedCh=1040 parked=6 parkedOff=0 parkedBy=value.bn:6/16 seZeroVel=none valueFC1ZeroVel=10/128 maxAbs=26.75@blocks.0.bn2.running_var
[LAYER-HEALTH]   batch-norm sites — β/|γ|: dead < -3.00, mostly off < -2.00, always on > +3.00; classified for relu/leaky_relu only
[LAYER-HEALTH]     site            act            ch   dead    off     on  zeroγ nonfin  min β/|γ| [ch]     max β/|γ| [ch]     rv max/median [ch]
[LAYER-HEALTH]     stem.bn         -             128    n/a    n/a    n/a      0      0     -0.28 [40]         +0.14 [26]            8.2 [74]
[LAYER-HEALTH]     blocks.0.bn1    relu          128      0      0      0      0      0     -0.54 [62]         +0.25 [18]            2.4 [31]
[LAYER-HEALTH]     blocks.0.bn2    relu          128      0      0      0      0      0     -1.05 [53]         -0.15 [49]            9.1 [96]
[LAYER-HEALTH]     blocks.1.bn1    relu          128      0      0      0      0      0     -0.66 [107]        +0.08 [31]            8.6 [31]
[LAYER-HEALTH]     blocks.1.bn2    relu          128      0      0      0      0      0     -0.98 [29]         -0.25 [57]            2.5 [73]
[LAYER-HEALTH]     blocks.2.bn1    relu          128      0      0      0      0      0     -1.00 [40]         +0.31 [31]            8.8 [31]
[LAYER-HEALTH]     blocks.2.bn2    relu          128      0      0      0      0      0     -1.16 [85]         -0.14 [127]           2.8 [119]
[LAYER-HEALTH]     tower_final_bn  relu          128      0      0      0      0      0     -0.25 [58]         +0.84 [96]            4.4 [75]
[LAYER-HEALTH]     policy.pre_bn   relu          128      0      0      0      0      0     -0.73 [26]         +1.66 [60]            2.8 [66]
[LAYER-HEALTH]     value.bn        relu           16      6      0      0      0      0    -10.63 [7]          -0.71 [10]            3.7 [14]
[LAYER-HEALTH]   parked channels — every activation: pass-through P = E|f'(γz+β)|, z ~ N(0,1); parked when P above its floor < 0.00135 of the range (Φ(-3)), mostly off < 0.02275 (Φ(-2)); equals dead / off for relu/leaky_relu
[LAYER-HEALTH]     site            act            ch parked    off       min P   median P
[LAYER-HEALTH]     blocks.0.bn1    relu          128      0      0    0.294107   0.460266
[LAYER-HEALTH]     blocks.0.bn2    relu          128      0      0    0.146255   0.340619
[LAYER-HEALTH]     blocks.1.bn1    relu          128      0      0    0.255667   0.418888
[LAYER-HEALTH]     blocks.1.bn2    relu          128      0      0    0.164491   0.341806
[LAYER-HEALTH]     blocks.2.bn1    relu          128      0      0    0.159816   0.328494
[LAYER-HEALTH]     blocks.2.bn2    relu          128      0      0    0.122463   0.368407
[LAYER-HEALTH]     tower_final_bn  relu          128      0      0    0.400712   0.562040
[LAYER-HEALTH]     policy.pre_bn   relu          128      0      0    0.232725   0.569276
[LAYER-HEALTH]     value.bn        relu           16      6      0    0.000000   0.060450
[LAYER-HEALTH]   FC hidden-unit velocity — zero: every weight-velocity entry exactly 0; low: nonzero but < 5% of the layer's p90 unit norm
[LAYER-HEALTH]     value.fc1.weight  relu  units 128  zero 10 [18,28,29,36,49,54,60,91,119,123]  low 25  median unit norm 0.002355
[LAYER-HEALTH]     (no SE blocks)
[LAYER-HEALTH]   ReZero: none
[LAYER-HEALTH]   non-finite: 0 values in 0 of 102 tensors (10263038 values examined)
[LAYER-HEALTH]   largest |value|: blocks.0.bn2.running_var 26.75, blocks.0.bn2.running_mean 7.099, policy.pre_bn.running_var 6.065, blocks.2.bn2.running_var 5.68, blocks.1.bn2.running_var 5.455
[REPLAY] enumerated checkpoint -> 20261007-lrB-relcapV3-replay-step3000.safetensors (replaced this run's own earlier save of trainer step 3000)
[HEALTH] check trainerStep=3000 generation=0 evaluations=2 live=0 checkpoint=2 stale=0 truncated=0 cost_ms=0.1 train_ms=0.0 liveReadFailed=0 lossMaxRatio=-- lossMedianRatio=-- gradMaxRatio=-- nodata=none active=dead_channels:critical,value_fc1_zero_velocity:warning,policy_offset_drift:warning dead_channels_sites=value.bn(6/16) final=true
[REPLAY] done: steps=3000 positionsFed=25840570 gamesFed=392016 rejected=0 skipped=0 epochs=0
