warning: loc(fused["gradient for tower_final_bn/multiplication"("(mpsFileLoc): /AppleInternal/Library/BuildRoots/4~CYf0ugAFA2MHVp9fguae4KUVbl8-CIxgGlWKSUA/Library/Caches/com.apple.xbs/TemporaryDirectory.p76yMP/Sources/MetalPerformanceShadersGraph/mpsgraph/MetalPerformanceShadersGraph/Core/Files/MPSGraphUtilities.mm":234:0), "ane_validation_message"("Incompatible element type for ANE: expected fp16, f8E4M3, si8, ui8, si16, or ui16":0:0)]): Reached maxReorderingDistance 10
warning: loc(fused["gradient for tower_final_bn/multiplication"("(mpsFileLoc): /AppleInternal/Library/BuildRoots/4~CYf0ugAFA2MHVp9fguae4KUVbl8-CIxgGlWKSUA/Library/Caches/com.apple.xbs/TemporaryDirectory.p76yMP/Sources/MetalPerformanceShadersGraph/mpsgraph/MetalPerformanceShadersGraph/Core/Files/MPSGraphUtilities.mm":234:0), "ane_validation_message"("Incompatible element type for ANE: expected fp16, f8E4M3, si8, ui8, si16, or ui16":0:0)]): Reached maxReorderingDistance 10
warning: loc(fused["mps_add_23"("(mpsFileLoc): /AppleInternal/Library/BuildRoots/4~CYf0ugAFA2MHVp9fguae4KUVbl8-CIxgGlWKSUA/Library/Caches/com.apple.xbs/TemporaryDirectory.p76yMP/Sources/MetalPerformanceShadersGraph/mpsgraph/MetalPerformanceShadersGraph/Core/Files/MPSGraphUtilities.mm":234:0), "ane_validation_message"("Incompatible element type for ANE: expected fp16, f8E4M3, si8, ui8, si16, or ui16":0:0)]): Reached maxReorderingDistance 10
warning: loc(fused["mps_add_23"("(mpsFileLoc): /AppleInternal/Library/BuildRoots/4~CYf0ugAFA2MHVp9fguae4KUVbl8-CIxgGlWKSUA/Library/Caches/com.apple.xbs/TemporaryDirectory.p76yMP/Sources/MetalPerformanceShadersGraph/mpsgraph/MetalPerformanceShadersGraph/Core/Files/MPSGraphUtilities.mm":234:0), "ane_validation_message"("Incompatible element type for ANE: expected fp16, f8E4M3, si8, ui8, si16, or ui16":0:0)]): Reached maxReorderingDistance 10
warning: loc(fused["mps_add_33"("(mpsFileLoc): /AppleInternal/Library/BuildRoots/4~CYf0ugAFA2MHVp9fguae4KUVbl8-CIxgGlWKSUA/Library/Caches/com.apple.xbs/TemporaryDirectory.p76yMP/Sources/MetalPerformanceShadersGraph/mpsgraph/MetalPerformanceShadersGraph/Core/Files/MPSGraphUtilities.mm":234:0), "ane_validation_message"("Incompatible element type for ANE: expected fp16, f8E4M3, si8, ui8, si16, or ui16":0:0)]): Reached maxReorderingDistance 10
warning: loc(fused["mps_add_33"("(mpsFileLoc): /AppleInternal/Library/BuildRoots/4~CYf0ugAFA2MHVp9fguae4KUVbl8-CIxgGlWKSUA/Library/Caches/com.apple.xbs/TemporaryDirectory.p76yMP/Sources/MetalPerformanceShadersGraph/mpsgraph/MetalPerformanceShadersGraph/Core/Files/MPSGraphUtilities.mm":234:0), "ane_validation_message"("Incompatible element type for ANE: expected fp16, f8E4M3, si8, ui8, si16, or ui16":0:0)]): Reached maxReorderingDistance 10
warning: loc(fused["mps_add_43"("(mpsFileLoc): /AppleInternal/Library/BuildRoots/4~CYf0ugAFA2MHVp9fguae4KUVbl8-CIxgGlWKSUA/Library/Caches/com.apple.xbs/TemporaryDirectory.p76yMP/Sources/MetalPerformanceShadersGraph/mpsgraph/MetalPerformanceShadersGraph/Core/Files/MPSGraphUtilities.mm":234:0), "ane_validation_message"("Incompatible element type for ANE: expected fp16, f8E4M3, si8, ui8, si16, or ui16":0:0)]): Reached maxReorderingDistance 10
warning: loc(fused["gradient for tower_final_bn/multiplication"("(mpsFileLoc): /AppleInternal/Library/BuildRoots/4~CYf0ugAFA2MHVp9fguae4KUVbl8-CIxgGlWKSUA/Library/Caches/com.apple.xbs/TemporaryDirectory.p76yMP/Sources/MetalPerformanceShadersGraph/mpsgraph/MetalPerformanceShadersGraph/Core/Files/MPSGraphUtilities.mm":234:0), "ane_validation_message"("Incompatible element type for ANE: expected fp16, f8E4M3, si8, ui8, si16, or ui16":0:0)]): Reached maxReorderingDistance 10
warning: loc(fused["gradient for tower_final_bn/multiplication"("(mpsFileLoc): /AppleInternal/Library/BuildRoots/4~CYf0ugAFA2MHVp9fguae4KUVbl8-CIxgGlWKSUA/Library/Caches/com.apple.xbs/TemporaryDirectory.p76yMP/Sources/MetalPerformanceShadersGraph/mpsgraph/MetalPerformanceShadersGraph/Core/Files/MPSGraphUtilities.mm":234:0), "ane_validation_message"("Incompatible element type for ANE: expected fp16, f8E4M3, si8, ui8, si16, or ui16":0:0)]): Reached maxReorderingDistance 10
warning: loc(fused["mps_add_23"("(mpsFileLoc): /AppleInternal/Library/BuildRoots/4~CYf0ugAFA2MHVp9fguae4KUVbl8-CIxgGlWKSUA/Library/Caches/com.apple.xbs/TemporaryDirectory.p76yMP/Sources/MetalPerformanceShadersGraph/mpsgraph/MetalPerformanceShadersGraph/Core/Files/MPSGraphUtilities.mm":234:0), "ane_validation_message"("Incompatible element type for ANE: expected fp16, f8E4M3, si8, ui8, si16, or ui16":0:0)]): Reached maxReorderingDistance 10
warning: loc(fused["mps_add_23"("(mpsFileLoc): /AppleInternal/Library/BuildRoots/4~CYf0ugAFA2MHVp9fguae4KUVbl8-CIxgGlWKSUA/Library/Caches/com.apple.xbs/TemporaryDirectory.p76yMP/Sources/MetalPerformanceShadersGraph/mpsgraph/MetalPerformanceShadersGraph/Core/Files/MPSGraphUtilities.mm":234:0), "ane_validation_message"("Incompatible element type for ANE: expected fp16, f8E4M3, si8, ui8, si16, or ui16":0:0)]): Reached maxReorderingDistance 10
warning: loc(fused["mps_add_33"("(mpsFileLoc): /AppleInternal/Library/BuildRoots/4~CYf0ugAFA2MHVp9fguae4KUVbl8-CIxgGlWKSUA/Library/Caches/com.apple.xbs/TemporaryDirectory.p76yMP/Sources/MetalPerformanceShadersGraph/mpsgraph/MetalPerformanceShadersGraph/Core/Files/MPSGraphUtilities.mm":234:0), "ane_validation_message"("Incompatible element type for ANE: expected fp16, f8E4M3, si8, ui8, si16, or ui16":0:0)]): Reached maxReorderingDistance 10
warning: loc(fused["mps_add_33"("(mpsFileLoc): /AppleInternal/Library/BuildRoots/4~CYf0ugAFA2MHVp9fguae4KUVbl8-CIxgGlWKSUA/Library/Caches/com.apple.xbs/TemporaryDirectory.p76yMP/Sources/MetalPerformanceShadersGraph/mpsgraph/MetalPerformanceShadersGraph/Core/Files/MPSGraphUtilities.mm":234:0), "ane_validation_message"("Incompatible element type for ANE: expected fp16, f8E4M3, si8, ui8, si16, or ui16":0:0)]): Reached maxReorderingDistance 10
warning: loc(fused["mps_add_43"("(mpsFileLoc): /AppleInternal/Library/BuildRoots/4~CYf0ugAFA2MHVp9fguae4KUVbl8-CIxgGlWKSUA/Library/Caches/com.apple.xbs/TemporaryDirectory.p76yMP/Sources/MetalPerformanceShadersGraph/mpsgraph/MetalPerformanceShadersGraph/Core/Files/MPSGraphUtilities.mm":234:0), "ane_validation_message"("Incompatible element type for ANE: expected fp16, f8E4M3, si8, ui8, si16, or ui16":0:0)]): Reached maxReorderingDistance 10
warning: loc(fused["gradient for tower_final_bn/multiplication"("(mpsFileLoc): /AppleInternal/Library/BuildRoots/4~CYf0ugAFA2MHVp9fguae4KUVbl8-CIxgGlWKSUA/Library/Caches/com.apple.xbs/TemporaryDirectory.p76yMP/Sources/MetalPerformanceShadersGraph/mpsgraph/MetalPerformanceShadersGraph/Core/Files/MPSGraphUtilities.mm":234:0), "ane_validation_message"("Incompatible element type for ANE: expected fp16, f8E4M3, si8, ui8, si16, or ui16":0:0)]): Reached maxReorderingDistance 10
warning: loc(fused["gradient for tower_final_bn/multiplication"("(mpsFileLoc): /AppleInternal/Library/BuildRoots/4~CYf0ugAFA2MHVp9fguae4KUVbl8-CIxgGlWKSUA/Library/Caches/com.apple.xbs/TemporaryDirectory.p76yMP/Sources/MetalPerformanceShadersGraph/mpsgraph/MetalPerformanceShadersGraph/Core/Files/MPSGraphUtilities.mm":234:0), "ane_validation_message"("Incompatible element type for ANE: expected fp16, f8E4M3, si8, ui8, si16, or ui16":0:0)]): Reached maxReorderingDistance 10
warning: loc(fused["mps_add_23"("(mpsFileLoc): /AppleInternal/Library/BuildRoots/4~CYf0ugAFA2MHVp9fguae4KUVbl8-CIxgGlWKSUA/Library/Caches/com.apple.xbs/TemporaryDirectory.p76yMP/Sources/MetalPerformanceShadersGraph/mpsgraph/MetalPerformanceShadersGraph/Core/Files/MPSGraphUtilities.mm":234:0), "ane_validation_message"("Incompatible element type for ANE: expected fp16, f8E4M3, si8, ui8, si16, or ui16":0:0)]): Reached maxReorderingDistance 10
warning: loc(fused["mps_add_23"("(mpsFileLoc): /AppleInternal/Library/BuildRoots/4~CYf0ugAFA2MHVp9fguae4KUVbl8-CIxgGlWKSUA/Library/Caches/com.apple.xbs/TemporaryDirectory.p76yMP/Sources/MetalPerformanceShadersGraph/mpsgraph/MetalPerformanceShadersGraph/Core/Files/MPSGraphUtilities.mm":234:0), "ane_validation_message"("Incompatible element type for ANE: expected fp16, f8E4M3, si8, ui8, si16, or ui16":0:0)]): Reached maxReorderingDistance 10
warning: loc(fused["mps_add_33"("(mpsFileLoc): /AppleInternal/Library/BuildRoots/4~CYf0ugAFA2MHVp9fguae4KUVbl8-CIxgGlWKSUA/Library/Caches/com.apple.xbs/TemporaryDirectory.p76yMP/Sources/MetalPerformanceShadersGraph/mpsgraph/MetalPerformanceShadersGraph/Core/Files/MPSGraphUtilities.mm":234:0), "ane_validation_message"("Incompatible element type for ANE: expected fp16, f8E4M3, si8, ui8, si16, or ui16":0:0)]): Reached maxReorderingDistance 10
warning: loc(fused["mps_add_33"("(mpsFileLoc): /AppleInternal/Library/BuildRoots/4~CYf0ugAFA2MHVp9fguae4KUVbl8-CIxgGlWKSUA/Library/Caches/com.apple.xbs/TemporaryDirectory.p76yMP/Sources/MetalPerformanceShadersGraph/mpsgraph/MetalPerformanceShadersGraph/Core/Files/MPSGraphUtilities.mm":234:0), "ane_validation_message"("Incompatible element type for ANE: expected fp16, f8E4M3, si8, ui8, si16, or ui16":0:0)]): Reached maxReorderingDistance 10
warning: loc(fused["mps_add_43"("(mpsFileLoc): /AppleInternal/Library/BuildRoots/4~CYf0ugAFA2MHVp9fguae4KUVbl8-CIxgGlWKSUA/Library/Caches/com.apple.xbs/TemporaryDirectory.p76yMP/Sources/MetalPerformanceShadersGraph/mpsgraph/MetalPerformanceShadersGraph/Core/Files/MPSGraphUtilities.mm":234:0), "ane_validation_message"("Incompatible element type for ANE: expected fp16, f8E4M3, si8, ui8, si16, or ui16":0:0)]): Reached maxReorderingDistance 10
warning: loc(fused["gradient for tower_final_bn/multiplication"("(mpsFileLoc): /AppleInternal/Library/BuildRoots/4~CYf0ugAFA2MHVp9fguae4KUVbl8-CIxgGlWKSUA/Library/Caches/com.apple.xbs/TemporaryDirectory.p76yMP/Sources/MetalPerformanceShadersGraph/mpsgraph/MetalPerformanceShadersGraph/Core/Files/MPSGraphUtilities.mm":234:0), "ane_validation_message"("Incompatible element type for ANE: expected fp16, f8E4M3, si8, ui8, si16, or ui16":0:0)]): Reached maxReorderingDistance 10
warning: loc(fused["gradient for tower_final_bn/multiplication"("(mpsFileLoc): /AppleInternal/Library/BuildRoots/4~CYf0ugAFA2MHVp9fguae4KUVbl8-CIxgGlWKSUA/Library/Caches/com.apple.xbs/TemporaryDirectory.p76yMP/Sources/MetalPerformanceShadersGraph/mpsgraph/MetalPerformanceShadersGraph/Core/Files/MPSGraphUtilities.mm":234:0), "ane_validation_message"("Incompatible element type for ANE: expected fp16, f8E4M3, si8, ui8, si16, or ui16":0:0)]): Reached maxReorderingDistance 10
warning: loc(fused["mps_add_23"("(mpsFileLoc): /AppleInternal/Library/BuildRoots/4~CYf0ugAFA2MHVp9fguae4KUVbl8-CIxgGlWKSUA/Library/Caches/com.apple.xbs/TemporaryDirectory.p76yMP/Sources/MetalPerformanceShadersGraph/mpsgraph/MetalPerformanceShadersGraph/Core/Files/MPSGraphUtilities.mm":234:0), "ane_validation_message"("Incompatible element type for ANE: expected fp16, f8E4M3, si8, ui8, si16, or ui16":0:0)]): Reached maxReorderingDistance 10
warning: loc(fused["mps_add_23"("(mpsFileLoc): /AppleInternal/Library/BuildRoots/4~CYf0ugAFA2MHVp9fguae4KUVbl8-CIxgGlWKSUA/Library/Caches/com.apple.xbs/TemporaryDirectory.p76yMP/Sources/MetalPerformanceShadersGraph/mpsgraph/MetalPerformanceShadersGraph/Core/Files/MPSGraphUtilities.mm":234:0), "ane_validation_message"("Incompatible element type for ANE: expected fp16, f8E4M3, si8, ui8, si16, or ui16":0:0)]): Reached maxReorderingDistance 10
warning: loc(fused["mps_add_33"("(mpsFileLoc): /AppleInternal/Library/BuildRoots/4~CYf0ugAFA2MHVp9fguae4KUVbl8-CIxgGlWKSUA/Library/Caches/com.apple.xbs/TemporaryDirectory.p76yMP/Sources/MetalPerformanceShadersGraph/mpsgraph/MetalPerformanceShadersGraph/Core/Files/MPSGraphUtilities.mm":234:0), "ane_validation_message"("Incompatible element type for ANE: expected fp16, f8E4M3, si8, ui8, si16, or ui16":0:0)]): Reached maxReorderingDistance 10
warning: loc(fused["mps_add_33"("(mpsFileLoc): /AppleInternal/Library/BuildRoots/4~CYf0ugAFA2MHVp9fguae4KUVbl8-CIxgGlWKSUA/Library/Caches/com.apple.xbs/TemporaryDirectory.p76yMP/Sources/MetalPerformanceShadersGraph/mpsgraph/MetalPerformanceShadersGraph/Core/Files/MPSGraphUtilities.mm":234:0), "ane_validation_message"("Incompatible element type for ANE: expected fp16, f8E4M3, si8, ui8, si16, or ui16":0:0)]): Reached maxReorderingDistance 10
warning: loc(fused["mps_add_43"("(mpsFileLoc): /AppleInternal/Library/BuildRoots/4~CYf0ugAFA2MHVp9fguae4KUVbl8-CIxgGlWKSUA/Library/Caches/com.apple.xbs/TemporaryDirectory.p76yMP/Sources/MetalPerformanceShadersGraph/mpsgraph/MetalPerformanceShadersGraph/Core/Files/MPSGraphUtilities.mm":234:0), "ane_validation_message"("Incompatible element type for ANE: expected fp16, f8E4M3, si8, ui8, si16, or ui16":0:0)]): Reached maxReorderingDistance 10
[REPLAY] starting offline corpus replay over 1 corpus path(s)
[REPLAY] start-model: 20261005-lrA-const01-replay-latest.safetensors modelID=20261005-23-TD5N encoding=basic24
[RESUME-NUMERICS] policy_tail_precision=fp32_from_pre_bn matches the checkpoint
[REPLAY-ARCH] (start-model) v5 . in basic24(24) -> stem 128 (7x7) . 3x[7x7+7x7 @128, no-SE, relu/pre, clean_add, no-ReZero, out:layer_norm, drop*1] . act relu . policy intermediate_conv(4864) . value WDL(16->FC128) . bfloat16 . 5,132,687 params
[REPLAY-HPARAMS] lr=0.01 batch=4096 wd=0.0003 momentum=0.9 gradClip=15 entropyBonus=0 drawPenalty=0 policyW=1 valueW=1 illegalW=1 pLabelSmooth=0.1 pLabelSmoothMode=fixed_total pLabelSmoothPerMove=0.0033 pLabelSmoothPerMoveCap=0.5 vLabelSmooth=0.013 dropout=0 lrWarmup=1000 bufCap=500000 replayRatio=0.48 minPrefill=250000 complementCE=on sqrtBatchLR=on batchStats=10 klProbe=100 sampling=(maxPerGame=400 maxDrawPct=100 targetLen=0 stratify=off applied=on)
[REPLAY] trainer-model output: /Users/andrew/Library/Application Support/DrewsChessMachine/Models/20261005-lrA-const01-r1-replay-latest.safetensors (new file)
[REPLAY] enumerated checkpoints: /Users/andrew/Library/Application Support/DrewsChessMachine/Models/20261005-lrA-const01-r1-replay-seg1-step1000.safetensors and siblings (never overwritten)
[REPLAY] corpus 20260624-192615-w3aA5b: 46 sealed shard(s)
[RESUME] EXACT
[PARAM] random_seed_mode and random_seed=0 not used: an exact resume keeps the run's seed
[REPLAY] building network + trainer (encoding=basic24)
[NUMERICS] policy_tail_precision=fp32_from_pre_bn source=flag (affects bf16 / fp16 models only)
[RESUME] rng: sampler=restored
[RESUME] rng: dropout stream=restored
[REPLAY] start-model trainer state restored exactly (fp32 masters, velocity, trainerStep=36000) + feeder net (base tensors=61)
[REPLAY-CYCLE] lr=off mom=off decay=[peak->1.00e-04 trough->1.00e-06 over 1000000st] momFollow=off origin=trainerStep 36000 cycleStep 35000 cycleLR=static cycleMom=static (exact resume of 20261005-23-TD5N)
[RUN] path=replay run=2C66BFD0-B02B-441C-B26E-C0A74158821C seg=1 (exact resume of 20261005-23-TD5N sha=8494fca13910) build=2320 git=1ab52554 dirty=true device="Apple M5 Max" vm=false os="Version 27.2 (Build 26B5091g)" seed=20261005 mode=resumed(configured) derivation=v1 params_sha=360ed22905b1 cum_step=36000 cum_games=4638717 cum_train_sec=54140.327379107475 argv="/Users/andrew/Library/Application Support/DrewsChessMachine/FrozenBuilds/DCM-2320-1ab52554.app/Contents/MacOS/DrewsChessMachine --replay-corpus 20260624-192615-w3aA5b --start-model /Users/andrew/Library/Application Support/DrewsChessMachine/Models/20261005-lrA-const01-replay-latest.safetensors --resume-exact --out-model /Users/andrew/Library/Application Support/DrewsChessMachine/Models/20261005-lrA-const01-r1-replay-latest.safetensors --parameters /Users/andrew/cursor/drews-chess-machine/experiments/20261005-lr-schedule-ab/parameters-A.json --epochs 12 --training-step-limit 4000 --enumerate-checkpoints --policy-tail-precision fp32_from_pre_bn --seed 20261005"
[REPLAY] batchSize=4096 reuse=0.48 K=8533 minPrefill=250000 stepLimit=4000 epochLimit=12
[REPLAY] pre-filled: bufCount=500000 positionsFed=752680 gamesFed=11325 rejected=0 skipped=0
[REPLAY] step=1 loss=3.5345 pLoss=2.7334 vLoss=0.7948 pEnt=-- pIllM=0.0063 playedP=-- pW=-- pD=-- pL=-- vAbs=-- pLogitMean=-- vLogitMean=-- gNorm=1.068 lr=0.01 ms=1917.9 buf=500000 plies=761213 games=11462 rejected=0 skipped=0 epoch=0 mom=0.9000 trainerStep=36001
[LAYER-HEALTH] live trainerStep=36001 scope=batch_norm_state_only reluSites=9/10 ch=1040 dead=0 off=0 alwaysOn=0 worst=none maxBetaOverGamma=+0.44@tower_final_bn[31] minBetaOverGamma=-0.39@blocks.2.bn1[72] rvMaxOverMedian=6.9@stem.bn[53] rezero=none nonFinite=0
[REPLAY] step=50 loss=3.5292 pLoss=2.7191 vLoss=0.8044 pEnt=2.863 pIllM=0.0058 playedP=0.167 pW=0.46 pD=0.07 pL=0.47 vAbs=0.230 pLogitMean=0.5940 vLogitMean=1.3859 gNorm=1.031 lr=0.01 ms=1440.8 buf=500000 plies=1179371 games=17805 rejected=0 skipped=0 epoch=0 mom=0.9000 trainerStep=36050
[LAYER-HEALTH] live trainerStep=36050 scope=batch_norm_state_only reluSites=9/10 ch=1040 dead=0 off=0 alwaysOn=0 worst=none maxBetaOverGamma=+0.44@tower_final_bn[31] minBetaOverGamma=-0.39@blocks.2.bn1[72] rvMaxOverMedian=6.9@stem.bn[53] rezero=none nonFinite=0
[REPLAY] step=100 loss=3.5904 pLoss=2.7609 vLoss=0.8232 pEnt=2.837 pIllM=0.0063 playedP=0.174 pW=0.46 pD=0.07 pL=0.47 vAbs=0.214 pLogitMean=0.5925 vLogitMean=1.3997 gNorm=0.937 lr=0.01 ms=1367.6 buf=500000 plies=1606062 games=24263 rejected=0 skipped=0 epoch=0 mom=0.9000 trainerStep=36100
[LAYER-HEALTH] live trainerStep=36100 scope=batch_norm_state_only reluSites=9/10 ch=1040 dead=0 off=0 alwaysOn=0 worst=none maxBetaOverGamma=+0.44@tower_final_bn[31] minBetaOverGamma=-0.39@blocks.2.bn1[72] rvMaxOverMedian=6.8@stem.bn[53] rezero=none nonFinite=0
[REPLAY] step=150 loss=3.5487 pLoss=2.7379 vLoss=0.8049 pEnt=2.870 pIllM=0.0059 playedP=0.167 pW=0.46 pD=0.07 pL=0.47 vAbs=0.235 pLogitMean=0.5926 vLogitMean=1.3752 gNorm=1.015 lr=0.01 ms=1439.8 buf=500000 plies=2032629 games=30724 rejected=0 skipped=0 epoch=0 mom=0.9000 trainerStep=36150
[LAYER-HEALTH] live trainerStep=36150 scope=batch_norm_state_only reluSites=9/10 ch=1040 dead=0 off=0 alwaysOn=0 worst=none maxBetaOverGamma=+0.44@tower_final_bn[31] minBetaOverGamma=-0.39@blocks.2.bn1[72] rvMaxOverMedian=6.7@stem.bn[53] rezero=none nonFinite=0
[REPLAY] step=200 loss=3.5690 pLoss=2.7495 vLoss=0.8137 pEnt=2.886 pIllM=0.0058 playedP=0.162 pW=0.46 pD=0.07 pL=0.47 vAbs=0.225 pLogitMean=0.5936 vLogitMean=1.3663 gNorm=0.968 lr=0.01 ms=1436.5 buf=500000 plies=2459316 games=37185 rejected=0 skipped=0 epoch=0 mom=0.9000 trainerStep=36200
[LAYER-HEALTH] live trainerStep=36200 scope=batch_norm_state_only reluSites=9/10 ch=1040 dead=0 off=0 alwaysOn=0 worst=none maxBetaOverGamma=+0.44@tower_final_bn[31] minBetaOverGamma=-0.39@blocks.2.bn1[72] rvMaxOverMedian=6.5@stem.bn[53] rezero=none nonFinite=0
[REPLAY] step=250 loss=3.5745 pLoss=2.7609 vLoss=0.8063 pEnt=2.851 pIllM=0.0073 playedP=0.169 pW=0.47 pD=0.07 pL=0.46 vAbs=0.233 pLogitMean=0.5940 vLogitMean=1.3991 gNorm=0.971 lr=0.01 ms=1472.8 buf=500000 plies=2885950 games=43663 rejected=0 skipped=0 epoch=0 mom=0.9000 trainerStep=36250
[LAYER-HEALTH] live trainerStep=36250 scope=batch_norm_state_only reluSites=9/10 ch=1040 dead=0 off=0 alwaysOn=0 worst=none maxBetaOverGamma=+0.44@tower_final_bn[31] minBetaOverGamma=-0.39@blocks.2.bn1[72] rvMaxOverMedian=6.5@stem.bn[53] rezero=none nonFinite=0
[REPLAY] step=300 loss=3.5850 pLoss=2.7820 vLoss=0.7969 pEnt=2.848 pIllM=0.0060 playedP=0.171 pW=0.48 pD=0.06 pL=0.46 vAbs=0.229 pLogitMean=0.5936 vLogitMean=1.4338 gNorm=0.997 lr=0.01 ms=1375.5 buf=500000 plies=3312605 games=50164 rejected=0 skipped=0 epoch=0 mom=0.9000 trainerStep=36300
[LAYER-HEALTH] live trainerStep=36300 scope=batch_norm_state_only reluSites=9/10 ch=1040 dead=0 off=0 alwaysOn=0 worst=none maxBetaOverGamma=+0.44@tower_final_bn[31] minBetaOverGamma=-0.39@blocks.2.bn1[72] rvMaxOverMedian=6.6@stem.bn[53] rezero=none nonFinite=0
[REPLAY] step=350 loss=3.6179 pLoss=2.7855 vLoss=0.8264 pEnt=2.861 pIllM=0.0059 playedP=0.168 pW=0.48 pD=0.08 pL=0.44 vAbs=0.229 pLogitMean=0.5941 vLogitMean=1.3760 gNorm=0.998 lr=0.01 ms=1370.4 buf=500000 plies=3739244 games=56623 rejected=0 skipped=0 epoch=0 mom=0.9000 trainerStep=36350
[LAYER-HEALTH] live trainerStep=36350 scope=batch_norm_state_only reluSites=9/10 ch=1040 dead=0 off=0 alwaysOn=0 worst=none maxBetaOverGamma=+0.44@tower_final_bn[31] minBetaOverGamma=-0.39@blocks.2.bn1[72] rvMaxOverMedian=6.7@stem.bn[53] rezero=none nonFinite=0
[REPLAY] step=400 loss=3.5372 pLoss=2.7247 vLoss=0.8065 pEnt=2.865 pIllM=0.0061 playedP=0.168 pW=0.47 pD=0.07 pL=0.45 vAbs=0.237 pLogitMean=0.5945 vLogitMean=1.4157 gNorm=0.926 lr=0.01 ms=1364.0 buf=500000 plies=4165887 games=63057 rejected=0 skipped=0 epoch=0 mom=0.9000 trainerStep=36400
[LAYER-HEALTH] live trainerStep=36400 scope=batch_norm_state_only reluSites=9/10 ch=1040 dead=0 off=0 alwaysOn=0 worst=none maxBetaOverGamma=+0.44@tower_final_bn[31] minBetaOverGamma=-0.39@blocks.2.bn1[72] rvMaxOverMedian=6.7@stem.bn[53] rezero=none nonFinite=0
[REPLAY] step=450 loss=3.5505 pLoss=2.7407 vLoss=0.8032 pEnt=2.868 pIllM=0.0066 playedP=0.166 pW=0.46 pD=0.07 pL=0.47 vAbs=0.228 pLogitMean=0.5938 vLogitMean=1.4233 gNorm=1.071 lr=0.01 ms=1362.1 buf=500000 plies=4592587 games=69508 rejected=0 skipped=0 epoch=0 mom=0.9000 trainerStep=36450
[LAYER-HEALTH] live trainerStep=36450 scope=batch_norm_state_only reluSites=9/10 ch=1040 dead=0 off=0 alwaysOn=0 worst=none maxBetaOverGamma=+0.44@tower_final_bn[31] minBetaOverGamma=-0.39@blocks.2.bn1[72] rvMaxOverMedian=6.8@stem.bn[53] rezero=none nonFinite=0
[REPLAY] step=500 loss=3.5806 pLoss=2.7709 vLoss=0.8043 pEnt=2.861 pIllM=0.0055 playedP=0.166 pW=0.48 pD=0.06 pL=0.46 vAbs=0.250 pLogitMean=0.5949 vLogitMean=1.4399 gNorm=1.043 lr=0.01 ms=1364.0 buf=500000 plies=5019186 games=75985 rejected=0 skipped=0 epoch=0 mom=0.9000 trainerStep=36500
[LAYER-HEALTH] live trainerStep=36500 scope=batch_norm_state_only reluSites=9/10 ch=1040 dead=0 off=0 alwaysOn=0 worst=none maxBetaOverGamma=+0.44@tower_final_bn[31] minBetaOverGamma=-0.39@blocks.2.bn1[72] rvMaxOverMedian=6.9@stem.bn[53] rezero=none nonFinite=0
[REPLAY] step=550 loss=3.5573 pLoss=2.7453 vLoss=0.8063 pEnt=2.840 pIllM=0.0057 playedP=0.172 pW=0.48 pD=0.07 pL=0.46 vAbs=0.246 pLogitMean=0.5954 vLogitMean=1.4510 gNorm=0.985 lr=0.01 ms=1351.5 buf=500000 plies=5445835 games=82378 rejected=0 skipped=0 epoch=0 mom=0.9000 trainerStep=36550
[LAYER-HEALTH] live trainerStep=36550 scope=batch_norm_state_only reluSites=9/10 ch=1040 dead=0 off=0 alwaysOn=0 worst=none maxBetaOverGamma=+0.44@tower_final_bn[31] minBetaOverGamma=-0.39@blocks.2.bn1[72] rvMaxOverMedian=6.8@stem.bn[53] rezero=none nonFinite=0
[REPLAY] step=600 loss=3.5566 pLoss=2.7313 vLoss=0.8196 pEnt=2.882 pIllM=0.0057 playedP=0.163 pW=0.46 pD=0.08 pL=0.46 vAbs=0.227 pLogitMean=0.5947 vLogitMean=1.4146 gNorm=1.018 lr=0.01 ms=1347.4 buf=500000 plies=5872477 games=88751 rejected=0 skipped=0 epoch=0 mom=0.9000 trainerStep=36600
[LAYER-HEALTH] live trainerStep=36600 scope=batch_norm_state_only reluSites=9/10 ch=1040 dead=0 off=0 alwaysOn=0 worst=none maxBetaOverGamma=+0.44@tower_final_bn[31] minBetaOverGamma=-0.39@blocks.2.bn1[72] rvMaxOverMedian=6.8@stem.bn[53] rezero=none nonFinite=0
[REPLAY] step=650 loss=3.5795 pLoss=2.7572 vLoss=0.8162 pEnt=2.902 pIllM=0.0060 playedP=0.160 pW=0.46 pD=0.07 pL=0.47 vAbs=0.229 pLogitMean=0.5954 vLogitMean=1.4153 gNorm=0.909 lr=0.01 ms=1363.6 buf=500000 plies=6299243 games=95163 rejected=0 skipped=0 epoch=0 mom=0.9000 trainerStep=36650
[LAYER-HEALTH] live trainerStep=36650 scope=batch_norm_state_only reluSites=9/10 ch=1040 dead=0 off=0 alwaysOn=0 worst=none maxBetaOverGamma=+0.44@tower_final_bn[31] minBetaOverGamma=-0.39@blocks.2.bn1[72] rvMaxOverMedian=6.8@stem.bn[53] rezero=none nonFinite=0
[REPLAY] step=700 loss=3.5419 pLoss=2.7287 vLoss=0.8069 pEnt=2.871 pIllM=0.0063 playedP=0.167 pW=0.46 pD=0.07 pL=0.47 vAbs=0.224 pLogitMean=0.5952 vLogitMean=1.4176 gNorm=1.066 lr=0.01 ms=1368.2 buf=500000 plies=6725841 games=101560 rejected=0 skipped=0 epoch=0 mom=0.9000 trainerStep=36700
[LAYER-HEALTH] live trainerStep=36700 scope=batch_norm_state_only reluSites=9/10 ch=1040 dead=0 off=0 alwaysOn=0 worst=none maxBetaOverGamma=+0.44@tower_final_bn[31] minBetaOverGamma=-0.39@blocks.2.bn1[72] rvMaxOverMedian=6.8@stem.bn[53] rezero=none nonFinite=0
[REPLAY] step=750 loss=3.5299 pLoss=2.7182 vLoss=0.8055 pEnt=2.849 pIllM=0.0062 playedP=0.169 pW=0.46 pD=0.07 pL=0.47 vAbs=0.233 pLogitMean=0.5959 vLogitMean=1.3892 gNorm=1.016 lr=0.01 ms=1503.0 buf=500000 plies=7152425 games=108016 rejected=0 skipped=0 epoch=0 mom=0.9000 trainerStep=36750
[LAYER-HEALTH] live trainerStep=36750 scope=batch_norm_state_only reluSites=9/10 ch=1040 dead=0 off=0 alwaysOn=0 worst=none maxBetaOverGamma=+0.44@tower_final_bn[31] minBetaOverGamma=-0.39@blocks.2.bn1[72] rvMaxOverMedian=6.7@stem.bn[53] rezero=none nonFinite=0
[REPLAY] step=800 loss=3.5575 pLoss=2.7463 vLoss=0.8054 pEnt=2.851 pIllM=0.0057 playedP=0.169 pW=0.47 pD=0.07 pL=0.46 vAbs=0.222 pLogitMean=0.5960 vLogitMean=1.3757 gNorm=0.953 lr=0.01 ms=1359.8 buf=500000 plies=7579122 games=114456 rejected=0 skipped=0 epoch=0 mom=0.9000 trainerStep=36800
[LAYER-HEALTH] live trainerStep=36800 scope=batch_norm_state_only reluSites=9/10 ch=1040 dead=0 off=0 alwaysOn=0 worst=none maxBetaOverGamma=+0.44@tower_final_bn[31] minBetaOverGamma=-0.39@blocks.2.bn1[72] rvMaxOverMedian=6.8@stem.bn[53] rezero=none nonFinite=0
[REPLAY] step=850 loss=3.5842 pLoss=2.7662 vLoss=0.8124 pEnt=2.865 pIllM=0.0056 playedP=0.171 pW=0.48 pD=0.06 pL=0.46 vAbs=0.227 pLogitMean=0.5950 vLogitMean=1.4082 gNorm=1.062 lr=0.01 ms=1445.9 buf=500000 plies=8005733 games=120892 rejected=0 skipped=0 epoch=0 mom=0.9000 trainerStep=36850
[LAYER-HEALTH] live trainerStep=36850 scope=batch_norm_state_only reluSites=9/10 ch=1040 dead=0 off=0 alwaysOn=0 worst=none maxBetaOverGamma=+0.44@tower_final_bn[31] minBetaOverGamma=-0.39@blocks.2.bn1[72] rvMaxOverMedian=6.8@stem.bn[53] rezero=none nonFinite=0
[REPLAY] step=900 loss=3.5501 pLoss=2.7243 vLoss=0.8199 pEnt=2.861 pIllM=0.0059 playedP=0.169 pW=0.46 pD=0.07 pL=0.47 vAbs=0.230 pLogitMean=0.5962 vLogitMean=1.4267 gNorm=1.022 lr=0.01 ms=1307.1 buf=500000 plies=8432422 games=127343 rejected=0 skipped=0 epoch=0 mom=0.9000 trainerStep=36900
[LAYER-HEALTH] live trainerStep=36900 scope=batch_norm_state_only reluSites=9/10 ch=1040 dead=0 off=0 alwaysOn=0 worst=none maxBetaOverGamma=+0.44@tower_final_bn[31] minBetaOverGamma=-0.39@blocks.2.bn1[72] rvMaxOverMedian=6.8@stem.bn[53] rezero=none nonFinite=0
[REPLAY] step=950 loss=3.5735 pLoss=2.7430 vLoss=0.8244 pEnt=2.863 pIllM=0.0061 playedP=0.169 pW=0.47 pD=0.08 pL=0.45 vAbs=0.229 pLogitMean=0.5969 vLogitMean=1.3701 gNorm=1.102 lr=0.01 ms=1333.2 buf=500000 plies=8859027 games=133707 rejected=0 skipped=0 epoch=0 mom=0.9000 trainerStep=36950
[LAYER-HEALTH] live trainerStep=36950 scope=batch_norm_state_only reluSites=9/10 ch=1040 dead=0 off=0 alwaysOn=0 worst=none maxBetaOverGamma=+0.44@tower_final_bn[31] minBetaOverGamma=-0.39@blocks.2.bn1[72] rvMaxOverMedian=6.9@stem.bn[53] rezero=none nonFinite=0
[REPLAY] step=1000 loss=3.5838 pLoss=2.7661 vLoss=0.8112 pEnt=2.859 pIllM=0.0064 playedP=0.168 pW=0.46 pD=0.07 pL=0.47 vAbs=0.226 pLogitMean=0.5967 vLogitMean=1.3916 gNorm=1.080 lr=0.01 ms=1371.0 buf=500000 plies=9285723 games=140229 rejected=0 skipped=0 epoch=0 mom=0.9000 trainerStep=37000
[LAYER-HEALTH] live trainerStep=37000 scope=batch_norm_state_only reluSites=9/10 ch=1040 dead=0 off=0 alwaysOn=0 worst=none maxBetaOverGamma=+0.44@tower_final_bn[31] minBetaOverGamma=-0.39@blocks.2.bn1[72] rvMaxOverMedian=7.0@stem.bn[53] rezero=none nonFinite=0
[REPLAY] saved trainer model (autosave) step=1000 trainerStep=37000 nextGame=4767621 shard=10 epoch=0 -> 20261005-lrA-const01-r1-replay-latest.safetensors
[LAYER-HEALTH] checkpoint replay-autosave step=1000 trainerStep=37000 scope=all_tensors reluSites=9/10 ch=1040 dead=0 off=0 alwaysOn=0 worst=none maxBetaOverGamma=+0.44@tower_final_bn[31] minBetaOverGamma=-0.39@blocks.2.bn1[72] rvMaxOverMedian=7.0@stem.bn[53] rezero=none nonFinite=0 seZeroVel=none valueFC1ZeroVel=0/128 maxAbs=3.864@blocks.2.bn1.running_mean
[LAYER-HEALTH]   batch-norm sites — β/|γ|: dead < -3.00, mostly off < -2.00, always on > +3.00; classified for relu/leaky_relu only
[LAYER-HEALTH]     site            act            ch   dead    off     on  zeroγ nonfin  min β/|γ| [ch]     max β/|γ| [ch]     rv max/median [ch]
[LAYER-HEALTH]     stem.bn         -             128    n/a    n/a    n/a      0      0     -0.07 [85]         +0.05 [62]            7.0 [53]
[LAYER-HEALTH]     blocks.0.bn1    relu          128      0      0      0      0      0     -0.13 [97]         +0.19 [62]            2.2 [97]
[LAYER-HEALTH]     blocks.0.bn2    relu          128      0      0      0      0      0     -0.20 [122]        +0.07 [86]            2.1 [24]
[LAYER-HEALTH]     blocks.1.bn1    relu          128      0      0      0      0      0     -0.36 [17]         +0.12 [121]           5.8 [97]
[LAYER-HEALTH]     blocks.1.bn2    relu          128      0      0      0      0      0     -0.36 [69]         +0.08 [110]           1.8 [103]
[LAYER-HEALTH]     blocks.2.bn1    relu          128      0      0      0      0      0     -0.39 [72]         +0.12 [30]            3.6 [97]
[LAYER-HEALTH]     blocks.2.bn2    relu          128      0      0      0      0      0     -0.34 [92]         +0.18 [29]            1.5 [34]
[LAYER-HEALTH]     tower_final_bn  relu          128      0      0      0      0      0     -0.07 [35]         +0.44 [31]            5.9 [39]
[LAYER-HEALTH]     policy.pre_bn   relu          128      0      0      0      0      0     -0.05 [114]        +0.18 [100]           2.7 [32]
[LAYER-HEALTH]     value.bn        relu           16      0      0      0      0      0     -0.13 [10]         +0.01 [0]             1.5 [11]
[LAYER-HEALTH]   FC hidden-unit velocity — zero: every weight-velocity entry exactly 0; low: nonzero but < 5% of the layer's p90 unit norm
[LAYER-HEALTH]     value.fc1.weight  relu  units 128  zero 0  low 46  median unit norm 0.005263
[LAYER-HEALTH]     (no SE blocks)
[LAYER-HEALTH]   ReZero: none
[LAYER-HEALTH]   non-finite: 0 values in 0 of 102 tensors (10263038 values examined)
[LAYER-HEALTH]   largest |value|: blocks.2.bn1.running_mean 3.864, blocks.1.bn1.running_mean 3.3, blocks.0.bn2.running_var 2.572, blocks.1.bn1.running_var 2.445, tower_final_bn.running_mean 2.375
[REPLAY] enumerated checkpoint -> 20261005-lrA-const01-r1-replay-seg1-step1000.safetensors
[REPLAY] step=1050 loss=3.5217 pLoss=2.7100 vLoss=0.8058 pEnt=2.849 pIllM=0.0059 playedP=0.171 pW=0.48 pD=0.07 pL=0.46 vAbs=0.237 pLogitMean=0.5975 vLogitMean=1.3880 gNorm=1.065 lr=0.01 ms=1435.7 buf=500000 plies=9712370 games=146657 rejected=0 skipped=0 epoch=0 mom=0.9000 trainerStep=37050
[LAYER-HEALTH] live trainerStep=37050 scope=batch_norm_state_only reluSites=9/10 ch=1040 dead=0 off=0 alwaysOn=0 worst=none maxBetaOverGamma=+0.44@tower_final_bn[31] minBetaOverGamma=-0.39@blocks.2.bn1[72] rvMaxOverMedian=6.9@stem.bn[53] rezero=none nonFinite=0
[REPLAY] step=1100 loss=3.5404 pLoss=2.7410 vLoss=0.7929 pEnt=2.844 pIllM=0.0065 playedP=0.171 pW=0.48 pD=0.06 pL=0.46 vAbs=0.244 pLogitMean=0.5987 vLogitMean=1.4245 gNorm=1.075 lr=0.01 ms=1399.1 buf=500000 plies=10138980 games=153136 rejected=0 skipped=0 epoch=0 mom=0.9000 trainerStep=37100
[LAYER-HEALTH] live trainerStep=37100 scope=batch_norm_state_only reluSites=9/10 ch=1040 dead=0 off=0 alwaysOn=0 worst=none maxBetaOverGamma=+0.44@tower_final_bn[31] minBetaOverGamma=-0.39@blocks.2.bn1[72] rvMaxOverMedian=6.9@stem.bn[53] rezero=none nonFinite=0
[REPLAY] step=1150 loss=3.5578 pLoss=2.7332 vLoss=0.8178 pEnt=2.865 pIllM=0.0068 playedP=0.164 pW=0.46 pD=0.07 pL=0.46 vAbs=0.246 pLogitMean=0.5971 vLogitMean=1.3820 gNorm=0.963 lr=0.01 ms=1357.3 buf=500000 plies=10565635 games=159563 rejected=0 skipped=0 epoch=0 mom=0.9000 trainerStep=37150
[LAYER-HEALTH] live trainerStep=37150 scope=batch_norm_state_only reluSites=9/10 ch=1040 dead=0 off=0 alwaysOn=0 worst=none maxBetaOverGamma=+0.44@tower_final_bn[31] minBetaOverGamma=-0.39@blocks.2.bn1[72] rvMaxOverMedian=7.0@stem.bn[53] rezero=none nonFinite=0
[REPLAY] step=1200 loss=3.5726 pLoss=2.7554 vLoss=0.8108 pEnt=2.876 pIllM=0.0064 playedP=0.166 pW=0.47 pD=0.07 pL=0.47 vAbs=0.230 pLogitMean=0.5962 vLogitMean=1.3867 gNorm=0.953 lr=0.01 ms=1333.8 buf=500000 plies=10992357 games=165978 rejected=0 skipped=0 epoch=0 mom=0.9000 trainerStep=37200
[LAYER-HEALTH] live trainerStep=37200 scope=batch_norm_state_only reluSites=9/10 ch=1040 dead=0 off=0 alwaysOn=0 worst=none maxBetaOverGamma=+0.44@tower_final_bn[31] minBetaOverGamma=-0.40@blocks.2.bn1[72] rvMaxOverMedian=7.0@stem.bn[53] rezero=none nonFinite=0
[REPLAY] step=1250 loss=3.5401 pLoss=2.7342 vLoss=0.7996 pEnt=2.831 pIllM=0.0063 playedP=0.175 pW=0.48 pD=0.07 pL=0.46 vAbs=0.230 pLogitMean=0.5968 vLogitMean=1.3848 gNorm=0.959 lr=0.01 ms=1215.9 buf=500000 plies=11418995 games=172417 rejected=0 skipped=0 epoch=0 mom=0.9000 trainerStep=37250
[LAYER-HEALTH] live trainerStep=37250 scope=batch_norm_state_only reluSites=9/10 ch=1040 dead=0 off=0 alwaysOn=0 worst=none maxBetaOverGamma=+0.44@tower_final_bn[31] minBetaOverGamma=-0.40@blocks.2.bn1[72] rvMaxOverMedian=7.1@stem.bn[53] rezero=none nonFinite=0
[REPLAY] step=1300 loss=3.5813 pLoss=2.7639 vLoss=0.8110 pEnt=2.870 pIllM=0.0064 playedP=0.166 pW=0.47 pD=0.07 pL=0.45 vAbs=0.242 pLogitMean=0.5963 vLogitMean=1.3641 gNorm=0.998 lr=0.01 ms=1402.9 buf=500000 plies=11845580 games=178867 rejected=0 skipped=0 epoch=0 mom=0.9000 trainerStep=37300
[LAYER-HEALTH] live trainerStep=37300 scope=batch_norm_state_only reluSites=9/10 ch=1040 dead=0 off=0 alwaysOn=0 worst=none maxBetaOverGamma=+0.44@tower_final_bn[31] minBetaOverGamma=-0.40@blocks.2.bn1[72] rvMaxOverMedian=7.2@stem.bn[53] rezero=none nonFinite=0
[REPLAY] step=1350 loss=3.5895 pLoss=2.7745 vLoss=0.8093 pEnt=2.892 pIllM=0.0057 playedP=0.161 pW=0.47 pD=0.07 pL=0.46 vAbs=0.235 pLogitMean=0.5963 vLogitMean=1.3770 gNorm=1.082 lr=0.01 ms=1400.2 buf=500000 plies=12272253 games=185204 rejected=0 skipped=0 epoch=0 mom=0.9000 trainerStep=37350
[LAYER-HEALTH] live trainerStep=37350 scope=batch_norm_state_only reluSites=9/10 ch=1040 dead=0 off=0 alwaysOn=0 worst=none maxBetaOverGamma=+0.44@tower_final_bn[31] minBetaOverGamma=-0.40@blocks.2.bn1[72] rvMaxOverMedian=7.2@stem.bn[53] rezero=none nonFinite=0
[REPLAY] step=1400 loss=3.5907 pLoss=2.7659 vLoss=0.8192 pEnt=2.872 pIllM=0.0056 playedP=0.165 pW=0.46 pD=0.07 pL=0.47 vAbs=0.226 pLogitMean=0.5970 vLogitMean=1.3190 gNorm=1.043 lr=0.01 ms=1631.2 buf=500000 plies=12698888 games=191676 rejected=0 skipped=0 epoch=0 mom=0.9000 trainerStep=37400
[LAYER-HEALTH] live trainerStep=37400 scope=batch_norm_state_only reluSites=9/10 ch=1040 dead=0 off=0 alwaysOn=0 worst=none maxBetaOverGamma=+0.44@tower_final_bn[31] minBetaOverGamma=-0.40@blocks.2.bn1[72] rvMaxOverMedian=7.1@stem.bn[53] rezero=none nonFinite=0
[REPLAY] step=1450 loss=3.5859 pLoss=2.7488 vLoss=0.8311 pEnt=2.857 pIllM=0.0060 playedP=0.167 pW=0.47 pD=0.07 pL=0.46 vAbs=0.223 pLogitMean=0.5972 vLogitMean=1.3072 gNorm=1.004 lr=0.01 ms=1426.4 buf=500000 plies=13125562 games=198044 rejected=0 skipped=0 epoch=0 mom=0.9000 trainerStep=37450
[LAYER-HEALTH] live trainerStep=37450 scope=batch_norm_state_only reluSites=9/10 ch=1040 dead=0 off=0 alwaysOn=0 worst=none maxBetaOverGamma=+0.44@tower_final_bn[31] minBetaOverGamma=-0.40@blocks.2.bn1[72] rvMaxOverMedian=7.0@stem.bn[53] rezero=none nonFinite=0
[REPLAY] step=1500 loss=3.6274 pLoss=2.8089 vLoss=0.8129 pEnt=2.868 pIllM=0.0055 playedP=0.165 pW=0.47 pD=0.07 pL=0.46 vAbs=0.217 pLogitMean=0.5975 vLogitMean=1.3281 gNorm=1.064 lr=0.01 ms=1435.8 buf=500000 plies=13552192 games=204487 rejected=0 skipped=0 epoch=0 mom=0.9000 trainerStep=37500
[LAYER-HEALTH] live trainerStep=37500 scope=batch_norm_state_only reluSites=9/10 ch=1040 dead=0 off=0 alwaysOn=0 worst=none maxBetaOverGamma=+0.44@tower_final_bn[31] minBetaOverGamma=-0.40@blocks.2.bn1[72] rvMaxOverMedian=7.1@stem.bn[53] rezero=none nonFinite=0
[REPLAY] step=1550 loss=3.5744 pLoss=2.7547 vLoss=0.8139 pEnt=2.888 pIllM=0.0057 playedP=0.161 pW=0.46 pD=0.07 pL=0.47 vAbs=0.209 pLogitMean=0.5970 vLogitMean=1.3740 gNorm=0.932 lr=0.01 ms=1405.7 buf=500000 plies=13978892 games=210936 rejected=0 skipped=0 epoch=0 mom=0.9000 trainerStep=37550
[LAYER-HEALTH] live trainerStep=37550 scope=batch_norm_state_only reluSites=9/10 ch=1040 dead=0 off=0 alwaysOn=0 worst=none maxBetaOverGamma=+0.44@tower_final_bn[31] minBetaOverGamma=-0.40@blocks.2.bn1[72] rvMaxOverMedian=7.1@stem.bn[53] rezero=none nonFinite=0
[REPLAY] step=1600 loss=3.5717 pLoss=2.7557 vLoss=0.8103 pEnt=2.846 pIllM=0.0056 playedP=0.168 pW=0.48 pD=0.06 pL=0.45 vAbs=0.242 pLogitMean=0.5992 vLogitMean=1.4152 gNorm=0.997 lr=0.01 ms=1405.5 buf=500000 plies=14405501 games=217383 rejected=0 skipped=0 epoch=0 mom=0.9000 trainerStep=37600
[LAYER-HEALTH] live trainerStep=37600 scope=batch_norm_state_only reluSites=9/10 ch=1040 dead=0 off=0 alwaysOn=0 worst=none maxBetaOverGamma=+0.44@tower_final_bn[31] minBetaOverGamma=-0.40@blocks.2.bn1[72] rvMaxOverMedian=7.0@stem.bn[53] rezero=none nonFinite=0
[REPLAY] step=1650 loss=3.5945 pLoss=2.7844 vLoss=0.8041 pEnt=2.882 pIllM=0.0059 playedP=0.163 pW=0.48 pD=0.06 pL=0.46 vAbs=0.228 pLogitMean=0.5976 vLogitMean=1.3901 gNorm=0.932 lr=0.01 ms=1375.6 buf=500000 plies=14832299 games=223849 rejected=0 skipped=0 epoch=0 mom=0.9000 trainerStep=37650
[LAYER-HEALTH] live trainerStep=37650 scope=batch_norm_state_only reluSites=9/10 ch=1040 dead=0 off=0 alwaysOn=0 worst=none maxBetaOverGamma=+0.44@tower_final_bn[31] minBetaOverGamma=-0.40@blocks.2.bn1[72] rvMaxOverMedian=7.0@stem.bn[53] rezero=none nonFinite=0
[REPLAY] step=1700 loss=3.5304 pLoss=2.7138 vLoss=0.8107 pEnt=2.860 pIllM=0.0059 playedP=0.166 pW=0.46 pD=0.07 pL=0.47 vAbs=0.240 pLogitMean=0.5987 vLogitMean=1.3997 gNorm=1.016 lr=0.01 ms=1295.4 buf=500000 plies=15258824 games=230243 rejected=0 skipped=0 epoch=0 mom=0.9000 trainerStep=37700
[LAYER-HEALTH] live trainerStep=37700 scope=batch_norm_state_only reluSites=9/10 ch=1040 dead=0 off=0 alwaysOn=0 worst=none maxBetaOverGamma=+0.44@tower_final_bn[31] minBetaOverGamma=-0.40@blocks.2.bn1[72] rvMaxOverMedian=6.9@stem.bn[53] rezero=none nonFinite=0
[REPLAY] step=1750 loss=3.5775 pLoss=2.7664 vLoss=0.8050 pEnt=2.843 pIllM=0.0061 playedP=0.168 pW=0.47 pD=0.07 pL=0.46 vAbs=0.233 pLogitMean=0.5980 vLogitMean=1.4299 gNorm=0.898 lr=0.01 ms=1415.4 buf=500000 plies=15685424 games=236632 rejected=0 skipped=0 epoch=0 mom=0.9000 trainerStep=37750
[LAYER-HEALTH] live trainerStep=37750 scope=batch_norm_state_only reluSites=9/10 ch=1040 dead=0 off=0 alwaysOn=0 worst=none maxBetaOverGamma=+0.44@tower_final_bn[31] minBetaOverGamma=-0.40@blocks.2.bn1[72] rvMaxOverMedian=6.9@stem.bn[53] rezero=none nonFinite=0
[REPLAY] step=1800 loss=3.5326 pLoss=2.7270 vLoss=0.7997 pEnt=2.878 pIllM=0.0060 playedP=0.162 pW=0.46 pD=0.06 pL=0.47 vAbs=0.230 pLogitMean=0.5974 vLogitMean=1.4547 gNorm=1.013 lr=0.01 ms=1428.1 buf=500000 plies=16112104 games=243053 rejected=0 skipped=0 epoch=0 mom=0.9000 trainerStep=37800
[LAYER-HEALTH] live trainerStep=37800 scope=batch_norm_state_only reluSites=9/10 ch=1040 dead=0 off=0 alwaysOn=0 worst=none maxBetaOverGamma=+0.44@tower_final_bn[31] minBetaOverGamma=-0.40@blocks.2.bn1[72] rvMaxOverMedian=6.9@stem.bn[53] rezero=none nonFinite=0
[REPLAY] step=1850 loss=3.5446 pLoss=2.7365 vLoss=0.8021 pEnt=2.866 pIllM=0.0061 playedP=0.168 pW=0.46 pD=0.06 pL=0.47 vAbs=0.238 pLogitMean=0.5978 vLogitMean=1.4504 gNorm=0.969 lr=0.01 ms=1344.1 buf=500000 plies=16538787 games=249504 rejected=0 skipped=0 epoch=0 mom=0.9000 trainerStep=37850
[LAYER-HEALTH] live trainerStep=37850 scope=batch_norm_state_only reluSites=9/10 ch=1040 dead=0 off=0 alwaysOn=0 worst=none maxBetaOverGamma=+0.44@tower_final_bn[31] minBetaOverGamma=-0.40@blocks.2.bn1[72] rvMaxOverMedian=7.0@stem.bn[53] rezero=none nonFinite=0
[REPLAY] step=1900 loss=3.5740 pLoss=2.7583 vLoss=0.8094 pEnt=2.880 pIllM=0.0063 playedP=0.165 pW=0.47 pD=0.07 pL=0.46 vAbs=0.237 pLogitMean=0.5979 vLogitMean=1.4277 gNorm=1.017 lr=0.01 ms=1364.6 buf=500000 plies=16965434 games=255975 rejected=0 skipped=0 epoch=0 mom=0.9000 trainerStep=37900
[LAYER-HEALTH] live trainerStep=37900 scope=batch_norm_state_only reluSites=9/10 ch=1040 dead=0 off=0 alwaysOn=0 worst=none maxBetaOverGamma=+0.44@tower_final_bn[31] minBetaOverGamma=-0.40@blocks.2.bn1[72] rvMaxOverMedian=7.1@stem.bn[53] rezero=none nonFinite=0
[REPLAY] step=1950 loss=3.6228 pLoss=2.7942 vLoss=0.8229 pEnt=2.856 pIllM=0.0057 playedP=0.167 pW=0.48 pD=0.07 pL=0.45 vAbs=0.230 pLogitMean=0.5972 vLogitMean=1.4219 gNorm=1.105 lr=0.01 ms=1427.3 buf=500000 plies=17392032 games=262377 rejected=0 skipped=0 epoch=0 mom=0.9000 trainerStep=37950
[LAYER-HEALTH] live trainerStep=37950 scope=batch_norm_state_only reluSites=9/10 ch=1040 dead=0 off=0 alwaysOn=0 worst=none maxBetaOverGamma=+0.44@tower_final_bn[31] minBetaOverGamma=-0.40@blocks.2.bn1[72] rvMaxOverMedian=7.0@stem.bn[53] rezero=none nonFinite=0
[REPLAY] step=2000 loss=3.5671 pLoss=2.7564 vLoss=0.8047 pEnt=2.857 pIllM=0.0060 playedP=0.168 pW=0.47 pD=0.06 pL=0.46 vAbs=0.235 pLogitMean=0.5988 vLogitMean=1.4052 gNorm=0.889 lr=0.01 ms=1414.8 buf=500000 plies=17818749 games=268833 rejected=0 skipped=0 epoch=0 mom=0.9000 trainerStep=38000
[LAYER-HEALTH] live trainerStep=38000 scope=batch_norm_state_only reluSites=9/10 ch=1040 dead=0 off=0 alwaysOn=0 worst=none maxBetaOverGamma=+0.44@tower_final_bn[31] minBetaOverGamma=-0.40@blocks.2.bn1[72] rvMaxOverMedian=6.9@stem.bn[53] rezero=none nonFinite=0
[REPLAY] saved trainer model (autosave) step=2000 trainerStep=38000 nextGame=4896225 shard=10 epoch=0 -> 20261005-lrA-const01-r1-replay-latest.safetensors
[LAYER-HEALTH] checkpoint replay-autosave step=2000 trainerStep=38000 scope=all_tensors reluSites=9/10 ch=1040 dead=0 off=0 alwaysOn=0 worst=none maxBetaOverGamma=+0.44@tower_final_bn[31] minBetaOverGamma=-0.40@blocks.2.bn1[72] rvMaxOverMedian=6.9@stem.bn[53] rezero=none nonFinite=0 seZeroVel=none valueFC1ZeroVel=0/128 maxAbs=3.851@blocks.2.bn1.running_mean
[LAYER-HEALTH]   batch-norm sites — β/|γ|: dead < -3.00, mostly off < -2.00, always on > +3.00; classified for relu/leaky_relu only
[LAYER-HEALTH]     site            act            ch   dead    off     on  zeroγ nonfin  min β/|γ| [ch]     max β/|γ| [ch]     rv max/median [ch]
[LAYER-HEALTH]     stem.bn         -             128    n/a    n/a    n/a      0      0     -0.07 [85]         +0.05 [62]            6.9 [53]
[LAYER-HEALTH]     blocks.0.bn1    relu          128      0      0      0      0      0     -0.13 [97]         +0.19 [62]            2.2 [97]
[LAYER-HEALTH]     blocks.0.bn2    relu          128      0      0      0      0      0     -0.20 [122]        +0.07 [86]            2.3 [24]
[LAYER-HEALTH]     blocks.1.bn1    relu          128      0      0      0      0      0     -0.36 [17]         +0.12 [121]           6.0 [97]
[LAYER-HEALTH]     blocks.1.bn2    relu          128      0      0      0      0      0     -0.37 [69]         +0.08 [110]           1.8 [103]
[LAYER-HEALTH]     blocks.2.bn1    relu          128      0      0      0      0      0     -0.40 [72]         +0.12 [30]            3.7 [97]
[LAYER-HEALTH]     blocks.2.bn2    relu          128      0      0      0      0      0     -0.34 [92]         +0.18 [29]            1.5 [34]
[LAYER-HEALTH]     tower_final_bn  relu          128      0      0      0      0      0     -0.07 [35]         +0.44 [31]            5.9 [39]
[LAYER-HEALTH]     policy.pre_bn   relu          128      0      0      0      0      0     -0.05 [114]        +0.18 [100]           2.8 [32]
[LAYER-HEALTH]     value.bn        relu           16      0      0      0      0      0     -0.13 [10]         +0.01 [0]             1.6 [11]
[LAYER-HEALTH]   FC hidden-unit velocity — zero: every weight-velocity entry exactly 0; low: nonzero but < 5% of the layer's p90 unit norm
[LAYER-HEALTH]     value.fc1.weight  relu  units 128  zero 0  low 32  median unit norm 0.00502
[LAYER-HEALTH]     (no SE blocks)
[LAYER-HEALTH]   ReZero: none
[LAYER-HEALTH]   non-finite: 0 values in 0 of 102 tensors (10263038 values examined)
[LAYER-HEALTH]   largest |value|: blocks.2.bn1.running_mean 3.851, blocks.1.bn1.running_mean 3.292, blocks.0.bn2.running_var 2.823, blocks.1.bn1.running_var 2.496, blocks.0.bn2.running_mean 2.434
[REPLAY] enumerated checkpoint -> 20261005-lrA-const01-r1-replay-seg1-step2000.safetensors
[REPLAY] step=2050 loss=3.5625 pLoss=2.7488 vLoss=0.8080 pEnt=2.873 pIllM=0.0057 playedP=0.165 pW=0.46 pD=0.07 pL=0.48 vAbs=0.224 pLogitMean=0.5980 vLogitMean=1.4215 gNorm=0.985 lr=0.01 ms=1396.0 buf=500000 plies=18245402 games=275300 rejected=0 skipped=0 epoch=0 mom=0.9000 trainerStep=38050
[LAYER-HEALTH] live trainerStep=38050 scope=batch_norm_state_only reluSites=9/10 ch=1040 dead=0 off=0 alwaysOn=0 worst=none maxBetaOverGamma=+0.44@tower_final_bn[31] minBetaOverGamma=-0.40@blocks.2.bn1[72] rvMaxOverMedian=7.0@stem.bn[53] rezero=none nonFinite=0
[REPLAY] step=2100 loss=3.5475 pLoss=2.7335 vLoss=0.8086 pEnt=2.882 pIllM=0.0054 playedP=0.164 pW=0.47 pD=0.07 pL=0.46 vAbs=0.227 pLogitMean=0.5998 vLogitMean=1.4073 gNorm=0.999 lr=0.01 ms=1506.2 buf=500000 plies=18671978 games=281697 rejected=0 skipped=0 epoch=0 mom=0.9000 trainerStep=38100
[LAYER-HEALTH] live trainerStep=38100 scope=batch_norm_state_only reluSites=9/10 ch=1040 dead=0 off=0 alwaysOn=0 worst=none maxBetaOverGamma=+0.44@tower_final_bn[31] minBetaOverGamma=-0.40@blocks.2.bn1[72] rvMaxOverMedian=7.0@stem.bn[53] rezero=none nonFinite=0
[REPLAY] step=2150 loss=3.5231 pLoss=2.7025 vLoss=0.8149 pEnt=2.864 pIllM=0.0058 playedP=0.169 pW=0.46 pD=0.07 pL=0.47 vAbs=0.237 pLogitMean=0.5996 vLogitMean=1.3985 gNorm=1.190 lr=0.01 ms=1519.5 buf=500000 plies=19098639 games=288098 rejected=0 skipped=0 epoch=0 mom=0.9000 trainerStep=38150
[LAYER-HEALTH] live trainerStep=38150 scope=batch_norm_state_only reluSites=9/10 ch=1040 dead=0 off=0 alwaysOn=0 worst=none maxBetaOverGamma=+0.44@tower_final_bn[31] minBetaOverGamma=-0.40@blocks.2.bn1[72] rvMaxOverMedian=7.0@stem.bn[53] rezero=none nonFinite=0
[REPLAY] step=2200 loss=3.5490 pLoss=2.7395 vLoss=0.8033 pEnt=2.861 pIllM=0.0062 playedP=0.169 pW=0.47 pD=0.06 pL=0.47 vAbs=0.241 pLogitMean=0.6000 vLogitMean=1.4421 gNorm=1.035 lr=0.01 ms=1379.9 buf=500000 plies=19525280 games=294537 rejected=0 skipped=0 epoch=0 mom=0.9000 trainerStep=38200
[LAYER-HEALTH] live trainerStep=38200 scope=batch_norm_state_only reluSites=9/10 ch=1040 dead=0 off=0 alwaysOn=0 worst=none maxBetaOverGamma=+0.44@tower_final_bn[31] minBetaOverGamma=-0.40@blocks.2.bn1[72] rvMaxOverMedian=6.9@stem.bn[53] rezero=none nonFinite=0
[REPLAY] step=2250 loss=3.5452 pLoss=2.7271 vLoss=0.8121 pEnt=2.844 pIllM=0.0061 playedP=0.172 pW=0.47 pD=0.07 pL=0.46 vAbs=0.237 pLogitMean=0.6003 vLogitMean=1.4372 gNorm=1.032 lr=0.01 ms=1373.6 buf=500000 plies=19951959 games=300886 rejected=0 skipped=0 epoch=0 mom=0.9000 trainerStep=38250
[LAYER-HEALTH] live trainerStep=38250 scope=batch_norm_state_only reluSites=9/10 ch=1040 dead=0 off=0 alwaysOn=0 worst=none maxBetaOverGamma=+0.44@tower_final_bn[31] minBetaOverGamma=-0.40@blocks.2.bn1[72] rvMaxOverMedian=6.7@stem.bn[53] rezero=none nonFinite=0
[REPLAY] step=2300 loss=3.5478 pLoss=2.7489 vLoss=0.7932 pEnt=2.848 pIllM=0.0058 playedP=0.168 pW=0.46 pD=0.06 pL=0.48 vAbs=0.237 pLogitMean=0.6003 vLogitMean=1.4373 gNorm=1.084 lr=0.01 ms=1323.5 buf=500000 plies=20378609 games=307219 rejected=0 skipped=0 epoch=0 mom=0.9000 trainerStep=38300
[LAYER-HEALTH] live trainerStep=38300 scope=batch_norm_state_only reluSites=9/10 ch=1040 dead=0 off=0 alwaysOn=0 worst=none maxBetaOverGamma=+0.44@tower_final_bn[31] minBetaOverGamma=-0.40@blocks.2.bn1[72] rvMaxOverMedian=6.6@stem.bn[53] rezero=none nonFinite=0
[REPLAY] step=2350 loss=3.5496 pLoss=2.7389 vLoss=0.8048 pEnt=2.881 pIllM=0.0060 playedP=0.164 pW=0.46 pD=0.07 pL=0.47 vAbs=0.234 pLogitMean=0.6007 vLogitMean=1.4016 gNorm=1.035 lr=0.01 ms=1484.1 buf=500000 plies=20805300 games=313584 rejected=0 skipped=0 epoch=0 mom=0.9000 trainerStep=38350
[LAYER-HEALTH] live trainerStep=38350 scope=batch_norm_state_only reluSites=9/10 ch=1040 dead=0 off=0 alwaysOn=0 worst=none maxBetaOverGamma=+0.44@tower_final_bn[31] minBetaOverGamma=-0.40@blocks.2.bn1[72] rvMaxOverMedian=6.7@stem.bn[53] rezero=none nonFinite=0
[REPLAY] step=2400 loss=3.5862 pLoss=2.7714 vLoss=0.8094 pEnt=2.867 pIllM=0.0055 playedP=0.169 pW=0.48 pD=0.06 pL=0.45 vAbs=0.236 pLogitMean=0.6015 vLogitMean=1.4394 gNorm=1.094 lr=0.01 ms=1356.5 buf=500000 plies=21231883 games=320063 rejected=0 skipped=0 epoch=0 mom=0.9000 trainerStep=38400
[LAYER-HEALTH] live trainerStep=38400 scope=batch_norm_state_only reluSites=9/10 ch=1040 dead=0 off=0 alwaysOn=0 worst=none maxBetaOverGamma=+0.44@tower_final_bn[31] minBetaOverGamma=-0.40@blocks.2.bn1[72] rvMaxOverMedian=6.8@stem.bn[53] rezero=none nonFinite=0
[REPLAY] step=2450 loss=3.5494 pLoss=2.7432 vLoss=0.8000 pEnt=2.893 pIllM=0.0062 playedP=0.164 pW=0.47 pD=0.06 pL=0.47 vAbs=0.240 pLogitMean=0.6016 vLogitMean=1.4490 gNorm=0.949 lr=0.01 ms=1353.8 buf=500000 plies=21658533 games=326516 rejected=0 skipped=0 epoch=0 mom=0.9000 trainerStep=38450
[LAYER-HEALTH] live trainerStep=38450 scope=batch_norm_state_only reluSites=9/10 ch=1040 dead=0 off=0 alwaysOn=0 worst=none maxBetaOverGamma=+0.44@tower_final_bn[31] minBetaOverGamma=-0.40@blocks.2.bn1[72] rvMaxOverMedian=6.8@stem.bn[53] rezero=none nonFinite=0
[REPLAY] step=2500 loss=3.5477 pLoss=2.7448 vLoss=0.7967 pEnt=2.852 pIllM=0.0063 playedP=0.169 pW=0.46 pD=0.06 pL=0.47 vAbs=0.239 pLogitMean=0.6006 vLogitMean=1.3933 gNorm=1.088 lr=0.01 ms=1326.2 buf=500000 plies=22085199 games=332937 rejected=0 skipped=0 epoch=0 mom=0.9000 trainerStep=38500
[LAYER-HEALTH] live trainerStep=38500 scope=batch_norm_state_only reluSites=9/10 ch=1040 dead=0 off=0 alwaysOn=0 worst=none maxBetaOverGamma=+0.44@tower_final_bn[31] minBetaOverGamma=-0.40@blocks.2.bn1[72] rvMaxOverMedian=7.0@stem.bn[53] rezero=none nonFinite=0
[REPLAY] step=2550 loss=3.6042 pLoss=2.7807 vLoss=0.8182 pEnt=2.894 pIllM=0.0054 playedP=0.163 pW=0.47 pD=0.07 pL=0.46 vAbs=0.216 pLogitMean=0.6007 vLogitMean=1.3748 gNorm=1.049 lr=0.01 ms=1358.0 buf=500000 plies=22511862 games=339342 rejected=0 skipped=0 epoch=0 mom=0.9000 trainerStep=38550
[LAYER-HEALTH] live trainerStep=38550 scope=batch_norm_state_only reluSites=9/10 ch=1040 dead=0 off=0 alwaysOn=0 worst=none maxBetaOverGamma=+0.44@tower_final_bn[31] minBetaOverGamma=-0.40@blocks.2.bn1[72] rvMaxOverMedian=6.9@stem.bn[53] rezero=none nonFinite=0
[REPLAY] step=2600 loss=3.5500 pLoss=2.7564 vLoss=0.7884 pEnt=2.865 pIllM=0.0053 playedP=0.165 pW=0.48 pD=0.07 pL=0.46 vAbs=0.234 pLogitMean=0.6007 vLogitMean=1.4084 gNorm=0.902 lr=0.01 ms=1519.5 buf=500000 plies=22938480 games=345736 rejected=0 skipped=0 epoch=0 mom=0.9000 trainerStep=38600
[LAYER-HEALTH] live trainerStep=38600 scope=batch_norm_state_only reluSites=9/10 ch=1040 dead=0 off=0 alwaysOn=0 worst=none maxBetaOverGamma=+0.44@tower_final_bn[31] minBetaOverGamma=-0.40@blocks.2.bn1[72] rvMaxOverMedian=7.0@stem.bn[53] rezero=none nonFinite=0
[REPLAY] step=2650 loss=3.5539 pLoss=2.7483 vLoss=0.8002 pEnt=2.885 pIllM=0.0054 playedP=0.163 pW=0.47 pD=0.06 pL=0.47 vAbs=0.230 pLogitMean=0.6023 vLogitMean=1.4199 gNorm=1.063 lr=0.01 ms=1410.2 buf=500000 plies=23365168 games=352138 rejected=0 skipped=0 epoch=0 mom=0.9000 trainerStep=38650
[LAYER-HEALTH] live trainerStep=38650 scope=batch_norm_state_only reluSites=9/10 ch=1040 dead=0 off=0 alwaysOn=0 worst=none maxBetaOverGamma=+0.44@tower_final_bn[31] minBetaOverGamma=-0.40@blocks.2.bn1[72] rvMaxOverMedian=7.0@stem.bn[53] rezero=none nonFinite=0
[REPLAY] step=2700 loss=3.6189 pLoss=2.7836 vLoss=0.8302 pEnt=2.861 pIllM=0.0051 playedP=0.167 pW=0.48 pD=0.07 pL=0.45 vAbs=0.215 pLogitMean=0.6018 vLogitMean=1.3732 gNorm=1.024 lr=0.01 ms=1441.8 buf=500000 plies=23791838 games=358540 rejected=0 skipped=0 epoch=0 mom=0.9000 trainerStep=38700
[LAYER-HEALTH] live trainerStep=38700 scope=batch_norm_state_only reluSites=9/10 ch=1040 dead=0 off=0 alwaysOn=0 worst=none maxBetaOverGamma=+0.44@tower_final_bn[31] minBetaOverGamma=-0.40@blocks.2.bn1[72] rvMaxOverMedian=7.1@stem.bn[53] rezero=none nonFinite=0
[REPLAY] step=2750 loss=3.5702 pLoss=2.7627 vLoss=0.8016 pEnt=2.832 pIllM=0.0059 playedP=0.172 pW=0.47 pD=0.07 pL=0.46 vAbs=0.220 pLogitMean=0.6024 vLogitMean=1.3641 gNorm=1.144 lr=0.01 ms=1439.8 buf=500000 plies=24218430 games=364952 rejected=0 skipped=0 epoch=0 mom=0.9000 trainerStep=38750
[LAYER-HEALTH] live trainerStep=38750 scope=batch_norm_state_only reluSites=9/10 ch=1040 dead=0 off=0 alwaysOn=0 worst=none maxBetaOverGamma=+0.44@tower_final_bn[31] minBetaOverGamma=-0.40@blocks.2.bn1[72] rvMaxOverMedian=7.0@stem.bn[53] rezero=none nonFinite=0
[REPLAY] step=2800 loss=3.5648 pLoss=2.7521 vLoss=0.8061 pEnt=2.859 pIllM=0.0066 playedP=0.171 pW=0.46 pD=0.06 pL=0.47 vAbs=0.231 pLogitMean=0.6015 vLogitMean=1.3943 gNorm=1.068 lr=0.01 ms=1344.5 buf=500000 plies=24645117 games=371353 rejected=0 skipped=0 epoch=0 mom=0.9000 trainerStep=38800
[LAYER-HEALTH] live trainerStep=38800 scope=batch_norm_state_only reluSites=9/10 ch=1040 dead=0 off=0 alwaysOn=0 worst=none maxBetaOverGamma=+0.44@tower_final_bn[31] minBetaOverGamma=-0.41@blocks.2.bn1[72] rvMaxOverMedian=7.0@stem.bn[53] rezero=none nonFinite=0
[REPLAY] step=2850 loss=3.5434 pLoss=2.7318 vLoss=0.8056 pEnt=2.843 pIllM=0.0060 playedP=0.175 pW=0.48 pD=0.06 pL=0.46 vAbs=0.227 pLogitMean=0.6009 vLogitMean=1.3971 gNorm=0.965 lr=0.01 ms=1323.7 buf=500000 plies=25071738 games=377755 rejected=0 skipped=0 epoch=0 mom=0.9000 trainerStep=38850
[LAYER-HEALTH] live trainerStep=38850 scope=batch_norm_state_only reluSites=9/10 ch=1040 dead=0 off=0 alwaysOn=0 worst=none maxBetaOverGamma=+0.44@tower_final_bn[31] minBetaOverGamma=-0.41@blocks.2.bn1[72] rvMaxOverMedian=7.0@stem.bn[53] rezero=none nonFinite=0
[REPLAY] step=2900 loss=3.5683 pLoss=2.7537 vLoss=0.8088 pEnt=2.835 pIllM=0.0058 playedP=0.175 pW=0.47 pD=0.07 pL=0.46 vAbs=0.214 pLogitMean=0.6027 vLogitMean=1.3969 gNorm=1.061 lr=0.01 ms=1330.3 buf=500000 plies=25498445 games=384181 rejected=0 skipped=0 epoch=0 mom=0.9000 trainerStep=38900
[LAYER-HEALTH] live trainerStep=38900 scope=batch_norm_state_only reluSites=9/10 ch=1040 dead=0 off=0 alwaysOn=0 worst=none maxBetaOverGamma=+0.44@tower_final_bn[31] minBetaOverGamma=-0.41@blocks.2.bn1[72] rvMaxOverMedian=7.0@stem.bn[53] rezero=none nonFinite=0
[REPLAY] step=2950 loss=3.5505 pLoss=2.7358 vLoss=0.8092 pEnt=2.874 pIllM=0.0056 playedP=0.161 pW=0.47 pD=0.07 pL=0.46 vAbs=0.235 pLogitMean=0.6035 vLogitMean=1.3952 gNorm=0.984 lr=0.01 ms=1272.4 buf=500000 plies=25925035 games=390584 rejected=0 skipped=0 epoch=0 mom=0.9000 trainerStep=38950
[LAYER-HEALTH] live trainerStep=38950 scope=batch_norm_state_only reluSites=9/10 ch=1040 dead=0 off=0 alwaysOn=0 worst=none maxBetaOverGamma=+0.44@tower_final_bn[31] minBetaOverGamma=-0.41@blocks.2.bn1[72] rvMaxOverMedian=6.8@stem.bn[53] rezero=none nonFinite=0
[REPLAY] step=3000 loss=3.5552 pLoss=2.7320 vLoss=0.8165 pEnt=2.860 pIllM=0.0067 playedP=0.169 pW=0.47 pD=0.07 pL=0.46 vAbs=0.231 pLogitMean=0.6023 vLogitMean=1.4198 gNorm=0.928 lr=0.01 ms=1352.8 buf=500000 plies=26351767 games=397000 rejected=0 skipped=0 epoch=0 mom=0.9000 trainerStep=39000
[LAYER-HEALTH] live trainerStep=39000 scope=batch_norm_state_only reluSites=9/10 ch=1040 dead=0 off=0 alwaysOn=0 worst=none maxBetaOverGamma=+0.44@tower_final_bn[31] minBetaOverGamma=-0.41@blocks.2.bn1[72] rvMaxOverMedian=6.8@stem.bn[53] rezero=none nonFinite=0
[REPLAY] saved trainer model (autosave) step=3000 trainerStep=39000 nextGame=5024392 shard=11 epoch=0 -> 20261005-lrA-const01-r1-replay-latest.safetensors
[LAYER-HEALTH] checkpoint replay-autosave step=3000 trainerStep=39000 scope=all_tensors reluSites=9/10 ch=1040 dead=0 off=0 alwaysOn=0 worst=none maxBetaOverGamma=+0.44@tower_final_bn[31] minBetaOverGamma=-0.41@blocks.2.bn1[72] rvMaxOverMedian=6.8@stem.bn[53] rezero=none nonFinite=0 seZeroVel=none valueFC1ZeroVel=0/128 maxAbs=3.853@blocks.2.bn1.running_mean
[LAYER-HEALTH]   batch-norm sites — β/|γ|: dead < -3.00, mostly off < -2.00, always on > +3.00; classified for relu/leaky_relu only
[LAYER-HEALTH]     site            act            ch   dead    off     on  zeroγ nonfin  min β/|γ| [ch]     max β/|γ| [ch]     rv max/median [ch]
[LAYER-HEALTH]     stem.bn         -             128    n/a    n/a    n/a      0      0     -0.07 [85]         +0.05 [62]            6.8 [53]
[LAYER-HEALTH]     blocks.0.bn1    relu          128      0      0      0      0      0     -0.13 [97]         +0.19 [62]            2.2 [97]
[LAYER-HEALTH]     blocks.0.bn2    relu          128      0      0      0      0      0     -0.21 [122]        +0.07 [86]            2.1 [24]
[LAYER-HEALTH]     blocks.1.bn1    relu          128      0      0      0      0      0     -0.37 [17]         +0.12 [121]           6.0 [97]
[LAYER-HEALTH]     blocks.1.bn2    relu          128      0      0      0      0      0     -0.37 [69]         +0.08 [110]           1.7 [103]
[LAYER-HEALTH]     blocks.2.bn1    relu          128      0      0      0      0      0     -0.41 [72]         +0.12 [30]            3.8 [97]
[LAYER-HEALTH]     blocks.2.bn2    relu          128      0      0      0      0      0     -0.35 [92]         +0.18 [29]            1.5 [111]
[LAYER-HEALTH]     tower_final_bn  relu          128      0      0      0      0      0     -0.07 [35]         +0.44 [31]            6.0 [39]
[LAYER-HEALTH]     policy.pre_bn   relu          128      0      0      0      0      0     -0.05 [114]        +0.18 [100]           2.7 [32]
[LAYER-HEALTH]     value.bn        relu           16      0      0      0      0      0     -0.14 [10]         +0.00 [0]             1.6 [11]
[LAYER-HEALTH]   FC hidden-unit velocity — zero: every weight-velocity entry exactly 0; low: nonzero but < 5% of the layer's p90 unit norm
[LAYER-HEALTH]     value.fc1.weight  relu  units 128  zero 0  low 42  median unit norm 0.005135
[LAYER-HEALTH]     (no SE blocks)
[LAYER-HEALTH]   ReZero: none
[LAYER-HEALTH]   non-finite: 0 values in 0 of 102 tensors (10263038 values examined)
[LAYER-HEALTH]   largest |value|: blocks.2.bn1.running_mean 3.853, blocks.1.bn1.running_mean 3.321, blocks.0.bn2.running_var 2.525, blocks.1.bn1.running_var 2.484, blocks.0.bn2.running_mean 2.383
[REPLAY] enumerated checkpoint -> 20261005-lrA-const01-r1-replay-seg1-step3000.safetensors
[REPLAY] step=3050 loss=3.5813 pLoss=2.7680 vLoss=0.8075 pEnt=2.855 pIllM=0.0058 playedP=0.169 pW=0.48 pD=0.07 pL=0.45 vAbs=0.230 pLogitMean=0.6026 vLogitMean=1.4323 gNorm=1.016 lr=0.01 ms=1535.6 buf=500000 plies=26778405 games=403392 rejected=0 skipped=0 epoch=0 mom=0.9000 trainerStep=39050
[LAYER-HEALTH] live trainerStep=39050 scope=batch_norm_state_only reluSites=9/10 ch=1040 dead=0 off=0 alwaysOn=0 worst=none maxBetaOverGamma=+0.44@tower_final_bn[31] minBetaOverGamma=-0.41@blocks.2.bn1[72] rvMaxOverMedian=7.0@stem.bn[53] rezero=none nonFinite=0
[REPLAY] step=3100 loss=3.5697 pLoss=2.7476 vLoss=0.8166 pEnt=2.882 pIllM=0.0055 playedP=0.164 pW=0.47 pD=0.08 pL=0.46 vAbs=0.222 pLogitMean=0.6017 vLogitMean=1.3803 gNorm=0.984 lr=0.01 ms=1379.1 buf=500000 plies=27205019 games=409730 rejected=0 skipped=0 epoch=0 mom=0.9000 trainerStep=39100
[LAYER-HEALTH] live trainerStep=39100 scope=batch_norm_state_only reluSites=9/10 ch=1040 dead=0 off=0 alwaysOn=0 worst=none maxBetaOverGamma=+0.44@tower_final_bn[31] minBetaOverGamma=-0.41@blocks.2.bn1[72] rvMaxOverMedian=6.8@stem.bn[53] rezero=none nonFinite=0
[REPLAY] step=3150 loss=3.5828 pLoss=2.7577 vLoss=0.8192 pEnt=2.883 pIllM=0.0059 playedP=0.160 pW=0.47 pD=0.07 pL=0.46 vAbs=0.232 pLogitMean=0.6030 vLogitMean=1.3907 gNorm=1.024 lr=0.01 ms=1343.6 buf=500000 plies=27631655 games=416156 rejected=0 skipped=0 epoch=0 mom=0.9000 trainerStep=39150
[LAYER-HEALTH] live trainerStep=39150 scope=batch_norm_state_only reluSites=9/10 ch=1040 dead=0 off=0 alwaysOn=0 worst=none maxBetaOverGamma=+0.45@tower_final_bn[31] minBetaOverGamma=-0.41@blocks.2.bn1[72] rvMaxOverMedian=6.5@stem.bn[53] rezero=none nonFinite=0
[REPLAY] step=3200 loss=3.5969 pLoss=2.7774 vLoss=0.8137 pEnt=2.863 pIllM=0.0058 playedP=0.167 pW=0.48 pD=0.07 pL=0.45 vAbs=0.218 pLogitMean=0.6038 vLogitMean=1.3605 gNorm=1.034 lr=0.01 ms=1334.6 buf=500000 plies=28058325 games=422595 rejected=0 skipped=0 epoch=0 mom=0.9000 trainerStep=39200
[LAYER-HEALTH] live trainerStep=39200 scope=batch_norm_state_only reluSites=9/10 ch=1040 dead=0 off=0 alwaysOn=0 worst=none maxBetaOverGamma=+0.45@tower_final_bn[31] minBetaOverGamma=-0.41@blocks.2.bn1[72] rvMaxOverMedian=6.5@stem.bn[53] rezero=none nonFinite=0
[REPLAY] step=3250 loss=3.5806 pLoss=2.7578 vLoss=0.8177 pEnt=2.881 pIllM=0.0050 playedP=0.163 pW=0.47 pD=0.06 pL=0.47 vAbs=0.212 pLogitMean=0.6036 vLogitMean=1.3593 gNorm=1.069 lr=0.01 ms=1565.5 buf=500000 plies=28484946 games=428979 rejected=0 skipped=0 epoch=0 mom=0.9000 trainerStep=39250
[LAYER-HEALTH] live trainerStep=39250 scope=batch_norm_state_only reluSites=9/10 ch=1040 dead=0 off=0 alwaysOn=0 worst=none maxBetaOverGamma=+0.45@tower_final_bn[31] minBetaOverGamma=-0.41@blocks.2.bn1[72] rvMaxOverMedian=6.6@stem.bn[53] rezero=none nonFinite=0
[REPLAY] step=3300 loss=3.5659 pLoss=2.7424 vLoss=0.8180 pEnt=2.841 pIllM=0.0055 playedP=0.171 pW=0.46 pD=0.07 pL=0.47 vAbs=0.244 pLogitMean=0.6031 vLogitMean=1.3342 gNorm=1.003 lr=0.01 ms=1274.5 buf=500000 plies=28911658 games=435433 rejected=0 skipped=0 epoch=0 mom=0.9000 trainerStep=39300
[LAYER-HEALTH] live trainerStep=39300 scope=batch_norm_state_only reluSites=9/10 ch=1040 dead=0 off=0 alwaysOn=0 worst=none maxBetaOverGamma=+0.45@tower_final_bn[31] minBetaOverGamma=-0.41@blocks.2.bn1[72] rvMaxOverMedian=6.7@stem.bn[53] rezero=none nonFinite=0
[REPLAY] step=3350 loss=3.6349 pLoss=2.8262 vLoss=0.8034 pEnt=2.880 pIllM=0.0053 playedP=0.164 pW=0.48 pD=0.07 pL=0.45 vAbs=0.236 pLogitMean=0.6042 vLogitMean=1.3092 gNorm=1.012 lr=0.01 ms=1367.9 buf=500000 plies=29338226 games=441862 rejected=0 skipped=0 epoch=0 mom=0.9000 trainerStep=39350
[LAYER-HEALTH] live trainerStep=39350 scope=batch_norm_state_only reluSites=9/10 ch=1040 dead=0 off=0 alwaysOn=0 worst=none maxBetaOverGamma=+0.45@tower_final_bn[31] minBetaOverGamma=-0.41@blocks.2.bn1[72] rvMaxOverMedian=6.7@stem.bn[53] rezero=none nonFinite=0
[REPLAY] step=3400 loss=3.5779 pLoss=2.7432 vLoss=0.8295 pEnt=2.878 pIllM=0.0052 playedP=0.167 pW=0.47 pD=0.07 pL=0.47 vAbs=0.228 pLogitMean=0.6036 vLogitMean=1.3096 gNorm=1.045 lr=0.01 ms=1364.4 buf=500000 plies=29764917 games=448252 rejected=0 skipped=0 epoch=0 mom=0.9000 trainerStep=39400
[LAYER-HEALTH] live trainerStep=39400 scope=batch_norm_state_only reluSites=9/10 ch=1040 dead=0 off=0 alwaysOn=0 worst=none maxBetaOverGamma=+0.45@tower_final_bn[31] minBetaOverGamma=-0.41@blocks.2.bn1[72] rvMaxOverMedian=6.6@stem.bn[53] rezero=none nonFinite=0
[REPLAY] step=3450 loss=3.6050 pLoss=2.7881 vLoss=0.8112 pEnt=2.894 pIllM=0.0056 playedP=0.163 pW=0.48 pD=0.07 pL=0.46 vAbs=0.227 pLogitMean=0.6034 vLogitMean=1.2964 gNorm=0.995 lr=0.01 ms=1499.1 buf=500000 plies=30191538 games=454664 rejected=0 skipped=0 epoch=0 mom=0.9000 trainerStep=39450
[LAYER-HEALTH] live trainerStep=39450 scope=batch_norm_state_only reluSites=9/10 ch=1040 dead=0 off=0 alwaysOn=0 worst=none maxBetaOverGamma=+0.45@tower_final_bn[31] minBetaOverGamma=-0.41@blocks.2.bn1[72] rvMaxOverMedian=6.6@stem.bn[53] rezero=none nonFinite=0
[REPLAY] step=3500 loss=3.5631 pLoss=2.7652 vLoss=0.7920 pEnt=2.867 pIllM=0.0060 playedP=0.171 pW=0.48 pD=0.06 pL=0.47 vAbs=0.223 pLogitMean=0.6037 vLogitMean=1.3334 gNorm=1.052 lr=0.01 ms=1345.4 buf=500000 plies=30618201 games=461126 rejected=0 skipped=0 epoch=0 mom=0.9000 trainerStep=39500
[LAYER-HEALTH] live trainerStep=39500 scope=batch_norm_state_only reluSites=9/10 ch=1040 dead=0 off=0 alwaysOn=0 worst=none maxBetaOverGamma=+0.45@tower_final_bn[31] minBetaOverGamma=-0.41@blocks.2.bn1[72] rvMaxOverMedian=6.6@stem.bn[53] rezero=none nonFinite=0
[REPLAY] step=3550 loss=3.5675 pLoss=2.7478 vLoss=0.8136 pEnt=2.871 pIllM=0.0060 playedP=0.166 pW=0.47 pD=0.07 pL=0.46 vAbs=0.226 pLogitMean=0.6034 vLogitMean=1.3425 gNorm=1.000 lr=0.01 ms=1338.0 buf=500000 plies=31044860 games=467546 rejected=0 skipped=0 epoch=0 mom=0.9000 trainerStep=39550
[LAYER-HEALTH] live trainerStep=39550 scope=batch_norm_state_only reluSites=9/10 ch=1040 dead=0 off=0 alwaysOn=0 worst=none maxBetaOverGamma=+0.45@tower_final_bn[31] minBetaOverGamma=-0.41@blocks.2.bn1[72] rvMaxOverMedian=6.7@stem.bn[53] rezero=none nonFinite=0
[REPLAY] step=3600 loss=3.5403 pLoss=2.7235 vLoss=0.8115 pEnt=2.866 pIllM=0.0053 playedP=0.167 pW=0.47 pD=0.06 pL=0.47 vAbs=0.227 pLogitMean=0.6031 vLogitMean=1.3281 gNorm=0.919 lr=0.01 ms=1388.9 buf=500000 plies=31471493 games=473954 rejected=0 skipped=0 epoch=0 mom=0.9000 trainerStep=39600
[LAYER-HEALTH] live trainerStep=39600 scope=batch_norm_state_only reluSites=9/10 ch=1040 dead=0 off=0 alwaysOn=0 worst=none maxBetaOverGamma=+0.45@tower_final_bn[31] minBetaOverGamma=-0.41@blocks.2.bn1[72] rvMaxOverMedian=6.9@stem.bn[53] rezero=none nonFinite=0
[REPLAY] step=3650 loss=3.5504 pLoss=2.7477 vLoss=0.7976 pEnt=2.856 pIllM=0.0051 playedP=0.168 pW=0.47 pD=0.06 pL=0.47 vAbs=0.234 pLogitMean=0.6028 vLogitMean=1.3226 gNorm=1.015 lr=0.01 ms=1368.2 buf=500000 plies=31898194 games=480311 rejected=0 skipped=0 epoch=0 mom=0.9000 trainerStep=39650
[LAYER-HEALTH] live trainerStep=39650 scope=batch_norm_state_only reluSites=9/10 ch=1040 dead=0 off=0 alwaysOn=0 worst=none maxBetaOverGamma=+0.45@tower_final_bn[31] minBetaOverGamma=-0.41@blocks.2.bn1[72] rvMaxOverMedian=6.9@stem.bn[53] rezero=none nonFinite=0
[REPLAY] step=3700 loss=3.5764 pLoss=2.7511 vLoss=0.8199 pEnt=2.873 pIllM=0.0054 playedP=0.166 pW=0.47 pD=0.07 pL=0.46 vAbs=0.230 pLogitMean=0.6033 vLogitMean=1.3285 gNorm=1.018 lr=0.01 ms=1519.8 buf=500000 plies=32324810 games=486712 rejected=0 skipped=0 epoch=0 mom=0.9000 trainerStep=39700
[LAYER-HEALTH] live trainerStep=39700 scope=batch_norm_state_only reluSites=9/10 ch=1040 dead=0 off=0 alwaysOn=0 worst=none maxBetaOverGamma=+0.45@tower_final_bn[31] minBetaOverGamma=-0.41@blocks.2.bn1[72] rvMaxOverMedian=6.9@stem.bn[53] rezero=none nonFinite=0
[REPLAY] step=3750 loss=3.5399 pLoss=2.7263 vLoss=0.8080 pEnt=2.866 pIllM=0.0055 playedP=0.167 pW=0.47 pD=0.06 pL=0.48 vAbs=0.229 pLogitMean=0.6036 vLogitMean=1.3573 gNorm=1.009 lr=0.01 ms=1468.5 buf=500000 plies=32751439 games=493107 rejected=0 skipped=0 epoch=0 mom=0.9000 trainerStep=39750
[LAYER-HEALTH] live trainerStep=39750 scope=batch_norm_state_only reluSites=9/10 ch=1040 dead=0 off=0 alwaysOn=0 worst=none maxBetaOverGamma=+0.45@tower_final_bn[31] minBetaOverGamma=-0.41@blocks.2.bn1[72] rvMaxOverMedian=6.9@stem.bn[53] rezero=none nonFinite=0
[REPLAY] step=3800 loss=3.5886 pLoss=2.7626 vLoss=0.8201 pEnt=2.855 pIllM=0.0059 playedP=0.165 pW=0.47 pD=0.07 pL=0.45 vAbs=0.230 pLogitMean=0.6042 vLogitMean=1.3440 gNorm=1.089 lr=0.01 ms=1347.1 buf=500000 plies=33178077 games=499566 rejected=0 skipped=0 epoch=0 mom=0.9000 trainerStep=39800
[LAYER-HEALTH] live trainerStep=39800 scope=batch_norm_state_only reluSites=9/10 ch=1040 dead=0 off=0 alwaysOn=0 worst=none maxBetaOverGamma=+0.45@tower_final_bn[31] minBetaOverGamma=-0.41@blocks.2.bn1[72] rvMaxOverMedian=6.8@stem.bn[53] rezero=none nonFinite=0
[REPLAY] step=3850 loss=3.5651 pLoss=2.7570 vLoss=0.8029 pEnt=2.889 pIllM=0.0052 playedP=0.161 pW=0.46 pD=0.07 pL=0.47 vAbs=0.219 pLogitMean=0.6036 vLogitMean=1.3414 gNorm=1.048 lr=0.01 ms=1391.5 buf=500000 plies=33604794 games=505933 rejected=0 skipped=0 epoch=0 mom=0.9000 trainerStep=39850
[LAYER-HEALTH] live trainerStep=39850 scope=batch_norm_state_only reluSites=9/10 ch=1040 dead=0 off=0 alwaysOn=0 worst=none maxBetaOverGamma=+0.45@tower_final_bn[31] minBetaOverGamma=-0.41@blocks.2.bn1[72] rvMaxOverMedian=6.5@stem.bn[53] rezero=none nonFinite=0
[REPLAY] step=3900 loss=3.5792 pLoss=2.7580 vLoss=0.8157 pEnt=2.875 pIllM=0.0055 playedP=0.168 pW=0.48 pD=0.07 pL=0.46 vAbs=0.219 pLogitMean=0.6044 vLogitMean=1.3655 gNorm=0.955 lr=0.01 ms=1450.7 buf=500000 plies=34031378 games=512332 rejected=0 skipped=0 epoch=0 mom=0.9000 trainerStep=39900
[LAYER-HEALTH] live trainerStep=39900 scope=batch_norm_state_only reluSites=9/10 ch=1040 dead=0 off=0 alwaysOn=0 worst=none maxBetaOverGamma=+0.45@tower_final_bn[31] minBetaOverGamma=-0.41@blocks.2.bn1[72] rvMaxOverMedian=6.6@stem.bn[53] rezero=none nonFinite=0
[REPLAY] step=3950 loss=3.5656 pLoss=2.7555 vLoss=0.8045 pEnt=2.873 pIllM=0.0055 playedP=0.164 pW=0.45 pD=0.07 pL=0.48 vAbs=0.226 pLogitMean=0.6041 vLogitMean=1.3477 gNorm=1.069 lr=0.01 ms=1350.5 buf=500000 plies=34458149 games=518729 rejected=0 skipped=0 epoch=0 mom=0.9000 trainerStep=39950
[LAYER-HEALTH] live trainerStep=39950 scope=batch_norm_state_only reluSites=9/10 ch=1040 dead=0 off=0 alwaysOn=0 worst=none maxBetaOverGamma=+0.45@tower_final_bn[31] minBetaOverGamma=-0.41@blocks.2.bn1[72] rvMaxOverMedian=6.7@stem.bn[53] rezero=none nonFinite=0
[REPLAY] step=4000 loss=3.5692 pLoss=2.7570 vLoss=0.8064 pEnt=2.845 pIllM=0.0058 playedP=0.169 pW=0.48 pD=0.07 pL=0.45 vAbs=0.232 pLogitMean=0.6045 vLogitMean=1.3657 gNorm=1.114 lr=0.01 ms=1434.7 buf=500000 plies=34884752 games=525088 rejected=0 skipped=0 epoch=0 mom=0.9000 trainerStep=40000
[LAYER-HEALTH] live trainerStep=40000 scope=batch_norm_state_only reluSites=9/10 ch=1040 dead=0 off=0 alwaysOn=0 worst=none maxBetaOverGamma=+0.45@tower_final_bn[31] minBetaOverGamma=-0.41@blocks.2.bn1[72] rvMaxOverMedian=6.5@stem.bn[53] rezero=none nonFinite=0
[REPLAY] saved trainer model (autosave) step=4000 trainerStep=40000 nextGame=5152480 shard=11 epoch=0 -> 20261005-lrA-const01-r1-replay-latest.safetensors
[LAYER-HEALTH] checkpoint replay-autosave step=4000 trainerStep=40000 scope=all_tensors reluSites=9/10 ch=1040 dead=0 off=0 alwaysOn=0 worst=none maxBetaOverGamma=+0.45@tower_final_bn[31] minBetaOverGamma=-0.41@blocks.2.bn1[72] rvMaxOverMedian=6.5@stem.bn[53] rezero=none nonFinite=0 seZeroVel=none valueFC1ZeroVel=0/128 maxAbs=3.886@blocks.2.bn1.running_mean
[LAYER-HEALTH]   batch-norm sites — β/|γ|: dead < -3.00, mostly off < -2.00, always on > +3.00; classified for relu/leaky_relu only
[LAYER-HEALTH]     site            act            ch   dead    off     on  zeroγ nonfin  min β/|γ| [ch]     max β/|γ| [ch]     rv max/median [ch]
[LAYER-HEALTH]     stem.bn         -             128    n/a    n/a    n/a      0      0     -0.07 [85]         +0.05 [62]            6.5 [53]
[LAYER-HEALTH]     blocks.0.bn1    relu          128      0      0      0      0      0     -0.13 [97]         +0.19 [62]            2.3 [97]
[LAYER-HEALTH]     blocks.0.bn2    relu          128      0      0      0      0      0     -0.21 [122]        +0.07 [14]            2.1 [24]
[LAYER-HEALTH]     blocks.1.bn1    relu          128      0      0      0      0      0     -0.38 [17]         +0.12 [121]           6.2 [97]
[LAYER-HEALTH]     blocks.1.bn2    relu          128      0      0      0      0      0     -0.38 [69]         +0.08 [110]           1.7 [103]
[LAYER-HEALTH]     blocks.2.bn1    relu          128      0      0      0      0      0     -0.41 [72]         +0.12 [30]            3.8 [97]
[LAYER-HEALTH]     blocks.2.bn2    relu          128      0      0      0      0      0     -0.36 [92]         +0.19 [29]            1.5 [110]
[LAYER-HEALTH]     tower_final_bn  relu          128      0      0      0      0      0     -0.07 [35]         +0.45 [31]            6.0 [39]
[LAYER-HEALTH]     policy.pre_bn   relu          128      0      0      0      0      0     -0.05 [114]        +0.18 [100]           2.7 [32]
[LAYER-HEALTH]     value.bn        relu           16      0      0      0      0      0     -0.14 [10]         +0.00 [0]             1.6 [13]
[LAYER-HEALTH]   FC hidden-unit velocity — zero: every weight-velocity entry exactly 0; low: nonzero but < 5% of the layer's p90 unit norm
[LAYER-HEALTH]     value.fc1.weight  relu  units 128  zero 0  low 37  median unit norm 0.004316
[LAYER-HEALTH]     (no SE blocks)
[LAYER-HEALTH]   ReZero: none
[LAYER-HEALTH]   non-finite: 0 values in 0 of 102 tensors (10263038 values examined)
[LAYER-HEALTH]   largest |value|: blocks.2.bn1.running_mean 3.886, blocks.1.bn1.running_mean 3.342, blocks.1.bn1.running_var 2.537, blocks.0.bn2.running_var 2.498, blocks.0.bn2.running_mean 2.433
[REPLAY] enumerated checkpoint -> 20261005-lrA-const01-r1-replay-seg1-step4000.safetensors
[REPLAY] saved trainer model (final) step=4000 trainerStep=40000 nextGame=5152480 shard=11 epoch=0 -> 20261005-lrA-const01-r1-replay-latest.safetensors
[LAYER-HEALTH] checkpoint replay-final step=4000 trainerStep=40000 scope=all_tensors reluSites=9/10 ch=1040 dead=0 off=0 alwaysOn=0 worst=none maxBetaOverGamma=+0.45@tower_final_bn[31] minBetaOverGamma=-0.41@blocks.2.bn1[72] rvMaxOverMedian=6.5@stem.bn[53] rezero=none nonFinite=0 seZeroVel=none valueFC1ZeroVel=0/128 maxAbs=3.886@blocks.2.bn1.running_mean
[LAYER-HEALTH]   batch-norm sites — β/|γ|: dead < -3.00, mostly off < -2.00, always on > +3.00; classified for relu/leaky_relu only
[LAYER-HEALTH]     site            act            ch   dead    off     on  zeroγ nonfin  min β/|γ| [ch]     max β/|γ| [ch]     rv max/median [ch]
[LAYER-HEALTH]     stem.bn         -             128    n/a    n/a    n/a      0      0     -0.07 [85]         +0.05 [62]            6.5 [53]
[LAYER-HEALTH]     blocks.0.bn1    relu          128      0      0      0      0      0     -0.13 [97]         +0.19 [62]            2.3 [97]
[LAYER-HEALTH]     blocks.0.bn2    relu          128      0      0      0      0      0     -0.21 [122]        +0.07 [14]            2.1 [24]
[LAYER-HEALTH]     blocks.1.bn1    relu          128      0      0      0      0      0     -0.38 [17]         +0.12 [121]           6.2 [97]
[LAYER-HEALTH]     blocks.1.bn2    relu          128      0      0      0      0      0     -0.38 [69]         +0.08 [110]           1.7 [103]
[LAYER-HEALTH]     blocks.2.bn1    relu          128      0      0      0      0      0     -0.41 [72]         +0.12 [30]            3.8 [97]
[LAYER-HEALTH]     blocks.2.bn2    relu          128      0      0      0      0      0     -0.36 [92]         +0.19 [29]            1.5 [110]
[LAYER-HEALTH]     tower_final_bn  relu          128      0      0      0      0      0     -0.07 [35]         +0.45 [31]            6.0 [39]
[LAYER-HEALTH]     policy.pre_bn   relu          128      0      0      0      0      0     -0.05 [114]        +0.18 [100]           2.7 [32]
[LAYER-HEALTH]     value.bn        relu           16      0      0      0      0      0     -0.14 [10]         +0.00 [0]             1.6 [13]
[LAYER-HEALTH]   FC hidden-unit velocity — zero: every weight-velocity entry exactly 0; low: nonzero but < 5% of the layer's p90 unit norm
[LAYER-HEALTH]     value.fc1.weight  relu  units 128  zero 0  low 37  median unit norm 0.004316
[LAYER-HEALTH]     (no SE blocks)
[LAYER-HEALTH]   ReZero: none
[LAYER-HEALTH]   non-finite: 0 values in 0 of 102 tensors (10263038 values examined)
[LAYER-HEALTH]   largest |value|: blocks.2.bn1.running_mean 3.886, blocks.1.bn1.running_mean 3.342, blocks.1.bn1.running_var 2.537, blocks.0.bn2.running_var 2.498, blocks.0.bn2.running_mean 2.433
[REPLAY] enumerated checkpoint -> 20261005-lrA-const01-r1-replay-seg1-step4000.safetensors (replaced this run's own earlier save of step 4000)
[REPLAY] done: steps=4000 positionsFed=34884752 gamesFed=525088 rejected=0 skipped=0 epochs=0
