base (724, 405)
input            wdl  725 top5  405
stem.conv        wdl  723 top5  390
stem.bn.sub      wdl  739 top5  396
stem.bn          wdl  724 top5  397
b0.bn1.sub       wdl  734 top5  390
b0.bn1           wdl  736 top5  403
b0.conv1         wdl  723 top5  399
b0.bn2.sub       wdl  726 top5  403
b0.bn2           wdl  728 top5  405
b0.conv2         wdl  718 top5  397
b0.se.pool       wdl  726 top5  403
b0.se.fc1mm      wdl  729 top5  400
b0.se.fc1        wdl  733 top5  403
b0.se.fc2mm      wdl  728 top5  402
b0.se.fc2        wdl  724 top5  396
b0.se.sig        wdl  732 top5  407
b0.se.scaled     wdl  727 top5  403
b0.se.out        wdl  725 top5  402
b0.alpha         wdl  732 top5  399
b0.rezero        wdl  730 top5  406
b0.add           wdl  727 top5  396
b0.ln.mean       wdl  730 top5  404
b0.ln.var        wdl  729 top5  407
b0.ln.sub        wdl  735 top5  405
b0.ln            wdl  729 top5  370
b1.bn1.sub       wdl  710 top5  404
b1.bn1           wdl  719 top5  399
b1.conv1         wdl  725 top5  398
b1.bn2.sub       wdl  721 top5  394
b1.bn2           wdl  725 top5  402
b1.conv2         wdl  725 top5  396
b1.se.pool       wdl  732 top5  405
b1.se.fc1mm      wdl  740 top5  402
b1.se.fc1        wdl  731 top5  398
b1.se.fc2mm      wdl  721 top5  401
b1.se.fc2        wdl  729 top5  404
b1.se.sig        wdl  728 top5  390
b1.se.scaled     wdl  734 top5  386
b1.se.out        wdl  732 top5  400
b1.alpha         wdl  734 top5  400
b1.rezero        wdl  728 top5  388
b1.add           wdl  726 top5  391
b1.ln.mean       wdl  725 top5  405
b1.ln.var        wdl  726 top5  400
b1.ln.sub        wdl  731 top5  385
b1.ln            wdl  727 top5  398
tower.bn.sub     wdl  718 top5  406
tower.bn         wdl  721 top5  372
p.pre_conv       wdl  724 top5  372
p.pre_bn.sub     wdl  724 top5  371
p.pre_bn         wdl  724 top5  464
p.conv           wdl  724 top5   78
v.conv           wdl  729 top5  405
v.bn.sub         wdl  729 top5  405
v.bn             wdl  739 top5  405
v.fc1mm          wdl  723 top5  405
v.fc1            wdl  695 top5  405
v.fc2mm          wdl  474 top5  405
