# Velocity layout check

Generated by `scripts/layout_check.py`. See the script docstring for the method.

## leaky: 20261001-test_SE_scale+bias-fc1leaky-replay-step23000.safetensors (ModelID 20261001-43-NbWz, step 23000) vs step 22000

Decay-only shrink factor over the interval (always-zero stem planes): 0.98015187

Test 1 -- stem velocity, share of exactly-zero elements:

| layout hypothesis | always-zero planes | other planes |
|---|---:|---:|
| OIHW [128,30,7,7] | 1.0000 | 0.0062 |
| IOHW [30,128,7,7] | 0.2371 | 0.2384 |
| HWIO [7,7,30,128] | 0.2381 | 0.2381 |
| OHWI [128,7,7,30] | 0.2420 | 0.2369 |

Test 2 -- Spearman(|v|, |w_N - f w_(N-1000)|) per weight tensor:

| tensor | saved shape | native-layout hypothesis | rho | alternative (transpose) | rho |
|---|---|---|---:|---|---:|
| `blocks.0.conv1.weight` | [128, 128, 7, 7] | OIHW (as saved) | +0.127 | IOHW | +0.019 |
| `blocks.0.conv2.weight` | [128, 128, 7, 7] | OIHW (as saved) | +0.270 | IOHW | +0.017 |
| `blocks.0.se_scalebias.fc1.weight` | [32, 128] | [in,out] (graph) | +0.694 | [out,in] (as saved) | +0.026 |
| `blocks.0.se_scalebias.fc2.weight` | [256, 32] | [in,out] (graph) | +0.810 | [out,in] (as saved) | +0.022 |
| `blocks.1.conv1.weight` | [128, 128, 7, 7] | OIHW (as saved) | +0.092 | IOHW | -0.000 |
| `blocks.1.conv2.weight` | [128, 128, 7, 7] | OIHW (as saved) | +0.106 | IOHW | +0.017 |
| `blocks.1.se_scalebias.fc1.weight` | [32, 128] | [in,out] (graph) | +0.709 | [out,in] (as saved) | +0.041 |
| `blocks.1.se_scalebias.fc2.weight` | [256, 32] | [in,out] (graph) | +0.738 | [out,in] (as saved) | -0.041 |
| `blocks.2.conv1.weight` | [128, 128, 7, 7] | OIHW (as saved) | +0.097 | IOHW | +0.013 |
| `blocks.2.conv2.weight` | [128, 128, 7, 7] | OIHW (as saved) | +0.121 | IOHW | +0.020 |
| `blocks.2.se_scalebias.fc1.weight` | [32, 128] | [in,out] (graph) | +0.681 | [out,in] (as saved) | +0.021 |
| `blocks.2.se_scalebias.fc2.weight` | [256, 32] | [in,out] (graph) | +0.740 | [out,in] (as saved) | -0.006 |
| `policy.conv.weight` | [76, 128, 1, 1] | OIHW (as saved) | +0.514 | IOHW | +0.013 |
| `policy.pre_conv.weight` | [128, 128, 1, 1] | OIHW (as saved) | +0.158 | IOHW | -0.007 |
| `stem.conv.weight` | [128, 30, 7, 7] | OIHW (as saved) | +0.739 | IOHW | +0.010 |
| `value.conv.weight` | [16, 128, 1, 1] | OIHW (as saved) | +0.143 | IOHW | +0.010 |
| `value.fc1.weight` | [128, 1024] | [in,out] (graph) | +0.628 | [out,in] (as saved) | +0.000 |
| `value.wdl_fc2.weight` | [3, 128] | [in,out] (graph) | +0.601 | [out,in] (as saved) | +0.012 |

## relu_s2: 20260929-test_SE_scale+bias-seed2-replay-step7000.safetensors (ModelID 20260930-4-k98x, step 7000) vs step 6000

Decay-only shrink factor over the interval (always-zero stem planes): 0.99793994

Test 1 -- stem velocity, share of exactly-zero elements:

| layout hypothesis | always-zero planes | other planes |
|---|---:|---:|
| OIHW [128,30,7,7] | 1.0000 | 0.0062 |
| IOHW [30,128,7,7] | 0.2371 | 0.2384 |
| HWIO [7,7,30,128] | 0.2381 | 0.2381 |
| OHWI [128,7,7,30] | 0.2420 | 0.2369 |

Test 2 -- Spearman(|v|, |w_N - f w_(N-1000)|) per weight tensor:

| tensor | saved shape | native-layout hypothesis | rho | alternative (transpose) | rho |
|---|---|---|---:|---|---:|
| `blocks.0.conv1.weight` | [128, 128, 7, 7] | OIHW (as saved) | +0.114 | IOHW | +0.013 |
| `blocks.0.conv2.weight` | [128, 128, 7, 7] | OIHW (as saved) | +0.238 | IOHW | +0.023 |
| `blocks.0.se_scalebias.fc1.weight` | [32, 128] | [in,out] (graph) | +0.802 | [out,in] (as saved) | -0.015 |
| `blocks.0.se_scalebias.fc2.weight` | [256, 32] | [in,out] (graph) | +0.923 | [out,in] (as saved) | +0.043 |
| `blocks.1.conv1.weight` | [128, 128, 7, 7] | OIHW (as saved) | +0.112 | IOHW | +0.005 |
| `blocks.1.conv2.weight` | [128, 128, 7, 7] | OIHW (as saved) | +0.179 | IOHW | +0.021 |
| `blocks.1.se_scalebias.fc1.weight` | [32, 128] | [in,out] (graph) | +0.863 | [out,in] (as saved) | +0.021 |
| `blocks.1.se_scalebias.fc2.weight` | [256, 32] | [in,out] (graph) | +0.884 | [out,in] (as saved) | -0.008 |
| `blocks.2.conv1.weight` | [128, 128, 7, 7] | OIHW (as saved) | +0.119 | IOHW | +0.012 |
| `blocks.2.conv2.weight` | [128, 128, 7, 7] | OIHW (as saved) | +0.199 | IOHW | +0.027 |
| `blocks.2.se_scalebias.fc1.weight` | [32, 128] | [in,out] (graph) | +0.813 | [out,in] (as saved) | +0.015 |
| `blocks.2.se_scalebias.fc2.weight` | [256, 32] | [in,out] (graph) | +0.928 | [out,in] (as saved) | +0.009 |
| `policy.conv.weight` | [76, 128, 1, 1] | OIHW (as saved) | +0.644 | IOHW | +0.022 |
| `policy.pre_conv.weight` | [128, 128, 1, 1] | OIHW (as saved) | +0.253 | IOHW | +0.001 |
| `stem.conv.weight` | [128, 30, 7, 7] | OIHW (as saved) | +0.755 | IOHW | +0.001 |
| `value.conv.weight` | [16, 128, 1, 1] | OIHW (as saved) | +0.190 | IOHW | -0.006 |
| `value.fc1.weight` | [128, 1024] | [in,out] (graph) | +0.668 | [out,in] (as saved) | -0.050 |
| `value.wdl_fc2.weight` | [3, 128] | [in,out] (graph) | +0.671 | [out,in] (as saved) | -0.069 |

leaky step 0: 20261001-test_SE_scale+bias-fc1leaky-fresh.safetensors model 20261001-42-2q0Q velocity=False decay f=1.000000
leaky step 1000: 20261001-test_SE_scale+bias-fc1leaky-replay-step1000.safetensors model 20261001-43-NbWz velocity=True decay f=0.985127
leaky step 2000: 20261001-test_SE_scale+bias-fc1leaky-replay-step2000.safetensors model 20261001-43-NbWz velocity=True decay f=0.957149
leaky step 3000: 20261001-test_SE_scale+bias-fc1leaky-replay-step3000.safetensors model 20261001-43-NbWz velocity=True decay f=0.935369
leaky step 4000: 20261001-test_SE_scale+bias-fc1leaky-replay-step4000.safetensors model 20261001-43-NbWz velocity=True decay f=0.921359
leaky step 5000: 20261001-test_SE_scale+bias-fc1leaky-replay-step5000.safetensors model 20261001-43-NbWz velocity=True decay f=0.913613
leaky step 6000: 20261001-test_SE_scale+bias-fc1leaky-replay-step6000.safetensors model 20261001-43-NbWz velocity=True decay f=0.909733
leaky step 7000: 20261001-test_SE_scale+bias-fc1leaky-replay-step7000.safetensors model 20261001-43-NbWz velocity=True decay f=0.907859
leaky step 8000: 20261001-test_SE_scale+bias-fc1leaky-replay-step8000.safetensors model 20261001-43-NbWz velocity=True decay f=0.906924
leaky step 9000: 20261001-test_SE_scale+bias-fc1leaky-replay-step9000.safetensors model 20261001-43-NbWz velocity=True decay f=0.906408
leaky step 10000: 20261001-test_SE_scale+bias-fc1leaky-replay-step10000.safetensors model 20261001-43-NbWz velocity=True decay f=0.906074
leaky step 11000: 20261001-test_SE_scale+bias-fc1leaky-replay-step11000.safetensors model 20261001-43-NbWz velocity=True decay f=0.905807
leaky step 12000: 20261001-test_SE_scale+bias-fc1leaky-replay-step12000.safetensors model 20261001-43-NbWz velocity=True decay f=0.905542
leaky step 13000: 20261001-test_SE_scale+bias-fc1leaky-replay-step13000.safetensors model 20261001-43-NbWz velocity=True decay f=0.905215
leaky step 14000: 20261001-test_SE_scale+bias-fc1leaky-replay-step14000.safetensors model 20261001-43-NbWz velocity=True decay f=0.904718
leaky step 15000: 20261001-test_SE_scale+bias-fc1leaky-replay-step15000.safetensors model 20261001-43-NbWz velocity=True decay f=0.903831
leaky step 16000: 20261001-test_SE_scale+bias-fc1leaky-replay-step16000.safetensors model 20261001-43-NbWz velocity=True decay f=0.902084
leaky step 17000: 20261001-test_SE_scale+bias-fc1leaky-replay-step17000.safetensors model 20261001-43-NbWz velocity=True decay f=0.898539
leaky step 18000: 20261001-test_SE_scale+bias-fc1leaky-replay-step18000.safetensors model 20261001-43-NbWz velocity=True decay f=0.891640
leaky step 19000: 20261001-test_SE_scale+bias-fc1leaky-replay-step19000.safetensors model 20261001-43-NbWz velocity=True decay f=0.879603
leaky step 20000: 20261001-test_SE_scale+bias-fc1leaky-replay-step20000.safetensors model 20261001-43-NbWz velocity=True decay f=0.861795
leaky step 21000: 20261001-test_SE_scale+bias-fc1leaky-replay-step21000.safetensors model 20261001-43-NbWz velocity=True decay f=0.840298
leaky step 22000: 20261001-test_SE_scale+bias-fc1leaky-replay-step22000.safetensors model 20261001-43-NbWz velocity=True decay f=0.819475
leaky step 23000: 20261001-test_SE_scale+bias-fc1leaky-replay-step23000.safetensors model 20261001-43-NbWz velocity=True decay f=0.803210
relu step 0: 20260929-test_SE_scale+bias-fresh.safetensors model 20260929-12-JZOe velocity=False decay f=1.000000
relu step 1000: 20260929-test_SE_scale+bias-replay-step1000.safetensors model 20260929-22-bWdy velocity=False decay f=0.985327
relu step 2000: 20260929-test_SE_scale+bias-replay-step2000.safetensors model 20260929-22-bWdy velocity=False decay f=0.957195
relu step 3000: 20260929-test_SE_scale+bias-replay-step3000.safetensors model 20260929-22-bWdy velocity=False decay f=0.935340
relu step 4000: 20260929-test_SE_scale+bias-replay-step4000.safetensors model 20260929-22-bWdy velocity=False decay f=0.921375
relu step 5000: 20260929-test_SE_scale+bias-replay-step5000.safetensors model 20260929-22-bWdy velocity=False decay f=0.913653
relu step 6000: 20260929-test_SE_scale+bias-replay-step6000.safetensors model 20260929-22-bWdy velocity=False decay f=0.909681
relu step 7000: 20260929-test_SE_scale+bias-replay-step7000.safetensors model 20260929-22-bWdy velocity=False decay f=0.907914
relu step 8000: 20260929-test_SE_scale+bias-replay-step8000.safetensors model 20260929-22-bWdy velocity=False decay f=0.906952
relu step 9000: 20260929-test_SE_scale+bias-replay-step9000.safetensors model 20260929-22-bWdy velocity=False decay f=0.906443
relu step 10000: 20260929-test_SE_scale+bias-replay-step10000.safetensors model 20260929-22-bWdy velocity=False decay f=0.906106
relu step 11000: 20260929-test_SE_scale+bias-replay-step11000.safetensors model 20260929-22-bWdy velocity=False decay f=0.905831
relu step 12000: 20260929-test_SE_scale+bias-replay-step12000.safetensors model 20260929-22-bWdy velocity=False decay f=0.905489
relu step 13000: 20260929-test_SE_scale+bias-replay-step13000.safetensors model 20260929-22-bWdy velocity=False decay f=0.905183
relu step 14000: 20260929-test_SE_scale+bias-replay-step14000.safetensors model 20260929-22-bWdy velocity=False decay f=0.904673
relu step 15000: 20260929-test_SE_scale+bias-replay-step15000.safetensors model 20260929-22-bWdy velocity=False decay f=0.903766
relu step 16000: 20260929-test_SE_scale+bias-replay-step16000.safetensors model 20260929-22-bWdy velocity=False decay f=0.902149
relu step 17000: 20260929-test_SE_scale+bias-replay-step17000.safetensors model 20260929-22-bWdy velocity=False decay f=0.898419
relu step 18000: 20260929-test_SE_scale+bias-replay-step18000.safetensors model 20260929-22-bWdy velocity=False decay f=0.891591
relu step 19000: 20260929-test_SE_scale+bias-replay-step19000.safetensors model 20260929-22-bWdy velocity=False decay f=0.879553
relu step 20000: 20260929-test_SE_scale+bias-replay-step20000.safetensors model 20260929-22-bWdy velocity=False decay f=0.861792
relu step 21000: 20260929-test_SE_scale+bias-replay-step21000.safetensors model 20260929-22-bWdy velocity=False decay f=0.840302
relu step 22000: 20260929-test_SE_scale+bias-replay-step22000.safetensors model 20260929-22-bWdy velocity=False decay f=0.819458
relu step 23000: 20260929-test_SE_scale+bias-replay-step23000.safetensors model 20260929-22-bWdy velocity=False decay f=0.803272
relu_s2 step 0: 20260929-test_SE_scale+bias-seed2-fresh.safetensors model 20260930-1-H1Oq velocity=False decay f=1.000000
relu_s2 step 1000: 20260929-test_SE_scale+bias-seed2-replay-step1000.safetensors model 20260930-4-k98x velocity=True decay f=0.985127
relu_s2 step 2000: 20260929-test_SE_scale+bias-seed2-replay-step2000.safetensors model 20260930-4-k98x velocity=True decay f=0.957149
relu_s2 step 3000: 20260929-test_SE_scale+bias-seed2-replay-step3000.safetensors model 20260930-4-k98x velocity=True decay f=0.935369
relu_s2 step 4000: 20260929-test_SE_scale+bias-seed2-replay-step4000.safetensors model 20260930-4-k98x velocity=True decay f=0.921359
relu_s2 step 5000: 20260929-test_SE_scale+bias-seed2-replay-step5000.safetensors model 20260930-4-k98x velocity=True decay f=0.913613
relu_s2 step 6000: 20260929-test_SE_scale+bias-seed2-replay-step6000.safetensors model 20260930-4-k98x velocity=True decay f=0.909733
relu_s2 step 7000: 20260929-test_SE_scale+bias-seed2-replay-step7000.safetensors model 20260930-4-k98x velocity=True decay f=0.907859
relu_s2 step 7282: 20260929-test_SE_scale+bias-seed2-replay-step7282.safetensors model 20260930-4-k98x velocity=True decay f=0.907531
leaky fresh vs relu fresh: 0 differing tensors []
wrote 356535 unit rows, 6068 tensor rows
leaky 1000: value.fc1 dead inputs 0; stem dead (plane, offset) 350
leaky 2000: value.fc1 dead inputs 0; stem dead (plane, offset) 350
leaky 3000: value.fc1 dead inputs 0; stem dead (plane, offset) 350
leaky 4000: value.fc1 dead inputs 0; stem dead (plane, offset) 350
leaky 5000: value.fc1 dead inputs 0; stem dead (plane, offset) 350
leaky 6000: value.fc1 dead inputs 0; stem dead (plane, offset) 350
leaky 7000: value.fc1 dead inputs 0; stem dead (plane, offset) 350
leaky 8000: value.fc1 dead inputs 0; stem dead (plane, offset) 350
leaky 9000: value.fc1 dead inputs 0; stem dead (plane, offset) 350
leaky 10000: value.fc1 dead inputs 0; stem dead (plane, offset) 350
leaky 11000: value.fc1 dead inputs 0; stem dead (plane, offset) 350
leaky 12000: value.fc1 dead inputs 0; stem dead (plane, offset) 350
leaky 13000: value.fc1 dead inputs 0; stem dead (plane, offset) 350
leaky 14000: value.fc1 dead inputs 0; stem dead (plane, offset) 350
leaky 15000: value.fc1 dead inputs 0; stem dead (plane, offset) 350
leaky 16000: value.fc1 dead inputs 0; stem dead (plane, offset) 350
leaky 17000: value.fc1 dead inputs 0; stem dead (plane, offset) 350
leaky 18000: value.fc1 dead inputs 0; stem dead (plane, offset) 350
leaky 19000: value.fc1 dead inputs 0; stem dead (plane, offset) 350
leaky 20000: value.fc1 dead inputs 0; stem dead (plane, offset) 350
leaky 21000: value.fc1 dead inputs 0; stem dead (plane, offset) 350
leaky 22000: value.fc1 dead inputs 0; stem dead (plane, offset) 350
leaky 23000: value.fc1 dead inputs 0; stem dead (plane, offset) 350
relu_s2 1000: value.fc1 dead inputs 0; stem dead (plane, offset) 350
relu_s2 2000: value.fc1 dead inputs 0; stem dead (plane, offset) 350
relu_s2 3000: value.fc1 dead inputs 0; stem dead (plane, offset) 350
relu_s2 4000: value.fc1 dead inputs 0; stem dead (plane, offset) 350
relu_s2 5000: value.fc1 dead inputs 0; stem dead (plane, offset) 350
relu_s2 6000: value.fc1 dead inputs 0; stem dead (plane, offset) 350
relu_s2 7000: value.fc1 dead inputs 0; stem dead (plane, offset) 350
relu_s2 7282: value.fc1 dead inputs 0; stem dead (plane, offset) 350
wrote counts_latest.md
wrote counts_trend.md
wrote se_units.md
wrote value_hidden_units.md
wrote policy_channels.md
wrote se_weak_trend.md
wrote se_relu_s2_dead_turnover.md
wrote bn_ln.md
wrote rezero.md
wrote persistent_low_velocity.md
wrote arm_similarity.md
wrote tensors_summary.md
flagged rows at latest: 2517
