{'model_id': '20260514-1-KbHZ-22', 'training_step': '532369', 'native': 'float32', 'path': '/Users/andrew/Library/Application Support/DrewsChessMachine/Sessions/20260611-212501-20260514-2-Ko63-manual.dcmsession/champion.safetensors', 'n_positions': 1180, 'n_corpus': 900}
weights {'n': 2479313, 'absmax': 1.716280460357666, 'frac_zero': 0.0, 'frac_subnormal': 0.0011745189090687622, 'frac_to_zero': 0.0, 'frac_below_1e_minus_3': 0.019189590019493302, 'pct': {'0.001': 4.431263782771567e-07, '0.01': 5.060626310296357e-06, '0.1': 5.1518262829631564e-05, '1': 0.0005220011412166059, '50': 0.028264252468943596, '99': 0.18386997997760718, '99.99': 1.0157089220046847}}
worst subnormal tensors [(0.0234375, 'blocks.2.se_attenuate.fc2.bias'), (0.015625, 'value.fc1.bias'), (0.015625, 'blocks.5.bn2.bias'), (0.015625, 'blocks.4.bn1.bias'), (0.015625, 'blocks.2.bn1.bias'), (0.0078125, 'blocks.7.bn2.bias')]
capture 18 s
act summary {'global_absmax': 33.60016882830223, 'argmax_point': 'p.convmm', 'global_accum_bound_max': 74.96315568001877, 'argmax_accum': 'p.conv', 'norm_input_sq_max': 354.46540280636646, 'argmax_norm_sq': 'v.bn'}
  input          {'absmax': '1', 'absmin_nz': '0.0101', 'frac_nz_subnormal': '0', 'frac_nz_to_zero': '0', 'frac_over': '0', 'frac_zero': '0.921'}
  stem.conv      {'absmax': '2', 'absmin_nz': '8.66e-08', 'frac_nz_subnormal': '0.000863', 'frac_nz_to_zero': '0', 'frac_over': '0', 'frac_zero': '0.0228', 'accum_L1_bound_max': '3.79'}
  stem.bn.sub    {'absmax': '1.73', 'absmin_nz': '1.46e-09', 'frac_nz_subnormal': '0.000269', 'frac_nz_to_zero': '2.07e-07', 'frac_over': '0', 'frac_zero': '0'}
  stem.bn        {'absmax': '7.98', 'absmin_nz': '8.05e-08', 'frac_nz_subnormal': '5.42e-05', 'frac_nz_to_zero': '0', 'frac_over': '0', 'frac_zero': '0'}
  b0.conv1       {'absmax': '8.08', 'absmin_nz': '6.88e-08', 'frac_nz_subnormal': '4e-05', 'frac_nz_to_zero': '0', 'frac_over': '0', 'frac_zero': '0', 'accum_L1_bound_max': '32.7'}
  b0.bn1.sub     {'absmax': '6.61', 'absmin_nz': '3.62e-08', 'frac_nz_subnormal': '6.35e-05', 'frac_nz_to_zero': '0', 'frac_over': '0', 'frac_zero': '0'}
  b0.bn1         {'absmax': '6.09', 'absmin_nz': '3.11e-07', 'frac_nz_subnormal': '4.81e-05', 'frac_nz_to_zero': '0', 'frac_over': '0', 'frac_zero': '0'}
  b0.conv2       {'absmax': '6.49', 'absmin_nz': '5e-09', 'frac_nz_subnormal': '4.99e-05', 'frac_nz_to_zero': '1.03e-07', 'frac_over': '0', 'frac_zero': '0', 'accum_L1_bound_max': '28.7'}
  b0.bn2.sub     {'absmax': '5.71', 'absmin_nz': '1.18e-07', 'frac_nz_subnormal': '5.29e-05', 'frac_nz_to_zero': '0', 'frac_over': '0', 'frac_zero': '0'}
  b0.bn2         {'absmax': '7.53', 'absmin_nz': '1.99e-07', 'frac_nz_subnormal': '5.04e-05', 'frac_nz_to_zero': '0', 'frac_over': '0', 'frac_zero': '0'}
  b0.se.pool     {'absmax': '2.87', 'absmin_nz': '3.23e-06', 'frac_nz_subnormal': '0.000132', 'frac_nz_to_zero': '0', 'frac_over': '0', 'frac_zero': '0'}
  b0.se.fc1mm    {'absmax': '3.52', 'absmin_nz': '7.88e-06', 'frac_nz_subnormal': '7.94e-05', 'frac_nz_to_zero': '0', 'frac_over': '0', 'frac_zero': '0', 'accum_L1_bound_max': '15'}
  b0.se.fc1      {'absmax': '3.52', 'absmin_nz': '1.56e-06', 'frac_nz_subnormal': '0.000159', 'frac_nz_to_zero': '0', 'frac_over': '0', 'frac_zero': '0'}
  b0.se.fc2mm    {'absmax': '4.31', 'absmin_nz': '1.5e-06', 'frac_nz_subnormal': '0.000159', 'frac_nz_to_zero': '0', 'frac_over': '0', 'frac_zero': '0', 'accum_L1_bound_max': '5.61'}
  b0.se.fc2      {'absmax': '4.31', 'absmin_nz': '1.67e-07', 'frac_nz_subnormal': '0.000139', 'frac_nz_to_zero': '0', 'frac_over': '0', 'frac_zero': '0'}
  b0.se.sig      {'absmax': '0.987', 'absmin_nz': '0.0432', 'frac_nz_subnormal': '0', 'frac_nz_to_zero': '0', 'frac_over': '0', 'frac_zero': '0'}
  b0.se.out      {'absmax': '5', 'absmin_nz': '9.63e-08', 'frac_nz_subnormal': '0.000108', 'frac_nz_to_zero': '0', 'frac_over': '0', 'frac_zero': '0'}
  b0.add         {'absmax': '8.92', 'absmin_nz': '9.94e-08', 'frac_nz_subnormal': '7.91e-05', 'frac_nz_to_zero': '0', 'frac_over': '0', 'frac_zero': '0'}
  b1.conv1       {'absmax': '10.4', 'absmin_nz': '1.14e-07', 'frac_nz_subnormal': '3.93e-05', 'frac_nz_to_zero': '0', 'frac_over': '0', 'frac_zero': '0', 'accum_L1_bound_max': '42.1'}
  b1.bn1.sub     {'absmax': '8.42', 'absmin_nz': '6.5e-08', 'frac_nz_subnormal': '4.51e-05', 'frac_nz_to_zero': '0', 'frac_over': '0', 'frac_zero': '0'}
  b1.bn1         {'absmax': '6.53', 'absmin_nz': '8e-08', 'frac_nz_subnormal': '5.01e-05', 'frac_nz_to_zero': '0', 'frac_over': '0', 'frac_zero': '0'}
  b1.conv2       {'absmax': '8.05', 'absmin_nz': '3.37e-08', 'frac_nz_subnormal': '4.84e-05', 'frac_nz_to_zero': '0', 'frac_over': '0', 'frac_zero': '0', 'accum_L1_bound_max': '41.7'}
  b1.bn2.sub     {'absmax': '7.38', 'absmin_nz': '2.49e-07', 'frac_nz_subnormal': '5.79e-05', 'frac_nz_to_zero': '0', 'frac_over': '0', 'frac_zero': '0'}
  b1.bn2         {'absmax': '8.02', 'absmin_nz': '1.42e-07', 'frac_nz_subnormal': '4.91e-05', 'frac_nz_to_zero': '0', 'frac_over': '0', 'frac_zero': '0'}
  b1.se.pool     {'absmax': '3.05', 'absmin_nz': '2.48e-06', 'frac_nz_subnormal': '0.000106', 'frac_nz_to_zero': '0', 'frac_over': '0', 'frac_zero': '0'}
  b1.se.fc1mm    {'absmax': '4.07', 'absmin_nz': '1.74e-05', 'frac_nz_subnormal': '0.000185', 'frac_nz_to_zero': '0', 'frac_over': '0', 'frac_zero': '0', 'accum_L1_bound_max': '16.9'}
  b1.se.fc1      {'absmax': '4.06', 'absmin_nz': '1.82e-06', 'frac_nz_subnormal': '0.000159', 'frac_nz_to_zero': '0', 'frac_over': '0', 'frac_zero': '0'}
  b1.se.fc2mm    {'absmax': '4.06', 'absmin_nz': '1.17e-06', 'frac_nz_subnormal': '9.93e-05', 'frac_nz_to_zero': '0', 'frac_over': '0', 'frac_zero': '0', 'accum_L1_bound_max': '5.83'}
  b1.se.fc2      {'absmax': '4.06', 'absmin_nz': '1.83e-06', 'frac_nz_subnormal': '0.000119', 'frac_nz_to_zero': '0', 'frac_over': '0', 'frac_zero': '0'}
  b1.se.sig      {'absmax': '0.983', 'absmin_nz': '0.0561', 'frac_nz_subnormal': '0', 'frac_nz_to_zero': '0', 'frac_over': '0', 'frac_zero': '0'}
  b1.se.out      {'absmax': '5.81', 'absmin_nz': '6.26e-08', 'frac_nz_subnormal': '0.000103', 'frac_nz_to_zero': '0', 'frac_over': '0', 'frac_zero': '0'}
  b1.add         {'absmax': '11', 'absmin_nz': '6.26e-08', 'frac_nz_subnormal': '6.69e-05', 'frac_nz_to_zero': '0', 'frac_over': '0', 'frac_zero': '0'}
  b2.conv1       {'absmax': '11.2', 'absmin_nz': '1.16e-07', 'frac_nz_subnormal': '3.28e-05', 'frac_nz_to_zero': '0', 'frac_over': '0', 'frac_zero': '0', 'accum_L1_bound_max': '57.1'}
  b2.bn1.sub     {'absmax': '10.1', 'absmin_nz': '6.8e-07', 'frac_nz_subnormal': '4.15e-05', 'frac_nz_to_zero': '0', 'frac_over': '0', 'frac_zero': '0'}
  b2.bn1         {'absmax': '7.12', 'absmin_nz': '3.7e-07', 'frac_nz_subnormal': '4.9e-05', 'frac_nz_to_zero': '0', 'frac_over': '0', 'frac_zero': '0'}
  b2.conv2       {'absmax': '9.42', 'absmin_nz': '2.01e-07', 'frac_nz_subnormal': '4.68e-05', 'frac_nz_to_zero': '0', 'frac_over': '0', 'frac_zero': '0', 'accum_L1_bound_max': '41.3'}
  b2.bn2.sub     {'absmax': '8.46', 'absmin_nz': '4.09e-07', 'frac_nz_subnormal': '5.99e-05', 'frac_nz_to_zero': '0', 'frac_over': '0', 'frac_zero': '0'}
  b2.bn2         {'absmax': '7.46', 'absmin_nz': '1.32e-07', 'frac_nz_subnormal': '5.22e-05', 'frac_nz_to_zero': '0', 'frac_over': '0', 'frac_zero': '0'}
  b2.se.pool     {'absmax': '3.04', 'absmin_nz': '2.41e-06', 'frac_nz_subnormal': '0.000139', 'frac_nz_to_zero': '0', 'frac_over': '0', 'frac_zero': '0'}
  b2.se.fc1mm    {'absmax': '2.86', 'absmin_nz': '7.73e-07', 'frac_nz_subnormal': '0.000132', 'frac_nz_to_zero': '0', 'frac_over': '0', 'frac_zero': '0', 'accum_L1_bound_max': '15.7'}
  b2.se.fc1      {'absmax': '2.86', 'absmin_nz': '3.53e-05', 'frac_nz_subnormal': '7.94e-05', 'frac_nz_to_zero': '0', 'frac_over': '0', 'frac_zero': '0'}
  b2.se.fc2mm    {'absmax': '2.86', 'absmin_nz': '5.99e-06', 'frac_nz_subnormal': '0.000146', 'frac_nz_to_zero': '0', 'frac_over': '0', 'frac_zero': '0', 'accum_L1_bound_max': '4.51'}
  b2.se.fc2      {'absmax': '2.85', 'absmin_nz': '1.13e-06', 'frac_nz_subnormal': '0.000172', 'frac_nz_to_zero': '0', 'frac_over': '0', 'frac_zero': '0'}
  b2.se.sig      {'absmax': '0.944', 'absmin_nz': '0.0547', 'frac_nz_subnormal': '0', 'frac_nz_to_zero': '0', 'frac_over': '0', 'frac_zero': '0'}
  b2.se.out      {'absmax': '4.38', 'absmin_nz': '5.95e-08', 'frac_nz_subnormal': '9.73e-05', 'frac_nz_to_zero': '0', 'frac_over': '0', 'frac_zero': '0'}
  b2.add         {'absmax': '12.9', 'absmin_nz': '6.21e-08', 'frac_nz_subnormal': '5.88e-05', 'frac_nz_to_zero': '0', 'frac_over': '0', 'frac_zero': '0'}
  b3.conv1       {'absmax': '12.3', 'absmin_nz': '2.41e-07', 'frac_nz_subnormal': '3.13e-05', 'frac_nz_to_zero': '0', 'frac_over': '0', 'frac_zero': '0', 'accum_L1_bound_max': '61.8'}
  b3.bn1.sub     {'absmax': '10.2', 'absmin_nz': '6.9e-09', 'frac_nz_subnormal': '3.77e-05', 'frac_nz_to_zero': '1.03e-07', 'frac_over': '0', 'frac_zero': '0'}
  b3.bn1         {'absmax': '6.25', 'absmin_nz': '2.12e-07', 'frac_nz_subnormal': '4.89e-05', 'frac_nz_to_zero': '0', 'frac_over': '0', 'frac_zero': '0'}
  b3.conv2       {'absmax': '8.79', 'absmin_nz': '6.32e-09', 'frac_nz_subnormal': '5.77e-05', 'frac_nz_to_zero': '1.03e-07', 'frac_over': '0', 'frac_zero': '0', 'accum_L1_bound_max': '37.1'}
  b3.bn2.sub     {'absmax': '7.93', 'absmin_nz': '2.22e-08', 'frac_nz_subnormal': '6.24e-05', 'frac_nz_to_zero': '1.03e-07', 'frac_over': '0', 'frac_zero': '0'}
  b3.bn2         {'absmax': '7.7', 'absmin_nz': '5.07e-08', 'frac_nz_subnormal': '4.71e-05', 'frac_nz_to_zero': '0', 'frac_over': '0', 'frac_zero': '0'}
  b3.se.pool     {'absmax': '2.93', 'absmin_nz': '1.35e-06', 'frac_nz_subnormal': '0.000185', 'frac_nz_to_zero': '0', 'frac_over': '0', 'frac_zero': '0'}
  b3.se.fc1mm    {'absmax': '4.44', 'absmin_nz': '7.33e-06', 'frac_nz_subnormal': '0.000265', 'frac_nz_to_zero': '0', 'frac_over': '0', 'frac_zero': '0', 'accum_L1_bound_max': '15.2'}
  b3.se.fc1      {'absmax': '4.42', 'absmin_nz': '3.77e-06', 'frac_nz_subnormal': '0.000132', 'frac_nz_to_zero': '0', 'frac_over': '0', 'frac_zero': '0'}
  b3.se.fc2mm    {'absmax': '2.75', 'absmin_nz': '2.39e-06', 'frac_nz_subnormal': '0.000146', 'frac_nz_to_zero': '0', 'frac_over': '0', 'frac_zero': '0', 'accum_L1_bound_max': '5.38'}
  b3.se.fc2      {'absmax': '2.75', 'absmin_nz': '9.91e-07', 'frac_nz_subnormal': '0.000291', 'frac_nz_to_zero': '0', 'frac_over': '0', 'frac_zero': '0'}
  b3.se.sig      {'absmax': '0.932', 'absmin_nz': '0.0602', 'frac_nz_subnormal': '0', 'frac_nz_to_zero': '0', 'frac_over': '0', 'frac_zero': '0'}
  b3.se.out      {'absmax': '6.32', 'absmin_nz': '2.34e-08', 'frac_nz_subnormal': '0.000105', 'frac_nz_to_zero': '1.03e-07', 'frac_over': '0', 'frac_zero': '0'}
  b3.add         {'absmax': '13.7', 'absmin_nz': '2.34e-08', 'frac_nz_subnormal': '5.57e-05', 'frac_nz_to_zero': '1.03e-07', 'frac_over': '0', 'frac_zero': '0'}
  b4.conv1       {'absmax': '14.4', 'absmin_nz': '8.24e-08', 'frac_nz_subnormal': '2.9e-05', 'frac_nz_to_zero': '0', 'frac_over': '0', 'frac_zero': '0', 'accum_L1_bound_max': '69.9'}
  b4.bn1.sub     {'absmax': '11.7', 'absmin_nz': '3.19e-07', 'frac_nz_subnormal': '3.36e-05', 'frac_nz_to_zero': '0', 'frac_over': '0', 'frac_zero': '0'}
  b4.bn1         {'absmax': '6.63', 'absmin_nz': '3.22e-07', 'frac_nz_subnormal': '4.71e-05', 'frac_nz_to_zero': '0', 'frac_over': '0', 'frac_zero': '0'}
  b4.conv2       {'absmax': '8.24', 'absmin_nz': '3.77e-07', 'frac_nz_subnormal': '4.7e-05', 'frac_nz_to_zero': '0', 'frac_over': '0', 'frac_zero': '0', 'accum_L1_bound_max': '32.4'}
  b4.bn2.sub     {'absmax': '7.05', 'absmin_nz': '1.02e-07', 'frac_nz_subnormal': '6.02e-05', 'frac_nz_to_zero': '0', 'frac_over': '0', 'frac_zero': '0'}
  b4.bn2         {'absmax': '6.73', 'absmin_nz': '2.18e-07', 'frac_nz_subnormal': '4.77e-05', 'frac_nz_to_zero': '0', 'frac_over': '0', 'frac_zero': '0'}
  b4.se.pool     {'absmax': '2.5', 'absmin_nz': '3.59e-06', 'frac_nz_subnormal': '9.93e-05', 'frac_nz_to_zero': '0', 'frac_over': '0', 'frac_zero': '0'}
  b4.se.fc1mm    {'absmax': '4.26', 'absmin_nz': '4.69e-06', 'frac_nz_subnormal': '0.000132', 'frac_nz_to_zero': '0', 'frac_over': '0', 'frac_zero': '0', 'accum_L1_bound_max': '10.9'}
  b4.se.fc1      {'absmax': '4.24', 'absmin_nz': '1.4e-05', 'frac_nz_subnormal': '7.94e-05', 'frac_nz_to_zero': '0', 'frac_over': '0', 'frac_zero': '0'}
  b4.se.fc2mm    {'absmax': '2.94', 'absmin_nz': '4.77e-06', 'frac_nz_subnormal': '0.000139', 'frac_nz_to_zero': '0', 'frac_over': '0', 'frac_zero': '0', 'accum_L1_bound_max': '5.05'}
  b4.se.fc2      {'absmax': '2.94', 'absmin_nz': '9.38e-07', 'frac_nz_subnormal': '0.000106', 'frac_nz_to_zero': '0', 'frac_over': '0', 'frac_zero': '0'}
  b4.se.sig      {'absmax': '0.921', 'absmin_nz': '0.0502', 'frac_nz_subnormal': '0', 'frac_nz_to_zero': '0', 'frac_over': '0', 'frac_zero': '0'}
  b4.se.out      {'absmax': '4.92', 'absmin_nz': '1.01e-07', 'frac_nz_subnormal': '0.000101', 'frac_nz_to_zero': '0', 'frac_over': '0', 'frac_zero': '0'}
  b4.add         {'absmax': '16.7', 'absmin_nz': '1.49e-07', 'frac_nz_subnormal': '5.23e-05', 'frac_nz_to_zero': '0', 'frac_over': '0', 'frac_zero': '0'}
  b5.conv1       {'absmax': '13.6', 'absmin_nz': '9.48e-08', 'frac_nz_subnormal': '2.21e-05', 'frac_nz_to_zero': '0', 'frac_over': '0', 'frac_zero': '0', 'accum_L1_bound_max': '70.3'}
  b5.bn1.sub     {'absmax': '10.7', 'absmin_nz': '2.04e-10', 'frac_nz_subnormal': '3.09e-05', 'frac_nz_to_zero': '2.07e-07', 'frac_over': '0', 'frac_zero': '0'}
  b5.bn1         {'absmax': '6.86', 'absmin_nz': '2.21e-08', 'frac_nz_subnormal': '5.13e-05', 'frac_nz_to_zero': '1.03e-07', 'frac_over': '0', 'frac_zero': '0'}
  b5.conv2       {'absmax': '6.7', 'absmin_nz': '1.78e-08', 'frac_nz_subnormal': '4.99e-05', 'frac_nz_to_zero': '1.03e-07', 'frac_over': '0', 'frac_zero': '0', 'accum_L1_bound_max': '36.3'}
  b5.bn2.sub     {'absmax': '6.22', 'absmin_nz': '1.38e-07', 'frac_nz_subnormal': '6.34e-05', 'frac_nz_to_zero': '0', 'frac_over': '0', 'frac_zero': '0'}
  b5.bn2         {'absmax': '7.26', 'absmin_nz': '4.04e-08', 'frac_nz_subnormal': '5.19e-05', 'frac_nz_to_zero': '0', 'frac_over': '0', 'frac_zero': '0'}
  b5.se.pool     {'absmax': '2.31', 'absmin_nz': '5.25e-06', 'frac_nz_subnormal': '0.000205', 'frac_nz_to_zero': '0', 'frac_over': '0', 'frac_zero': '0'}
  b5.se.fc1mm    {'absmax': '3.54', 'absmin_nz': '3.5e-06', 'frac_nz_subnormal': '0.000132', 'frac_nz_to_zero': '0', 'frac_over': '0', 'frac_zero': '0', 'accum_L1_bound_max': '11.3'}
  b5.se.fc1      {'absmax': '3.51', 'absmin_nz': '8.69e-07', 'frac_nz_subnormal': '0.000106', 'frac_nz_to_zero': '0', 'frac_over': '0', 'frac_zero': '0'}
  b5.se.fc2mm    {'absmax': '5.1', 'absmin_nz': '1e-06', 'frac_nz_subnormal': '0.000119', 'frac_nz_to_zero': '0', 'frac_over': '0', 'frac_zero': '0', 'accum_L1_bound_max': '7.22'}
  b5.se.fc2      {'absmax': '5.1', 'absmin_nz': '2.04e-06', 'frac_nz_subnormal': '0.000192', 'frac_nz_to_zero': '0', 'frac_over': '0', 'frac_zero': '0'}
  b5.se.sig      {'absmax': '0.984', 'absmin_nz': '0.00603', 'frac_nz_subnormal': '0', 'frac_nz_to_zero': '0', 'frac_over': '0', 'frac_zero': '0'}
  b5.se.out      {'absmax': '4.88', 'absmin_nz': '2.16e-08', 'frac_nz_subnormal': '0.000106', 'frac_nz_to_zero': '1.03e-07', 'frac_over': '0', 'frac_zero': '0'}
  b5.add         {'absmax': '19.5', 'absmin_nz': '2.49e-07', 'frac_nz_subnormal': '5.12e-05', 'frac_nz_to_zero': '0', 'frac_over': '0', 'frac_zero': '0'}
  b6.conv1       {'absmax': '13.7', 'absmin_nz': '1.97e-07', 'frac_nz_subnormal': '2.3e-05', 'frac_nz_to_zero': '0', 'frac_over': '0', 'frac_zero': '0', 'accum_L1_bound_max': '67.7'}
  b6.bn1.sub     {'absmax': '11', 'absmin_nz': '1.07e-06', 'frac_nz_subnormal': '3.05e-05', 'frac_nz_to_zero': '0', 'frac_over': '0', 'frac_zero': '0'}
  b6.bn1         {'absmax': '6.58', 'absmin_nz': '3.52e-07', 'frac_nz_subnormal': '4.8e-05', 'frac_nz_to_zero': '0', 'frac_over': '0', 'frac_zero': '0'}
  b6.conv2       {'absmax': '6.45', 'absmin_nz': '4.44e-07', 'frac_nz_subnormal': '5.48e-05', 'frac_nz_to_zero': '0', 'frac_over': '0', 'frac_zero': '0', 'accum_L1_bound_max': '27.6'}
  b6.bn2.sub     {'absmax': '5.66', 'absmin_nz': '1.72e-08', 'frac_nz_subnormal': '6.61e-05', 'frac_nz_to_zero': '1.03e-07', 'frac_over': '0', 'frac_zero': '0'}
  b6.bn2         {'absmax': '7.94', 'absmin_nz': '1.28e-08', 'frac_nz_subnormal': '4.93e-05', 'frac_nz_to_zero': '1.03e-07', 'frac_over': '0', 'frac_zero': '0'}
  b6.se.pool     {'absmax': '1.75', 'absmin_nz': '1.12e-07', 'frac_nz_subnormal': '0.000265', 'frac_nz_to_zero': '0', 'frac_over': '0', 'frac_zero': '0'}
  b6.se.fc1mm    {'absmax': '3.21', 'absmin_nz': '2.08e-05', 'frac_nz_subnormal': '7.94e-05', 'frac_nz_to_zero': '0', 'frac_over': '0', 'frac_zero': '0', 'accum_L1_bound_max': '7.24'}
  b6.se.fc1      {'absmax': '3.26', 'absmin_nz': '7.53e-06', 'frac_nz_subnormal': '0.000265', 'frac_nz_to_zero': '0', 'frac_over': '0', 'frac_zero': '0'}
  b6.se.fc2mm    {'absmax': '3.5', 'absmin_nz': '9.85e-07', 'frac_nz_subnormal': '0.000192', 'frac_nz_to_zero': '0', 'frac_over': '0', 'frac_zero': '0', 'accum_L1_bound_max': '6.98'}
  b6.se.fc2      {'absmax': '3.5', 'absmin_nz': '1.37e-06', 'frac_nz_subnormal': '0.000298', 'frac_nz_to_zero': '0', 'frac_over': '0', 'frac_zero': '0'}
  b6.se.sig      {'absmax': '0.971', 'absmin_nz': '0.0521', 'frac_nz_subnormal': '0', 'frac_nz_to_zero': '0', 'frac_over': '0', 'frac_zero': '0'}
  b6.se.out      {'absmax': '5.42', 'absmin_nz': '6.09e-09', 'frac_nz_subnormal': '0.000101', 'frac_nz_to_zero': '1.03e-07', 'frac_over': '0', 'frac_zero': '0'}
  b6.add         {'absmax': '20', 'absmin_nz': '1.6e-07', 'frac_nz_subnormal': '4.75e-05', 'frac_nz_to_zero': '0', 'frac_over': '0', 'frac_zero': '0'}
  b7.conv1       {'absmax': '14.9', 'absmin_nz': '2.25e-07', 'frac_nz_subnormal': '2.24e-05', 'frac_nz_to_zero': '0', 'frac_over': '0', 'frac_zero': '0', 'accum_L1_bound_max': '73.1'}
  b7.bn1.sub     {'absmax': '12.4', 'absmin_nz': '3.29e-07', 'frac_nz_subnormal': '3.01e-05', 'frac_nz_to_zero': '0', 'frac_over': '0', 'frac_zero': '0'}
  b7.bn1         {'absmax': '7.02', 'absmin_nz': '1.64e-07', 'frac_nz_subnormal': '5.23e-05', 'frac_nz_to_zero': '0', 'frac_over': '0', 'frac_zero': '0'}
  b7.conv2       {'absmax': '8.61', 'absmin_nz': '5.77e-08', 'frac_nz_subnormal': '5.7e-05', 'frac_nz_to_zero': '0', 'frac_over': '0', 'frac_zero': '0', 'accum_L1_bound_max': '33.3'}
  b7.bn2.sub     {'absmax': '7.82', 'absmin_nz': '1.87e-07', 'frac_nz_subnormal': '6.89e-05', 'frac_nz_to_zero': '0', 'frac_over': '0', 'frac_zero': '0'}
  b7.bn2         {'absmax': '7.92', 'absmin_nz': '1.51e-07', 'frac_nz_subnormal': '5.13e-05', 'frac_nz_to_zero': '0', 'frac_over': '0', 'frac_zero': '0'}
  b7.se.pool     {'absmax': '1.74', 'absmin_nz': '2.09e-06', 'frac_nz_subnormal': '0.000258', 'frac_nz_to_zero': '0', 'frac_over': '0', 'frac_zero': '0'}
  b7.se.fc1mm    {'absmax': '2.61', 'absmin_nz': '1.15e-05', 'frac_nz_subnormal': '0.000132', 'frac_nz_to_zero': '0', 'frac_over': '0', 'frac_zero': '0', 'accum_L1_bound_max': '6.59'}
  b7.se.fc1      {'absmax': '2.6', 'absmin_nz': '9.45e-06', 'frac_nz_subnormal': '0.000265', 'frac_nz_to_zero': '0', 'frac_over': '0', 'frac_zero': '0'}
  b7.se.fc2mm    {'absmax': '2.37', 'absmin_nz': '2.97e-06', 'frac_nz_subnormal': '0.000172', 'frac_nz_to_zero': '0', 'frac_over': '0', 'frac_zero': '0', 'accum_L1_bound_max': '3.87'}
  b7.se.fc2      {'absmax': '2.38', 'absmin_nz': '5.11e-07', 'frac_nz_subnormal': '0.000212', 'frac_nz_to_zero': '0', 'frac_over': '0', 'frac_zero': '0'}
  b7.se.sig      {'absmax': '0.915', 'absmin_nz': '0.102', 'frac_nz_subnormal': '0', 'frac_nz_to_zero': '0', 'frac_over': '0', 'frac_zero': '0'}
  b7.se.out      {'absmax': '4.34', 'absmin_nz': '7.76e-08', 'frac_nz_subnormal': '0.000105', 'frac_nz_to_zero': '0', 'frac_over': '0', 'frac_zero': '0'}
  b7.add         {'absmax': '22', 'absmin_nz': '2.51e-07', 'frac_nz_subnormal': '4.68e-05', 'frac_nz_to_zero': '0', 'frac_over': '0', 'frac_zero': '0'}
  p.convmm       {'absmax': '33.6', 'absmin_nz': '9.36e-07', 'frac_nz_subnormal': '2.67e-05', 'frac_nz_to_zero': '0', 'frac_over': '0', 'frac_zero': '0'}
  v.conv         {'absmax': '18.8', 'absmin_nz': '3.93e-05', 'frac_nz_subnormal': '1.32e-05', 'frac_nz_to_zero': '0', 'frac_over': '0', 'frac_zero': '0', 'accum_L1_bound_max': '46.8'}
  v.bn.sub       {'absmax': '16.5', 'absmin_nz': '5.42e-05', 'frac_nz_subnormal': '1.32e-05', 'frac_nz_to_zero': '0', 'frac_over': '0', 'frac_zero': '0'}
  v.bn           {'absmax': '4.39', 'absmin_nz': '1.89e-06', 'frac_nz_subnormal': '9.27e-05', 'frac_nz_to_zero': '0', 'frac_over': '0', 'frac_zero': '0'}
  v.fc1mm        {'absmax': '6.12', 'absmin_nz': '5.67e-05', 'frac_nz_subnormal': '2.65e-05', 'frac_nz_to_zero': '0', 'frac_over': '0', 'frac_zero': '0', 'accum_L1_bound_max': '17.3'}
  v.fc1          {'absmax': '6.12', 'absmin_nz': '1.01e-05', 'frac_nz_subnormal': '9.27e-05', 'frac_nz_to_zero': '0', 'frac_over': '0', 'frac_zero': '0'}
  v.fc2mm        {'absmax': '4.39', 'absmin_nz': '0.000155', 'frac_nz_subnormal': '0', 'frac_nz_to_zero': '0', 'frac_over': '0', 'frac_zero': '0'}
  p.conv         {'accum_L1_bound_max': '75'}
  v.fc2          {'accum_L1_bound_max': '12.2'}
  norm stem.bn    {'input_absmax': '2', 'input_sq_max': '3.99', 'batch_var_min': '0.0116', 'batch_var_max': '0.287', 'batch_absmean_max': '0.404', 'batch_E_x2_max': '0.45'}
  norm b0.bn1     {'input_absmax': '8.08', 'input_sq_max': '65.3', 'batch_var_min': '0.429', 'batch_var_max': '3.59', 'batch_absmean_max': '1.92', 'batch_E_x2_max': '6.8'}
  norm b0.bn2     {'input_absmax': '6.49', 'input_sq_max': '42.1', 'batch_var_min': '0.459', 'batch_var_max': '2.37', 'batch_absmean_max': '1.78', 'batch_E_x2_max': '4.75'}
  norm b1.bn1     {'input_absmax': '10.4', 'input_sq_max': '108', 'batch_var_min': '0.655', 'batch_var_max': '5.01', 'batch_absmean_max': '3.17', 'batch_E_x2_max': '15.1'}
  norm b1.bn2     {'input_absmax': '8.05', 'input_sq_max': '64.7', 'batch_var_min': '0.421', 'batch_var_max': '2.25', 'batch_absmean_max': '1.94', 'batch_E_x2_max': '5.11'}
  norm b2.bn1     {'input_absmax': '11.2', 'input_sq_max': '126', 'batch_var_min': '0.782', 'batch_var_max': '4.18', 'batch_absmean_max': '4.21', 'batch_E_x2_max': '21'}
  norm b2.bn2     {'input_absmax': '9.42', 'input_sq_max': '88.6', 'batch_var_min': '0.454', 'batch_var_max': '1.72', 'batch_absmean_max': '1.85', 'batch_E_x2_max': '4.58'}
  norm b3.bn1     {'input_absmax': '12.3', 'input_sq_max': '151', 'batch_var_min': '0.942', 'batch_var_max': '3.35', 'batch_absmean_max': '3.62', 'batch_E_x2_max': '16.1'}
  norm b3.bn2     {'input_absmax': '8.79', 'input_sq_max': '77.3', 'batch_var_min': '0.392', 'batch_var_max': '1.61', 'batch_absmean_max': '1.63', 'batch_E_x2_max': '3.29'}
  norm b4.bn1     {'input_absmax': '14.4', 'input_sq_max': '208', 'batch_var_min': '1.05', 'batch_var_max': '4.09', 'batch_absmean_max': '3.22', 'batch_E_x2_max': '13.6'}
  norm b4.bn2     {'input_absmax': '8.24', 'input_sq_max': '67.9', 'batch_var_min': '0.422', 'batch_var_max': '1.66', 'batch_absmean_max': '1.52', 'batch_E_x2_max': '3.88'}
  norm b5.bn1     {'input_absmax': '13.6', 'input_sq_max': '186', 'batch_var_min': '1.37', 'batch_var_max': '4.9', 'batch_absmean_max': '3.45', 'batch_E_x2_max': '16.8'}
  norm b5.bn2     {'input_absmax': '6.7', 'input_sq_max': '44.8', 'batch_var_min': '0.423', 'batch_var_max': '1.29', 'batch_absmean_max': '1.4', 'batch_E_x2_max': '2.84'}
  norm b6.bn1     {'input_absmax': '13.7', 'input_sq_max': '187', 'batch_var_min': '1.52', 'batch_var_max': '4.7', 'batch_absmean_max': '3.73', 'batch_E_x2_max': '16.8'}
  norm b6.bn2     {'input_absmax': '6.45', 'input_sq_max': '41.6', 'batch_var_min': '0.456', 'batch_var_max': '1.52', 'batch_absmean_max': '1.11', 'batch_E_x2_max': '1.98'}
  norm b7.bn1     {'input_absmax': '14.9', 'input_sq_max': '222', 'batch_var_min': '1.8', 'batch_var_max': '5.24', 'batch_absmean_max': '3.91', 'batch_E_x2_max': '18.9'}
  norm b7.bn2     {'input_absmax': '8.61', 'input_sq_max': '74.1', 'batch_var_min': '0.412', 'batch_var_max': '1.03', 'batch_absmean_max': '0.917', 'batch_E_x2_max': '1.68'}
  norm v.bn       {'input_absmax': '18.8', 'input_sq_max': '354', 'batch_var_min': '10.5', 'batch_var_max': '10.5', 'batch_absmean_max': '1.79', 'batch_E_x2_max': '13.7'}
emu bf16 heads only 8 s
emu fp16 heads only 8 s
emu bf16 per-op 17 s
emu fp16 per-op 24 s
emu fp16 per-op, FTZ subnormals 32 s
emu bf16 per-op + fp32 head tails 41 s
emu fp16 per-op + fp32 head tails 50 s
emu fp32 per-op 57 s
levels {'value_shared_median': 0.27229529631664895, 'value_shared_p5': -0.24665410920792427, 'value_shared_p95': 0.5882096806320517, 'value_absmax': 5.506145248962175, 'value_spread_median': 1.2429701271201274, 'policy_legal_mean_median': 15.169313029552885, 'policy_legal_std_median': 1.5022166305292592, 'policy_legal_max_median': 18.380191791769658, 'policy_absmax': 33.57981766798457, 'policy_allmove_mean_median': 0.779645467307352, 'bf16_step_at_value_median': 0.001953125, 'f16_step_at_value_median': 0.000244140625, 'bf16_step_at_policy_legal_max': 0.125, 'f16_step_at_policy_legal_max': 0.015625}
bf16 heads only                                  V {'nonfinite_rows': '0', 'logit_ties': '0.00169', 'kl_mean': '1.24e-06', 'kl_max': '1.21e-05', 'argmax_change': '0.000847', 'dce_corpus': '1.63e-05', 'dv_abs_mean': '0.000478', 'dv_abs_max': '0.00279'}
                                                 P {'kl_mean': '0.000333', 'kl_p90': '0.000586', 'kl_max': '0.00132', 'top1_lost': '0', 'top2_ties': '0.0898', 'top5_ties': '0.48', 'dce_corpus': '0.00272'}
fp16 heads only                                  V {'nonfinite_rows': '0', 'logit_ties': '0', 'kl_mean': '1.9e-08', 'kl_max': '2.77e-07', 'argmax_change': '0', 'dce_corpus': '1.48e-05', 'dv_abs_mean': '5.85e-05', 'dv_abs_max': '0.000349'}
                                                 P {'kl_mean': '5.1e-06', 'kl_p90': '9.12e-06', 'kl_max': '2.28e-05', 'top1_lost': '0', 'top2_ties': '0.0153', 'top5_ties': '0.137', 'dce_corpus': '-0.000125'}
bf16 per-op                                      V {'nonfinite_rows': '0', 'logit_ties': '0', 'kl_mean': '2.2e-05', 'kl_max': '0.000539', 'argmax_change': '0.00254', 'dce_corpus': '-0.000955', 'dv_abs_mean': '0.0023', 'dv_abs_max': '0.0166'}
                                                 P {'kl_mean': '0.00103', 'kl_p90': '0.00195', 'kl_max': '0.00871', 'top1_lost': '0.0169', 'top2_ties': '0.128', 'top5_ties': '0.486', 'dce_corpus': '-0.00356'}
fp16 per-op                                      V {'nonfinite_rows': '0', 'logit_ties': '0', 'kl_mean': '5.04e-07', 'kl_max': '4.23e-06', 'argmax_change': '0', 'dce_corpus': '-0.000686', 'dv_abs_mean': '0.000282', 'dv_abs_max': '0.00153'}
                                                 P {'kl_mean': '1.78e-05', 'kl_p90': '3.38e-05', 'kl_max': '0.000125', 'top1_lost': '0.00339', 'top2_ties': '0.0195', 'top5_ties': '0.132', 'dce_corpus': '0.00165'}
fp16 per-op, FTZ subnormals                      V {'nonfinite_rows': '0', 'logit_ties': '0', 'kl_mean': '5.21e-07', 'kl_max': '4.25e-06', 'argmax_change': '0', 'dce_corpus': '-0.000698', 'dv_abs_mean': '0.000292', 'dv_abs_max': '0.00146'}
                                                 P {'kl_mean': '1.79e-05', 'kl_p90': '3.48e-05', 'kl_max': '0.000122', 'top1_lost': '0.00169', 'top2_ties': '0.0237', 'top5_ties': '0.142', 'dce_corpus': '0.00156'}
bf16 per-op + fp32 head tails                    V {'nonfinite_rows': '0', 'logit_ties': '0', 'kl_mean': '2.05e-05', 'kl_max': '0.00046', 'argmax_change': '0.00254', 'dce_corpus': '-0.00113', 'dv_abs_mean': '0.00223', 'dv_abs_max': '0.0148'}
                                                 P {'kl_mean': '0.000683', 'kl_p90': '0.00127', 'kl_max': '0.00487', 'top1_lost': '0.0492', 'top2_ties': '0', 'top5_ties': '0', 'dce_corpus': '-0.00483'}
fp16 per-op + fp32 head tails                    V {'nonfinite_rows': '0', 'logit_ties': '0', 'kl_mean': '4.88e-07', 'kl_max': '4.09e-06', 'argmax_change': '0', 'dce_corpus': '-0.000698', 'dv_abs_mean': '0.000278', 'dv_abs_max': '0.00154'}
                                                 P {'kl_mean': '1.25e-05', 'kl_p90': '2.38e-05', 'kl_max': '0.000103', 'top1_lost': '0.00508', 'top2_ties': '0', 'top5_ties': '0.000847', 'dce_corpus': '0.00137'}
fp32 per-op                                      V {'nonfinite_rows': '0', 'logit_ties': '0', 'kl_mean': '3.03e-15', 'kl_max': '5.74e-14', 'argmax_change': '0', 'dce_corpus': '-1.1e-08', 'dv_abs_mean': '2.89e-08', 'dv_abs_max': '1.75e-07'}
                                                 P {'kl_mean': '2.04e-13', 'kl_p90': '3.63e-13', 'kl_max': '1.48e-12', 'top1_lost': '0', 'top2_ties': '0', 'top5_ties': '0', 'dce_corpus': '4.17e-08'}
done
