{'model_id': '20260714-1-h7vI', 'training_step': '336610', 'native': 'bfloat16', 'path': '/Users/andrew/Library/Application Support/DrewsChessMachine/Models/20260713-v5cont-resume-replay-step336610.safetensors', 'n_positions': 1180, 'n_corpus': 900}
weights {'n': 8443668, 'absmax': 24.25, 'frac_zero': 0.0, 'frac_subnormal': 0.004168212203511554, 'frac_to_zero': 2.0133430163289224e-06, 'frac_below_1e_minus_3': 0.06809422161079758, 'pct': {'0.001': 1.624568086117506e-07, '0.01': 1.4528632164001465e-06, '0.1': 1.4483928680419922e-05, '1': 0.00014781951904296875, '50': 0.00830078125, '99': 0.060546875, '99.99': 1.3046875}}
worst subnormal tensors [(0.03125, 'blocks.2.se_scalebias.fc1.bias'), (0.005392269212372449, 'blocks.0.conv1.weight'), (0.004646145567602041, 'blocks.0.conv2.weight'), (0.004357162786989796, 'blocks.1.conv1.weight'), (0.004299864477040816, 'blocks.4.conv1.weight'), (0.004145408163265306, 'stem.conv.weight')]
capture 53 s
act summary {'global_absmax': 1055.3999933415062, 'argmax_point': 'v.fc2mm', 'global_accum_bound_max': 1067.0874933415062, 'argmax_accum': 'v.fc2', 'norm_input_sq_max': 4973.244229047756, 'argmax_norm_sq': 'p.pre_bn'}
  input          {'absmax': '1', 'absmin_nz': '0.0101', 'frac_nz_subnormal': '0', 'frac_nz_to_zero': '0', 'frac_over': '0', 'frac_zero': '0.921'}
  stem.conv      {'absmax': '3.87', 'absmin_nz': '3.31e-10', 'frac_nz_subnormal': '0.000178', 'frac_nz_to_zero': '3.1e-07', 'frac_over': '0', 'frac_zero': '0.000428', 'accum_L1_bound_max': '6.13'}
  stem.bn.sub    {'absmax': '3.54', 'absmin_nz': '1.06e-07', 'frac_nz_subnormal': '0.000119', 'frac_nz_to_zero': '0', 'frac_over': '0', 'frac_zero': '9.1e-06'}
  stem.bn        {'absmax': '14.9', 'absmin_nz': '1.6e-07', 'frac_nz_subnormal': '6.3e-05', 'frac_nz_to_zero': '0', 'frac_over': '0', 'frac_zero': '0'}
  b0.bn1.sub     {'absmax': '15', 'absmin_nz': '1.75e-08', 'frac_nz_subnormal': '5.61e-05', 'frac_nz_to_zero': '1.03e-07', 'frac_over': '0', 'frac_zero': '4.24e-06'}
  b0.bn1         {'absmax': '9.69', 'absmin_nz': '5.74e-08', 'frac_nz_subnormal': '6.12e-05', 'frac_nz_to_zero': '0', 'frac_over': '0', 'frac_zero': '0'}
  b0.conv1       {'absmax': '18', 'absmin_nz': '1.82e-08', 'frac_nz_subnormal': '4.52e-05', 'frac_nz_to_zero': '1.03e-07', 'frac_over': '0', 'frac_zero': '0', 'accum_L1_bound_max': '35.2'}
  b0.bn2.sub     {'absmax': '16.2', 'absmin_nz': '9.93e-08', 'frac_nz_subnormal': '5.05e-05', 'frac_nz_to_zero': '0', 'frac_over': '0', 'frac_zero': '0'}
  b0.bn2         {'absmax': '10.9', 'absmin_nz': '2.13e-08', 'frac_nz_subnormal': '4.48e-05', 'frac_nz_to_zero': '1.03e-07', 'frac_over': '0', 'frac_zero': '0'}
  b0.conv2       {'absmax': '24.8', 'absmin_nz': '4.47e-07', 'frac_nz_subnormal': '2.45e-05', 'frac_nz_to_zero': '0', 'frac_over': '0', 'frac_zero': '0', 'accum_L1_bound_max': '39.9'}
  b0.se.pool     {'absmax': '14.2', 'absmin_nz': '3.65e-05', 'frac_nz_subnormal': '1.32e-05', 'frac_nz_to_zero': '0', 'frac_over': '0', 'frac_zero': '0'}
  b0.se.fc1mm    {'absmax': '29.2', 'absmin_nz': '7.9e-05', 'frac_nz_subnormal': '0', 'frac_nz_to_zero': '0', 'frac_over': '0', 'frac_zero': '0', 'accum_L1_bound_max': '32.2'}
  b0.se.fc1      {'absmax': '29.8', 'absmin_nz': '0.00088', 'frac_nz_subnormal': '0', 'frac_nz_to_zero': '0', 'frac_over': '0', 'frac_zero': '0'}
  b0.se.fc2mm    {'absmax': '40.3', 'absmin_nz': '0.00136', 'frac_nz_subnormal': '0', 'frac_nz_to_zero': '0', 'frac_over': '0', 'frac_zero': '0', 'accum_L1_bound_max': '40.4'}
  b0.se.fc2      {'absmax': '40.4', 'absmin_nz': '0.000117', 'frac_nz_subnormal': '0', 'frac_nz_to_zero': '0', 'frac_over': '0', 'frac_zero': '0'}
  b0.se.sig      {'absmax': '1', 'absmin_nz': '0.00329', 'frac_nz_subnormal': '0', 'frac_nz_to_zero': '0', 'frac_over': '0', 'frac_zero': '0'}
  b0.se.scaled   {'absmax': '24.8', 'absmin_nz': '9.52e-08', 'frac_nz_subnormal': '7.96e-05', 'frac_nz_to_zero': '0', 'frac_over': '0', 'frac_zero': '0'}
  b0.se.out      {'absmax': '57.2', 'absmin_nz': '3.78e-06', 'frac_nz_subnormal': '7.34e-06', 'frac_nz_to_zero': '0', 'frac_over': '0', 'frac_zero': '0'}
  b0.alpha       {'absmax': '0.997', 'absmin_nz': '0.997', 'frac_nz_subnormal': '0', 'frac_nz_to_zero': '0', 'frac_over': '0', 'frac_zero': '0'}
  b0.rezero      {'absmax': '25.5', 'absmin_nz': '1.69e-06', 'frac_nz_subnormal': '1.51e-05', 'frac_nz_to_zero': '0', 'frac_over': '0', 'frac_zero': '0'}
  b0.add         {'absmax': '25.5', 'absmin_nz': '3.61e-07', 'frac_nz_subnormal': '1.25e-05', 'frac_nz_to_zero': '0', 'frac_over': '0', 'frac_zero': '0'}
  b0.ln.mean     {'absmax': '1.55', 'absmin_nz': '3.64e-05', 'frac_nz_subnormal': '3.97e-05', 'frac_nz_to_zero': '0', 'frac_over': '0', 'frac_zero': '0'}
  b0.ln.var      {'absmax': '39.4', 'absmin_nz': '5.71', 'frac_nz_subnormal': '0', 'frac_nz_to_zero': '0', 'frac_over': '0', 'frac_zero': '0'}
  b0.ln.sub      {'absmax': '24.6', 'absmin_nz': '3.23e-07', 'frac_nz_subnormal': '1.31e-05', 'frac_nz_to_zero': '0', 'frac_over': '0', 'frac_zero': '0'}
  b0.ln          {'absmax': '10.3', 'absmin_nz': '6.43e-08', 'frac_nz_subnormal': '7.52e-05', 'frac_nz_to_zero': '0', 'frac_over': '0', 'frac_zero': '0'}
  b1.bn1.sub     {'absmax': '7.34', 'absmin_nz': '3.47e-08', 'frac_nz_subnormal': '0.000295', 'frac_nz_to_zero': '0', 'frac_over': '0', 'frac_zero': '0'}
  b1.bn1         {'absmax': '12', 'absmin_nz': '2.91e-07', 'frac_nz_subnormal': '4.76e-05', 'frac_nz_to_zero': '0', 'frac_over': '0', 'frac_zero': '0'}
  b1.conv1       {'absmax': '17.8', 'absmin_nz': '3.11e-07', 'frac_nz_subnormal': '4.61e-05', 'frac_nz_to_zero': '0', 'frac_over': '0', 'frac_zero': '0', 'accum_L1_bound_max': '29.9'}
  b1.bn2.sub     {'absmax': '17.7', 'absmin_nz': '2.23e-08', 'frac_nz_subnormal': '5.94e-05', 'frac_nz_to_zero': '1.03e-07', 'frac_over': '0', 'frac_zero': '0'}
  b1.bn2         {'absmax': '12.3', 'absmin_nz': '1.85e-07', 'frac_nz_subnormal': '5.17e-05', 'frac_nz_to_zero': '0', 'frac_over': '0', 'frac_zero': '0'}
  b1.conv2       {'absmax': '12.9', 'absmin_nz': '5.52e-08', 'frac_nz_subnormal': '4.16e-05', 'frac_nz_to_zero': '0', 'frac_over': '0', 'frac_zero': '0', 'accum_L1_bound_max': '31.6'}
  b1.se.pool     {'absmax': '6.86', 'absmin_nz': '7.37e-07', 'frac_nz_subnormal': '5.3e-05', 'frac_nz_to_zero': '0', 'frac_over': '0', 'frac_zero': '0'}
  b1.se.fc1mm    {'absmax': '6.42', 'absmin_nz': '0.000133', 'frac_nz_subnormal': '0', 'frac_nz_to_zero': '0', 'frac_over': '0', 'frac_zero': '0', 'accum_L1_bound_max': '9.28'}
  b1.se.fc1      {'absmax': '6.49', 'absmin_nz': '0.000412', 'frac_nz_subnormal': '0', 'frac_nz_to_zero': '0', 'frac_over': '0', 'frac_zero': '0'}
  b1.se.fc2mm    {'absmax': '0.682', 'absmin_nz': '2.46e-08', 'frac_nz_subnormal': '0.0215', 'frac_nz_to_zero': '4.76e-05', 'frac_over': '0', 'frac_zero': '0.931', 'accum_L1_bound_max': '1.39'}
  b1.se.fc2      {'absmax': '1.36', 'absmin_nz': '7.68e-06', 'frac_nz_subnormal': '3.31e-05', 'frac_nz_to_zero': '0', 'frac_over': '0', 'frac_zero': '0'}
  b1.se.sig      {'absmax': '0.795', 'absmin_nz': '0.383', 'frac_nz_subnormal': '0', 'frac_nz_to_zero': '0', 'frac_over': '0', 'frac_zero': '0'}
  b1.se.scaled   {'absmax': '7.94', 'absmin_nz': '2.88e-08', 'frac_nz_subnormal': '7.64e-05', 'frac_nz_to_zero': '1.03e-07', 'frac_over': '0', 'frac_zero': '0'}
  b1.se.out      {'absmax': '7.9', 'absmin_nz': '1.74e-07', 'frac_nz_subnormal': '7.29e-05', 'frac_nz_to_zero': '0', 'frac_over': '0', 'frac_zero': '0'}
  b1.alpha       {'absmax': '0.998', 'absmin_nz': '0.998', 'frac_nz_subnormal': '0', 'frac_nz_to_zero': '0', 'frac_over': '0', 'frac_zero': '0'}
  b1.rezero      {'absmax': '3.53', 'absmin_nz': '7.78e-08', 'frac_nz_subnormal': '0.000159', 'frac_nz_to_zero': '0', 'frac_over': '0', 'frac_zero': '0'}
  b1.add         {'absmax': '10.6', 'absmin_nz': '2.3e-07', 'frac_nz_subnormal': '4.66e-05', 'frac_nz_to_zero': '0', 'frac_over': '0', 'frac_zero': '0'}
  b1.ln.mean     {'absmax': '0.0782', 'absmin_nz': '5.59e-07', 'frac_nz_subnormal': '0.00222', 'frac_nz_to_zero': '0', 'frac_over': '0', 'frac_zero': '0'}
  b1.ln.var      {'absmax': '5.49', 'absmin_nz': '2.69', 'frac_nz_subnormal': '0', 'frac_nz_to_zero': '0', 'frac_over': '0', 'frac_zero': '0'}
  b1.ln.sub      {'absmax': '10.7', 'absmin_nz': '9.59e-08', 'frac_nz_subnormal': '4.7e-05', 'frac_nz_to_zero': '0', 'frac_over': '0', 'frac_zero': '0'}
  b1.ln          {'absmax': '7.37', 'absmin_nz': '7.85e-08', 'frac_nz_subnormal': '4.36e-05', 'frac_nz_to_zero': '0', 'frac_over': '0', 'frac_zero': '0'}
  b2.bn1.sub     {'absmax': '6.07', 'absmin_nz': '1.41e-08', 'frac_nz_subnormal': '0.000386', 'frac_nz_to_zero': '1.03e-07', 'frac_over': '0', 'frac_zero': '0'}
  b2.bn1         {'absmax': '16.1', 'absmin_nz': '1.94e-08', 'frac_nz_subnormal': '3.91e-05', 'frac_nz_to_zero': '2.07e-07', 'frac_over': '0', 'frac_zero': '0'}
  b2.conv1       {'absmax': '9.17', 'absmin_nz': '2.06e-08', 'frac_nz_subnormal': '8.66e-05', 'frac_nz_to_zero': '1.03e-07', 'frac_over': '0', 'frac_zero': '0', 'accum_L1_bound_max': '20.9'}
  b2.bn2.sub     {'absmax': '8.18', 'absmin_nz': '5.79e-08', 'frac_nz_subnormal': '0.000107', 'frac_nz_to_zero': '0', 'frac_over': '0', 'frac_zero': '0'}
  b2.bn2         {'absmax': '17.6', 'absmin_nz': '1.09e-07', 'frac_nz_subnormal': '4.37e-05', 'frac_nz_to_zero': '0', 'frac_over': '0', 'frac_zero': '0'}
  b2.conv2       {'absmax': '17.5', 'absmin_nz': '7.4e-08', 'frac_nz_subnormal': '5.97e-05', 'frac_nz_to_zero': '0', 'frac_over': '0', 'frac_zero': '0', 'accum_L1_bound_max': '45.5'}
  b2.se.pool     {'absmax': '4.07', 'absmin_nz': '3.09e-06', 'frac_nz_subnormal': '9.27e-05', 'frac_nz_to_zero': '0', 'frac_over': '0', 'frac_zero': '0'}
  b2.se.fc1mm    {'absmax': '6.99', 'absmin_nz': '1.85e-05', 'frac_nz_subnormal': '2.65e-05', 'frac_nz_to_zero': '0', 'frac_over': '0', 'frac_zero': '0', 'accum_L1_bound_max': '9.31'}
  b2.se.fc1      {'absmax': '7.46', 'absmin_nz': '2.45e-05', 'frac_nz_subnormal': '5.3e-05', 'frac_nz_to_zero': '0', 'frac_over': '0', 'frac_zero': '0'}
  b2.se.fc2mm    {'absmax': '5.46', 'absmin_nz': '1.75e-05', 'frac_nz_subnormal': '2.65e-05', 'frac_nz_to_zero': '0', 'frac_over': '0', 'frac_zero': '0', 'accum_L1_bound_max': '5.69'}
  b2.se.fc2      {'absmax': '5.6', 'absmin_nz': '8.25e-06', 'frac_nz_subnormal': '2.32e-05', 'frac_nz_to_zero': '0', 'frac_over': '0', 'frac_zero': '0'}
  b2.se.sig      {'absmax': '0.975', 'absmin_nz': '0.119', 'frac_nz_subnormal': '0', 'frac_nz_to_zero': '0', 'frac_over': '0', 'frac_zero': '0'}
  b2.se.scaled   {'absmax': '15.8', 'absmin_nz': '3.97e-08', 'frac_nz_subnormal': '9.66e-05', 'frac_nz_to_zero': '0', 'frac_over': '0', 'frac_zero': '0'}
  b2.se.out      {'absmax': '13.1', 'absmin_nz': '7.51e-08', 'frac_nz_subnormal': '3.76e-05', 'frac_nz_to_zero': '0', 'frac_over': '0', 'frac_zero': '0'}
  b2.alpha       {'absmax': '0.998', 'absmin_nz': '0.998', 'frac_nz_subnormal': '0', 'frac_nz_to_zero': '0', 'frac_over': '0', 'frac_zero': '0'}
  b2.rezero      {'absmax': '5.84', 'absmin_nz': '3.35e-08', 'frac_nz_subnormal': '9.02e-05', 'frac_nz_to_zero': '0', 'frac_over': '0', 'frac_zero': '0'}
  b2.add         {'absmax': '8.62', 'absmin_nz': '2.79e-07', 'frac_nz_subnormal': '4.38e-05', 'frac_nz_to_zero': '0', 'frac_over': '0', 'frac_zero': '0'}
  b2.ln.mean     {'absmax': '0.279', 'absmin_nz': '0.0317', 'frac_nz_subnormal': '0', 'frac_nz_to_zero': '0', 'frac_over': '0', 'frac_zero': '0'}
  b2.ln.var      {'absmax': '3.51', 'absmin_nz': '1.38', 'frac_nz_subnormal': '0', 'frac_nz_to_zero': '0', 'frac_over': '0', 'frac_zero': '0'}
  b2.ln.sub      {'absmax': '8.79', 'absmin_nz': '3.2e-07', 'frac_nz_subnormal': '4.36e-05', 'frac_nz_to_zero': '0', 'frac_over': '0', 'frac_zero': '0'}
  b2.ln          {'absmax': '9.96', 'absmin_nz': '9.01e-08', 'frac_nz_subnormal': '4.44e-05', 'frac_nz_to_zero': '0', 'frac_over': '0', 'frac_zero': '0'}
  b3.bn1.sub     {'absmax': '7.74', 'absmin_nz': '2.04e-08', 'frac_nz_subnormal': '0.00032', 'frac_nz_to_zero': '1.03e-07', 'frac_over': '0', 'frac_zero': '0'}
  b3.bn1         {'absmax': '19.8', 'absmin_nz': '7.99e-08', 'frac_nz_subnormal': '3.87e-05', 'frac_nz_to_zero': '0', 'frac_over': '0', 'frac_zero': '0'}
  b3.conv1       {'absmax': '11.4', 'absmin_nz': '6.28e-08', 'frac_nz_subnormal': '0.000106', 'frac_nz_to_zero': '0', 'frac_over': '0', 'frac_zero': '0', 'accum_L1_bound_max': '22.5'}
  b3.bn2.sub     {'absmax': '11.3', 'absmin_nz': '7.71e-08', 'frac_nz_subnormal': '0.000134', 'frac_nz_to_zero': '0', 'frac_over': '0', 'frac_zero': '0'}
  b3.bn2         {'absmax': '25', 'absmin_nz': '2.21e-07', 'frac_nz_subnormal': '4.63e-05', 'frac_nz_to_zero': '0', 'frac_over': '0', 'frac_zero': '0'}
  b3.conv2       {'absmax': '26.5', 'absmin_nz': '5.3e-08', 'frac_nz_subnormal': '2.96e-05', 'frac_nz_to_zero': '0', 'frac_over': '0', 'frac_zero': '0', 'accum_L1_bound_max': '70.8'}
  b3.se.pool     {'absmax': '10.2', 'absmin_nz': '1.59e-05', 'frac_nz_subnormal': '6.62e-05', 'frac_nz_to_zero': '0', 'frac_over': '0', 'frac_zero': '0'}
  b3.se.fc1mm    {'absmax': '22.5', 'absmin_nz': '0.000337', 'frac_nz_subnormal': '0', 'frac_nz_to_zero': '0', 'frac_over': '0', 'frac_zero': '0', 'accum_L1_bound_max': '24.3'}
  b3.se.fc1      {'absmax': '22.8', 'absmin_nz': '0.000134', 'frac_nz_subnormal': '0', 'frac_nz_to_zero': '0', 'frac_over': '0', 'frac_zero': '0'}
  b3.se.fc2mm    {'absmax': '10.9', 'absmin_nz': '2.48e-05', 'frac_nz_subnormal': '1.32e-05', 'frac_nz_to_zero': '0', 'frac_over': '0', 'frac_zero': '0', 'accum_L1_bound_max': '11.2'}
  b3.se.fc2      {'absmax': '11', 'absmin_nz': '1.94e-05', 'frac_nz_subnormal': '1.66e-05', 'frac_nz_to_zero': '0', 'frac_over': '0', 'frac_zero': '0'}
  b3.se.sig      {'absmax': '1', 'absmin_nz': '0.00236', 'frac_nz_subnormal': '0', 'frac_nz_to_zero': '0', 'frac_over': '0', 'frac_zero': '0'}
  b3.se.scaled   {'absmax': '25', 'absmin_nz': '4.62e-08', 'frac_nz_subnormal': '6.52e-05', 'frac_nz_to_zero': '0', 'frac_over': '0', 'frac_zero': '0'}
  b3.se.out      {'absmax': '30.6', 'absmin_nz': '7.3e-07', 'frac_nz_subnormal': '1.87e-05', 'frac_nz_to_zero': '0', 'frac_over': '0', 'frac_zero': '0'}
  b3.alpha       {'absmax': '0.998', 'absmin_nz': '0.998', 'frac_nz_subnormal': '0', 'frac_nz_to_zero': '0', 'frac_over': '0', 'frac_zero': '0'}
  b3.rezero      {'absmax': '13.6', 'absmin_nz': '3.26e-07', 'frac_nz_subnormal': '4.04e-05', 'frac_nz_to_zero': '0', 'frac_over': '0', 'frac_zero': '0'}
  b3.add         {'absmax': '16.8', 'absmin_nz': '4.96e-08', 'frac_nz_subnormal': '2.65e-05', 'frac_nz_to_zero': '0', 'frac_over': '0', 'frac_zero': '0'}
  b3.ln.mean     {'absmax': '0.374', 'absmin_nz': '6.83e-05', 'frac_nz_subnormal': '0', 'frac_nz_to_zero': '0', 'frac_over': '0', 'frac_zero': '0'}
  b3.ln.var      {'absmax': '12.8', 'absmin_nz': '1.86', 'frac_nz_subnormal': '0', 'frac_nz_to_zero': '0', 'frac_over': '0', 'frac_zero': '0'}
  b3.ln.sub      {'absmax': '17.1', 'absmin_nz': '4.43e-07', 'frac_nz_subnormal': '3.13e-05', 'frac_nz_to_zero': '0', 'frac_over': '0', 'frac_zero': '0'}
  b3.ln          {'absmax': '13.1', 'absmin_nz': '2.83e-07', 'frac_nz_subnormal': '3.56e-05', 'frac_nz_to_zero': '0', 'frac_over': '0', 'frac_zero': '0'}
  b4.bn1.sub     {'absmax': '12.1', 'absmin_nz': '4.43e-10', 'frac_nz_subnormal': '0.000257', 'frac_nz_to_zero': '1.03e-07', 'frac_over': '0', 'frac_zero': '0'}
  b4.bn1         {'absmax': '23.5', 'absmin_nz': '4.46e-08', 'frac_nz_subnormal': '5.16e-05', 'frac_nz_to_zero': '0', 'frac_over': '0', 'frac_zero': '0'}
  b4.conv1       {'absmax': '30.5', 'absmin_nz': '3.35e-07', 'frac_nz_subnormal': '4.46e-05', 'frac_nz_to_zero': '0', 'frac_over': '0', 'frac_zero': '0', 'accum_L1_bound_max': '50.6'}
  b4.bn2.sub     {'absmax': '26.6', 'absmin_nz': '7.02e-08', 'frac_nz_subnormal': '6.54e-05', 'frac_nz_to_zero': '0', 'frac_over': '0', 'frac_zero': '0'}
  b4.bn2         {'absmax': '28', 'absmin_nz': '1.38e-07', 'frac_nz_subnormal': '4.5e-05', 'frac_nz_to_zero': '0', 'frac_over': '0', 'frac_zero': '0'}
  b4.conv2       {'absmax': '56.3', 'absmin_nz': '1.55e-06', 'frac_nz_subnormal': '1.36e-05', 'frac_nz_to_zero': '0', 'frac_over': '0', 'frac_zero': '0', 'accum_L1_bound_max': '99.8'}
  b4.se.pool     {'absmax': '27.3', 'absmin_nz': '8.4e-06', 'frac_nz_subnormal': '2.65e-05', 'frac_nz_to_zero': '0', 'frac_over': '0', 'frac_zero': '0'}
  b4.se.fc1mm    {'absmax': '39.5', 'absmin_nz': '0.000222', 'frac_nz_subnormal': '0', 'frac_nz_to_zero': '0', 'frac_over': '0', 'frac_zero': '0', 'accum_L1_bound_max': '47.8'}
  b4.se.fc1      {'absmax': '39.8', 'absmin_nz': '0.000328', 'frac_nz_subnormal': '0', 'frac_nz_to_zero': '0', 'frac_over': '0', 'frac_zero': '0'}
  b4.se.fc2mm    {'absmax': '38.7', 'absmin_nz': '0.000307', 'frac_nz_subnormal': '0', 'frac_nz_to_zero': '0', 'frac_over': '0', 'frac_zero': '0', 'accum_L1_bound_max': '38.7'}
  b4.se.fc2      {'absmax': '38.6', 'absmin_nz': '0.00019', 'frac_nz_subnormal': '0', 'frac_nz_to_zero': '0', 'frac_over': '0', 'frac_zero': '0'}
  b4.se.sig      {'absmax': '1', 'absmin_nz': '2.55e-08', 'frac_nz_subnormal': '0.00781', 'frac_nz_to_zero': '6.62e-06', 'frac_over': '0', 'frac_zero': '0'}
  b4.se.scaled   {'absmax': '56.2', 'absmin_nz': '1.21e-09', 'frac_nz_subnormal': '0.00515', 'frac_nz_to_zero': '9.31e-07', 'frac_over': '0', 'frac_zero': '0'}
  b4.se.out      {'absmax': '74.8', 'absmin_nz': '1.74e-07', 'frac_nz_subnormal': '7.14e-06', 'frac_nz_to_zero': '0', 'frac_over': '0', 'frac_zero': '0'}
  b4.alpha       {'absmax': '0.997', 'absmin_nz': '0.997', 'frac_nz_subnormal': '0', 'frac_nz_to_zero': '0', 'frac_over': '0', 'frac_zero': '0'}
  b4.rezero      {'absmax': '33.3', 'absmin_nz': '7.76e-08', 'frac_nz_subnormal': '1.87e-05', 'frac_nz_to_zero': '0', 'frac_over': '0', 'frac_zero': '0'}
  b4.add         {'absmax': '32.9', 'absmin_nz': '1.09e-07', 'frac_nz_subnormal': '1.43e-05', 'frac_nz_to_zero': '0', 'frac_over': '0', 'frac_zero': '0'}
  b4.ln.mean     {'absmax': '1.61', 'absmin_nz': '0.461', 'frac_nz_subnormal': '0', 'frac_nz_to_zero': '0', 'frac_over': '0', 'frac_zero': '0'}
  b4.ln.var      {'absmax': '38.9', 'absmin_nz': '6.84', 'frac_nz_subnormal': '0', 'frac_nz_to_zero': '0', 'frac_over': '0', 'frac_zero': '0'}
  b4.ln.sub      {'absmax': '31.7', 'absmin_nz': '8.3e-08', 'frac_nz_subnormal': '1.68e-05', 'frac_nz_to_zero': '0', 'frac_over': '0', 'frac_zero': '0'}
  b4.ln          {'absmax': '11.5', 'absmin_nz': '2.37e-08', 'frac_nz_subnormal': '4.25e-05', 'frac_nz_to_zero': '1.03e-07', 'frac_over': '0', 'frac_zero': '0'}
  tower.bn.sub   {'absmax': '11.5', 'absmin_nz': '4.52e-08', 'frac_nz_subnormal': '0.000132', 'frac_nz_to_zero': '0', 'frac_over': '0', 'frac_zero': '0'}
  tower.bn       {'absmax': '23.8', 'absmin_nz': '1.37e-07', 'frac_nz_subnormal': '2.72e-05', 'frac_nz_to_zero': '0', 'frac_over': '0', 'frac_zero': '0'}
  p.pre_conv     {'absmax': '70.5', 'absmin_nz': '1.8e-08', 'frac_nz_subnormal': '2.84e-05', 'frac_nz_to_zero': '1.03e-07', 'frac_over': '0', 'frac_zero': '0', 'accum_L1_bound_max': '78.6'}
  p.pre_bn.sub   {'absmax': '55.3', 'absmin_nz': '1.78e-08', 'frac_nz_subnormal': '6.82e-05', 'frac_nz_to_zero': '1.03e-07', 'frac_over': '0', 'frac_zero': '0'}
  p.pre_bn       {'absmax': '23', 'absmin_nz': '3.9e-07', 'frac_nz_subnormal': '1.58e-05', 'frac_nz_to_zero': '0', 'frac_over': '0', 'frac_zero': '0'}
  p.convmm       {'absmax': '242', 'absmin_nz': '170', 'frac_nz_subnormal': '0', 'frac_nz_to_zero': '0', 'frac_over': '0', 'frac_zero': '0'}
  v.conv         {'absmax': '33.7', 'absmin_nz': '6.71e-07', 'frac_nz_subnormal': '1.49e-05', 'frac_nz_to_zero': '0', 'frac_over': '0', 'frac_zero': '0', 'accum_L1_bound_max': '45.2'}
  v.bn.sub       {'absmax': '28.5', 'absmin_nz': '1.39e-07', 'frac_nz_subnormal': '3.97e-05', 'frac_nz_to_zero': '0', 'frac_over': '0', 'frac_zero': '0'}
  v.bn           {'absmax': '12.1', 'absmin_nz': '6.58e-07', 'frac_nz_subnormal': '4.97e-06', 'frac_nz_to_zero': '0', 'frac_over': '0', 'frac_zero': '0'}
  v.fc1mm        {'absmax': '48.3', 'absmin_nz': '5.18e-05', 'frac_nz_subnormal': '6.62e-06', 'frac_nz_to_zero': '0', 'frac_over': '0', 'frac_zero': '0', 'accum_L1_bound_max': '59.2'}
  v.fc1          {'absmax': '42.3', 'absmin_nz': '6.68e-06', 'frac_nz_subnormal': '3.31e-05', 'frac_nz_to_zero': '0', 'frac_over': '0', 'frac_zero': '0'}
  v.fc2mm        {'absmax': '1.06e+03', 'absmin_nz': '0.0573', 'frac_nz_subnormal': '0', 'frac_nz_to_zero': '0', 'frac_over': '0', 'frac_zero': '0'}
  p.conv         {'accum_L1_bound_max': '244'}
  v.fc2          {'accum_L1_bound_max': '1.07e+03'}
  norm stem.bn    {'input_absmax': '3.87', 'input_sq_max': '15', 'batch_var_min': '0.0414', 'batch_var_max': '0.71', 'batch_absmean_max': '0.675', 'batch_E_x2_max': '0.972'}
  norm b0.bn1     {'input_absmax': '14.9', 'input_sq_max': '221', 'batch_var_min': '0.012', 'batch_var_max': '7.83', 'batch_absmean_max': '0.799', 'batch_E_x2_max': '7.93'}
  norm b0.bn2     {'input_absmax': '18', 'input_sq_max': '323', 'batch_var_min': '0.285', 'batch_var_max': '6.09', 'batch_absmean_max': '3.38', 'batch_E_x2_max': '12.8'}
  norm b0.ln      {'input_absmax': '25.5', 'input_sq_max': '648', 'ln_var_min': '5.71', 'ln_var_max': '39.4'}
  norm b1.bn1     {'input_absmax': '10.3', 'input_sq_max': '105', 'batch_var_min': '0.00193', 'batch_var_max': '1.91', 'batch_absmean_max': '8.47', 'batch_E_x2_max': '71.8'}
  norm b1.bn2     {'input_absmax': '17.8', 'input_sq_max': '317', 'batch_var_min': '0.364', 'batch_var_max': '2.64', 'batch_absmean_max': '2.32', 'batch_E_x2_max': '6.55'}
  norm b1.ln      {'input_absmax': '10.6', 'input_sq_max': '113', 'ln_var_min': '2.69', 'ln_var_max': '5.49'}
  norm b2.bn1     {'input_absmax': '7.37', 'input_sq_max': '54.4', 'batch_var_min': '0.00124', 'batch_var_max': '1.16', 'batch_absmean_max': '5.99', 'batch_E_x2_max': '36'}
  norm b2.bn2     {'input_absmax': '9.17', 'input_sq_max': '84.2', 'batch_var_min': '0.139', 'batch_var_max': '1.85', 'batch_absmean_max': '1.55', 'batch_E_x2_max': '3.22'}
  norm b2.ln      {'input_absmax': '8.62', 'input_sq_max': '74.3', 'ln_var_min': '1.38', 'ln_var_max': '3.51'}
  norm b3.bn1     {'input_absmax': '9.96', 'input_sq_max': '99.2', 'batch_var_min': '0.00231', 'batch_var_max': '1.69', 'batch_absmean_max': '5.3', 'batch_E_x2_max': '28.5'}
  norm b3.bn2     {'input_absmax': '11.4', 'input_sq_max': '131', 'batch_var_min': '0.117', 'batch_var_max': '1.21', 'batch_absmean_max': '1.38', 'batch_E_x2_max': '2.91'}
  norm b3.ln      {'input_absmax': '16.8', 'input_sq_max': '284', 'ln_var_min': '1.86', 'ln_var_max': '12.8'}
  norm b4.bn1     {'input_absmax': '13.1', 'input_sq_max': '173', 'batch_var_min': '0.00134', 'batch_var_max': '10.9', 'batch_absmean_max': '6.57', 'batch_E_x2_max': '43.5'}
  norm b4.bn2     {'input_absmax': '30.5', 'input_sq_max': '931', 'batch_var_min': '0.273', 'batch_var_max': '14.3', 'batch_absmean_max': '4.24', 'batch_E_x2_max': '32.3'}
  norm b4.ln      {'input_absmax': '32.9', 'input_sq_max': '1.08e+03', 'ln_var_min': '6.84', 'ln_var_max': '38.9'}
  norm tower.bn   {'input_absmax': '11.5', 'input_sq_max': '131', 'batch_var_min': '0.00833', 'batch_var_max': '5.67', 'batch_absmean_max': '6.91', 'batch_E_x2_max': '51'}
  norm p.pre_bn   {'input_absmax': '70.5', 'input_sq_max': '4.97e+03', 'batch_var_min': '0.125', 'batch_var_max': '345', 'batch_absmean_max': '14.5', 'batch_E_x2_max': '555'}
  norm v.bn       {'input_absmax': '33.7', 'input_sq_max': '1.13e+03', 'batch_var_min': '0.0339', 'batch_var_max': '78.6', 'batch_absmean_max': '5.52', 'batch_E_x2_max': '108'}
emu bf16 heads only 23 s
emu fp16 heads only 23 s
emu bf16 real (calibrated: p.pre_bn + fused heads) 38 s
emu fp16 analog of calibrated 52 s
emu bf16 per-op 71 s
emu fp16 per-op 95 s
emu fp16 per-op, FTZ subnormals 111 s
emu bf16 per-op + fp32 head tails 127 s
emu fp16 per-op + fp32 head tails 141 s
emu fp32 per-op 155 s
levels {'value_shared_median': 515.1708731702629, 'value_shared_p5': 512.7503015952389, 'value_shared_p95': 1032.9971169204314, 'value_absmax': 1067.0874933415062, 'value_spread_median': 2.145378120750763, 'policy_legal_mean_median': -177.64358406128719, 'policy_legal_std_median': 0.6452415688408718, 'policy_legal_max_median': -175.42051271978315, 'policy_absmax': 242.76298086191758, 'policy_allmove_mean_median': -195.01601712437042, 'bf16_step_at_value_median': 4.0, 'f16_step_at_value_median': 0.5, 'bf16_step_at_policy_legal_max': 1.0, 'f16_step_at_policy_legal_max': 0.125}
bf16 heads only                                  V {'nonfinite_rows': '0', 'logit_ties': '0.977', 'kl_mean': '0.272', 'kl_max': '1.27', 'argmax_change': '0.222', 'dce_corpus': '0.23', 'dv_abs_mean': '0.31', 'dv_abs_max': '0.984'}
                                                 P {'kl_mean': '0.035', 'kl_p90': '0.0497', 'kl_max': '0.106', 'top1_lost': '0', 'top2_ties': '0.444', 'top5_ties': '0.976', 'dce_corpus': '0.043'}
fp16 heads only                                  V {'nonfinite_rows': '0', 'logit_ties': '0.265', 'kl_mean': '0.00448', 'kl_max': '0.0643', 'argmax_change': '0.0686', 'dce_corpus': '0.00543', 'dv_abs_mean': '0.0535', 'dv_abs_max': '0.224'}
                                                 P {'kl_mean': '0.00056', 'kl_p90': '0.00079', 'kl_max': '0.0013', 'top1_lost': '0', 'top2_ties': '0.0644', 'top5_ties': '0.554', 'dce_corpus': '0.000256'}
bf16 real (calibrated: p.pre_bn + fused heads)   V {'nonfinite_rows': '0', 'logit_ties': '0.977', 'kl_mean': '0.272', 'kl_max': '1.27', 'argmax_change': '0.222', 'dce_corpus': '0.23', 'dv_abs_mean': '0.31', 'dv_abs_max': '0.984'}
                                                 P {'kl_mean': '0.0364', 'kl_p90': '0.053', 'kl_max': '0.0839', 'top1_lost': '0.000847', 'top2_ties': '0.436', 'top5_ties': '0.977', 'dce_corpus': '0.0561'}
fp16 analog of calibrated                        V {'nonfinite_rows': '0', 'logit_ties': '0.265', 'kl_mean': '0.00448', 'kl_max': '0.0643', 'argmax_change': '0.0686', 'dce_corpus': '0.00543', 'dv_abs_mean': '0.0535', 'dv_abs_max': '0.224'}
                                                 P {'kl_mean': '0.000584', 'kl_p90': '0.000839', 'kl_max': '0.00159', 'top1_lost': '0', 'top2_ties': '0.0729', 'top5_ties': '0.561', 'dce_corpus': '-0.000507'}
bf16 per-op                                      V {'nonfinite_rows': '0', 'logit_ties': '0.981', 'kl_mean': '0.254', 'kl_max': '1.24', 'argmax_change': '0.237', 'dce_corpus': '0.213', 'dv_abs_mean': '0.299', 'dv_abs_max': '0.984'}
                                                 P {'kl_mean': '0.0367', 'kl_p90': '0.0537', 'kl_max': '0.108', 'top1_lost': '0.00169', 'top2_ties': '0.438', 'top5_ties': '0.975', 'dce_corpus': '0.0562'}
fp16 per-op                                      V {'nonfinite_rows': '0', 'logit_ties': '0.269', 'kl_mean': '0.00453', 'kl_max': '0.0643', 'argmax_change': '0.0746', 'dce_corpus': '0.00589', 'dv_abs_mean': '0.0539', 'dv_abs_max': '0.212'}
                                                 P {'kl_mean': '0.000593', 'kl_p90': '0.000859', 'kl_max': '0.0016', 'top1_lost': '0', 'top2_ties': '0.0712', 'top5_ties': '0.558', 'dce_corpus': '0.000676'}
fp16 per-op, FTZ subnormals                      V {'nonfinite_rows': '0', 'logit_ties': '0.258', 'kl_mean': '0.0045', 'kl_max': '0.0643', 'argmax_change': '0.0729', 'dce_corpus': '0.00587', 'dv_abs_mean': '0.0539', 'dv_abs_max': '0.212'}
                                                 P {'kl_mean': '0.000592', 'kl_p90': '0.000852', 'kl_max': '0.00159', 'top1_lost': '0', 'top2_ties': '0.0703', 'top5_ties': '0.559', 'dce_corpus': '0.000213'}
bf16 per-op + fp32 head tails                    V {'nonfinite_rows': '0', 'logit_ties': '0', 'kl_mean': '7.37e-05', 'kl_max': '0.00192', 'argmax_change': '0.00508', 'dce_corpus': '0.00021', 'dv_abs_mean': '0.0066', 'dv_abs_max': '0.0517'}
                                                 P {'kl_mean': '0.00199', 'kl_p90': '0.00355', 'kl_max': '0.0142', 'top1_lost': '0.0432', 'top2_ties': '0', 'top5_ties': '0.000847', 'dce_corpus': '0.00485'}
fp16 per-op + fp32 head tails                    V {'nonfinite_rows': '0', 'logit_ties': '0', 'kl_mean': '1.22e-06', 'kl_max': '3.18e-05', 'argmax_change': '0.000847', 'dce_corpus': '6.46e-05', 'dv_abs_mean': '0.000878', 'dv_abs_max': '0.00686'}
                                                 P {'kl_mean': '3.07e-05', 'kl_p90': '5.56e-05', 'kl_max': '0.000187', 'top1_lost': '0.00508', 'top2_ties': '0', 'top5_ties': '0', 'dce_corpus': '-0.000239'}
fp32 per-op                                      V {'nonfinite_rows': '0', 'logit_ties': '0', 'kl_mean': '7.49e-11', 'kl_max': '4.41e-10', 'argmax_change': '0', 'dce_corpus': '3.87e-07', 'dv_abs_mean': '7.09e-06', 'dv_abs_max': '2.75e-05'}
                                                 P {'kl_mean': '8.93e-12', 'kl_p90': '1.28e-11', 'kl_max': '2.05e-11', 'top1_lost': '0', 'top2_ties': '0', 'top5_ties': '0', 'dce_corpus': '-5.68e-08'}
done
